Script started on 2025-10-06 13:07:37+02:00 [TERM="xterm-256color" TTY="/dev/pts/3" COLUMNS="71" LINES="13"]
ITINF25/lektion11
$ ITINF25/lektion11
$ ls
awk  basic_vs_ext_re.txt  extext  grep	recordings  sed
ITINF25/lektion11
$ ls extext/
email.csv  linux.txt  richard.txt
ITINF25/lektion11
$ code extext/
email.csv ITINF25/lektion11
$ code extext/email.csv 
ITINF25/lektion11
$ awk ITINF25/lektion11
$ awk em
extext






cls
awk  basic_vs_ext_re.txt  extext  grep	recordings  sed
ITINF25/lektion11
$ cd awk/
ITINF25/lektion11/awk
$ ITINF25/lektion11/awk
$ ls
viktigt_att_kunna
ITINF25/lektion11/awk
$ cd viktigt_att_kunna/
ITINF25/lektion11/awk/viktigt_att_kunna
$ ITINF25/lektion11/awk/viktigt_att_kunna
$ ls
ex1  ex2  ex3  ex4
ITINF25/lektion11/awk/viktigt_att_kunna
$ ITINF25/lektion11/awk/viktigt_att_kunna
$ code ex
1 
ITINF25/lektion11/awk/viktigt_att_kunna
$ awk ..-/../extext/

email.csv    linux.txt    richard.txt  
ITINF25/lektion11/awk/viktigt_att_kunna
$ awk ../../extext/email.csv ITINF25/lektion11/awk/viktigt_att_kunna
$ awk ../../extext/email.csv 
awk: cmd. line:1: ../../extext/email.csv
awk: cmd. line:1: ^ syntax error
ITINF25/lektion11/awk/viktigt_att_kunna
$ awk ../../extext/email.csv'ITINF25/lektion11/awk/viktigt_att_kunna
$ awk '' ../../extext/email.csv
ITINF25/lektion11/awk/viktigt_att_kunna
'{ print $1 }' extext/email.csv{print$`1
Login
laura@example.com;2070;Laura;Grey
craig@example.com;4081;Craig;Johnson
mary@example.com;9346;Mary;Jenkins
jamie@example.com;5079;Jamie;Smith
ITINF25/lektion11/awk/viktigt_att_kunna
$ awk '{ print $1 }' ../../extext/email.csv ITINF25/lektion11/awk/viktigt_att_kunna
$ awk '{ print $1 }' ../../extext/email.csvspaces 
Login_email
laura@example.com
craig@example.com
mary@example.com
jamie@example.com
ITINF25/lektion11/awk/viktigt_att_kunna
$ awk '{ print $1 }' ../../extext/email.spaces ITINF25/lektion11/awk/viktigt_att_kunna
$ awk '{ print $1 }' ../../extext/email.spaces 
Login_email
laura@example.com
craig@example.com
mary@example.com
jamie@example.com
ITINF25/lektion11/awk/viktigt_att_kunna
$ awk '{ print $1 }' ../../extext/email.spaces ITINF25/lektion11/awk/viktigt_att_kunna
$ awk '{ print $1 }' ../../extext/email.spaces 
Login_email
laura@example.com
craig@example.com
mary@example.com
jamie@example.com
ITINF25/lektion11/awk/viktigt_att_kunna
$ .
ITINF25/lektion11/awk/viktigt_att_kunna
$ ls
ex1  ex2  ex3  ex4
ITINF25/lektion11/awk/viktigt_att_kunna
$ ./ex2ITINF25/lektion11/awk/viktigt_att_kunna
$ ./ex2
laura@example.com
craig@example.com
mary@example.com
jamie@example.com
ITINF25/lektion11/awk/viktigt_att_kunna
$ ./ex2ITINF25/lektion11/awk/viktigt_att_kunna
$ ./ex2
laura@example.com
craig@example.com
mary@example.com
jamie@example.com
laura@example.com
craig@example.com
mary@example.com
jamie@example.com
ITINF25/lektion11/awk/viktigt_att_kunna
$ ./ex2ITINF25/lektion11/awk/viktigt_att_kunna
$ ./ex2
laura@example.com
craig@example.com
mary@example.com
jamie@example.com
laura@example.com
craig@example.com
mary@example.com
jamie@example.com
ITINF25/lektion11/awk/viktigt_att_kunna
$ ./ex2ITINF25/lektion11/awk/viktigt_att_kunna
$ ./ex2
laura@example.com
craig@example.com
mary@example.com
jamie@example.com
laura@example.com
craig@example.com
mary@example.com
jamie@example.com
rullee@nackademin.se
ITINF25/lektion11/awk/viktigt_att_kunna
$ .,.-/ex3ITINF25/lektion11/awk/viktigt_att_kunna
$ ./ex3
laura@example.com;2070;Laura;Grey
craig@example.com;4081;Craig;Johnson
mary@example.com;9346;Mary;Jenkins
jamie@example.com;5079;Jamie;Smith
ITINF25/lektion11/awk/viktigt_att_kunna
$ ./ex3ITINF25/lektion11/awk/viktigt_att_kunna
$ ./ex3
laura@example.com;2070;Laura;Grey
craig@example.com;4081;Craig;Johnson
mary@example.com;9346;Mary;Jenkins
jamie@example.com;5079;Jamie;Smith
ITINF25/lektion11/awk/viktigt_att_kunna
$ ./ex3ITINF25/lektion11/awk/viktigt_att_kunna
$ ./ex3
Tjohej
laura@example.com;2070;Laura;Grey
craig@example.com;4081;Craig;Johnson
mary@example.com;9346;Mary;Jenkins
jamie@example.com;5079;Jamie;Smith
ITINF25/lektion11/awk/viktigt_att_kunna
$ ./ex3ITINF25/lektion11/awk/viktigt_att_kunna
$ ./ex3
laura@example.com
craig@example.com
mary@example.com
jamie@example.com
ITINF25/lektion11/awk/viktigt_att_kunna
$ ./ex4ITINF25/lektion11/awk/viktigt_att_kunna
$ ./ex4
laura@example.com
craig@example.com
mary@example.com
jamie@example.com
ITINF25/lektion11/awk/viktigt_att_kunna
$ ITINF25/lektion11/awk/viktigt_att_kunna
$ awawk '{ print $1 }' ../../extext/email.spa./../extext/email.space





variabelt_antal_falt.csv 
molle;molle@example.com
kitty;katt;kitty@mjau.se
ITINF25/lektion11/awk/viktigt_att_kunna
$ awk '{ print $1 }' ../../extext/variabelt_antal_falt.csv ITINF25/lektion11/awk/viktigt_att_kunna
$ awk '{ print $1 }' ../../extext/variabelt_antal_falt.csv 
molle;molle@example.com
kitty;katt;kitty@mjau.se
ITINF25/lektion11/awk/viktigt_att_kunna
./exk '{ print $1 }' ../../extext/variabelt_antal_falt.csv 
5 ITINF25/lektion11/awk/viktigt_att_kunna
$ ./ex5 
molle
kitty
ITINF25/lektion11/awk/viktigt_att_kunna
$ ./ex5 ITINF25/lektion11/awk/viktigt_att_kunna
$ ./ex5 
1
2
ITINF25/lektion11/awk/viktigt_att_kunna
$ ./ex5 ITINF25/lektion11/awk/viktigt_att_kunna
$ ./ex5 
2
3
ITINF25/lektion11/awk/viktigt_att_kunna
$ ./ex5 ITINF25/lektion11/awk/viktigt_att_kunna
$ ./ex5 
2molle;molle@example.com
3kitty;katt;kitty@mjau.se
ITINF25/lektion11/awk/viktigt_att_kunna
$ ./ex5 ITINF25/lektion11/awk/viktigt_att_kunna
$ ./ex5 
molle@example.com
kitty@mjau.se
ITINF25/lektion11/awk/viktigt_att_kunna
$ ./ex5 ITINF25/lektion11/awk/viktigt_att_kunna
$ ./ex5 
molle@example.com
kitty@mjau.se
ITINF25/lektion11/awk/viktigt_att_kunna
$ ./ex5 ITINF25/lektion11/awk/viktigt_att_kunna
$ ./ex5 
molle
katt
ITINF25/lektion11/awk/viktigt_att_kunna
$ ./ex5 ITINF25/lektion11/awk/viktigt_att_kunna
$ ./ex57
molle molle;molle@example.com
katt kitty;katt;kitty@mjau.se
ITINF25/lektion11/awk/viktigt_att_kunna
$ ./ex7
molleXXXXXXXXmolle;molle@example.com
kattXXXXXXXXkitty;katt;kitty@mjau.se
ITINF25/lektion11/awk/viktigt_att_kunna
$ ./ex7ITINF25/lektion11/awk/viktigt_att_kunna
$ ./ex7
molle,molle;molle@example.com
katt,kitty;katt;kitty@mjau.se
ITINF25/lektion11/awk/viktigt_att_kunna
$ ./ex7ITINF25/lektion11/awk/viktigt_att_kunna
$ ./ex7
mollemolle@example.com
kittykattkitty@mjau.se
ITINF25/lektion11/awk/viktigt_att_kunna
$ ./ex7ITINF25/lektion11/awk/viktigt_att_kunna
$ ./ex7
molle,molle@example.com,
kitty,katt,kitty@mjau.se
ITINF25/lektion11/awk/viktigt_att_kunna
$ ./ex7
molle_molle@example.com_
kitty_katt_kitty@mjau.se
ITINF25/lektion11/awk/viktigt_att_kunna
$ cd ../behover_inte_kunna/
ITINF25/lektion11/awk/behover_inte_kunna
$ ITINF25/lektion11/awk/behover_inte_kunna
$ chmod +x ex1 
ITINF25/lektion11/awk/behover_inte_kunna
$ ITINF25/lektion11/awk/behover_inte_kunna
$ ./ex1



touch nummer
ITINF25/lektion11/awk/behover_inte_kunna
$ code nummer 
ITINF25/lektion11/awk/behover_inte_kunna
$ ./nu
m













./ex1 ITINF25/lektion11/awk/behover_inte_kunna
$ ./ex1 
11
ITINF25/lektion11/awk/behover_inte_kunna
$ 
exit

Script done on 2025-10-06 16:01:47+02:00 [COMMAND_EXIT_CODE="0"]
