Script started on 2025-09-18 12:14:57+02:00 [TERM="xterm-256color" TTY="/dev/pts/1" COLUMNS="61" LINES="10"]
ITINF25/lektion3
$ ITINF25/lektion3
$ ssh ubse
Welcome to Ubuntu 24.04 LTS (GNU/Linux 6.8.0-79-generic x86_64)

 * Documentation:  https://help.ubuntu.com
 * Management:     https://landscape.canonical.com
 * Support:        https://ubuntu.com/pro

 System information as of Thu Sep 18 10:33:46 AM UTC 2025

  System load:  0.0                Processes:               115
  Usage of /:   33.5% of 15.62GB   Users logged in:         0
  Memory usage: 7%                 IPv4 address for enp0s3: 10.0.2.15
  Swap usage:   0%


Expanded Security Maintenance for Applications is not enabled.

170 updates can be applied immediately.
1 of these updates is a standard security update.
To see these additional updates run: apt list --upgradable

Enable ESM Apps to receive additional future security updates.
See https://ubuntu.com/esm or run: sudo pro status


The list of available updates is more than a week old.
To check for new updates run: sudo apt update

1 updates could not be installed automatically. For more details,
see /var/log/unattended-upgrades/unattended-upgrades.log

Last login: Thu Sep 18 10:09:11 2025 from 10.0.2.2
0;kent@ubseuefi: ~
kent@ubseuefi:~$ 0;kent@ubseuefi: ~
kent@ubseuefi:~$ ls
0;kent@ubseuefi: ~
kent@ubseuefi:~$ 0;kent@ubseuefi: ~
kent@ubseuefi:~$ adduser kiwi
fatal: Only root may add a user or group to the system.
0;kent@ubseuefi: ~
kent@ubseuefi:~$ sudo !!
sudo adduser kiwi
[sudo] password for kent: 
info: Adding user `kiwi' ...
info: Selecting UID/GID from range 1000 to 59999 ...
info: Adding new group `kiwi' (1003) ...
info: Adding new user `kiwi' (1003) with group `kiwi (1003)' ...
info: Creating home directory `/home/kiwi' ...
info: Copying files from `/etc/skel' ...
New password: 
Retype new password: 
passwd: password updated successfully
Changing the user information for kiwi
Enter the new value, or press ENTER for the default
	Full Name []: 
	Room Number []: 
	Work Phone []: 
	Home Phone []: 
	Other []: 
Is the information correct? [Y/n] 
info: Adding new user `kiwi' to supplemental / extra groups `users' ...
info: Adding user `kiwi' to group `users' ...
0;kent@ubseuefi: ~
kent@ubseuefi:~$ 0;kent@ubseuefi: ~
kent@ubseuefi:~$ sudo adduser kiwan
pinneapple
info: Adding user `pineapple' ...
info: Selecting UID/GID from range 1000 to 59999 ...
info: Adding new group `pineapple' (1004) ...
info: Adding new user `pineapple' (1004) with group `pineapple (1004)' ...
info: Creating home directory `/home/pineapple' ...
info: Copying files from `/etc/skel' ...
New password: 
Retype new password: 
Sorry, passwords do not match.
passwd: Authentication token manipulation error
passwd: password unchanged
Try again? [y/N] y
New password: 
Retype new password: 
passwd: password updated successfully
Changing the user information for pineapple
Enter the new value, or press ENTER for the default
	Full Name []: 
	Room Number []: 
	Work Phone []: 
	Home Phone []: 
	Other []: 
Is the information correct? [Y/n] 
info: Adding new user `pineapple' to supplemental / extra groups `users' ...
info: Adding user `pineapple' to group `users' ...
0;kent@ubseuefi: ~
kent@ubseuefi:~$ 0;kent@ubseuefi: ~
kent@ubseuefi:~$ addfgroup fruitsalad
fatal: Only root may add a user or group to the system.
0;kent@ubseuefi: ~
kent@ubseuefi:~$ sudo !!
sudo addgroup fruitsalad
info: Selecting GID from range 1000 to 59999 ...
info: Adding group `fruitsalad' (GID 1005) ...
0;kent@ubseuefi: ~
kent@ubseuefi:~$ 0;kent@ubseuefi: ~
kent@ubseuefi:~$ sudo usermod --append --groups
wiuit_saladsalad ki 
0;kent@ubseuefi: ~
kent@ubseuefi:~$ sudo usermod --append --groups fruitsalad kiw
neapple
0;kent@ubseuefi: ~
kent@ubseuefi:~$ 0;kent@ubseuefi: ~
kent@ubseuefi:~$ sudo -u kiwi id
uid=1003(kiwi) gid=1003(kiwi) groups=1003(kiwi),100(users),1005(fruitsalad)
0;kent@ubseuefi: ~
kent@ubseuefi:~$ sudo -u kiwi i i i i ip ii in ia ip ip il ie i i i i i ie ia ip ip il ie i
uid=1004(pineapple) gid=1004(pineapple) groups=1004(pineapple),100(users),1005(fruitsalad)
0;kent@ubseuefi: ~
kent@ubseuefi:~$ 0;kent@ubseuefi: ~
kent@ubseuefi:~$ ls -l
total 0
0;kent@ubseuefi: ~
0;kent@ubseuefi: ~
0;kent@ubseuefi: ~
0;kent@ubseuefi: ~
0;kent@ubseuefi: ~
0;kent@ubseuefi: ~
0;kent@ubseuefi: ~
0;kent@ubseuefi: ~
0;kent@ubseuefi: ~
0;kent@ubseuefi: ~
0;kent@ubseuefi: ~
0;kent@ubseuefi: ~
0;kent@ubseuefi: ~
0;kent@ubseuefi: ~
0;kent@ubseuefi: ~
0;kent@ubseuefi: ~
kent@ubseuefi:~$ ls +-l
total 0
0;kent@ubseuefi: ~
kent@ubseuefi:~$ mkiddir execute-inte-rearea_reainte_rea_inte_rea



0;kent@ubseuefi: ~
kent@ubseuefi:~$ mkdir execute_inte_read
0;kent@ubseuefi: ~
kent@ubseuefi:~$ ls -l
total 4
drwxrwxr-x 2 kent kent 4096 Sep 18 10:40 execute_inte_read
0;kent@ubseuefi: ~
kent@ubseuefi:~$ sudo chown kiwi execute_inte_read/
0;kent@ubseuefi: ~
kent@ubseuefi:~$ ls -l
total 4
drwxrwxr-x 2 kiwi kent 4096 Sep 18 10:40 execute_inte_read
0;kent@ubseuefi: ~
kent@ubseuefi:~$ mkdir hel_kiwi
0;kent@ubseuefi: ~
kent@ubseuefi:~$ ls -l0;kent@ubseuefi: ~
kent@ubseuefi:~$ ls -l
total 8
drwxrwxr-x 2 kiwi kent 4096 Sep 18 10:40 execute_inte_read
drwxrwxr-x 2 kent kent 4096 Sep 18 10:42 hel_kiwi
0;kent@ubseuefi: ~
kent@ubseuefi:~$ sudo chown kent kiwi:kwifiwi hel_kiwi/
0;kent@ubseuefi: ~
kent@ubseuefi:~$ ls -l0;kent@ubseuefi: ~
kent@ubseuefi:~$ ls -l
total 8
drwxrwxr-x 2 kiwi kent 4096 Sep 18 10:40 execute_inte_read
drwxrwxr-x 2 kiwi kiwi 4096 Sep 18 10:42 hel_kiwi
0;kent@ubseuefi: ~
kent@ubseuefi:~$ mkdir grupp_kiwi
0;kent@ubseuefi: ~
kent@ubseuefi:~$ ls -l0;kent@ubseuefi: ~
kent@ubseuefi:~$ ls -l
total 12
drwxrwxr-x 2 kiwi kent 4096 Sep 18 10:40 execute_inte_read
drwxrwxr-x 2 kent kent 4096 Sep 18 10:43 grupp_kiwi
drwxrwxr-x 2 kiwi kiwi 4096 Sep 18 10:42 hel_kiwi
0;kent@ubseuefi: ~
kent@ubseuefi:~$ sudo chown :kiwi grupp_kiwi/
0;kent@ubseuefi: ~
kent@ubseuefi:~$ ls -l
total 12
drwxrwxr-x 2 kiwi kent 4096 Sep 18 10:40 execute_inte_read
drwxrwxr-x 2 kent kiwi 4096 Sep 18 10:43 grupp_kiwi
drwxrwxr-x 2 kiwi kiwi 4096 Sep 18 10:42 hel_kiwi
0;kent@ubseuefi: ~
kent@ubseuefi:~$ 0;kent@ubseuefi: ~
kent@ubseuefi:~$ mkdir kiwi_parent_kent_children
0;kent@ubseuefi: ~
kent@ubseuefi:~$ ls -l
total 16
drwxrwxr-x 2 kiwi kent 4096 Sep 18 10:40 execute_inte_read
drwxrwxr-x 2 kent kiwi 4096 Sep 18 10:43 grupp_kiwi
drwxrwxr-x 2 kiwi kiwi 4096 Sep 18 10:42 hel_kiwi
drwxrwxr-x 2 kent kent 4096 Sep 18 10:45 kiwi_parent_kent_children
0;kent@ubseuefi: ~
ls -ltouch kiwi_parent_kent_children/finfil1t_kent_children/
0;kent@ubseuefi: ~
kent@ubseuefi:~$ touch kiwi_parent_kent_children/finfil2
0;kent@ubseuefi: ~
kent@ubseuefi:~$ touch kiwi_parent_kent_children/finfil3
0;kent@ubseuefi: ~
kent@ubseuefi:~$ 0;kent@ubseuefi: ~
kent@ubseuefi:~$ chomd kiwi 

.bash_history              hel_kiwi/
.bash_logout               kiwi_parent_kent_children/
.bashrc                    .profile
.cache/                    .ssh/
execute_inte_read/         .sudo_as_admin_successful
grupp_kiwi/                
0;kent@ubseuefi: ~
kent@ubseuefi:~$ chomd kiwi kiwi_parent_kent_children/
Command 'chomd' not found, did you mean:
  command 'chmod' from deb coreutils (9.4-2ubuntu2)
Try: sudo apt install <deb name>
0;kent@ubseuefi: ~
o0;kent@ubseuefi: ~omd kiwi kiwi_parent_kent_children/
kent@ubseuefi:~$ chmod kiwi kiwi_parent_kent_children/
chmod: invalid mode: ‘kiwi’
Try 'chmod --help' for more information.
0;kent@ubseuefi: ~
kent@ubseuefi:~$ chmod kiwi kiwi_parent_kent_childrenown0;kent@ubseuefi: ~
kent@ubseuefi:~$ chown kiwi kiwi_parent_kent_children/
chown: changing ownership of 'kiwi_parent_kent_children/': Operation not permitted
0;kent@ubseuefi: ~
kent@ubseuefi:~$ sudo !!
sudo chown kiwi kiwi_parent_kent_children/
0;kent@ubseuefi: ~
kent@ubseuefi:~$ ls -ld kiwi_parent_kent_children/0;kent@ubseuefi: ~
kent@ubseuefi:~$ ls -ld kiwi_parent_kent_children/
drwxrwxr-x 2 kiwi kent 4096 Sep 18 10:45 kiwi_parent_kent_children/
0;kent@ubseuefi: ~
kent@ubseuefi:~$ ls -l kiwi_parent_kent_children/
total 0
-rw-rw-r-- 1 kent kent 0 Sep 18 10:45 finfil1
-rw-rw-r-- 1 kent kent 0 Sep 18 10:45 finfil2
-rw-rw-r-- 1 kent kent 0 Sep 18 10:45 finfil3
0;kent@ubseuefi: ~
kent@ubseuefi:~$ sudo cp kiwi_parent_kent_children/ kiwi_al0;kent@ubseuefi: ~
kent@ubseuefi:~$ sudo cp kiwi_parent_kent_children/ kiwi_all
cp: -r not specified; omitting directory 'kiwi_parent_kent_children/'
0;kent@ubseuefi: ~
0;kent@ubseuefi: ~udo cp kiwi_parent_kent_children/ kiwi_al-kiwi_parent_kent_children/ kiwi_all 
0;kent@ubseuefi: ~kiwi_parent_kent_children/ kiwi_all
0;kent@ubseuefi: ~kiwi_parent_kent_children/ kiwi_all
kent@ubseuefi:~$ 0;kent@ubseuefi: ~
0;kent@ubseuefi: ~udo cp -r kiwi_parent_kent_children/ kiwi_all
kent@ubseuefi:~$ 

0;kent@ubseuefi: ~
kent@ubseuefi:~$ ls -l
total 20
drwxrwxr-x 2 kiwi kent 4096 Sep 18 10:40 execute_inte_read
drwxrwxr-x 2 kent kiwi 4096 Sep 18 10:43 grupp_kiwi
drwxrwxr-x 2 kiwi kiwi 4096 Sep 18 10:42 hel_kiwi
drwxr-xr-x 2 root root 4096 Sep 18 10:48 kiwi_all
drwxrwxr-x 2 kiwi kent 4096 Sep 18 10:45 kiwi_parent_kent_children
0;kent@ubseuefi: ~
kent@ubseuefi:~$ ls ki
wi_all/0;kent@ubseuefi: ~
kent@ubseuefi:~$ ls kiwi_all/
finfil1  finfil2  finfil3
0;kent@ubseuefi: ~
kent@ubseuefi:~$ ls kiwi_all kiwi_all- kiwi_alll kiwi_all
total 0
-rw-r--r-- 1 root root 0 Sep 18 10:48 finfil1
-rw-r--r-- 1 root root 0 Sep 18 10:48 finfil2
-rw-r--r-- 1 root root 0 Sep 18 10:48 finfil3
0;kent@ubseuefi: ~
kent@ubseuefi:~$ 0;kent@ubseuefi: ~
kent@ubseuefi:~$ ls -l
total 20
drwxrwxr-x 2 kiwi kent 4096 Sep 18 10:40 execute_inte_read
drwxrwxr-x 2 kent kiwi 4096 Sep 18 10:43 grupp_kiwi
drwxrwxr-x 2 kiwi kiwi 4096 Sep 18 10:42 hel_kiwi
drwxr-xr-x 2 root root 4096 Sep 18 10:48 kiwi_all
drwxrwxr-x 2 kiwi kent 4096 Sep 18 10:45 kiwi_parent_kent_children
0;kent@ubseuefi: ~
kent@ubseuefi:~$ vchown -R he
l
kent -k -i -w -i -d - -: -f -r -u -
i -t -s -a -l -a -d - kiw
i_all/0;kent@ubseuefi: ~
kent@ubseuefi:~$ chown kiwi:fruitsalad -R kiwi_all/
chown: changing ownership of 'kiwi_all/finfil1': Operation not permitted
chown: changing ownership of 'kiwi_all/finfil3': Operation not permitted
chown: changing ownership of 'kiwi_all/finfil2': Operation not permitted
chown: changing ownership of 'kiwi_all/': Operation not permitted
0;kent@ubseuefi: ~
sudo 0;kent@ubseuefi: ~kiwi:fruitsalad -R kiwi_all/
kent@ubseuefi:~$ sudo chown kiwi:fruitsalad -R kiwi_all/
0;kent@ubseuefi: ~
kent@ubseuefi:~$ ls -l ki
wi_all/
total 0
-rw-r--r-- 1 kiwi fruitsalad 0 Sep 18 10:48 finfil1
-rw-r--r-- 1 kiwi fruitsalad 0 Sep 18 10:48 finfil2
-rw-r--r-- 1 kiwi fruitsalad 0 Sep 18 10:48 finfil3
0;kent@ubseuefi: ~
kent@ubseuefi:~$ ls -l kiwi_alld kiwi_all










drwxr-xr-x 2 kiwi fruitsalad 4096 Sep 18 10:48 kiwi_all/
0;kent@ubseuefi: ~
kent@ubseuefi:~$ sudo -i green
Password: 
su: Authentication failure
0;kent@ubseuefi: ~
kent@ubseuefi:~$ su greepijneapple
Password: 
0;pineapple@ubseuefi: /home/kent
pineapple@ubseuefi:/home/kent$ 0;pineapple@ubseuefi: /home/kent
pineapple@ubseuefi:/home/kent$ ls
ls: cannot open directory '.': Permission denied
0;pineapple@ubseuefi: /home/kent
pineapple@ubseuefi:/home/kent$ cd w
kiwi_all
bash: cd: kiwi_all: Permission denied
0;pineapple@ubseuefi: /home/kent
pineapple@ubseuefi:/home/kent$ exit
exit
0;kent@ubseuefi: ~
kent@ubseuefi:~$ ls -ld .
drwxr-x--- 9 kent kent 4096 Sep 18 10:48 .
0;kent@ubseuefi: ~
kent@ubseuefi:~$ pwd
/home/kent
0;kent@ubseuefi: ~
kent@ubseuefi:~$ sudo chown kent:pineapple .
0;kent@ubseuefi: ~
pwdls -ld .0;kent@ubseuefi: ~ent:pineapple .
kent@ubseuefi:~$ ls -ld .
drwxr-x--- 9 kent pineapple 4096 Sep 18 10:48 .
0;kent@ubseuefi: ~
ls -ld .su pineapplewn kent:pineapple .:pineapple
Password: 
0;pineapple@ubseuefi: /home/kent
pineapple@ubseuefi:/home/kent$ ls0;pineapple@ubseuefi: /home/kent
pineapple@ubseuefi:/home/kent$ ls
execute_inte_read  hel_kiwi  kiwi_parent_kent_children
grupp_kiwi         kiwi_all
0;pineapple@ubseuefi: /home/kent
pineapple@ubseuefi:/home/kent$ ls -l0;pineapple@ubseuefi: /home/kent
pineapple@ubseuefi:/home/kent$ ls -l
total 20
drwxrwxr-x 2 kiwi kent       4096 Sep 18 10:40 execute_inte_read
drwxrwxr-x 2 kent kiwi       4096 Sep 18 10:43 grupp_kiwi
drwxrwxr-x 2 kiwi kiwi       4096 Sep 18 10:42 hel_kiwi
drwxr-xr-x 2 kiwi fruitsalad 4096 Sep 18 10:48 kiwi_all
drwxrwxr-x 2 kiwi kent       4096 Sep 18 10:45 kiwi_parent_kent_children
0;pineapple@ubseuefi: /home/kent
pineapple@ubseuefi:/home/kent$ nano nyfil
>0;pineapple@ubseuefi: /home/kente  ^U Paste    ^J Justify       nyfil                          
pineapple@ubseuefi:/home/kent$ touch tomfil
touch: cannot touch 'tomfil': Permission denied
0;pineapple@ubseuefi: /home/kent
pineapple@ubseuefi:/home/kent$ cd
ls -ld .0;pineapple@ubseuefi: /home/kent
pineapple@ubseuefi:/home/kent$ ls -ld .
drwxr-x--- 9 kent pineapple 4096 Sep 18 10:48 .
0;pineapple@ubseuefi: /home/kent
pineapple@ubseuefi:/home/kent$ ls -ld kiw
i_all/
drwxr-xr-x 2 kiwi fruitsalad 4096 Sep 18 10:48 kiwi_all/
0;pineapple@ubseuefi: /home/kent
pineapple@ubseuefi:/home/kent$ cd fr
kiw
i_all/
0;pineapple@ubseuefi: /home/kent/kiwi_all
pineapple@ubseuefi:/home/kent/kiwi_all$ cd ..
0;pineapple@ubseuefi: /home/kent
pineapple@ubseuefi:/home/kent$ ls
execute_inte_read  hel_kiwi  kiwi_parent_kent_children
grupp_kiwi         kiwi_all
0;pineapple@ubseuefi: /home/kent
pineapple@ubseuefi:/home/kent$ cd hel_kiwi/
0;pineapple@ubseuefi: /home/kent/hel_kiwi
pineapple@ubseuefi:/home/kent/hel_kiwi$ ls
0;pineapple@ubseuefi: /home/kent/hel_kiwi
pineapple@ubseuefi:/home/kent/hel_kiwi$ cd ..
0;pineapple@ubseuefi: /home/kent
pineapple@ubseuefi:/home/kent$ ls -ld hel_kiwi/0;pineapple@ubseuefi: /home/kent
pineapple@ubseuefi:/home/kent$ ls -ld hel_kiwi/
drwxrwxr-x 2 kiwi kiwi 4096 Sep 18 10:42 hel_kiwi/
0;pineapple@ubseuefi: /home/kent
pineapple@ubseuefi:/home/kent$ ls -l
total 20
drwxrwxr-x 2 kiwi kent       4096 Sep 18 10:40 execute_inte_read
drwxrwxr-x 2 kent kiwi       4096 Sep 18 10:43 grupp_kiwi
drwxrwxr-x 2 kiwi kiwi       4096 Sep 18 10:42 hel_kiwi
drwxr-xr-x 2 kiwi fruitsalad 4096 Sep 18 10:48 kiwi_all
drwxrwxr-x 2 kiwi kent       4096 Sep 18 10:45 kiwi_parent_kent_children
0;pineapple@ubseuefi: /home/kent
pineapple@ubseuefi:/home/kent$ 0;pineapple@ubseuefi: /home/kent
pineapple@ubseuefi:/home/kent$ exit
exit
0;kent@ubseuefi: ~
kent@ubseuefi:~$ 0;kent@ubseuefi: ~
kent@ubseuefi:~$ ls -l
total 20
drwxrwxr-x 2 kiwi kent       4096 Sep 18 10:40 execute_inte_read
drwxrwxr-x 2 kent kiwi       4096 Sep 18 10:43 grupp_kiwi
drwxrwxr-x 2 kiwi kiwi       4096 Sep 18 10:42 hel_kiwi
drwxr-xr-x 2 kiwi fruitsalad 4096 Sep 18 10:48 kiwi_all
drwxrwxr-x 2 kiwi kent       4096 Sep 18 10:45 kiwi_parent_kent_children
0;kent@ubseuefi: ~
kent@ubseuefi:~$ mkdir godsallad
0;kent@ubseuefi: ~
kent@ubseuefi:~$ ls -l godsalladd godsallad0;kent@ubseuefi: ~
kent@ubseuefi:~$ ls -ld godsallad
drwxrwxr-x 2 kent kent 4096 Sep 18 10:57 godsallad/
0;kent@ubseuefi: ~
kent@ubseuefi:~$ sudo chmod -R --reference=kiw
i_all/
chmod: missing operand
Try 'chmod --help' for more information.
0;kent@ubseuefi: ~
own0;kent@ubseuefi: ~ chmod -R --reference=kiwi_all/
kent@ubseuefi:~$ sudo chown -R --reference=kiwi_all
chown: missing operand
Try 'chown --help' for more information.
0;kent@ubseuefi: ~
kent@ubseuefi:~$ sudo chown -R --reference=kiwi_all




 godsallad/
0;kent@ubseuefi: ~
kent@ubseuefi:~$ ls -l0;kent@ubseuefi: ~
kent@ubseuefi:~$ ls -l
total 24
drwxrwxr-x 2 kiwi kent       4096 Sep 18 10:40 execute_inte_read
drwxrwxr-x 2 kiwi fruitsalad 4096 Sep 18 10:57 godsallad
drwxrwxr-x 2 kent kiwi       4096 Sep 18 10:43 grupp_kiwi
drwxrwxr-x 2 kiwi kiwi       4096 Sep 18 10:42 hel_kiwi
drwxr-xr-x 2 kiwi fruitsalad 4096 Sep 18 10:48 kiwi_all
drwxrwxr-x 2 kiwi kent       4096 Sep 18 10:45 kiwi_parent_kent_children
0;kent@ubseuefi: ~
kent@ubseuefi:~$ su pineapple
Password: 
0;pineapple@ubseuefi: /home/kent
pineapple@ubseuefi:/home/kent$ cd godsallad/
0;pineapple@ubseuefi: /home/kent/godsallad
pineapple@ubseuefi:/home/kent/godsallad$ 0;pineapple@ubseuefi: /home/kent/godsallad
pineapple@ubseuefi:/home/kent/godsallad$ ls
0;pineapple@ubseuefi: /home/kent/godsallad
pineapple@ubseuefi:/home/kent/godsallad$ touch smask
0;pineapple@ubseuefi: /home/kent/godsallad
pineapple@ubseuefi:/home/kent/godsallad$ exit
exit
0;kent@ubseuefi: ~
kent@ubseuefi:~$ ls -l
total 24
drwxrwxr-x 2 kiwi kent       4096 Sep 18 10:40 execute_inte_read
drwxrwxr-x 2 kiwi fruitsalad 4096 Sep 18 10:58 godsallad
drwxrwxr-x 2 kent kiwi       4096 Sep 18 10:43 grupp_kiwi
drwxrwxr-x 2 kiwi kiwi       4096 Sep 18 10:42 hel_kiwi
drwxr-xr-x 2 kiwi fruitsalad 4096 Sep 18 10:48 kiwi_all
drwxrwxr-x 2 kiwi kent       4096 Sep 18 10:45 kiwi_parent_kent_children
0;kent@ubseuefi: ~
kent@ubseuefi:~$ 0;kent@ubseuefi: ~
kent@ubseuefi:~$ touch filfil1
0;kent@ubseuefi: ~
kent@ubseuefi:~$ 0;kent@ubseuefi: ~
kent@ubseuefi:~$ ls -l
total 24
drwxrwxr-x 2 kiwi kent       4096 Sep 18 10:40 execute_inte_read
-rw-rw-r-- 1 kent kent          0 Sep 18 11:02 filfil1
drwxrwxr-x 2 kiwi fruitsalad 4096 Sep 18 10:58 godsallad
drwxrwxr-x 2 kent kiwi       4096 Sep 18 10:43 grupp_kiwi
drwxrwxr-x 2 kiwi kiwi       4096 Sep 18 10:42 hel_kiwi
drwxr-xr-x 2 kiwi fruitsalad 4096 Sep 18 10:48 kiwi_all
drwxrwxr-x 2 kiwi kent       4096 Sep 18 10:45 kiwi_parent_kent_children
0;kent@ubseuefi: ~
kent@ubseuefi:~$ sudo chmoown kiwi filfil1 
0;kent@ubseuefi: ~
kent@ubseuefi:~$ 0;kent@ubseuefi: ~
kent@ubseuefi:~$ ls -l
total 24
drwxrwxr-x 2 kiwi kent       4096 Sep 18 10:40 execute_inte_read
-rw-rw-r-- 1 kiwi kent          0 Sep 18 11:02 filfil1
drwxrwxr-x 2 kiwi fruitsalad 4096 Sep 18 10:58 godsallad
drwxrwxr-x 2 kent kiwi       4096 Sep 18 10:43 grupp_kiwi
drwxrwxr-x 2 kiwi kiwi       4096 Sep 18 10:42 hel_kiwi
drwxr-xr-x 2 kiwi fruitsalad 4096 Sep 18 10:48 kiwi_all
drwxrwxr-x 2 kiwi kent       4096 Sep 18 10:45 kiwi_parent_kent_children
0;kent@ubseuefi: ~
kent@ubseuefi:~$ sudo chmod o= filfil1 
0;kent@ubseuefi: ~
kent@ubseuefi:~$ ls -ld filfil1 
-rw-rw---- 1 kiwi kent 0 Sep 18 11:02 filfil1
0;kent@ubseuefi: ~
kent@ubseuefi:~$ su pimnneapple
Password: 
0;pineapple@ubseuefi: /home/kent
pineapple@ubseuefi:/home/kent$ 0;pineapple@ubseuefi: /home/kent
pineapple@ubseuefi:/home/kent$ ls
execute_inte_read  grupp_kiwi  kiwi_parent_kent_children
filfil1            hel_kiwi
godsallad          kiwi_all
0;pineapple@ubseuefi: /home/kent
pineapple@ubseuefi:/home/kent$ cd
ls -l
total 24
drwxrwxr-x 2 kiwi kent       4096 Sep 18 10:40 execute_inte_read
-rw-rw---- 1 kiwi kent          0 Sep 18 11:02 filfil1
drwxrwxr-x 2 kiwi fruitsalad 4096 Sep 18 10:58 godsallad
drwxrwxr-x 2 kent kiwi       4096 Sep 18 10:43 grupp_kiwi
drwxrwxr-x 2 kiwi kiwi       4096 Sep 18 10:42 hel_kiwi
drwxr-xr-x 2 kiwi fruitsalad 4096 Sep 18 10:48 kiwi_all
drwxrwxr-x 2 kiwi kent       4096 Sep 18 10:45 kiwi_parent_kent_children
0;pineapple@ubseuefi: /home/kent
pineapple@ubseuefi:/home/kent$ 0;pineapple@ubseuefi: /home/kent
pineapple@ubseuefi:/home/kent$ ls
execute_inte_read  grupp_kiwi  kiwi_parent_kent_children
filfil1            hel_kiwi
godsallad          kiwi_all
0;pineapple@ubseuefi: /home/kent
pineapple@ubseuefi:/home/kent$ nano filfil1 
==[ Directory '.' is not writable ]
>0;pineapple@ubseuefi: /home/kente  ^U Paste    ^J Justify              New Buffer                       
pineapple@ubseuefi:/home/kent$ nano filfil1








cat
cat: filfil1: Permission denied
0;pineapple@ubseuefi: /home/kent
pineapple@ubseuefi:/home/kent$ cat filfil1
less
filfil1: Permission denied
0;pineapple@ubseuefi: /home/kent
pineapple@ubseuefi:/home/kent$ less filfil1
more
more: cannot open filfil1: Permission denied
0;pineapple@ubseuefi: /home/kent
pineapple@ubseuefi:/home/kent$ 0;pineapple@ubseuefi: /home/kent
pineapple@ubseuefi:/home/kent$ ls -l
total 24
drwxrwxr-x 2 kiwi kent       4096 Sep 18 10:40 execute_inte_read
-rw-rw---- 1 kiwi kent          0 Sep 18 11:02 filfil1
drwxrwxr-x 2 kiwi fruitsalad 4096 Sep 18 10:58 godsallad
drwxrwxr-x 2 kent kiwi       4096 Sep 18 10:43 grupp_kiwi
drwxrwxr-x 2 kiwi kiwi       4096 Sep 18 10:42 hel_kiwi
drwxr-xr-x 2 kiwi fruitsalad 4096 Sep 18 10:48 kiwi_all
drwxrwxr-x 2 kiwi kent       4096 Sep 18 10:45 kiwi_parent_kent_children
0;pineapple@ubseuefi: /home/kent
pineapple@ubseuefi:/home/kent$ echo hejsan
hejsan
0;pineapple@ubseuefi: /home/kent
pineapple@ubseuefi:/home/kent$ 0;pineapple@ubseuefi: /home/kent
0;pineapple@ubseuefi: /home/kent
0;pineapple@ubseuefi: /home/kent
0;pineapple@ubseuefi: /home/kent
0;pineapple@ubseuefi: /home/kent
0;pineapple@ubseuefi: /home/kent
pineapple@ubseuefi:/home/kent$ ls
execute_inte_read  grupp_kiwi  kiwi_parent_kent_children
filfil1            hel_kiwi
godsallad          kiwi_all
0;pineapple@ubseuefi: /home/kent
pineapple@ubseuefi:/home/kent$ mkdir







ls -l execute_inte_readd execute_inte_read0;pineapple@ubseuefi: /home/kent
pineapple@ubseuefi:/home/kent$ ls -ld execute_inte_read
drwxrwxr-x 2 kiwi kent 4096 Sep 18 10:40 execute_inte_read/
0;pineapple@ubseuefi: /home/kent
pineapple@ubseuefi:/home/kent$ sudo chmod o=x
[sudo] password for pineapple: 
sudo: a password is required
0;pineapple@ubseuefi: /home/kent
pineapple@ubseuefi:/home/kent$ sudo chmod o=





e^C
0;pineapple@ubseuefi: /home/kent
pineapple@ubseuefi:/home/kent$ eixit
exit
0;kent@ubseuefi: ~
kent@ubseuefi:~$ sudo chmod o=x execute_inte_read/0;kent@ubseuefi: ~
kent@ubseuefi:~$ sudo chmod o=x execute_inte_read/
0;kent@ubseuefi: ~
kent@ubseuefi:~$ LS 
ls
0;kent@ubseuefi: ~
kent@ubseuefi:~$ sudo chmod o=x execute_inte_read
 djdu=r^C
0;kent@ubseuefi: ~
kent@ubseuefi:~$ ls -ld execute_inte_read/
drwxrwx--x 2 kiwi kent 4096 Sep 18 10:40 execute_inte_read/
0;kent@ubseuefi: ~
kent@ubseuefi:~$ touch execute_inte_read/finfinfinfil
0;kent@ubseuefi: ~
kent@ubseuefi:~$ 0;kent@ubseuefi: ~
kent@ubseuefi:~$ su pineapple
Password: 
0;pineapple@ubseuefi: /home/kent
pineapple@ubseuefi:/home/kent$ 0;pineapple@ubseuefi: /home/kent
pineapple@ubseuefi:/home/kent$ ls
execute_inte_read  grupp_kiwi  kiwi_parent_kent_children
filfil1            hel_kiwi
godsallad          kiwi_all
0;pineapple@ubseuefi: /home/kent
pineapple@ubseuefi:/home/kent$ cd execute_inte_read/
0;pineapple@ubseuefi: /home/kent/execute_inte_read
pineapple@ubseuefi:/home/kent/execute_inte_read$ 0;pineapple@ubseuefi: /home/kent/execute_inte_read
pineapple@ubseuefi:/home/kent/execute_inte_read$ ls
ls: cannot open directory '.': Permission denied
0;pineapple@ubseuefi: /home/kent/execute_inte_read
0;pineapple@ubseuefi: /home/kent/execute_inte_readinfinfinfil 
pineapple@ubseuefi:/home/kent/execute_inte_read$ 






0;pineapple@ubseuefi: /home/kent/execute_inte_read
0;pineapple@ubseuefi: /home/kent/execute_inte_readfinfinfinfil
0;pineapple@ubseuefi: /home/kent/execute_inte_readfinfinfinfil
0;pineapple@ubseuefi: /home/kent/execute_inte_readfinfinfinfil
pineapple@ubseuefi:/home/kent/execute_inte_read$ 













0;pineapple@ubseuefi: /home/kent/execute_inte_read
pineapple@ubseuefi:/home/kent/execute_inte_read$ cat finfinfinfi







0;pineapple@ubseuefi: /home/kent/execute_inte_read
pineapple@ubseuefi:/home/kent/execute_inte_read$ sudo
exit
exit
0;kent@ubseuefi: ~
kent@ubseuefi:~$ sudo nano execute_inte_read/finfinfinfil 
>0;kent@ubseuefi: ~ execute_inte_read/finfinfinfil [ Writing... ] [ Wrote 3 lines ]          
 pineappleefi:~$ sudo nano execute_inte_read/finfinfinfil 
Password: 
0;pineapple@ubseuefi: /home/kent
pineapple@ubseuefi:/home/kent$ 0;pineapple@ubseuefi: /home/kent
pineapple@ubseuefi:/home/kent$ cd execute_inte_read/
0;pineapple@ubseuefi: /home/kent/execute_inte_read
pineapple@ubseuefi:/home/kent/execute_inte_read$ ls -l
ls: cannot open directory '.': Permission denied
0;pineapple@ubseuefi: /home/kent/execute_inte_read
nfilapple@ubseuefi:/home/kent/execute_inte_read$ cat finfinfi 
rad ett
tva
tre
0;pineapple@ubseuefi: /home/kent/execute_inte_read
pineapple@ubseuefi:/home/kent/execute_inte_read$ 
exit
0;kent@ubseuefi: ~
kent@ubseuefi:~$ exit
logout
Connection to localhost closed.
ITINF25/lektion3
$ exit
exit

Script done on 2025-09-18 13:11:00+02:00 [COMMAND_EXIT_CODE="0"]
