Script started on 2025-09-18 13:11:06+02:00 [TERM="xterm-256color" TTY="/dev/pts/1" COLUMNS="61" LINES="10"]
ITINF25/lektion3
$ ITINF25/lektion3
$ ls
fall  recordings  yellows-fil
ITINF25/lektion3
$ ssh ubseITINF25/lektion3
$ ssh ubse
Welcome to Ubuntu 24.04 LTS (GNU/Linux 6.8.0-79-generic x86_64)

 * Documentation:  https://help.ubuntu.com
 * Management:     https://landscape.canonical.com
 * Support:        https://ubuntu.com/pro

 System information as of Thu Sep 18 11:11:20 AM UTC 2025

  System load:  0.08               Processes:               115
  Usage of /:   33.6% of 15.62GB   Users logged in:         0
  Memory usage: 7%                 IPv4 address for enp0s3: 10.0.2.15
  Swap usage:   0%


Expanded Security Maintenance for Applications is not enabled.

170 updates can be applied immediately.
1 of these updates is a standard security update.
To see these additional updates run: apt list --upgradable

Enable ESM Apps to receive additional future security updates.
See https://ubuntu.com/esm or run: sudo pro status


The list of available updates is more than a week old.
To check for new updates run: sudo apt update

1 updates could not be installed automatically. For more details,
see /var/log/unattended-upgrades/unattended-upgrades.log

Last login: Thu Sep 18 10:33:47 2025 from 10.0.2.2
0;kent@ubseuefi: ~
kent@ubseuefi:~$ 0;kent@ubseuefi: ~
kent@ubseuefi:~$ ls
execute_inte_read  grupp_kiwi  kiwi_parent_kent_children
filfil1            hel_kiwi
godsallad          kiwi_all
0;kent@ubseuefi: ~
kent@ubseuefi:~$ mkdir reDead_men_inte_execute
0;kent@ubseuefi: ~
kent@ubseuefi:~$ ls -l0;kent@ubseuefi: ~
kent@ubseuefi:~$ ls -l
total 28
drwxrwx--x 2 kiwi kent       4096 Sep 18 11:10 execute_inte_read
-rw-rw---- 1 kiwi kent          0 Sep 18 11:02 filfil1
drwxrwxr-x 2 kiwi fruitsalad 4096 Sep 18 10:58 godsallad
drwxrwxr-x 2 kent kiwi       4096 Sep 18 10:43 grupp_kiwi
drwxrwxr-x 2 kiwi kiwi       4096 Sep 18 10:42 hel_kiwi
drwxr-xr-x 2 kiwi fruitsalad 4096 Sep 18 10:48 kiwi_all
drwxrwxr-x 2 kiwi kent       4096 Sep 18 10:45 kiwi_parent_kent_children
drwxrwxr-x 2 kent kent       4096 Sep 18 11:11 read_men_inte_execute
0;kent@ubseuefi: ~
kent@ubseuefi:~$ sudo chmod o-x read_men_inte_execute/
[sudo] password for kent: 
Sorry, try again.
[sudo] password for kent: 
0;kent@ubseuefi: ~
kent@ubseuefi:~$ 0;kent@ubseuefi: ~
kent@ubseuefi:~$ ls -l
total 28
drwxrwx--x 2 kiwi kent       4096 Sep 18 11:10 execute_inte_read
-rw-rw---- 1 kiwi kent          0 Sep 18 11:02 filfil1
drwxrwxr-x 2 kiwi fruitsalad 4096 Sep 18 10:58 godsallad
drwxrwxr-x 2 kent kiwi       4096 Sep 18 10:43 grupp_kiwi
drwxrwxr-x 2 kiwi kiwi       4096 Sep 18 10:42 hel_kiwi
drwxr-xr-x 2 kiwi fruitsalad 4096 Sep 18 10:48 kiwi_all
drwxrwxr-x 2 kiwi kent       4096 Sep 18 10:45 kiwi_parent_kent_children
drwxrwxr-- 2 kent kent       4096 Sep 18 11:11 read_men_inte_execute
0;kent@ubseuefi: ~
kent@ubseuefi:~$ nano read_men_inte_execute/hej
>0;kent@ubseuefi: ~ read_men_inte_execute/hej [ Writing... ] [ Wrote 2 lines ]
kent@ubseuefi:~$ su pineapple
Password: 
0;pineapple@ubseuefi: /home/kent
pineapple@ubseuefi:/home/kent$ cd read_men_inte_execute/
bash: cd: read_men_inte_execute/: Permission denied
0;pineapple@ubseuefi: /home/kent
pineapple@ubseuefi:/home/kent$ ls read_men_inte_execute/0;pineapple@ubseuefi: /home/kent
pineapple@ubseuefi:/home/kent$ ls read_men_inte_execute/
ls: cannot access 'read_men_inte_execute/hej': Permission denied
hej
0;pineapple@ubseuefi: /home/kent
pineapple@ubseuefi:/home/kent$ ls0;pineapple@ubseuefi: /home/kent
pineapple@ubseuefi:/home/kent$ ls
execute_inte_read  grupp_kiwi  kiwi_parent_kent_children
filfil1            hel_kiwi    read_men_inte_execute
godsallad          kiwi_all
0;pineapple@ubseuefi: /home/kent
pineapple@ubseuefi:/home/kent$ touch wojne
touch: cannot touch 'wojne': Permission denied
0;pineapple@ubseuefi: /home/kent
pineapple@ubseuefi:/home/kent$ sudo !!
sudo touch wojne
[sudo] password for pineapple: 
sudo: a password is required
0;pineapple@ubseuefi: /home/kent
pineapple@ubseuefi:/home/kent$ exit
exit
0;kent@ubseuefi: ~
kent@ubseuefi:~$ 0;kent@ubseuefi: ~
kent@ubseuefi:~$ touch wojjwojj
0;kent@ubseuefi: ~
kent@ubseuefi:~$ sudpoo chmod o=rwx wojjwojj 
0;kent@ubseuefi: ~
kent@ubseuefi:~$ 0;kent@ubseuefi: ~
kent@ubseuefi:~$ ls
execute_inte_read  grupp_kiwi  kiwi_parent_kent_children
filfil1            hel_kiwi    read_men_inte_execute
godsallad          kiwi_all    wojjwojj
0;kent@ubseuefi: ~
kent@ubseuefi:~$ su pineapple
Password: 
0;pineapple@ubseuefi: /home/kent
pineapple@ubseuefi:/home/kent$ ls read_men_inte_execute/
ls: cannot access 'read_men_inte_execute/hej': Permission denied
hej
0;pineapple@ubseuefi: /home/kent
0;pineapple@ubseuefi: /home/kents read_men_inte_execute read_men_inte_execute- read_men_inte_execute- read_men_inte_executec read_men_inte_executeo read_men_inte_execute/ 
0;pineapple@ubseuefi: /home/kent read_men_inte_execute/
0;pineapple@ubseuefi: /home/kent read_men_inte_execute/
0;pineapple@ubseuefi: /home/kent read_men_inte_execute/
0;pineapple@ubseuefi: /home/kent read_men_inte_execute/
0;pineapple@ubseuefi: /home/kent read_men_inte_execute/
0;pineapple@ubseuefi: /home/kent read_men_inte_execute/
0;pineapple@ubseuefi: /home/kent read_men_inte_execute/
0;pineapple@ubseuefi: /home/kent read_men_inte_execute/
pineapple@ubseuefi:/home/kent$ 0;pineapple@ubseuefi: /home/kent
0;pineapple@ubseuefi: /home/kents --color=none read_men_inte_execute/
pineapple@ubseuefi:/home/kent$ 

hej
0;pineapple@ubseuefi: /home/kent
0;pineapple@ubseuefi: /home/kents --color=none read_men_inte_execute
0;pineapple@ubseuefi: /home/kentread_men_inte_execute/
0;pineapple@ubseuefi: /home/kentread_men_inte_execute/
0;pineapple@ubseuefi: /home/kentread_men_inte_execute/
0;pineapple@ubseuefi: /home/kentread_men_inte_execute/
0;pineapple@ubseuefi: /home/kentread_men_inte_execute/
0;pineapple@ubseuefi: /home/kentread_men_inte_execute/
 read_men_inte_execute/e/kent$  read_men_inte_execute/ 
 read_men_inte_execute read_men_inte_execute read_men_inte_executeread_men_inte_execute
ls: cannot access 'read_men_inte_execute/hej': Permission denied
hej
0;pineapple@ubseuefi: /home/kent
pineapple@ubseuefi:/home/kent$ alias l




0;pineapple@ubseuefi: /home/kent
pineapple@ubseuefi:/home/kent$ ls read_men_inte_execute/hej



man tree
No manual entry for tree
0;pineapple@ubseuefi: /home/kent
pineapple@ubseuefi:/home/kent$ sudo apt install tr





exit
exit
0;kent@ubseuefi: ~
kent@ubseuefi:~$ exit
logout
Connection to localhost closed.
ITINF25/lektion3
$ exit
exit

Script done on 2025-09-18 13:24:05+02:00 [COMMAND_EXIT_CODE="16"]
