Script started on 2025-09-18 13:24:09+02:00 [TERM="xterm-256color" TTY="/dev/pts/1" COLUMNS="61" LINES="10"]
ITINF25/lektion3
$ lITINF25/lektion3
$ ls
fall  recordings  yellows-fil
ITINF25/lektion3
$ ssh uubse
Welcome to Ubuntu 24.04 LTS (GNU/Linux 6.8.0-79-generic x86_64)

 * Documentation:  https://help.ubuntu.com
 * Management:     https://landscape.canonical.com
 * Support:        https://ubuntu.com/pro

 System information as of Thu Sep 18 11:24:26 AM UTC 2025

  System load:  0.0                Processes:               118
  Usage of /:   33.6% of 15.62GB   Users logged in:         0
  Memory usage: 7%                 IPv4 address for enp0s3: 10.0.2.15
  Swap usage:   0%


Expanded Security Maintenance for Applications is not enabled.

170 updates can be applied immediately.
1 of these updates is a standard security update.
To see these additional updates run: apt list --upgradable

Enable ESM Apps to receive additional future security updates.
See https://ubuntu.com/esm or run: sudo pro status


The list of available updates is more than a week old.
To check for new updates run: sudo apt update

1 updates could not be installed automatically. For more details,
see /var/log/unattended-upgrades/unattended-upgrades.log

Last login: Thu Sep 18 11:11:20 2025 from 10.0.2.2
0;kent@ubseuefi: ~
kent@ubseuefi:~$ 0;kent@ubseuefi: ~
kent@ubseuefi:~$ ls
execute_inte_read  grupp_kiwi  kiwi_parent_kent_children
filfil1            hel_kiwi    read_men_inte_execute
godsallad          kiwi_all    wojjwojj
0;kent@ubseuefi: ~
kent@ubseuefi:~$ sudo apt install tree
[sudo] password for kent: 
Reading package lists... Done
Building dependency tree... Done
Reading state information... Done
The following NEW packages will be installed:
  tree
0 upgraded, 1 newly installed, 0 to remove and 164 not upgraded.
Need to get 47.1 kB of archives.
After this operation, 111 kB of additional disk space will be used.
Get:1 http://se.archive.ubuntu.com/ubuntu noble/universe amd64 tree amd64 2.1.1-2ubuntu3 [47.1 kB]
Fetched 47.1 kB in 0s (182 kB/s)
debconf: unable to initialize frontend: Dialog
debconf: (Dialog frontend requires a screen at least 13 lines tall and 31 columns wide.)
debconf: falling back to frontend: Readline

Selecting previously unselected package tree.
(Reading database ... 84059 files and directories currently installed.)
Preparing to unpack .../tree_2.1.1-2ubuntu3_amd64.deb ...
Progress: [  0%] [.......................................] 87Progress: [ 20%] [#######................................] 8Unpacking tree (2.1.1-2ubuntu3) ...
Progress: [ 40%] [###############........................] 8Setting up tree (2.1.1-2ubuntu3) ...
Progress: [ 60%] [#######################................] 87Progress: [ 80%] [###############################........] 8Processing triggers for man-db (2.12.0-4build2) ...

Scanning processes...                                        
Scanning linux images...                                     

Running kernel seems to be up-to-date.

No services need to be restarted.

No containers need to be restarted.

No user sessions are running outdated binaries.

No VM guests are running outdated hypervisor (qemu) binaries
 on this host.
0;kent@ubseuefi: ~
kent@ubseuefi:~$ 0;kent@ubseuefi: ~
kent@ubseuefi:~$ man teeree
TREE(1)           General Commands Manual           TREE(1)

NAME
       tree  -  list contents of directories in a tree-like
       format.

SYNOPSIS
       tree [-acdfghilnpqrstuvxACDFJQNSUX] [-L level  [-R]]
       [-H  baseHREF] [-T title] [-o filename] [-P pattern]
 Manual page tree(1) line 1 (press h for help or q to quit)...skipping...
TREE(1)           General Commands Manual           TREE(1)

NAME
       tree  -  list contents of directories in a tree-like
       format.

SYNOPSIS
       tree [-acdfghilnpqrstuvxACDFJQNSUX] [-L level  [-R]]
       [-H  baseHREF] [-T title] [-o filename] [-P pattern]
       [-I   pattern]   [--gitignore]    [--gitfile[=]file]
 Manual page tree(1) line 1 (press h for help or q to quit)...skipping...
TREE(1)           General Commands Manual           TREE(1)

NAME
       tree  -  list contents of directories in a tree-like
       format.

SYNOPSIS
       tree [-acdfghilnpqrstuvxACDFJQNSUX] [-L level  [-R]]
       [-H  baseHREF] [-T title] [-o filename] [-P pattern]
       [-I   pattern]   [--gitignore]    [--gitfile[=]file]
       [--matchdirs]  [--metafirst]  [--ignore-case] [--no‐
 Manual page tree(1) line 1 (press h for help or q to quit)...skipping...
TREE(1)           General Commands Manual           TREE(1)

NAME
       tree  -  list contents of directories in a tree-like
       format.

SYNOPSIS
       tree [-acdfghilnpqrstuvxACDFJQNSUX] [-L level  [-R]]
       [-H  baseHREF] [-T title] [-o filename] [-P pattern]
       [-I   pattern]   [--gitignore]    [--gitfile[=]file]
       [--matchdirs]  [--metafirst]  [--ignore-case] [--no‐
       links]  [--hintro[=]file]  [--houtro[=]file]  [--in‐
 Manual page tree(1) line 1 (press h for help or q to quit)...skipping...
TREE(1)           General Commands Manual           TREE(1)

NAME
       tree  -  list contents of directories in a tree-like
       format.

SYNOPSIS
       tree [-acdfghilnpqrstuvxACDFJQNSUX] [-L level  [-R]]
       [-H  baseHREF] [-T title] [-o filename] [-P pattern]
       [-I   pattern]   [--gitignore]    [--gitfile[=]file]
       [--matchdirs]  [--metafirst]  [--ignore-case] [--no‐
       links]  [--hintro[=]file]  [--houtro[=]file]  [--in‐
       odes]   [--device]   [--sort[=]name]   [--dirsfirst]
 Manual page tree(1) line 1 (press h for help or q to quit)...skipping...
TREE(1)           General Commands Manual           TREE(1)

NAME
       tree  -  list contents of directories in a tree-like
       format.

SYNOPSIS
       tree [-acdfghilnpqrstuvxACDFJQNSUX] [-L level  [-R]]
       [-H  baseHREF] [-T title] [-o filename] [-P pattern]
       [-I   pattern]   [--gitignore]    [--gitfile[=]file]
       [--matchdirs]  [--metafirst]  [--ignore-case] [--no‐
       links]  [--hintro[=]file]  [--houtro[=]file]  [--in‐
       odes]   [--device]   [--sort[=]name]   [--dirsfirst]
       [--filesfirst]   [--filelimit   #]   [--si]   [--du]
       [--prune]    [--charset[=]X]    [--timefmt[=]format]
       [--fromfile]  [--fromtabfile]  [--fflinks]  [--info]
       [--infofile[=]file]     [--noreport]     [--version]
       [--help] [--] [directory ...]

DESCRIPTION
       Tree is a recursive directory listing  program  that
       produces a depth indented listing of files, which is
       colorized ala dircolors if the LS_COLORS environment
       variable is set and output is to tty.  With no argu‐
       ments,  tree  lists  the files in the current direc‐
       tory.  When  directory  arguments  are  given,  tree
       lists  all the files and/or directories found in the
       given directories each in turn.  Upon completion  of
       listing  all  files/directories  found, tree returns
       the total number of files and/or directories listed.

       By default, when a symbolic link is encountered, the
       path that the symbolic link refers to is printed af‐
       ter the name of the link in the format:

           name -> real-path

       If the `-l' option is given and  the  symbolic  link
       refers to an actual directory, then tree will follow
       the  path  of the symbolic link as if it were a real
       directory.

OPTIONSpage tree(1) line 29 (press h for help or q to quit)
       Tree  understands   the   following   command   line
       switches:

LISTING OPTIONS
       -a     All  files are printed.  By default tree does
              not print hidden files (those beginning  with
              a  dot `.').  In no event does tree print the
              file system constructs  `.'  (current  direc‐
              tory) and `..' (previous directory).

       -d     List directories only.

       -l     Follows  symbolic  links if they point to di‐
              rectories, as if they were directories.  Sym‐
              bolic links that will result in recursion are
              avoided when detected.

       -f     Prints the full path prefix for each file.

       -x     Stay  on  the  current file-system only.  Ala
              find -xdev.

       -L level
              Max display depth of the directory tree.

       -R     Recursively cross down the  tree  each  level
              directories  (see  -L  option),  and  at each
              level outputting to a file named  00Tree.html
              (ala -o).

       -P pattern
              List  only  those  files that match the wild-
              card pattern.  You may have multiple  -P  op‐
              tions.  Note:  you  must use the -a option to
              also consider those files  beginning  with  a
              dot  `.' for matching.  Valid wildcard opera‐
              tors are `*' (any zero or  more  characters),
              `**`  (any zero or more characters as well as
              null /'s, i.e. /**/ may match  a  single  /),
              `?' (any single character), `[...]' (any sin‐
              gle  character  listed  between brackets (op‐
              tional - (dash) for character  range  may  be
              used:  ex:  [A-Z]),  and `[^...]' (any single
              character not listed  in  brackets)  and  `|'
              separates  alternate  patterns.  A '/' at the
              end of the pattern matches  directories,  but
              not files.

       -I pattern
              Do  not list those files that match the wild-
              card pattern.  You may have multiple  -I  op‐
              tions.  See -P above for information on wild‐
              card patterns.

       --gitignore
              Uses git .gitignore files for filtering files
              and directories.  Also uses $GIT_DIR/info/ex‐
              clude if present.

       --gitfile[=]file
              Use file explicitly as a gitignore file.

       --ignore-case
              If  a match pattern is specified by the -P or
              -I option, this will  cause  the  pattern  to
              match without regard to the case of each let‐
              ter.

       --matchdirs
              If a match pattern is specified by the -P op‐
              tion,  this  will cause the pattern to be ap‐
              plied to  directory  names  (in  addition  to
              filenames).   In  the event of a match on the
              directory name, matching is disabled for  the
              directory's  contents.  If the --prune option
              is used, empty folders that match the pattern
              will not be pruned.

       --metafirst
              Print the meta-data information at the begin‐
              ning of the line rather than after the inden‐
              tation lines.

       --prunee(1) line 113 (press h for help or q to quit)
              Makes tree prune empty directories  from  the
              output,  useful when used in conjunction with
              -P or -I.  See BUGS AND NOTES below for  more
              information on this option.

       --info Prints  file  comments  found in .info files.
              See .INFO FILES below for more information on
              the format of .info files.

       --infofile[=]file
              Use file explicitly as a info file.

       --noreport
MESESCOAge tree(1) line 127 (press h for help or q to quit)
M              tation lines.(press h for help or q to quit)
M              ning of the line rather than after the inden‐
M              Print the meta-data information at the begin‐
M       --metafirstline 123 (press h for help or q to quit)
MESESCOAge tree(1) line 122 (press h for help or q to quit)
M              will not be pruned. h for help or q to quit)
M              is used, empty folders that match the pattern
M              directory's  contents.  If the --prune option
M              directory name, matching is disabled for  the
M              filenames).   In  the event of a match on the
M              plied to  directory  names  (in  addition  to
M              tion,  this  will cause the pattern to be ap‐
M              If a match pattern is specified by the -P op‐
       --prunee(1) line 113 (press h for help or q to quit)
              Makes tree prune empty directories  from  the
              output,  useful when used in conjunction with
              -P or -I.  See BUGS AND NOTES below for  more
              information on this option.help or q to quit)
 ESESCOBge tree(1) line 118 (press h for help or q to quit)
       --info Prints  file  comments  found in .info files.
              See .INFO FILES below for more information on
              the format of .info files. help or q to quit)
 ESESCOBge tree(1) line 122 (press h for help or q to quit)
       --infofile[=]file123 (press h for help or q to quit)
              Use file explicitly as a info file.q to quit)
 ESESCOBge tree(1) line 125 (press h for help or q to quit)
       --noreport) line 126 (press h for help or q to quit)
              Omits printing of the file and directory  re‐
              port at the end of the tree listing. to quit)
 ESESCOBge tree(1) line 129 (press h for help or q to quit)
       --charset[=]charset0 (press h for help or q to quit)
              Set  the character set to use when outputting
              HTML and for line drawing. help or q to quit)
 ESESCOBge tree(1) line 133 (press h for help or q to quit)
       --filelimit[=]#e 134 (press h for help or q to quit)
              Do not descend directories that contain  more
              than # entries.press h for help or q to quit)
 ESESCOBge tree(1) line 137 (press h for help or q to quit)
       --timefmt[=]format38 (press h for help or q to quit)
              Prints  (implies -D) and formats the date ac‐
              cording to the format string which  uses  the
              strftime(3) syntax.s h for help or q to quit)
 ESESCOBge tree(1) line 142 (press h for help or q to quit)
       -o filename line 143 (press h for help or q to quit)
              Send output to filename.or help or q to quit)
 ESESCOBge tree(1) line 145 (press h for help or q to quit)
FILE OPTIONSree(1) line 146 (press h for help or q to quit)
       -q     Print  non-printable  characters in filenames
              as question marks instead of the default.uit)
 ESESCOBge tree(1) line 149 (press h for help or q to quit)
       -N     Print non-printable characters as is  instead
              of as escaped octal numbers.elp or q to quit)
 ESESCOBge tree(1) line 152 (press h for help or q to quit)
       -Q     Quote the names of files in double quotes.it)
 ESESCOBge tree(1) line 154 (press h for help or q to quit)
       -p     Print  the file type and permissions for each
              file (as per ls -l). h for help or q to quit)
 ESESCOBge tree(1) line 157 (press h for help or q to quit)
       -u     Print the username, or UID # if  no  username
              is available, of the file. help or q to quit)
 ESESCOBge tree(1) line 160 (press h for help or q to quit)
       -g     Print  the  group  name, or GID # if no group
              name is available, of the file. or q to quit)
 ESESCOBge tree(1) line 163 (press h for help or q to quit)
       -s     Print the size of each file  in  bytes  along
              with the name.(press h for help or q to quit)
 ESESCOBge tree(1) line 166 (press h for help or q to quit)
       -h     Print the size of each file but in a more hu‐
              man  readable way, e.g. appending a size let‐
              ter for kilobytes (K), megabytes  (M),  giga‐
              bytes  (G),  terabytes (T), petabytes (P) and
              exabytes (E). (press h for help or q to quit)
 ESESCOBge tree(1) line 172 (press h for help or q to quit)
       --si   Like -h but use SI units (powers of 1000) in‐
              stead.ine 174 (press h for help or q to quit)
 ESESCOBge tree(1) line 175 (press h for help or q to quit)
       --du   For each directory report its size as the ac‐
              cumulation of sizes of all its files and sub-
              directories (and their  files,  and  so  on).
              The  total amount of used space is also given
              in the final report (like the  'du  -c'  com‐
              mand.)  This option requires tree to read the
              entire directory tree before emitting it, see
              BUGS AND NOTES below.  Implies -s. q to quit)
 ESESCOBge tree(1) line 184 (press h for help or q to quit)
       -D     Print the date of the last modification  time
              or if -c is used, the last status change time
              for the file listed. h for help or q to quit)
 ESESCOBge tree(1) line 188 (press h for help or q to quit)
       -F     Append  a  `/'  for  directories,  a  `=' for
              socket files, a `*' for executable  files,  a
              `>' for doors (Solaris) and a `|' for FIFO's,
              as per ls -F2 (press h for help or q to quit)
 ESESCOBge tree(1) line 193 (press h for help or q to quit)
       --inodes(1) line 194 (press h for help or q to quit)
              Prints the inode number of the file or direc‐
              tory line 196 (press h for help or q to quit)
 ESESCOBge tree(1) line 197 (press h for help or q to quit)
       --device(1) line 198 (press h for help or q to quit)
              Prints the device number to which the file or
              directory belongsess h for help or q to quit)
 ESESCOBge tree(1) line 201 (press h for help or q to quit)
SORTING OPTIONS(1) line 202 (press h for help or q to quit)
       -v     Sort the output by version.help or q to quit)
 ESESCOBge tree(1) line 204 (press h for help or q to quit)
       -t     Sort the output by last modification time in‐
              stead of alphabetically.or help or q to quit)
 ESESCOBge tree(1) line 207 (press h for help or q to quit)
       -c     Sort the output by last status change instead
              of  alphabetically.   Modifies  the -D option
              (if used) to print the last status change in‐
              stead of modification time.help or q to quit)
 ESESCOBge tree(1) line 212 (press h for help or q to quit)
       -U     Do not sort.  Lists files in directory order.
              Disables --dirsfirst.h for help or q to quit)
 ESESCOBge tree(1) line 215 (press h for help or q to quit)
       -r     Sort the output in reverse order.  This is  a
              meta-sort  that  alter the above sorts.  This
              option is disabled when -U is used.q to quit)
       -t     Sort the output by last modification time in‐
              stead of alphabetically.

       -c     Sort the output by last status change instead
              of  alphabetically.   Modifies  the -D option
              (if used) to print the last status change in‐
              stead of modification time.

       -U     Do not sort.  Lists files in directory order.
              Disables --dirsfirst.

       -r     Sort the output in reverse order.  This is  a
              meta-sort  that  alter the above sorts.  This
              option is disabled when -U is used.
       -t     Sort the output by last modification time in‐
              stead of alphabetically.

       -c     Sort the output by last status change instead
              of  alphabetically.   Modifies  the -D option
              (if used) to print the last status change in‐
              stead of modification time.

       -U     Do not sort.  Lists files in directory order.
              Disables --dirsfirst.

       -r     Sort the output in reverse order.  This is  a
              meta-sort  that  alter the above sorts.  This
              option is disabled when -U is used.
       -t     Sort the output by last modification time in‐
              stead of alphabetically.

       -c     Sort the output by last status change instead
              of  alphabetically.   Modifies  the -D option
              (if used) to print the last status change in‐
              stead of modification time.

       -U     Do not sort.  Lists files in directory order.
              Disables --dirsfirst.

       -r     Sort the output in reverse order.  This is  a
              meta-sort  that  alter the above sorts.  This
              option is disabled when -U is used.
       -t     Sort the output by last modification time in‐
              stead of alphabetically.

       -c     Sort the output by last status change instead
              of  alphabetically.   Modifies  the -D option
              (if used) to print the last status change in‐
              stead of modification time.

       -U     Do not sort.  Lists files in directory order.
              Disables --dirsfirst.

       -r     Sort the output in reverse order.  This is  a
              meta-sort  that  alter the above sorts.  This
              option is disabled when -U is used.
       -t     Sort the output by last modification time in‐
              stead of alphabetically.

       -c     Sort the output by last status change instead
              of  alphabetically.   Modifies  the -D option
              (if used) to print the last status change in‐
              stead of modification time.

       -U     Do not sort.  Lists files in directory order.
              Disables --dirsfirst.

       -r     Sort the output in reverse order.  This is  a
              meta-sort  that  alter the above sorts.  This
              option is disabled when -U is used.
       -t     Sort the output by last modification time in‐
              stead of alphabetically.

       -c     Sort the output by last status change instead
              of  alphabetically.   Modifies  the -D option
              (if used) to print the last status change in‐
              stead of modification time.

       -U     Do not sort.  Lists files in directory order.
              Disables --dirsfirst.

       -r     Sort the output in reverse order.  This is  a
              meta-sort  that  alter the above sorts.  This
              option is disabled when -U is used.
...skipping...
              Reads  a directory listing from a file rather
              than the file-system.  Paths provided on  the
              command  line  are  files to read from rather
              than directories to search.  The dot (.)  di‐
              rectory indicates that tree should read paths
              from standard input. NOTE: this is only suit‐
              able for reading the output of a program such
              as  find,  not 'tree -fi' as symlinks are not
              distinguished from files that simply  contain
              '  ->  '  as  part of the filename unless the
              --fflinks option is used.

       --fromtabfile
              Like --fromfile, tree reads a directory  tree
M       [--filesfirst]   [--filelimit   #]   [--si]   [--du]
M       odes]   [--device]   [--sort[=]name]   [--dirsfirst]
M       links]  [--hintro[=]file]  [--houtro[=]file]  [--in‐
M       [--matchdirs]  [--metafirst]  [--ignore-case] [--no‐
M       [-I   pattern]   [--gitignore]    [--gitfile[=]file]
M       [-H  baseHREF] [-T title] [-o filename] [-P pattern]
M       tree [-acdfghilnpqrstuvxACDFJQNSUX] [-L level  [-R]]
MSYNOPSIS
M
M       format.
M       tree  -  list contents of directories in a tree-like
MNAME
M
MTREE(1)           General Commands Manual           TREE(1)
TREE(1)           General Commands Manual           TREE(1)

NAME
       tree  -  list contents of directories in a tree-like
       format.

SYNOPSIS
       tree [-acdfghilnpqrstuvxACDFJQNSUX] [-L level  [-R]]
       [-H  baseHREF] [-T title] [-o filename] [-P pattern]
       [-I   pattern]   [--gitignore]    [--gitfile[=]file]
       [--matchdirs]  [--metafirst]  [--ignore-case] [--no‐
       links]  [--hintro[=]file]  [--houtro[=]file]  [--in‐
       odes]   [--device]   [--sort[=]name]   [--dirsfirst]
       [--filesfirst]   [--filelimit   #]   [--si]   [--du]
TREE(1)           General Commands Manual           TREE(1)

NAME
       tree  -  list contents of directories in a tree-like
       format.

SYNOPSIS
       tree [-acdfghilnpqrstuvxACDFJQNSUX] [-L level  [-R]]
       [-H  baseHREF] [-T title] [-o filename] [-P pattern]
       [-I   pattern]   [--gitignore]    [--gitfile[=]file]
       [--matchdirs]  [--metafirst]  [--ignore-case] [--no‐
       links]  [--hintro[=]file]  [--houtro[=]file]  [--in‐
       odes]   [--device]   [--sort[=]name]   [--dirsfirst]
       [--filesfirst]   [--filelimit   #]   [--si]   [--du]
...skipping...
       -p     Print  the file type and permissions for each
              file (as per ls -l).

       -u     Print the username, or UID # if  no  username
              is available, of the file.

       -g     Print  the  group  name, or GID # if no group
              name is available, of the file.

       -s     Print the size of each file  in  bytes  along
              with the name.

       -h     Print the size of each file but in a more hu‐
              man  readable way, e.g. appending a size let‐
>0;kent@ubseuefi: ~/441 43% (press h for help or q to quit)
kent@ubseuefi:~$ tree -pug
[drwxr-x--- kent     pineapple]  .
├── [drwxrwx--x kiwi     kent    ]  execute_inte_read
│   └── [-rw-rw-r-- kent     kent    ]  finfinfinfil
├── [-rw-rw---- kiwi     kent    ]  filfil1
├── [drwxrwxr-x kiwi     fruitsalad]  godsallad
│   └── [-rw-rw-r-- pineapple pineapple]  smask
├── [drwxrwxr-x kent     kiwi    ]  grupp_kiwi
├── [drwxrwxr-x kiwi     kiwi    ]  hel_kiwi
├── [drwxr-xr-x kiwi     fruitsalad]  kiwi_all
│   ├── [-rw-r--r-- kiwi     fruitsalad]  finfil1
│   ├── [-rw-r--r-- kiwi     fruitsalad]  finfil2
│   └── [-rw-r--r-- kiwi     fruitsalad]  finfil3
├── [drwxrwxr-x kiwi     kent    ]  kiwi_parent_kent_children
│   ├── [-rw-rw-r-- kent     kent    ]  finfil1
│   ├── [-rw-rw-r-- kent     kent    ]  finfil2
│   └── [-rw-rw-r-- kent     kent    ]  finfil3
├── [drwxrwxr-- kent     kent    ]  read_men_inte_execute
│   └── [-rw-rw-r-- kent     kent    ]  hej
└── [-rw-rw-rwx kent     kent    ]  wojjwojj

8 directories, 11 files
0;kent@ubseuefi: ~
kent@ubseuefi:~$ 0;kent@ubseuefi: ~
kent@ubseuefi:~$ ls
execute_inte_read  grupp_kiwi  kiwi_parent_kent_children
filfil1            hel_kiwi    read_men_inte_execute
godsallad          kiwi_all    wojjwojj
0;kent@ubseuefi: ~
kent@ubseuefi:~$ ltree -puls


0;kent@ubseuefi: ~
0;kent@ubseuefi: ~
0;kent@ubseuefi: ~
0;kent@ubseuefi: ~
0;kent@ubseuefi: ~
0;kent@ubseuefi: ~
0;kent@ubseuefi: ~
0;kent@ubseuefi: ~
0;kent@ubseuefi: ~
0;kent@ubseuefi: ~
0;kent@ubseuefi: ~
0;kent@ubseuefi: ~
0;kent@ubseuefi: ~
kent@ubseuefi:~$ 0;kent@ubseuefi: ~
kent@ubseuefi:~$ ls -l
total 28
drwxrwx--x 2 kiwi kent       4096 Sep 18 11:10 execute_inte_read
-rw-rw---- 1 kiwi kent          0 Sep 18 11:02 filfil1
drwxrwxr-x 2 kiwi fruitsalad 4096 Sep 18 10:58 godsallad
drwxrwxr-x 2 kent kiwi       4096 Sep 18 10:43 grupp_kiwi
drwxrwxr-x 2 kiwi kiwi       4096 Sep 18 10:42 hel_kiwi
drwxr-xr-x 2 kiwi fruitsalad 4096 Sep 18 10:48 kiwi_all
drwxrwxr-x 2 kiwi kent       4096 Sep 18 10:45 kiwi_parent_kent_children
drwxrwxr-- 2 kent kent       4096 Sep 18 11:13 read_men_inte_execute
-rw-rw-rwx 1 kent kent          0 Sep 18 11:15 wojjwojj
0;kent@ubseuefi: ~
kent@ubseuefi:~$ 0;kent@ubseuefi: ~
kent@ubseuefi:~$ tocuuch onlyexecute
0;kent@ubseuefi: ~
kent@ubseuefi:~$ ls -ld onlyexecute 
-rw-rw-r-- 1 kent kent 0 Sep 18 11:33 onlyexecute
0;kent@ubseuefi: ~
kent@ubseuefi:~$ sudo chmod u=x,g=,o= onlyexecute   ^C
0;kent@ubseuefi: ~
kent@ubseuefi:~$ sudo chmod 700 onlyexecute 
0;kent@ubseuefi: ~
kent@ubseuefi:~$ ls -ld eonlyexecute 
-rwx------ 1 kent kent 0 Sep 18 11:33 onlyexecute
0;kent@ubseuefi: ~
kent@ubseuefi:~$ m
0;kent@ubseuefi: ~
kent@ubseuefi:~$ umask
0002
0;kent@ubseuefi: ~
kent@ubseuefi:~$ tocuh uch nyfikl
0;kent@ubseuefi: ~
kent@ubseuefi:~$ ls -l nyfil 
-rw-rw-r-- 1 kent kent 0 Sep 18 11:38 nyfil
0;kent@ubseuefi: ~
kent@ubseuefi:~$ sudo chmod 002 nyfil 
0;kent@ubseuefi: ~
ls -lubseuefi:~$ sudo chmod 002 nyfil 
--------w- 1 kent kent 0 Sep 18 11:38 nyfil
0;kent@ubseuefi: ~
kent@ubseuefi:~$ touch nyfil2
0;kent@ubseuefi: ~
kent@ubseuefi:~$ 0;kent@ubseuefi: ~
kent@ubseuefi:~$ ls -l ny
filf
2 
-rw-rw-r-- 1 kent kent 0 Sep 18 11:39 nyfil2
0;kent@ubseuefi: ~
kent@ubseuefi:~$ umask 000000000
0;kent@ubseuefi: ~
kent@ubseuefi:~$ touch 000-fil
0;kent@ubseuefi: ~
kent@ubseuefi:~$ ls -l onlyexecute000-fil 
-rw-rw-rw- 1 kent kent 0 Sep 18 11:40 000-fil
0;kent@ubseuefi: ~
kent@ubseuefi:~$ mkdir --000-katalog
0;kent@ubseuefi: ~
kent@ubseuefi:~$ ls -ld 0
00-katalog/
drwxrwxrwx 2 kent kent 4096 Sep 18 11:41 000-katalog/
0;kent@ubseuefi: ~
kent@ubseuefi:~$ exi
umas 00k 00




0;kent@ubseuefi: ~
0;kent@ubseuefi: ~
0;kent@ubseuefi: ~
0;kent@ubseuefi: ~
kent@ubseuefi:~$ 0;kent@ubseuefi: ~
kent@ubseuefi:~$ which passwd
/usr/bin/passwd
0;kent@ubseuefi: ~
kent@ubseuefi:~$ ls -l /usr/bin/passwd
/usr/bin/passwd
-rwsr-xr-x 1 root root 64152 Apr  9  2024 /usr/bin/passwd
0;kent@ubseuefi: ~
kent@ubseuefi:~$ 0;kent@ubseuefi: ~
kent@ubseuefi:~$ ls
000-fil            kiwi_all
000-katalog        kiwi_parent_kent_children
execute_inte_read  nyfil
filfil1            nyfil2
godsallad          onlyexecute
grupp_kiwi         read_men_inte_execute
hel_kiwi           wojjwojj
0;kent@ubseuefi: ~
kent@ubseuefi:~$ getfa
cl 000-fil 0;kent@ubseuefi: ~
kent@ubseuefi:~$ getfacl 000-fil 
Command 'getfacl' not found, but can be installed with:
sudo apt install acl
0;kent@ubseuefi: ~
kent@ubseuefi:~$ sudo apt install acl
[sudo] password for kent: 
Reading package lists... Done
Building dependency tree... Done
Reading state information... Done
The following additional packages will be installed:
  libacl1
The following NEW packages will be installed:
  acl
The following packages will be upgraded:
  libacl1
1 upgraded, 1 newly installed, 0 to remove and 163 not upgraded.
Need to get 56.2 kB of archives.
After this operation, 197 kB of additional disk space will be used.
Do you want to continue? [Y/n] 
Get:1 http://se.archive.ubuntu.com/ubuntu noble-updates/main amd64 libacl1 amd64 2.3.2-1build1.1 [16.8 kB]
Get:2 http://se.archive.ubuntu.com/ubuntu noble-updates/main amd64 acl amd64 2.3.2-1build1.1 [39.4 kB]
Fetched 56.2 kB in 0s (132 kB/s)

(Reading database ... 84066 files and directories currently installed.)
Preparing to unpack .../libacl1_2.3.2-1build1.1_amd64.deb ...
Progress: [  0%] [.......................................] 87Progress: [ 11%] [####...................................] 8Unpacking libacl1:amd64 (2.3.2-1build1.1) over (2.3.2-1build1) ...
Progress: [ 22%] [########...............................] 8Setting up libacl1:amd64 (2.3.2-1build1.1) ...
Progress: [ 33%] [############...........................] 87Progress: [ 44%] [#################......................] 8Selecting previously unselected package acl.
(Reading database ... 84066 files and directories currently installed.)
Preparing to unpack .../acl_2.3.2-1build1.1_amd64.deb ...
Progress: [ 56%] [#####################..................] 8Unpacking acl (2.3.2-1build1.1) ...
Progress: [ 67%] [#########################..............] 8Setting up acl (2.3.2-1build1.1) ...
Progress: [ 78%] [##############################.........] 87Progress: [ 89%] [##################################.....] 8Processing triggers for man-db (2.12.0-4build2) ...
Processing triggers for libc-bin (2.39-0ubuntu8.5) ...

Scanning processes...                                        
Scanning candidates...                                       
Scanning linux images...                                     

Running kernel seems to be up-to-date.

Restarting services...
 /etc/needrestart/restart.d/systemd-manager
 systemctl restart systemd-journald.service systemd-networkd.service systemd-resolved.service systemd-timesyncd.service systemd-udevd.service udisks2.service

Service restarts being deferred:
 systemctl restart systemd-logind.service

No containers need to be restarted.

User sessions running outdated binaries:
 kent @ user manager service: systemd[2240]

No VM guests are running outdated hypervisor (qemu) binaries
 on this host.
0;kent@ubseuefi: ~
kent@ubseuefi:~$ 0;kent@ubseuefi: ~
getfacl 000-fil  sudo apt install acl
# file: 000-fil
# owner: kent
# group: kent
user::rw-
group::rw-
other::rw-

0;kent@ubseuefi: ~
kent@ubseuefi:~$ ls -l 000-fil 
-rw-rw-rw- 1 kent kent 0 Sep 18 11:40 000-fil
0;kent@ubseuefi: ~
kent@ubseuefi:~$ sudo chmod o= 000-fil 0;kent@ubseuefi: ~
kent@ubseuefi:~$ sudo chmod o= 000-fil 
0;kent@ubseuefi: ~
kent@ubseuefi:~$ ls -l 000-
fil 
-rw-rw---- 1 kent kent 0 Sep 18 11:40 000-fil
0;kent@ubseuefi: ~
kent@ubseuefi:~$ ls -l 000-filsudo chmod o=3543555
0;kent@ubseuefi: ~
ls -lubseuefi:~$ sudo chmod 550 000-fil 
-r-xr-x--- 1 kent kent 0 Sep 18 11:40 000-fil
0;kent@ubseuefi: ~
kent@ubseuefi:~$ ls -l 000-filsudo chmod 55066
0;kent@ubseuefi: ~
ls -lubseuefi:~$ sudo chmod 660 000-fil 
-rw-rw---- 1 kent kent 0 Sep 18 11:40 000-fil
0;kent@ubseuefi: ~
kent@ubseuefi:~$ setfacludo 





0;kent@ubseuefi: ~
kent@ubseuefi:~$ sudo setfacl -m u:pinea
pple:rx
Usage: setfacl [-bkndRLP] { -m|-M|-x|-X ... } file ...
Try `setfacl --help' for more information.
0;kent@ubseuefi: ~
kent@ubseuefi:~$ sudo setfacl -m u:pineapple:rx 000-fil 
0;kent@ubseuefi: ~
0;kent@ubseuefi: ~`': g': getfacl 000-fie': get': get
kent@ubseuefi:~$ ge





# file: 000-fil
# owner: kent
# group: kent
user::rw-
user:pineapple:r-x
group::rw-
mask::rwx
other::---

0;kent@ubseuefi: ~
kent@ubseuefi:~$ 0;kent@ubseuefi: ~
kent@ubseuefi:~$ sudo setf
acl -b 000-fil 
0;kent@ubseuefi: ~
kent@ubseuefi:~$ getfacl 000-fil 
# file: 000-fil
# owner: kent
# group: kent
user::rw-
group::rw-
other::---

0;kent@ubseuefi: ~
0;kent@ubseuefi: ~`': s': sudo setfacl -b 000-fie': sudo set': sudo setm u:pineapple:rx 000-fil 
kent@ubseuefi:~$ sudo setfacl -m u:pineapple:rx 000-fil 
0;kent@ubseuefi: ~
kent@ubseuefi:~$ sudo setfacl -m u:pineapple:rx 000-fil 
0;kent@ubseuefi: ~
kent@ubseuefi:~$ sudo setfacl -m u:pineapple:rx 000-filkiwiwx
0;kent@ubseuefi: ~
0;kent@ubseuefi: ~`': g': getfacl 000-fie': ge
kent@ubseuefi:~$ g0;kent@ubseuefi: ~
kent@ubseuefi:~$ getfacl 000-fil
# file: 000-fil
# owner: kent
# group: kent
user::rw-
user:kiwi:-wx
user:pineapple:r-x
group::rw-
mask::rwx
other::---

0;kent@ubseuefi: ~
kent@ubseuefi:~$ 0;kent@ubseuefi: ~
kent@ubseuefi:~$ ls -l 00
0-fil 
-rw-rwx---+ 1 kent kent 0 Sep 18 11:40 000-fil
0;kent@ubseuefi: ~
kent@ubseuefi:~$ getfacl 00
0-fil 
# file: 000-fil
# owner: kent
# group: kent
user::rw-
user:kiwi:-wx
user:pineapple:r-x
group::rw-
mask::rwx
other::---

0;kent@ubseuefi: ~
kent@ubseuefi:~$ 0;kent@ubseuefi: ~
kent@ubseuefi:~$ setfacludo 




-m m:rw- 000
-fil 
0;kent@ubseuefi: ~
kent@ubseuefi:~$ getdffacl 000
-fil 
# file: 000-fil
# owner: kent
# group: kent
user::rw-
user:kiwi:-wx			#effective:-w-
user:pineapple:r-x		#effective:r--
group::rw-
mask::rw-
other::---

0;kent@ubseuefi: ~
kent@ubseuefi:~$ 0;kent@ubseuefi: ~
kent@ubseuefi:~$ mkdir mfruity
0;kent@ubseuefi: ~
kent@ubseuefi:~$ sudo setfacl -d -m u:pineapple:rwx fruity/
0;kent@ubseuefi: ~
kent@ubseuefi:~$ ls -ld fruity/
drwxrwxrwx+ 2 kent kent 4096 Sep 18 12:16 fruity/
0;kent@ubseuefi: ~
kent@ubseuefi:~$ getfacl fruity/
# file: fruity/
# owner: kent
# group: kent
user::rwx
group::rwx
other::rwx
default:user::rwx
default:user:pineapple:rwx
default:group::rwx
default:mask::rwx
default:other::rwx

0;kent@ubseuefi: ~
kent@ubseuefi:~$ 0;kent@ubseuefi: ~
kent@ubseuefi:~$ tocuch fruity/nyfilefterdefault
0;kent@ubseuefi: ~
kent@ubseuefi:~$ ls -l fruity/
total 0
-rw-rw-rw-+ 1 kent kent 0 Sep 18 12:17 nyfilefterdefault
0;kent@ubseuefi: ~
kent@ubseuefi:~$ getfacl fruity/nyfilefterdefault 
# file: fruity/nyfilefterdefault
# owner: kent
# group: kent
user::rw-
user:pineapple:rwx		#effective:rw-
group::rwx			#effective:rw-
mask::rw-
other::rw-

0;kent@ubseuefi: ~
kent@ubseuefi:~$ 0;kent@ubseuefi: ~
kent@ubseuefi:~$ ls
000-fil            kiwi_all
000-katalog        kiwi_parent_kent_children
execute_inte_read  nyfil
filfil1            nyfil2
fruity             onlyexecute
godsallad          read_men_inte_execute
grupp_kiwi         wojjwojj
hel_kiwi
0;kent@ubseuefi: ~
kent@ubseuefi:~$ nano minfinaffilufranutsidan
>0;kent@ubseuefi: ~ filfranutsidan [ Writing... ] [ Wrote 2 lines ]        
kent@ubseuefi:~$ mv fi
lff
ranutsidan fruity/
0;kent@ubseuefi: ~
kent@ubseuefi:~$ 0;kent@ubseuefi: ~
kent@ubseuefi:~$ lcd fer
ruity/
0;kent@ubseuefi: ~/fruity
kent@ubseuefi:~/fruity$ 0;kent@ubseuefi: ~/fruity
kent@ubseuefi:~/fruity$ ls -l
total 4
-rw-rw-rw-  1 kent kent 18 Sep 18 12:18 filfranutsidan
-rw-rw-rw-+ 1 kent kent  0 Sep 18 12:17 nyfilefterdefault
0;kent@ubseuefi: ~/fruity
kent@ubseuefi:~/fruity$ ls
filfranutsidan  nyfilefterdefault
0;kent@ubseuefi: ~/fruity
kent@ubseuefi:~/fruity$ cd ..
0;kent@ubseuefi: ~
kent@ubseuefi:~$ 0;kent@ubseuefi: ~
kent@ubseuefi:~$ ls
000-fil            kiwi_all
000-katalog        kiwi_parent_kent_children
execute_inte_read  nyfil
filfil1            nyfil2
fruity             onlyexecute
godsallad          read_men_inte_execute
grupp_kiwi         wojjwojj
hel_kiwi
0;kent@ubseuefi: ~
kent@ubseuefi:~$ cd ..
0;kent@ubseuefi: /home
kent@ubseuefi:/home$ 
exit
logout
Connection to localhost closed.
ITINF25/lektion3
$ scp -r ub
s

e:/home/kent ubsekent
filfranutsidan             100%   18    42.2KB/s   00:00    
hej                        100%   14    24.9KB/s   00:00    
.profile                   100%  807     1.6MB/s   00:00    
scp: remote open "/home/kent/nyfil": Permission denied
scp: Download of file /home/kent/nyfil to ubsekent/nyfil failed
.bash_history              100% 2910     4.3MB/s   00:00    
.lesshst                   100%   58    71.0KB/s   00:00    
.bashrc                    100% 3771     5.7MB/s   00:00    
.bash_logout               100%  220   431.2KB/s   00:00    
authorized_keys            100%  182   363.5KB/s   00:00    
finfinfinfil               100%   16    28.4KB/s   00:00    
ITINF25/lektion3
$ ITINF25/lektion3
$ 
ls
fall  recordings  ubsekent  yellows-fil
ITINF25/lektion3
$ exit
exit

Script done on 2025-09-18 14:21:28+02:00 [COMMAND_EXIT_CODE="0"]
