/shared/kent/Documents/nackademin/linux1/l1-live/DEVOPS25/lektion1
recordings
DEVOPS25/lektion1
$ git rm DEVOPS24/lektion16/prep.txt
DEVOPS24/lektion16/prep.txt
fatal: pathspec 'DEVOPS24/lektion16/prep.txt' did not match any files
DEVOPS25/lektion1
$ DEVOPS25/lektion1
$ git status
On branch 260414
Your branch and 'origin/260414' have diverged,
and have 3 and 1 different commits each, respectively.
  (use "git pull" to merge the remote branch into yours)

Changes not staged for commit:
  (use "git add <file>..." to update what will be committed)
  (use "git restore <file>..." to discard changes in working directory)
	modified:   recordings/134230.cast

no changes added to commit (use "git add" and/or "git commit -a")
DEVOPS25/lektion1
$ DEVOPS25/lektion1
$ seq 1 100
1
2
3
4
5
6
7
8
9
10
11
12
13
14
15
16
17
18
19
20
21
22
23
24
25
26
27
28
29
30
31
32
33
34
35
36
37
38
39
40
41
42
43
44
45
46
47
48
49
50
51
52
53
54
55
56
57
58
59
60
61
62
63
64
65
66
67
68
69
70
71
72
73
74
75
76
77
78
79
80
81
82
83
84
85
86
87
88
89
90
91
92
93
94
95
96
97
98
99
100
DEVOPS25/lektion1
$ exit
exit
