/home/kent/Documents/l1-live/DEVOPS25/lektion12
recordings
DEVOPS25/lektion12
$ ssu ubsDEVOPS25/lektion12
$ ssh ubse
Welcome to Ubuntu 24.04.4 LTS (GNU/Linux 6.8.0-111-generic x86_64)

 * Documentation:  https://help.ubuntu.com
 * Management:     https://landscape.canonical.com
 * Support:        https://ubuntu.com/pro

 System information as of Tue May 12 07:07:03 AM UTC 2026

  System load:  0.0                Processes:               163
  Usage of /:   43.6% of 11.21GB   Users logged in:         0
  Memory usage: 5%                 IPv4 address for enp1s0: 192.168.122.155
  Swap usage:   0%


Expanded Security Maintenance for Applications is not enabled.

0 updates can be applied immediately.

Enable ESM Apps to receive additional future security updates.
See https://ubuntu.com/esm or run: sudo pro status


Last login: Mon May 11 11:47:28 2026 from 192.168.122.1
0;kent@ubse: ~
kent@ubse:~$ 0;kent@ubse: ~
kent@ubse:~$ lsblk
NAME                      MAJ:MIN RM  SIZE RO TYPE MOUNTPOINTS
sr0                        11:0    1 1024M  0 rom  
vda                       253:0    0   25G  0 disk 
├─vda1                    253:1    0    1M  0 part 
├─vda2                    253:2    0    2G  0 part /boot
└─vda3                    253:3    0   23G  0 part 
  └─ubuntu--vg-ubuntu--lv 252:0    0 11.5G  0 lvm  /
0;kent@ubse: ~
0;kent@ubse: ~
0;kent@ubse: ~
0;kent@ubse: ~
0;kent@ubse: ~
0;kent@ubse: ~
0;kent@ubse: ~
kent@ubse:~$ sudo gdisk 
[sudo] password for kent: 
GPT fdisk (gdisk) version 1.0.10

Type device filename, or press <Enter> to exit: -de/dev/vda
Partition table scan:
  MBR: protective
  BSD: not present
  APM: not present
  GPT: present

Found valid GPT with protective MBR; using GPT.

Command (? for help): p
Disk /dev/vda: 52428800 sectors, 25.0 GiB
Sector size (logical/physical): 512/512 bytes
Disk identifier (GUID): BC82E23B-C561-489A-845E-372F0AF7EC36
Partition table holds up to 128 entries
Main partition table begins at sector 2 and ends at sector 33
First usable sector is 34, last usable sector is 52428766
Partitions will be aligned on 2048-sector boundaries
Total free space is 4029 sectors (2.0 MiB)

Number  Start (sector)    End (sector)  Size       Code  Name
   1            2048            4095   1024.0 KiB  EF02  
   2            4096         4198399   2.0 GiB     8300  
   3         4198400        52426751   23.0 GiB    8300  

Command (? for help): q
0;kent@ubse: ~
kent@ubse:~$ 0;kent@ubse: ~
kent@ubse:~$ sudo gdisk 
GPT fdisk (gdisk) version 1.0.10

Type device filename, or press <Enter> to exit: p
Problem opening p for reading! Error is 2.
The specified file does not exist!
0;kent@ubse: ~
kent@ubse:~$ sudo gdisklsblk0;kent@ubse: ~
kent@ubse:~$ lsblk
NAME                      MAJ:MIN RM  SIZE RO TYPE MOUNTPOINTS
sr0                        11:0    1 1024M  0 rom  
vda                       253:0    0   25G  0 disk 
├─vda1                    253:1    0    1M  0 part 
├─vda2                    253:2    0    2G  0 part /boot
└─vda3                    253:3    0   23G  0 part 
  └─ubuntu--vg-ubuntu--lv 252:0    0 11.5G  0 lvm  /
vdb                       253:16   0   20G  0 disk 
0;kent@ubse: ~
0;kent@ubse: ~
kent@ubse:~$ 0;kent@ubse: ~
0;kent@ubse: ~
0;kent@ubse: ~
0;kent@ubse: ~
0;kent@ubse: ~
0;kent@ubse: ~
0;kent@ubse: ~
0;kent@ubse: ~
0;kent@ubse: ~
0;kent@ubse: ~
0;kent@ubse: ~
0;kent@ubse: ~
0;kent@ubse: ~
0;kent@ubse: ~
kent@ubse:~$ 
logout
Connection to 192.168.122.155 closed.
DEVOPS25/lektion12
$ 
exit
