Script started on 2025-05-13 09:05:13+02:00 [TERM="xterm-256color" TTY="/dev/pts/2" COLUMNS="75" LINES="7"]
DEVOPS24/lektion15
$ DEVOPS24/lektion15
$ foo(){echo hej;
$ foo(){echo hej;

bash: syntax error near unexpected token `{echo'
DEVOPS24/lektion15
$ foo(){echo hej; 









DEVOPS24/lektion15
$ foo(){ echo hej;}
DEVOPS24/lektion15
$ foo
hej
DEVOPS24/lektion15
$ foo(){ echo hej;
bash: syntax error near unexpected token `{echo'
DEVOPS24/lektion15
$ foo(){echo hej; DEVOPS24/lektion15
$ foo(){ echo hej;

> 
> 
> ^C
DEVOPS24/lektion15
$ foo(){ echo hej};;;DEVOPS24/lektion15
$ foo(){ echo hej;}
DEVOPS24/lektion15
$ foo(){ echo hej;}^C
DEVOPS24/lektion15
$ seq 1 100
1
2
3
4
5
6
7
8
9
10
11
12
13
14
15
16
17
18
19
20
21
22
23
24
25
26
27
28
29
30
31
32
33
34
35
36
37
38
39
40
41
42
43
44
45
46
47
48
49
50
51
52
53
54
55
56
57
58
59
60
61
62
63
64
65
66
67
68
69
70
71
72
73
74
75
76
77
78
79
80
81
82
83
84
85
86
87
88
89
90
91
92
93
94
95
96
97
98
99
100
DEVOPS24/lektion15
$ seq 1 100DEVOPS24/lektion15
$ seq 1 10




sleep 10 huhuhuh&
[1] 13764
DEVOPS24/lektion15
$ jobs
[1]+  Running                 sleep 10 &
DEVOPS24/lektion15
$ 
[1]+  Done                    sleep 10
DEVOPS24/lektion15
sleep 10 &DEVOPS24/lektion15
$ sleep 10 




































[1] 14145
DEVOPS24/lektion15
$ wait; echpo o slut
slut
DEVOPS24/lektion15
jobsit; echo slut
DEVOPS24/lektion15
sleep 10 & slut
[1] 14524
DEVOPS24/lektion15
wait; echo slut
[1]+  Done                    sleep 10
slut
DEVOPS24/lektion15
$ DEVOPS24/lektion15
foo(){ echo hej;t


















DEVOPS24/lektion15
$ foo
hej
DEVOPS24/lektion15
$ foo(){ echo hej;}DEVOPS24/lektion15
$ foo(){ echo hej;;foo
hej
DEVOPS24/lektion15
$ foo(){ echo hej;};fooDEVOPS24/lektion15
$ foo(){ echo hej;};fo
:







:
hej
DEVOPS24/lektion15
$ :(){ echo hej;};



























h
foo



fpoo
hej
DEVOPS24/lektion15
$ foo(){ echo hej;};fofoo | 










hej
^C^C^C^C^C^C^C^C^C^C^C^C^C^C^C^C^C^C^C^C^C^C^Z

DEVOPS24/lektion15
$ 
DEVOPS24/lektion15
$ 
DEVOPS24/lektion15
$ 
exit

Script done on 2025-05-13 09:16:30+02:00 [COMMAND_EXIT_CODE="0"]
