Script started on 2025-05-13 11:23:41+02:00 [TERM="xterm-256color" TTY="/dev/pts/1" COLUMNS="81" LINES="23"]
DEVOPS24/lektion15
$ ssh ubse
Welcome to Ubuntu 24.04 LTS (GNU/Linux 6.8.0-59-generic x86_64)

 * Documentation:  https://help.ubuntu.com
 * Management:     https://landscape.canonical.com
 * Support:        https://ubuntu.com/pro

 System information as of Tue May 13 09:23:48 AM UTC 2025

  System load:  0.0                Processes:               128
  Usage of /:   18.8% of 38.04GB   Users logged in:         0
  Memory usage: 4%                 IPv4 address for enp0s3: 10.0.2.15
  Swap usage:   0%

 * Strictly confined Kubernetes makes edge and IoT secure. Learn how MicroK8s
   just raised the bar for easy, resilient and secure K8s cluster deployment.

   https://ubuntu.com/engage/secure-kubernetes-at-the-edge

Expanded Security Maintenance for Applications is not enabled.

175 updates can be applied immediately.
To see these additional updates run: apt list --upgradable

Enable ESM Apps to receive additional future security updates.
See https://ubuntu.com/esm or run: sudo pro status


Last login: Tue May 13 09:09:33 2025 from 10.0.2.2
0;user@ubse: ~
user@ubse:~$ 0;user@ubse: ~
user@ubse:~$ uptime
 09:23:56 up 0 min,  1 user,  load average: 0.00, 0.00, 0.00
0;user@ubse: ~
user@ubse:~$ lsblk
NAME   MAJ:MIN RM  SIZE RO TYPE MOUNTPOINTS
sda      8:0    0   40G  0 disk 
├─sda1   8:1    0    1G  0 part /boot/efi
└─sda2   8:2    0 38.9G  0 part /
sdb      8:16   0   25G  0 disk 
└─sdb1   8:17   0  100M  0 part /minnyapartition
sr0     11:0    1 1024M  0 rom  
0;user@ubse: ~
user@ubse:~$ ls -d /m,in
innyapartitionl /minnyapartition







drwxr-xr-x 3 root root 4096 May 13 08:57 /minnyapartition/
0;user@ubse: ~
blkuptimsudo -ls /boot/efi/EFI/ubuntuBOOTEFI/^C
0;user@ubse: ~
(reverse-i-search)`': m': ls -dl /minnyapartition
failed reverse-i-search)`mo': ls -dl /minnyapartition
u
n
t

^C
0;user@ubse: ~
user@ubse:~$ mount /minnyapartition/^C
0;user@ubse: ~
user@ubse:~$ mount /-a




0;user@ubse: ~
user@ubse:~$ 
logout
Connection to localhost closed.
DEVOPS24/lektion15
$ 
exit

Script done on 2025-05-13 11:25:36+02:00 [COMMAND_EXIT_CODE="130"]
