Script started on 2025-05-13 12:34:18+02:00 [TERM="xterm-256color" TTY="/dev/pts/1" COLUMNS="81" LINES="10"]
DEVOPS24/lektion15
$ ssh ubse
Welcome to Ubuntu 24.04 LTS (GNU/Linux 6.8.0-59-generic x86_64)

 * Documentation:  https://help.ubuntu.com
 * Management:     https://landscape.canonical.com
 * Support:        https://ubuntu.com/pro

 System information as of Tue May 13 10:34:21 AM UTC 2025

  System load:  0.08               Processes:               120
  Usage of /:   18.8% of 38.04GB   Users logged in:         0
  Memory usage: 4%                 IPv4 address for enp0s3: 10.0.2.15
  Swap usage:   0%

 * Strictly confined Kubernetes makes edge and IoT secure. Learn how MicroK8s
   just raised the bar for easy, resilient and secure K8s cluster deployment.

   https://ubuntu.com/engage/secure-kubernetes-at-the-edge

Expanded Security Maintenance for Applications is not enabled.

175 updates can be applied immediately.
To see these additional updates run: apt list --upgradable

Enable ESM Apps to receive additional future security updates.
See https://ubuntu.com/esm or run: sudo pro status


Last login: Tue May 13 09:23:48 2025 from 10.0.2.2
0;user@ubse: ~
0;user@ubse: ~
0;user@ubse: ~
0;user@ubse: ~
0;user@ubse: ~
0;user@ubse: ~
0;user@ubse: ~
0;user@ubse: ~
0;user@ubse: ~
user@ubse:~$ sudo -i
[sudo] password for user: 
0;root@ubse: ~
root@ubse:~# 0;root@ubse: ~
root@ubse:~# mkfs
s

mkfs         mkfs.cramfs  mkfs.ext4    mkfs.msdos   mkfs.xfs     
mkfs.bfs     mkfs.ext2    mkfs.fat     mkfs.ntfs    
mkfs.btrfs   mkfs.ext3    mkfs.minix   mkfs.vfat    
0;root@ubse: ~
root@ubse:~# mkfs.ex
t4an 
MKE2FS(8)                   System Manager's Manual                  MKE2FS(8)

NAME
       mke2fs - create an ext2/ext3/ext4 file system

SYNOPSIS
       mke2fs  [ -c | -l filename ] [ -b block-size ] [ -C cluster-size ] [ -d
       root-directory ] [ -D ] [ -g blocks-per-group ] [ -G number-of-groups ]
       [ -i bytes-per-inode ] [ -I inode-size ] [ -j ] [ -J journal-options  ]
       [  -N  number-of-inodes ] [ -n ] [ -m reserved-blocks-percentage ] [ -o
       creator-os ] [ -O [^]feature[,...]  ] [ -q ] [ -r fs-revision-level ] [
       -E extended-options ] [ -v ] [ -F ] [ -L  volume-label  ]  [  -M  last-
       mounted-directory ] [ -S ] [ -t fs-type ] [ -T usage-type ] [ -U UUID ]
       [ -V ] [ -e errors-behavior ] [ -z undo_file ] device [ fs-size ]

       mke2fs -O journal_dev [ -b block-size ] [ -L volume-label ] [ -n ] [ -q
       ] [ -v ] external-journal [ fs-size ]

DESCRIPTIONe mkfs.ext4(8) line 1 (press h for help or q to quit)
>0;root@ubse: ~fs.ext4(8) line 2 (press h for help or q to quit)
root@ubse:~# 0;root@ubse: ~
root@ubse:~# lsblk
NAME   MAJ:MIN RM  SIZE RO TYPE MOUNTPOINTS
sda      8:0    0   40G  0 disk 
├─sda1   8:1    0    1G  0 part /boot/efi
└─sda2   8:2    0 38.9G  0 part /
sdb      8:16   0   25G  0 disk 
└─sdb1   8:17   0  100M  0 part /minnyapartition
sr0     11:0    1 1024M  0 rom  
0;root@ubse: ~
root@ubse:~# 0;root@ubse: ~
root@ubse:~# df
Filesystem     1K-blocks    Used Available Use% Mounted on
tmpfs             590652    1080    589572   1% /run
efivarfs             256      99       153  40% /sys/firmware/efi/efivars
/dev/sda2       39887136 7492376  30336368  20% /
tmpfs            2953260       0   2953260   0% /dev/shm
tmpfs               5120       0      5120   0% /run/lock
/dev/sda1        1098628    6284   1092344   1% /boot/efi
/dev/sdb1          91840      24     84648   1% /minnyapartition
tmpfs             590652      12    590640   1% /run/user/1000
0;root@ubse: ~
root@ubse:~# 0;root@ubse: ~
root@ubse:~# ls
0;root@ubse: ~
root@ubse:~# 0;root@ubse: ~
root@ubse:~# du /boot/vi
m
linuz.old
0	/boot/vmlinuz.old
0;root@ubse: ~
root@ubse:~# ls /bop
ot/
config-6.8.0-58-generic  initrd.img-6.8.0-58-generic  vmlinuz
config-6.8.0-59-generic  initrd.img-6.8.0-59-generic  vmlinuz-6.8.0-58-generic
efi                      initrd.img.old               vmlinuz-6.8.0-59-generic
grub                     System.map-6.8.0-58-generic  vmlinuz.old
initrd.img               System.map-6.8.0-59-generic
0;root@ubse: ~
root@ubse:~# ls /bootdu /boot/vmlinuz.oldin
itrd.img
0	/boot/initrd.img
0;root@ubse: ~
root@ubse:~# dd
seq 1 100 > filll
0;root@ubse: ~
root@ubse:~# du filll 0;root@ubse: ~
root@ubse:~# du filll 
4	filll
0;root@ubse: ~
root@ubse:~# man du
DU(1)                            User Commands                           DU(1)

NAME
       du - estimate file space usage

SYNOPSIS
       du [OPTION]... [FILE]...
       du [OPTION]... --files0-from=F

DESCRIPTION
       Summarize  device  usage  of the set of FILEs, recursively for directo‐
       ries.

       Mandatory arguments to long options are  mandatory  for  short  options
       too.

       -0, --null
              end each output line with NUL, not newline
 ESESCOBpage du(1) line 1 (press h for help or q to quit)
       -a, --all1) line 2 (press h for help or q to quit)
              write counts for all files, not just directories
 ESESCOBpage du(1) line 4 (press h for help or q to quit)
       --apparent-sizee 5 (press h for help or q to quit)
              print  apparent sizes rather than device usage; although the ap‐
              parent size is usually smaller, it may be larger due to holes in
              ('sparse') files, internal fragmentation, indirect  blocks,  and
              the likee 9 (press h for help or q to quit)
 ESESCOBpage du(1) line 10 (press h for help or q to quit)
       -B, --block-size=SIZEpress h for help or q to quit)
              scale  sizes  by  SIZE  before printing them; e.g., '-BM' prints
              sizes in units of 1,048,576 bytes; see SIZE format below
 ESESCOBpage du(1) line 14 (press h for help or q to quit)
       -b, --bytes line 15 (press h for help or q to quit)
              equivalent to '--apparent-size --block-size=1'
 ESESCOBpage du(1) line 17 (press h for help or q to quit)
       -c, --total line 18 (press h for help or q to quit)
              produce a grand total for help or q to quit)
 ESESCOBpage du(1) line 20 (press h for help or q to quit)
       -D, --dereference-argsress h for help or q to quit)
              dereference only symlinks that are listed on the command line
 ESESCOBpage du(1) line 23 (press h for help or q to quit)
       -d, --max-depth=N24 (press h for help or q to quit)
              print the total for a directory (or file, with --all) only if it
              is  N  or  fewer  levels  below  the  command   line   argument;
              --max-depth=0 is the same as --summarizeuit)
 ESESCOBpage du(1) line 28 (press h for help or q to quit)
       --files0-from=Fe 29 (press h for help or q to quit)
              summarize  device  usage of the NUL-terminated file names speci‐
>0;root@ubse: ~(1) line 31 (press h for help or q to quit)
root@ubse:~# man ddu filll-h
4.0K	filll
0;root@ubse: ~
0;root@ubse: ~rch)`': s': seq 1 100 > fille': seq': seq
root@ubse:~# se00000
0;root@ubse: ~
du -h filll  seq 1 10000000 > filll
76M	filll
0;root@ubse: ~
root@ubse:~# du -h filll
77040	filll
0;root@ubse: ~
root@ubse:~# du filll0;root@ubse: ~
root@ubse:~# d

sudo apt install ncdu
Reading package lists... Done
Building dependency tree... Done
Reading state information... Done
The following NEW packages will be installed:
  ncdu
0 upgraded, 1 newly installed, 0 to remove and 170 not upgraded.
Need to get 50.7 kB of archives.
After this operation, 117 kB of additional disk space will be used.
Get:1 http://se.archive.ubuntu.com/ubuntu noble/universe amd64 ncdu amd64 1.19-0.1 [50.7 kB]
Fetched 50.7 kB in 0s (225 kB/s)

Selecting previously unselected package ncdu.
(Reading database ... 122801 files and directories currently installed.)
Preparing to unpack .../ncdu_1.19-0.1_amd64.deb ...
Progress: [  0%] [...........................................................] 87Progress: [ 20%] [###########................................................] 8Unpacking ncdu (1.19-0.1) ...
Progress: [ 40%] [#######################....................................] 8Setting up ncdu (1.19-0.1) ...
Progress: [ 60%] [###################################........................] 87Progress: [ 80%] [###############################################............] 8Processing triggers for man-db (2.12.0-4build2) ...

Scanning processes...                                                            
Scanning linux images...                                                         

Running kernel seems to be up-to-date.

No services need to be restarted.

No containers need to be restarted.

No user sessions are running outdated binaries.

No VM guests are running outdated hypervisor (qemu) binaries on this host.
0;root@ubse: ~
root@ubse:~# 0;root@ubse: ~
root@ubse:~# ncdu
>0;root@ubse: ~elete(0qqqqqqqqqqqqqqqqqqqqqqqqqqqqqqqqqqqqqqqqqk(0x Are you sure you want to delete "filll"?(0x(0x(0x(0x(0x(0x(0yesno     don't ask me again(0x(0mqqqqqqqqqqqqqqqqqqqqqqqqqqqqqqqqqqqqqqqqqqqqqqqqqqqqqqqqqqj(0yesnoDeleting...(0qqq(0/root/filll     Press q to abort12.0 K/.local 4###ssh### .bash_history###rcB [###        ]  .profileB [###        ]  .lesshst
root@ubse:~# 0;root@ubse: ~
root@ubse:~# cat /dev/sda
 




























d
man bdd
DD(1)                            User Commands                           DD(1)

NAME
       dd - convert and copy a file

SYNOPSIS
       dd [OPERAND]...
       dd OPTION

DESCRIPTION
       Copy a file, converting and formatting according to the operands.

       bs=BYTES
              read and write up to BYTES bytes at a time (default: 512); over‐
              rides ibs and obs

       cbs=BYTES
              convert BYTES bytes at a time
>0;root@ubse: ~(1) line 1 (press h for help or q to quit)
root@ubse:~# dd if=/dev/random of=slumpfil







bs=1M count=2
2+0 records in
2+0 records out
2097152 bytes (2.1 MB, 2.0 MiB) copied, 0.00406626 s, 516 MB/s
0;root@ubse: ~
root@ubse:~# 0;root@ubse: ~
root@ubse:~# ls
slumpfil
0;root@ubse: ~
root@ubse:~# man fallocate
FALLOCATE(1)                     User Commands                    FALLOCATE(1)

NAME
       fallocate - preallocate or deallocate space to a file

SYNOPSIS
       fallocate [-c|-p|-z] [-o offset] -l length [-n] filename

       fallocate -d [-o offset] [-l length] filename

       fallocate -x [-o offset] -l length filename

DESCRIPTION
       fallocate is used to manipulate the allocated disk space for a file,
       either to deallocate or preallocate it. For filesystems which support
       the fallocate(2) system call, preallocation is done quickly by
       allocating blocks and marking them as uninitialized, requiring no IO to
       the data blocks. This is much faster than creating a file by filling it
>0;root@ubse: ~llocate(1) line 1 (press h for help or q to quit)
root@ubse:~# fallocatcate -lo





^C
0;root@ubse: ~
root@ubse:~# man fa
l
locate
FALLOCATE(1)                     User Commands                    FALLOCATE(1)

NAME
       fallocate - preallocate or deallocate space to a file

SYNOPSIS
       fallocate [-c|-p|-z] [-o offset] -l length [-n] filename

       fallocate -d [-o offset] [-l length] filename

       fallocate -x [-o offset] -l length filename

DESCRIPTION
       fallocate is used to manipulate the allocated disk space for a file,
       either to deallocate or preallocate it. For filesystems which support
       the fallocate(2) system call, preallocation is done quickly by
       allocating blocks and marking them as uninitialized, requiring no IO to
       the data blocks. This is much faster than creating a file by filling it
FALLOCATE(1)                     User Commands                    FALLOCATE(1)

NAME
       fallocate - preallocate or deallocate space to a file

SYNOPSIS
       fallocate [-c|-p|-z] [-o offset] -l length [-n] filename

       fallocate -d [-o offset] [-l length] filename

       fallocate -x [-o offset] -l length filename

DESCRIPTION
       fallocate is used to manipulate the allocated disk space for a file,
       either to deallocate or preallocate it. For filesystems which support
       the fallocate(2) system call, preallocation is done quickly by
       allocating blocks and marking them as uninitialized, requiring no IO to
       the data blocks. This is much faster than creating a file by filling it
FALLOCATE(1)                     User Commands                    FALLOCATE(1)

NAME
       fallocate - preallocate or deallocate space to a file

SYNOPSIS
       fallocate [-c|-p|-z] [-o offset] -l length [-n] filename

       fallocate -d [-o offset] [-l length] filename

       fallocate -x [-o offset] -l length filename

DESCRIPTION
       fallocate is used to manipulate the allocated disk space for a file,
       either to deallocate or preallocate it. For filesystems which support
       the fallocate(2) system call, preallocation is done quickly by
       allocating blocks and marking them as uninitialized, requiring no IO to
       the data blocks. This is much faster than creating a file by filling it
       with zeroes.

       The exit status returned by fallocate is 0 on success and 1 on failure.

OPTIONS
       The length and offset arguments may be followed by the multiplicative
       suffixes KiB (=1024), MiB (=1024*1024), and so on for GiB, TiB, PiB,
       EiB, ZiB, and YiB (the "iB" is optional, e.g., "K" has the same meaning
       as "KiB") or the suffixes KB (=1000), MB (=1000*1000), and so on for
       GB, TB, PB, EB, ZB, and YB.
/Manual page fallocate(1) line 11/140 21% (press h for help or q to quit)
       The options --collapse-range, --dig-holes, --punch-hole, and
       --zero-range are mutually exclusive.

       -c, --collapse-range
           Removes a byte range from a file, without leaving a hole. The byte
           range to be collapsed starts at offset and continues for length
           bytes. At the completion of the operation, the contents of the file
           starting at the location offset+length will be appended at the
           location offset, and the file will be length bytes smaller. The
           option --keep-size may not be specified for the collapse-range
           operation.

>0;root@ubse: ~llocate(1) line 24/140 32% (press h for help or q to quit)
root@ubse:~# fallocate /-l n2MiB /-n tomfil
fallocate: cannot open tomfil: No such file or directory
0;root@ubse: ~
root@ubse:~# fallocate -l 2MiB -n tomfitomfitomfitomfi
0;root@ubse: ~
root@ubse:~# ls
slumpfil  tomfil
0;root@ubse: ~
root@ubse:~# ls -l
total 4096
-rw-r--r-- 1 root root 2097152 May 13 10:41 slumpfil
-rw-r--r-- 1 root root 2097152 May 13 10:43 tomfil
0;root@ubse: ~
root@ubse:~# 0;root@ubse: ~
root@ubse:~# du  - h 

2.0M	slumpfil
2.0M	tomfil
0;root@ubse: ~
root@ubse:~# 0;root@ubse: ~
0;root@ubse: ~rch)`': g': du /boot/initrd.imgd': gdisk /dev/sdi': gdis': gdisk': gdisk
root@ubse:~# gdis





GPT fdisk (gdisk) version 1.0.10

Partition table scan:
  MBR: protective
  BSD: not present
  APM: not present
  GPT: present

Found valid GPT with protective MBR; using GPT.

Command (? for help): p
Disk /dev/sdb: 52428800 sectors, 25.0 GiB
Model: VBOX HARDDISK   
Sector size (logical/physical): 512/512 bytes
Disk identifier (GUID): 98FA2BB1-D45F-485E-B663-212BC95935AD
Partition table holds up to 128 entries
Main partition table begins at sector 2 and ends at sector 33
First usable sector is 34, last usable sector is 52428766
Partitions will be aligned on 2048-sector boundaries
Total free space is 52223933 sectors (24.9 GiB)

Number  Start (sector)    End (sector)  Size       Code  Name
   1            2048          206847   100.0 MiB   8300  Linux filesystem

Command (? for help): ?
b	back up GPT data to a file
c	change a partition's name
d	delete a partition
i	show detailed information on a partition
l	list known partition types
n	add a new partition
o	create a new empty GUID partition table (GPT)
p	print the partition table
q	quit without saving changes
r	recovery and transformation options (experts only)
s	sort partitions
t	change a partition's type code
v	verify disk
w	write table to disk and exit
x	extra functionality (experts only)
?	print this menu

Command (? for help): n
Partition number (2-128, default 2): 
First sector (34-52428766, default = 206848) or {+-}size{KMGTP}: 
Last sector (206848-52428766, default = 52426751) or {+-}size{KMGTP}: +300M
Current type is 8300 (Linux filesystem)
Hex code or GUID (L to show codes, Enter = 8300): L
Type search string, or <Enter> to show all codes: LUKS
8309 Linux LUKS                          f813 Ceph dm-crypt LUKS journal        
f814 Ceph dm-crypt LUKS block            f815 Ceph dm-crypt LUKS block DB       
f816 Ceph dm-crypt LUKS block write-ahe  f817 Ceph dm-crypt LUKS OSD            

Hex code or GUID (L to show codes, Enter = 8300): 8309
Changed type of partition to 'Linux LUKS'

Command (? for help): p
Disk /dev/sdb: 52428800 sectors, 25.0 GiB
Model: VBOX HARDDISK   
Sector size (logical/physical): 512/512 bytes
Disk identifier (GUID): 98FA2BB1-D45F-485E-B663-212BC95935AD
Partition table holds up to 128 entries
Main partition table begins at sector 2 and ends at sector 33
First usable sector is 34, last usable sector is 52428766
Partitions will be aligned on 2048-sector boundaries
Total free space is 51609533 sectors (24.6 GiB)

Number  Start (sector)    End (sector)  Size       Code  Name
   1            2048          206847   100.0 MiB   8300  Linux filesystem
   2          206848          821247   300.0 MiB   8309  Linux LUKS

Command (? for help): w

Final checks complete. About to write GPT data. THIS WILL OVERWRITE EXISTING
PARTITIONS!!

Do you want to proceed? (Y/N): y
OK; writing new GUID partition table (GPT) to /dev/sdb.
Warning: The kernel is still using the old partition table.
The new table will be used at the next reboot or after you
run partprobe(8) or kpartx(8)
The operation has completed successfully.
0;root@ubse: ~
root@ubse:~# lslblk
Command 'lslblk' not found, did you mean:
  command 'lsblk' from deb util-linux (2.39.3-9ubuntu6.2)
Try: apt install <deb name>
0;root@ubse: ~
root@ubse:~# lsblk
NAME   MAJ:MIN RM  SIZE RO TYPE MOUNTPOINTS
sda      8:0    0   40G  0 disk 
├─sda1   8:1    0    1G  0 part /boot/efi
└─sda2   8:2    0 38.9G  0 part /
sdb      8:16   0   25G  0 disk 
└─sdb1   8:17   0  100M  0 part /minnyapartition
sr0     11:0    1 1024M  0 rom  
0;root@ubse: ~
root@ubse:~# partprobe 
0;root@ubse: ~
root@ubse:~# partprobelsblk
NAME   MAJ:MIN RM  SIZE RO TYPE MOUNTPOINTS
sda      8:0    0   40G  0 disk 
├─sda1   8:1    0    1G  0 part /boot/efi
└─sda2   8:2    0 38.9G  0 part /
sdb      8:16   0   25G  0 disk 
├─sdb1   8:17   0  100M  0 part /minnyapartition
└─sdb2   8:18   0  300M  0 part 
sr0     11:0    1 1024M  0 rom  
0;root@ubse: ~
root@ubse:~# cryptsetup 

benchmark          luksChangeKey      luksKillSlot       open
close              luksDump           luksRemoveKey      repair
erase              luksFormat         luksResume         resize
isLuks             luksHeaderBackup   luksSuspend        status
luksAddKey         luksHeaderRestore  luksUUID           tcryptDump
0;root@ubse: ~
root@ubse:~# cryptsetup luksFormat /dev/sdb2

WARNING!
========
This will overwrite data on /dev/sdb2 irrevocably.

Are you sure? (Type 'yes' in capital letters): YES
Enter passphrase for /dev/sdb2: 
Verify passphrase: 
0;root@ubse: ~
root@ubse:~# lsblk
NAME   MAJ:MIN RM  SIZE RO TYPE MOUNTPOINTS
sda      8:0    0   40G  0 disk 
├─sda1   8:1    0    1G  0 part /boot/efi
└─sda2   8:2    0 38.9G  0 part /
sdb      8:16   0   25G  0 disk 
├─sdb1   8:17   0  100M  0 part /minnyapartition
└─sdb2   8:18   0  300M  0 part 
sr0     11:0    1 1024M  0 rom  
0;root@ubse: ~
root@ubse:~# crypt
setup 

benchmark          luksChangeKey      luksKillSlot       open
close              luksDump           luksRemoveKey      repair
erase              luksFormat         luksResume         resize
isLuks             luksHeaderBackup   luksSuspend        status
luksAddKey         luksHeaderRestore  luksUUID           tcryptDump
0;root@ubse: ~
#oot@ubse:~# cryptsetup open 
0;root@ubse: ~
root@ubse:~# ls /dev/mapper/
control
0;root@ubse: ~
root@ubse:~# cryptsetup iopen /dev/sdb2
Command requires device and mapped name as arguments.
0;root@ubse: ~
root@ubse:~# cryptsetup open /dev/sdb2 crypt
Enter passphrase for /dev/sdb2: 
0;root@ubse: ~
ls /dev/mapper/yptsetup open /dev/sdb2 cryp
control  crypt
0;root@ubse: ~
root@ubse:~# ls /dev/sdb2
/dev/sdb2
0;root@ubse: ~
root@ubse:~# gidkdisk //devevdev/mapper/cy
rypt



ls /dev/mapper/crypt 
/dev/mapper/crypt
0;root@ubse: ~
root@ubse:~# mkfs

mkfs         mkfs.cramfs  mkfs.ext4    mkfs.msdos   mkfs.xfs     
mkfs.bfs     mkfs.ext2    mkfs.fat     mkfs.ntfs    
mkfs.btrfs   mkfs.ext3    mkfs.minix   mkfs.vfat    
0;root@ubse: ~
root@ubse:~# mkfs.xfs /dev/mapper/crypt 
Filesystem must be larger than 300MB.
Usage: mkfs.xfs
/* blocksize */		[-b size=num]
/* config file */	[-c options=xxx]
/* metadata */		[-m crc=0|1,finobt=0|1,uuid=xxx,rmapbt=0|1,reflink=0|1,
			    inobtcount=0|1,bigtime=0|1]
/* data subvol */	[-d agcount=n,agsize=n,file,name=xxx,size=num,
			    (sunit=value,swidth=value|su=num,sw=num|noalign),
			    sectsize=num
/* force overwrite */	[-f]
/* inode size */	[-i perblock=n|size=num,maxpct=n,attr=0|1|2,
			    projid32bit=0|1,sparse=0|1,nrext64=0|1]
/* no discard */	[-K]
/* log subvol */	[-l agnum=n,internal,size=num,logdev=xxx,version=n
			    sunit=value|su=num,sectsize=num,lazy-count=0|1]
/* label */		[-L label (maximum 12 characters)]
/* naming */		[-n size=num,version=2|ci,ftype=0|1]
/* no-op info only */	[-N]
/* prototype file */	[-p fname]
/* quiet */		[-q]
/* realtime subvol */	[-r extsize=num,size=num,rtdev=xxx]
/* sectorsize */	[-s size=num]
/* version */		[-V]
			devicename
<devicename> is required unless -d name=xxx is given.
<num> is xxx (bytes), xxxs (sectors), xxxb (fs blocks), xxxk (xxx KiB),
      xxxm (xxx MiB), xxxg (xxx GiB), xxxt (xxx TiB) or xxxp (xxx PiB).
<value> is xxx (512 byte blocks).
0;root@ubse: ~
root@ubse:~# mkfs.xfs /dev/mapper/cryptext4
mke2fs 1.47.0 (5-Feb-2023)
Creating filesystem with 72704 4k blocks and 72720 inodes
Filesystem UUID: d8026a68-0ae7-4f16-bdad-0e5f6b0eeec4
Superblock backups stored on blocks: 
	32768

Allocating group tables: 0/  done                            
Writing inode tables: 0/  done                            
Creating journal (4096 blocks): done
Writing superblocks and filesystem accounting information: 0/  done

0;root@ubse: ~
root@ubse:~# 0;root@ubse: ~
root@ubse:~# lsblk
NAME      MAJ:MIN RM  SIZE RO TYPE  MOUNTPOINTS
sda         8:0    0   40G  0 disk  
├─sda1      8:1    0    1G  0 part  /boot/efi
└─sda2      8:2    0 38.9G  0 part  /
sdb         8:16   0   25G  0 disk  
├─sdb1      8:17   0  100M  0 part  /minnyapartition
└─sdb2      8:18   0  300M  0 part  
  └─crypt 252:0    0  284M  0 crypt 
sr0        11:0    1 1024M  0 rom   
0;root@ubse: ~
root@ubse:~# mkdir /hemligt
0;root@ubse: ~
root@ubse:~# moutnnt /dev/mapper/c
rypt /hemligt/
0;root@ubse: ~
root@ubse:~# nano /hemligt/
==
>0;root@ubse: ~ncelr?                                                             Y YesC LocationX Exit      ^R Read File ^\ Replace   ^U Paste     ^J Justify   ^/ Go To Line
nano@ubse:~# nano /hemligtmount /dev/mapper/crypt
lottonr
>0;root@ubse: ~ite: /hemligt/lottonr [ Writing... ] [ Wrote 2 lines ]             Y Yes        
root@ubse:~# ls /hemligt/
lost+found  lottonr
0;root@ubse: ~
root@ubse:~# umount /hemligt 
0;root@ubse: ~
root@ubse:~# 0;root@ubse: ~
root@ubse:~# ls /dev/mapper/c
rypt 
/dev/mapper/crypt
0;root@ubse: ~
root@ubse:~# cryptsetup stop /de close /dev/map
per/cry
pt
0;root@ubse: ~
ls /dev/mapper/crypttup close /dev/mapper/crypt
control
0;root@ubse: ~
root@ubse:~# mount /dev/sdb2 /hemligt/
mount: /hemligt: unknown filesystem type 'crypto_LUKS'.
       dmesg(1) may have more information after failed mount system call.
0;root@ubse: ~
root@ubse:~# ctyrypt
setup open /dev/sdb2 banan
Enter passphrase for /dev/sdb2: 
0;root@ubse: ~
root@ubse:~# ls /dev/mapper/
banan  control
0;root@ubse: ~
root@ubse:~# mount /dev/mapper/banan /h
emligt/
0;root@ubse: ~
root@ubse:~# ls /hemligt/0;root@ubse: ~
root@ubse:~# ls /hemligt/
lost+found  lottonr
0;root@ubse: ~
root@ubse:~# 0;root@ubse: ~
root@ubse:~# nano /etc/fstab ^C
0;root@ubse: ~
root@ubse:~# ls /dev/mapper/
banan  control
0;root@ubse: ~
root@ubse:~# nanpono /etc/fstab
>0;root@ubse: ~ite: /etc/fstab   [ Writing... ] [ Wrote 14 lines ]                Y Yes                           
root@ubse:~# nano /etc/cry
pttab 
>ommand to execute:                                                              Justify ^V Cut Till EndC Cancel       M-\ Pipe Text   ^Y Linter       ^O Formatter    ^Z Suspend

Use "fg" to return to nano.

[1]+  Stopped                 nano /etc/crypttab
0;root@ubse: ~
root@ubse:~# 0;root@ubse: ~
root@ubse:~# man
man man
man: can't resolve man7/groff_man.7
MAN(1)                        Manual pager utils                        MAN(1)

NAME
       man - an interface to the system reference manuals

SYNOPSIS
       man [man options] [[section] page ...] ...
       man -k [apropos options] regexp ...
       man -K [man options] [section] term ...
       man -f [whatis options] page ...
       man -l [man options] file ...
       man -w|-W [man options] page ...

DESCRIPTION
       man  is  the system's manual pager.  Each page argument given to man is
       normally the name of a program, utility or function.  The  manual  page
       associated with each of these arguments is then found and displayed.  A
       section,  if  provided, will direct man to look only in that section of
       the manual.  The default action is to search in all  of  the  available
       sections following a pre-defined order (see DEFAULTS), and to show only
       the first page found, even if page exists in several sections.

       The table below shows the section numbers of the manual followed by the
       types of pages they contain.

       1   Executable programs or shell commands
       2   System calls (functions provided by the kernel)
       3   Library calls (functions within program libraries)
       4   Special files (usually found in /dev)
       5   File formats and conventions, e.g. /etc/passwd
       6   Games
       7   Miscellaneous  (including  macro  packages  and  conventions), e.g.
           man(7), groff(7), man-pages(7)
       8   System administration commands (usually only for root)
       9   Kernel routines [Non standard]

>0;root@ubse: ~n(1) line 19 (press h for help or q to quit)
root@ubse:~# man 5 /cetc/cryptt
ab
# <target name> <source device>         <key file>      <options>

>0;root@ubse: ~ypttab line 1/2 (END) (press h for help or q to quit)
root@ubse:~# man 5 /etc/crypttacrypttarypttacrypttacrypttacryptta
CRYPTTAB(5)                    cryptsetup manual                   CRYPTTAB(5)

NAME
       crypttab - static information about encrypted filesystems

DESCRIPTION
       The file /etc/crypttab contains descriptive information about encrypted
       devices. crypttab is only read by programs (e.g. cryptdisks_start and
       cryptdisks_stop), and not written; it is the duty of the system
       administrator to properly create and maintain this file. crypttab
       entries are treated sequentially, so their order matters (dependencies
       need to listed first).

       Each encrypted device is described on a separate line. Fields on each
       line are separated by tabs or spaces. Lines starting with '#' are
       comments, and blank lines are ignored. Octal sequences \0num within a
       field are decoded, which can be used for values containing spaces or
       special characters. A backslash which doesn't start an octal sequence
       yields undefined behavior.press h for help or q to quit)
 ESESCOBpage crypttab(5) line 2 (press h for help or q to quit)
       The first field, target, describes the mapped device name. It must be a
       plain filename without any directory components. A mapped device which
       encrypts/decrypts data to/from the source device will be created at
       /dev/mapper/target by cryptsetup. for help or q to quit)
 ESESCOBpage crypttab(5) line 7 (press h for help or q to quit)
       The second field, source device, describes either the block special
       device or file that contains the encrypted data. Instead of giving the
       source device explicitly, the UUID (resp. LABEL, PARTUUID and
       PARTLABEL) is supported as well, using “UUID=<uuid>” (resp.
       “LABEL=<label>”, “PARTUUID=<partuuid>” and “PARTLABEL=<partlabel>”).
 ESESCOBpage crypttab(5) line 13 (press h for help or q to quit)
       The third field, key file, describes the file to use as a key for
       decrypting the data of the source device. In case of a keyscript, the
       value of this field is given as argument to the keyscript. Note that
       the entire key file will be used as the passphrase; the passphrase must
       not be followed by a newline character.help or q to quit)
 ESESCOBpage crypttab(5) line 19 (press h for help or q to quit)
       It can also be a device name (e.g. /dev/urandom), note however that
       LUKS requires a persistent key and therefore does not support random
       data keys.ttab(5) line 22 (press h for help or q to quit)
 ESESCOBpage crypttab(5) line 23 (press h for help or q to quit)
       If the key file is the string none, a passphrase will be read
       interactively from the console. In this case, the options check,
       checkargs and tries may be useful. for help or q to quit)
 ESESCOBpage crypttab(5) line 27 (press h for help or q to quit)
       The fourth field, options, is an optional comma-separated list of
       options and/or flags describing the device type (luks, tcrypt, bitlk,
       fvault2, or plain which is also the default) and cryptsetup options
       associated with the encryption process. The supported options are
       described below. For plain dm-crypt devices the cipher, hash and size
       options are required. Some options can be changed on active mappings
       using cryptsetup refresh [<options>] <name>. Furthermore some options
       can be permanently written into metadata of LUKS2 headers using
       cryptsetup's --persistent flag.s h for help or q to quit)
 ESESCOBpage crypttab(5) line 37 (press h for help or q to quit)
       Note that the first three fields are required and that a missing field
       will lead to unspecified behaviour.for help or q to quit)
 ESESCOBpage crypttab(5) line 40 (press h for help or q to quit)
ON DIFFERENT CRYPTTAB FORMATS 41 (press h for help or q to quit)
       Please note that there are several independent cryptsetup wrappers with
       their own crypttab format. This manpage covers Debian's implementation
       for initramfs scripts and SysVinit init scripts. systemd brings its own
       crypttab implementation. We try to cover the differences between the
       systemd and our implementation in this manpage, but if in doubt, better
       check the systemd crypttab(5) manpage, e.g. online atuit)
       https://www.freedesktop.org/software/systemd/man/crypttab.html.
 ESESCOBpage crypttab(5) line 49 (press h for help or q to quit)
OPTIONSBpage crypttab(5) line 50 (press h for help or q to quit)
       cipher=<cipher>5) line 51 (press h for help or q to quit)
           Encryption algorithm (ignored for LUKS and TCRYPT devices). See
           cryptsetup -c.line 53 (press h for help or q to quit)
 ESESCOBpage crypttab(5) line 54 (press h for help or q to quit)
       size=<size>tab(5) line 55 (press h for help or q to quit)
           Encryption key size (ignored for LUKS and TCRYPT devices). See
           cryptsetup -s.line 57 (press h for help or q to quit)
 ESESCOBpage crypttab(5) line 58 (press h for help or q to quit)
       sector-size=<bytes>ine 59 (press h for help or q to quit)
           Sector size. See cryptsetup(8) for possible values and the default
           value of this option. (press h for help or q to quit)
 ESESCOBpage crypttab(5) line 62 (press h for help or q to quit)
       hash=<hash>tab(5) line 63 (press h for help or q to quit)
           Hash algorithm (ignored for LUKS and TCRYPT devices). See
           cryptsetup -h.line 65 (press h for help or q to quit)
 ESESCOBpage crypttab(5) line 66 (press h for help or q to quit)
       offset=<offset>5) line 67 (press h for help or q to quit)
           Start offset (ignored for LUKS and TCRYPT devices). Uses cryptsetup
           -o.rypttab(5) line 69 (press h for help or q to quit)
 ESESCOBpage crypttab(5) line 70 (press h for help or q to quit)
       skip=<skip>tab(5) line 71 (press h for help or q to quit)
           Skip sectors at the beginning (ignored for LUKS and TCRYPT
           devices). Uses cryptsetup -p.h for help or q to quit)
 ESESCOBpage crypttab(5) line 74 (press h for help or q to quit)
       keyfile-offset=<keyfile-offset>s h for help or q to quit)
           Specifies the number of bytes to skip at the start of the key file.
 ESESCOBpage crypttab(5) line 77 (press h for help or q to quit)
       keyfile-size=<keyfile-size>press h for help or q to quit)
           Specifies the maximum number of bytes to read from the key file.
           The default is to read the whole file up to the compiled-in
           maximum, that can be queried with cryptsetup --help. This option is
           ignored for plain dm-crypt devices, as the key file size is then
           given by the encryption key size (option size). quit)
 ESESCOBpage crypttab(5) line 84 (press h for help or q to quit)
       keyslot=<slot>, key-slot=<slot>s h for help or q to quit)
           Key slot (ignored for non-LUKS devices). See cryptsetup -S.
 ESESCOBpage crypttab(5) line 87 (press h for help or q to quit)
       header=<path>b(5) line 88 (press h for help or q to quit)
           Detached header file (ignored for plain dm-crypt devices). See
           cryptsetup --header.0 (press h for help or q to quit)
 ESESCOBpage crypttab(5) line 91 (press h for help or q to quit)
       verifycrypttab(5) line 92 (press h for help or q to quit)
           Verify password. Uses cryptsetup -y.elp or q to quit)
 ESESCOBpage crypttab(5) line 94 (press h for help or q to quit)
       readonly, read-onlyine 95 (press h for help or q to quit)
           Set up a read-only mapping.s h for help or q to quit)
 ESESCOBpage crypttab(5) line 97 (press h for help or q to quit)
       tries=<num>tab(5) line 98 (press h for help or q to quit)
           Try to unlock the device <num> before failing. It's particularly
           useful when using a passphrase or a keyscript that asks for
           interactive input. If you want to disable retries, pass “tries=1”.
           Default is “3”. Setting “tries=0” means infinitive retries.
 ESESCOBpage crypttab(5) line 103 (press h for help or q to quit)
       discardrypttab(5) line 104 (press h for help or q to quit)
           Allow using of discards (TRIM) requests for device.it)
 ESESCOBpage crypttab(5) line 106 (press h for help or q to quit)
           Starting with Debian 10 (Buster), this option is added per default
           to new dm-crypt devices by the Debian Installer. If you don't care
           about leaking access patterns (filesystem type, used space) and
           don't have hidden truecrypt volumes inside this volume, then it
           should be safe to enable this option. See the following warning for
           further information.12 (press h for help or q to quit)
 ESESCOBpage crypttab(5) line 113 (press h for help or q to quit)
           WARNING: Assess the specific security risks carefully before
           enabling this option. For example, allowing discards on encrypted
           devices may lead to the leak of information about the ciphertext
           device (filesystem type, used space etc.) if the discarded blocks
           can be located easily on the device later.r q to quit)
 ESESCOBpage crypttab(5) line 119 (press h for help or q to quit)
       lukse crypttab(5) line 120 (press h for help or q to quit)
           Force LUKS mode. When this mode is used, the following options are
           ignored since they are provided by the LUKS header on the device:
           cipher=, hash=, size=3 (press h for help or q to quit)
 ESESCOBpage crypttab(5) line 124 (press h for help or q to quit)
       plain crypttab(5) line 125 (press h for help or q to quit)
           Force plain encryption mode.s h for help or q to quit)
 ESESCOBpage crypttab(5) line 127 (press h for help or q to quit)
       bitlk crypttab(5) line 128 (press h for help or q to quit)
           Force BITLK (Windows BitLocker-compatible) mode. WARNING: crypttab
           support is currently experimental.r help or q to quit)
 ESESCOBpage crypttab(5) line 131 (press h for help or q to quit)
       fvault2rypttab(5) line 132 (press h for help or q to quit)
           Force Apple's FileVault2 mode. Only the (legacy) FileVault2 format
           based on Core Storage and HFS+ filesystem (introduced in MacOS X
           10.7 Lion) is currently supported; the new version of FileVault
           based on the APFS filesystem used in recent macOS versions is not
           supported.(5) line 137 (press h for help or q to quit)
 ESESCOBpage crypttab(5) line 138 (press h for help or q to quit)
       tcryptcrypttab(5) line 139 (press h for help or q to quit)
           Use TrueCrypt encryption mode. When this mode is used, the
           following options are ignored since they are provided by the
           TrueCrypt header on the device or do not apply: cipher=, hash=,
           keyfile-offset=, keyfile-size=, size=elp or q to quit)
 ESESCOBpage crypttab(5) line 144 (press h for help or q to quit)
       veracrypt, tcrypt-veracrypt(press h for help or q to quit)
           Use VeraCrypt extension to TrueCrypt device. Only useful in
           conjunction with tcrypt option (ignored for non-TrueCrypt devices).
 ESESCOBpage crypttab(5) line 148 (press h for help or q to quit)
       tcrypthidden, tcrypt-hidden(press h for help or q to quit)
           Use hidden TCRYPT header (ignored for non-TCRYPT devices).
 ESESCOBpage crypttab(5) line 151 (press h for help or q to quit)
       same-cpu-crypt(5) line 152 (press h for help or q to quit)
           Perform encryption using the same cpu that IO was submitted on.
 ESESCOBpage crypttab(5) line 154 (press h for help or q to quit)
       submit-from-crypt-cpus 155 (press h for help or q to quit)
           Disable offloading writes to a separate thread after encryption.
 ESESCOBpage crypttab(5) line 157 (press h for help or q to quit)
       no-read-workqueue, no-write-workqueueor help or q to quit)
           Bypass dm-crypt internal workqueue and process read or write
           requests synchronously.(press h for help or q to quit)
 ESESCOBpage crypttab(5) line 161 (press h for help or q to quit)
       swape crypttab(5) line 162 (press h for help or q to quit)
           Run mkswap on the created device.or help or q to quit)
 ESESCOBpage crypttab(5) line 164 (press h for help or q to quit)
           This option is ignored for initramfs devices. to quit)
 ESESCOBpage crypttab(5) line 166 (press h for help or q to quit)
       tmp[=<tmpfs>]b(5) line 167 (press h for help or q to quit)
           Run mkfs with filesystem type <tmpfs> (or ext4 if omitted) on the
           created device.ine 169 (press h for help or q to quit)
 ESESCOBpage crypttab(5) line 170 (press h for help or q to quit)
           This option is ignored for initramfs devices. to quit)
 ESESCOBpage crypttab(5) line 172 (press h for help or q to quit)
       check[=<check>]5) line 173 (press h for help or q to quit)
           Check the content of the target device by a suitable program; if
           the check fails, the device is closed immediately. The program is
           being run with decrypted volume (target device) as first positional
>0;root@ubse: ~ypttab(5) line 177 (press h for help or q to quit)
root@ubse:~# man 5 cryptta/etc/crypttacrypttafg
nano /etc/crypttab
104
>104xit^R Read File ^\ Replace   ^U Paste     ^J Justify   ^/ Go To Line         ^G Help^O Write Out ^W Where Is  ^K Cut^T Execute   ^C Locations>
 N No     ^C Cancelr?                                                             Y YesT Execute   ^C LocationX Exit      ^R Read File ^\ Replace   ^U Paste     ^J Justify   ^/ Go To Line


>0;root@ubse: ~ite: /etc/crypttab [ Writing... ] [ Wrote 2 lines ]
root@ubse:~# umount /hemligt 
0;root@ubse: ~
root@ubse:~# mount /hemligt
mount: /hemligt: wrong fs type, bad option, bad superblock on /dev/mapper/banan, missing codepage or helper program, or other error.
       dmesg(1) may have more information after failed mount system call.
mount: (hint) your fstab has been modified, but systemd still uses
       the old version; use 'systemctl daemon-reload' to reload.
0;root@ubse: ~
root@ubse:~# nano /etc/fstab 0;root@ubse: ~
root@ubse:~# nano /etc/fstab 
>0;root@ubse: ~ite: /etc/fstab   [ Writing... ] [ Wrote 14 lines ]                Y Yes                           
mount /hemligtano /etc/fstab 
mount: (hint) your fstab has been modified, but systemd still uses
       the old version; use 'systemctl daemon-reload' to reload.
0;root@ubse: ~
root@ubse:~# system
ctl dae
mon-reload 
0;root@ubse: ~
mount /hemligtystemctl daemon-reload 
mount: /hemligt: /dev/mapper/banan already mounted on /hemligt.
       dmesg(1) may have more information after failed mount system call.
0;root@ubse: ~
root@ubse:~# cat /etc/cry
pttab 
# <target name>	<source device>		<key file>	<options>
banan /dev/sdb2 none luks
0;root@ubse: ~
root@ubse:~# poweroff

Broadcast message from root@ubse on pts/1 (Tue 2025-05-13 11:12:01 UTC):

The system will power off now!

0;root@ubse: ~
root@ubse:~# Connection to localhost closed by remote host.
Connection to localhost closed.
DEVOPS24/lektion15
$ ssh ubse
Welcome to Ubuntu 24.04 LTS (GNU/Linux 6.8.0-59-generic x86_64)

 * Documentation:  https://help.ubuntu.com
 * Management:     https://landscape.canonical.com
 * Support:        https://ubuntu.com/pro

 System information as of Tue May 13 11:28:46 AM UTC 2025

  System load:  0.0                Processes:               127
  Usage of /:   18.8% of 38.04GB   Users logged in:         0
  Memory usage: 3%                 IPv4 address for enp0s3: 10.0.2.15
  Swap usage:   0%

 * Strictly confined Kubernetes makes edge and IoT secure. Learn how MicroK8s
   just raised the bar for easy, resilient and secure K8s cluster deployment.

   https://ubuntu.com/engage/secure-kubernetes-at-the-edge

Expanded Security Maintenance for Applications is not enabled.

175 updates can be applied immediately.
To see these additional updates run: apt list --upgradable

Enable ESM Apps to receive additional future security updates.
See https://ubuntu.com/esm or run: sudo pro status


Last login: Tue May 13 10:34:21 2025 from 10.0.2.2
0;user@ubse: ~
user@ubse:~$ 0;user@ubse: ~
user@ubse:~$ cd /boott/efi/
0;user@ubse: /boot/efi
user@ubse:/boot/efi$ 0;user@ubse: /boot/efi
user@ubse:/boot/efi$ ls
EFI
0;user@ubse: /boot/efi
user@ubse:/boot/efi$ tree
.
└── EFI
    ├── BOOT
    │   ├── BOOTX64.EFI
    │   ├── fbx64.efi
    │   └── mmx64.efi
    └── ubuntu
        ├── BOOTX64.CSV
        ├── grub.cfg
        ├── grubx64.efi
        ├── mmx64.efi
        └── shimx64.efi

4 directories, 8 files
0;user@ubse: /boot/efi
(reverse-i-search)`': e': treef': cd /boot/efii': cd /boot/efi
failed reverse-i-search)`efib': cd /boot/efi
o
o
t
^C
0;user@ubse: /boot/efi
user@ubse:/boot/efi$ 0;user@ubse: /boot/efi
user@ubse:/boot/efi$ efiboo
t

efibootdump  efibootmgr   
0;user@ubse: /boot/efi
user@ubse:/boot/efi$ efibootmgr 0;user@ubse: /boot/efi
user@ubse:/boot/efi$ efibootmgr -v
BootCurrent: 0004
Timeout: 0 seconds
BootOrder: 0004,0000,0001,0002,0003,0005
Boot0000* UiApp	FvVol(7cb8bdc9-f8eb-4f34-aaea-3ee4af6516a1)/FvFile(462caa21-7614-4503-836e-8ab6f4662331)
      dp: 04 07 14 00 c9 bd b8 7c eb f8 34 4f aa ea 3e e4 af 65 16 a1 / 04 06 14 00 21 aa 2c 46 14 76 03 45 83 6e 8a b6 f4 66 23 31 / 7f ff 04 00
Boot0001* UEFI VBOX CD-ROM VB2-01700376 	PciRoot(0x0)/Pci(0x1,0x1)/Ata(1,0,0){auto_created_boot_option}
      dp: 02 01 0c 00 d0 41 03 0a 00 00 00 00 / 01 01 06 00 01 01 / 03 01 08 00 01 00 00 00 / 7f ff 04 00
    data: 4e ac 08 81 11 9f 59 4d 85 0e e2 1a 52 2c 59 b2
Boot0002* UEFI VBOX HARDDISK VB9124241c-fdb33187 	PciRoot(0x0)/Pci(0xd,0x0)/Sata(0,65535,0){auto_created_boot_option}
      dp: 02 01 0c 00 d0 41 03 0a 00 00 00 00 / 01 01 06 00 00 0d / 03 12 0a 00 00 00 ff ff 00 00 / 7f ff 04 00
    data: 4e ac 08 81 11 9f 59 4d 85 0e e2 1a 52 2c 59 b2
Boot0003  EFI Internal Shell	FvVol(7cb8bdc9-f8eb-4f34-aaea-3ee4af6516a1)/FvFile(7c04a583-9e3e-4f1c-ad65-e05268d0b4d1)
      dp: 04 07 14 00 c9 bd b8 7c eb f8 34 4f aa ea 3e e4 af 65 16 a1 / 04 06 14 00 83 a5 04 7c 3e 9e 1c 4f ad 65 e0 52 68 d0 b4 d1 / 7f ff 04 00
Boot0004* Ubuntu	HD(1,GPT,9970a26a-0307-4874-986a-8affcdbab73e,0x800,0x219800)/File(\EFI\ubuntu\shimx64.efi)
      dp: 04 01 2a 00 01 00 00 00 00 08 00 00 00 00 00 00 00 98 21 00 00 00 00 00 6a a2 70 99 07 03 74 48 98 6a 8a ff cd ba b7 3e 02 02 / 04 04 34 00 5c 00 45 00 46 00 49 00 5c 00 75 00 62 00 75 00 6e 00 74 00 75 00 5c 00 73 00 68 00 69 00 6d 00 78 00 36 00 34 00 2e 00 65 00 66 00 69 00 00 00 / 7f ff 04 00
Boot0005* UEFI VBOX HARDDISK VB06eccef1-1e225c7c 	PciRoot(0x0)/Pci(0xd,0x0)/Sata(1,65535,0){auto_created_boot_option}
      dp: 02 01 0c 00 d0 41 03 0a 00 00 00 00 / 01 01 06 00 00 0d / 03 12 0a 00 01 00 ff ff 00 00 / 7f ff 04 00
    data: 4e ac 08 81 11 9f 59 4d 85 0e e2 1a 52 2c 59 b2
0;user@ubse: /boot/efi
0;user@ubse: /boot/efi
0;user@ubse: /boot/efi
0;user@ubse: /boot/efi
0;user@ubse: /boot/efi
0;user@ubse: /boot/efi
user@ubse:/boot/efi$ efibootmgr -0;user@ubse: /boot/efi
user@ubse:/boot/efi$ efibootmgr
BootCurrent: 0004
Timeout: 0 seconds
BootOrder: 0004,0000,0001,0002,0003,0005
Boot0000* UiApp	FvVol(7cb8bdc9-f8eb-4f34-aaea-3ee4af6516a1)/FvFile(462caa21-7614-4503-836e-8ab6f4662331)
Boot0001* UEFI VBOX CD-ROM VB2-01700376 	PciRoot(0x0)/Pci(0x1,0x1)/Ata(1,0,0){auto_created_boot_option}
Boot0002* UEFI VBOX HARDDISK VB9124241c-fdb33187 	PciRoot(0x0)/Pci(0xd,0x0)/Sata(0,65535,0){auto_created_boot_option}
Boot0003  EFI Internal Shell	FvVol(7cb8bdc9-f8eb-4f34-aaea-3ee4af6516a1)/FvFile(7c04a583-9e3e-4f1c-ad65-e05268d0b4d1)
Boot0004* Ubuntu	HD(1,GPT,9970a26a-0307-4874-986a-8affcdbab73e,0x800,0x219800)/File(\EFI\ubuntu\shimx64.efi)
Boot0005* UEFI VBOX HARDDISK VB06eccef1-1e225c7c 	PciRoot(0x0)/Pci(0xd,0x0)/Sata(1,65535,0){auto_created_boot_option}
0;user@ubse: /boot/efi
user@ubse:/boot/efi$ ^C
0;user@ubse: /boot/efi
user@ubse:/boot/efi$ efibootmgr -v0;user@ubse: /boot/efi
user@ubse:/boot/efi$ efibootmgr -v
BootCurrent: 0004
Timeout: 0 seconds
BootOrder: 0004,0000,0001,0002,0003,0005
Boot0000* UiApp	FvVol(7cb8bdc9-f8eb-4f34-aaea-3ee4af6516a1)/FvFile(462caa21-7614-4503-836e-8ab6f4662331)
      dp: 04 07 14 00 c9 bd b8 7c eb f8 34 4f aa ea 3e e4 af 65 16 a1 / 04 06 14 00 21 aa 2c 46 14 76 03 45 83 6e 8a b6 f4 66 23 31 / 7f ff 04 00
Boot0001* UEFI VBOX CD-ROM VB2-01700376 	PciRoot(0x0)/Pci(0x1,0x1)/Ata(1,0,0){auto_created_boot_option}
      dp: 02 01 0c 00 d0 41 03 0a 00 00 00 00 / 01 01 06 00 01 01 / 03 01 08 00 01 00 00 00 / 7f ff 04 00
    data: 4e ac 08 81 11 9f 59 4d 85 0e e2 1a 52 2c 59 b2
Boot0002* UEFI VBOX HARDDISK VB9124241c-fdb33187 	PciRoot(0x0)/Pci(0xd,0x0)/Sata(0,65535,0){auto_created_boot_option}
      dp: 02 01 0c 00 d0 41 03 0a 00 00 00 00 / 01 01 06 00 00 0d / 03 12 0a 00 00 00 ff ff 00 00 / 7f ff 04 00
    data: 4e ac 08 81 11 9f 59 4d 85 0e e2 1a 52 2c 59 b2
Boot0003  EFI Internal Shell	FvVol(7cb8bdc9-f8eb-4f34-aaea-3ee4af6516a1)/FvFile(7c04a583-9e3e-4f1c-ad65-e05268d0b4d1)
      dp: 04 07 14 00 c9 bd b8 7c eb f8 34 4f aa ea 3e e4 af 65 16 a1 / 04 06 14 00 83 a5 04 7c 3e 9e 1c 4f ad 65 e0 52 68 d0 b4 d1 / 7f ff 04 00
Boot0004* Ubuntu	HD(1,GPT,9970a26a-0307-4874-986a-8affcdbab73e,0x800,0x219800)/File(\EFI\ubuntu\shimx64.efi)
      dp: 04 01 2a 00 01 00 00 00 00 08 00 00 00 00 00 00 00 98 21 00 00 00 00 00 6a a2 70 99 07 03 74 48 98 6a 8a ff cd ba b7 3e 02 02 / 04 04 34 00 5c 00 45 00 46 00 49 00 5c 00 75 00 62 00 75 00 6e 00 74 00 75 00 5c 00 73 00 68 00 69 00 6d 00 78 00 36 00 34 00 2e 00 65 00 66 00 69 00 00 00 / 7f ff 04 00
Boot0005* UEFI VBOX HARDDISK VB06eccef1-1e225c7c 	PciRoot(0x0)/Pci(0xd,0x0)/Sata(1,65535,0){auto_created_boot_option}
      dp: 02 01 0c 00 d0 41 03 0a 00 00 00 00 / 01 01 06 00 00 0d / 03 12 0a 00 01 00 ff ff 00 00 / 7f ff 04 00
    data: 4e ac 08 81 11 9f 59 4d 85 0e e2 1a 52 2c 59 b2
0;user@ubse: /boot/efi
user@ubse:/boot/efi$ 0;user@ubse: /boot/efi
user@ubse:/boot/efi$ cd 
0;user@ubse: ~
user@ubse:~$ cd /boot/
0;user@ubse: /boot
0;user@ubse: /boot
0;user@ubse: /boot
0;user@ubse: /boot
0;user@ubse: /boot
0;user@ubse: /boot
0;user@ubse: /boot
0;user@ubse: /boot
0;user@ubse: /boot
user@ubse:/boot$ ls
config-6.8.0-58-generic  initrd.img-6.8.0-58-generic  vmlinuz
config-6.8.0-59-generic  initrd.img-6.8.0-59-generic  vmlinuz-6.8.0-58-generic
efi                      initrd.img.old               vmlinuz-6.8.0-59-generic
grub                     System.map-6.8.0-58-generic  vmlinuz.old
initrd.img               System.map-6.8.0-59-generic
0;user@ubse: /boot
user@ubse:/boot$ lsi

lsinitramfs  lsipc        
0;user@ubse: /boot
user@ubse:/boot$ lsinitramfs i
nitrd.img-6
.8.0-58-generic 0;user@ubse: /boot
user@ubse:/boot$ lsinitramfs initrd.img-6.8.0-58-generic 
.
kernel
kernel/x86
kernel/x86/microcode
kernel/x86/microcode/AuthenticAMD.bin
kernel
kernel/x86
kernel/x86/microcode
kernel/x86/microcode/.enuineIntel.align.0123456789abc
kernel/x86/microcode/GenuineIntel.bin
.
usr
usr/lib
usr/lib/firmware
usr/lib/firmware/3com
usr/lib/firmware/3com/typhoon.bin.zst
usr/lib/firmware/acenic
usr/lib/firmware/acenic/tg1.bin.zst
usr/lib/firmware/acenic/tg2.bin.zst
usr/lib/firmware/adaptec
usr/lib/firmware/adaptec/starfire_rx.bin.zst
usr/lib/firmware/adaptec/starfire_tx.bin.zst
usr/lib/firmware/advansys
usr/lib/firmware/advansys/3550.bin.zst
usr/lib/firmware/advansys/38C0800.bin.zst
usr/lib/firmware/advansys/38C1600.bin.zst
usr/lib/firmware/advansys/mcode.bin.zst
usr/lib/firmware/bnx2
usr/lib/firmware/bnx2/bnx2-mips-06-6.2.3.fw.zst
usr/lib/firmware/bnx2/bnx2-mips-09-6.2.1b.fw.zst
usr/lib/firmware/bnx2/bnx2-rv2p-06-6.0.15.fw.zst
usr/lib/firmware/bnx2/bnx2-rv2p-09-6.0.17.fw.zst
usr/lib/firmware/bnx2/bnx2-rv2p-09ax-6.0.17.fw.zst
usr/lib/firmware/bnx2x
usr/lib/firmware/bnx2x/bnx2x-e1-7.13.15.0.fw.zst
usr/lib/firmware/bnx2x/bnx2x-e1-7.13.21.0.fw.zst
usr/lib/firmware/bnx2x/bnx2x-e1h-7.13.15.0.fw.zst
usr/lib/firmware/bnx2x/bnx2x-e1h-7.13.21.0.fw.zst
usr/lib/firmware/bnx2x/bnx2x-e2-7.13.15.0.fw.zst
usr/lib/firmware/bnx2x/bnx2x-e2-7.13.21.0.fw.zst
usr/lib/firmware/cbfw-3.2.5.1.bin.zst
usr/lib/firmware/cis
usr/lib/firmware/cis/3CCFEM556.cis.zst
usr/lib/firmware/cis/3CXEM556.cis.zst
usr/lib/firmware/cis/COMpad2.cis.zst
usr/lib/firmware/cis/COMpad4.cis.zst
usr/lib/firmware/cis/DP83903.cis.zst
usr/lib/firmware/cis/LA-PCM.cis.zst
usr/lib/firmware/cis/MT5634ZLX.cis.zst
usr/lib/firmware/cis/NE2K.cis.zst
usr/lib/firmware/cis/PCMLM28.cis.zst
usr/lib/firmware/cis/PE-200.cis.zst
usr/lib/firmware/cis/PE520.cis.zst
usr/lib/firmware/cis/RS-COM-2P.cis.zst
usr/lib/firmware/cis/SW_555_SER.cis.zst
usr/lib/firmware/cis/SW_7xx_SER.cis.zst
usr/lib/firmware/cis/SW_8xx_SER.cis.zst
usr/lib/firmware/cis/tamarack.cis.zst
usr/lib/firmware/ct2fw-3.2.5.1.bin.zst
usr/lib/firmware/ctfw-3.2.5.1.bin.zst
usr/lib/firmware/cxgb3
usr/lib/firmware/cxgb3/ael2005_opt_edc.bin.zst
usr/lib/firmware/cxgb3/ael2005_twx_edc.bin.zst
usr/lib/firmware/cxgb3/ael2020_twx_edc.bin.zst
usr/lib/firmware/cxgb3/t3b_psram-1.1.0.bin.zst
usr/lib/firmware/cxgb3/t3c_psram-1.1.0.bin.zst
usr/lib/firmware/cxgb3/t3fw-7.12.0.bin.zst
usr/lib/firmware/cxgb4
usr/lib/firmware/cxgb4/t4fw-1.27.5.0.bin.zst
usr/lib/firmware/cxgb4/t4fw.bin.zst
usr/lib/firmware/cxgb4/t5fw-1.27.5.0.bin.zst
usr/lib/firmware/cxgb4/t5fw.bin.zst
usr/lib/firmware/cxgb4/t6fw-1.27.5.0.bin.zst
usr/lib/firmware/cxgb4/t6fw.bin.zst
usr/lib/firmware/e100
usr/lib/firmware/e100/d101m_ucode.bin.zst
usr/lib/firmware/e100/d101s_ucode.bin.zst
usr/lib/firmware/e100/d102e_ucode.bin.zst
usr/lib/firmware/ene-ub6250
usr/lib/firmware/ene-ub6250/ms_init.bin.zst
usr/lib/firmware/ene-ub6250/ms_rdwr.bin.zst
usr/lib/firmware/ene-ub6250/msp_rdwr.bin.zst
usr/lib/firmware/ene-ub6250/sd_init1.bin.zst
usr/lib/firmware/ene-ub6250/sd_init2.bin.zst
usr/lib/firmware/ene-ub6250/sd_rdwr.bin.zst
usr/lib/firmware/intel
usr/lib/firmware/intel/ice
usr/lib/firmware/intel/ice/ddp
usr/lib/firmware/intel/ice/ddp/ice-1.3.36.0.pkg.zst
usr/lib/firmware/intel/ice/ddp/ice.pkg.zst
usr/lib/firmware/isci
usr/lib/firmware/isci/isci_firmware.bin.zst
usr/lib/firmware/kaweth
usr/lib/firmware/kaweth/new_code.bin.zst
usr/lib/firmware/kaweth/new_code_fix.bin.zst
usr/lib/firmware/kaweth/trigger_code.bin.zst
usr/lib/firmware/kaweth/trigger_code_fix.bin.zst
usr/lib/firmware/liquidio
usr/lib/firmware/liquidio/lio_210nv_nic.bin.zst
usr/lib/firmware/liquidio/lio_210sv_nic.bin.zst
usr/lib/firmware/liquidio/lio_23xx_nic.bin.zst
usr/lib/firmware/liquidio/lio_410nv_nic.bin.zst
usr/lib/firmware/mellanox
usr/lib/firmware/mellanox/lc_ini_bundle_2010_1006.bin.zst
usr/lib/firmware/mellanox/mlxsw_spectrum-13.2010.1006.mfa2.zst
usr/lib/firmware/mellanox/mlxsw_spectrum2-29.2010.1006.mfa2.zst
usr/lib/firmware/mellanox/mlxsw_spectrum3-30.2010.1006.mfa2.zst
usr/lib/firmware/microchip
usr/lib/firmware/microchip/mscc_vsc8574_revb_int8051_29e8.bin.zst
usr/lib/firmware/microchip/mscc_vsc8584_revb_int8051_fb48.bin.zst
usr/lib/firmware/myri10ge_eth_z8e.dat.zst
usr/lib/firmware/myri10ge_ethp_z8e.dat.zst
usr/lib/firmware/myri10ge_rss_eth_z8e.dat.zst
usr/lib/firmware/myri10ge_rss_ethp_z8e.dat.zst
usr/lib/firmware/netronome
usr/lib/firmware/netronome/nic
usr/lib/firmware/netronome/nic/nic_AMDA0058-0011_2x40.nffw.zst
usr/lib/firmware/netronome/nic/nic_AMDA0058-0012_2x40.nffw.zst
usr/lib/firmware/netronome/nic/nic_AMDA0081-0001_1x40.nffw.zst
usr/lib/firmware/netronome/nic/nic_AMDA0081-0001_4x10.nffw.zst
usr/lib/firmware/netronome/nic/nic_AMDA0096-0001_2x10.nffw.zst
usr/lib/firmware/netronome/nic/nic_AMDA0097-0001_2x40.nffw.zst
usr/lib/firmware/netronome/nic/nic_AMDA0097-0001_4x10_1x40.nffw.zst
usr/lib/firmware/netronome/nic/nic_AMDA0097-0001_8x10.nffw.zst
usr/lib/firmware/netronome/nic/nic_AMDA0099-0001_1x10_1x25.nffw.zst
usr/lib/firmware/netronome/nic/nic_AMDA0099-0001_2x10.nffw.zst
usr/lib/firmware/netronome/nic/nic_AMDA0099-0001_2x25.nffw.zst
usr/lib/firmware/netronome/nic_AMDA0058-0011_2x40.nffw.zst
usr/lib/firmware/netronome/nic_AMDA0058-0012_2x40.nffw.zst
usr/lib/firmware/netronome/nic_AMDA0081-0001_1x40.nffw.zst
usr/lib/firmware/netronome/nic_AMDA0081-0001_4x10.nffw.zst
usr/lib/firmware/netronome/nic_AMDA0096-0001_2x10.nffw.zst
usr/lib/firmware/netronome/nic_AMDA0097-0001_2x40.nffw.zst
usr/lib/firmware/netronome/nic_AMDA0097-0001_4x10_1x40.nffw.zst
usr/lib/firmware/netronome/nic_AMDA0097-0001_8x10.nffw.zst
usr/lib/firmware/netronome/nic_AMDA0099-0001_1x10_1x25.nffw.zst
usr/lib/firmware/netronome/nic_AMDA0099-0001_2x10.nffw.zst
usr/lib/firmware/netronome/nic_AMDA0099-0001_2x25.nffw.zst
usr/lib/firmware/ositech
usr/lib/firmware/ositech/Xilinx7OD.bin.zst
usr/lib/firmware/phanfw.bin.zst
usr/lib/firmware/qed
usr/lib/firmware/qed/qed_init_values_zipped-8.59.1.0.bin.zst
usr/lib/firmware/ql2100_fw.bin.zst
usr/lib/firmware/ql2200_fw.bin.zst
usr/lib/firmware/ql2300_fw.bin.zst
usr/lib/firmware/ql2322_fw.bin.zst
usr/lib/firmware/ql2400_fw.bin.zst
usr/lib/firmware/ql2500_fw.bin.zst
usr/lib/firmware/qlogic
usr/lib/firmware/qlogic/1040.bin.zst
usr/lib/firmware/qlogic/12160.bin.zst
usr/lib/firmware/qlogic/1280.bin.zst
usr/lib/firmware/rp2.fw.zst
usr/lib/firmware/rtl_nic
usr/lib/firmware/rtl_nic/rtl8105e-1.fw.zst
usr/lib/firmware/rtl_nic/rtl8106e-1.fw.zst
usr/lib/firmware/rtl_nic/rtl8106e-2.fw.zst
usr/lib/firmware/rtl_nic/rtl8107e-2.fw.zst
usr/lib/firmware/rtl_nic/rtl8125a-3.fw.zst
usr/lib/firmware/rtl_nic/rtl8125b-2.fw.zst
usr/lib/firmware/rtl_nic/rtl8153a-2.fw.zst
usr/lib/firmware/rtl_nic/rtl8153a-3.fw.zst
usr/lib/firmware/rtl_nic/rtl8153a-4.fw.zst
usr/lib/firmware/rtl_nic/rtl8153b-2.fw.zst
usr/lib/firmware/rtl_nic/rtl8153c-1.fw.zst
usr/lib/firmware/rtl_nic/rtl8156a-2.fw.zst
usr/lib/firmware/rtl_nic/rtl8156b-2.fw.zst
usr/lib/firmware/rtl_nic/rtl8168d-1.fw.zst
usr/lib/firmware/rtl_nic/rtl8168d-2.fw.zst
usr/lib/firmware/rtl_nic/rtl8168e-1.fw.zst
usr/lib/firmware/rtl_nic/rtl8168e-2.fw.zst
usr/lib/firmware/rtl_nic/rtl8168e-3.fw.zst
usr/lib/firmware/rtl_nic/rtl8168f-1.fw.zst
usr/lib/firmware/rtl_nic/rtl8168f-2.fw.zst
usr/lib/firmware/rtl_nic/rtl8168fp-3.fw.zst
usr/lib/firmware/rtl_nic/rtl8168g-2.fw.zst
usr/lib/firmware/rtl_nic/rtl8168g-3.fw.zst
usr/lib/firmware/rtl_nic/rtl8168h-2.fw.zst
usr/lib/firmware/rtl_nic/rtl8402-1.fw.zst
usr/lib/firmware/rtl_nic/rtl8411-1.fw.zst
usr/lib/firmware/rtl_nic/rtl8411-2.fw.zst
usr/lib/firmware/slicoss
usr/lib/firmware/slicoss/gbdownload.sys.zst
usr/lib/firmware/slicoss/gbrcvucode.sys.zst
usr/lib/firmware/slicoss/oasisdownload.sys.zst
usr/lib/firmware/slicoss/oasisrcvucode.sys.zst
usr/lib/firmware/sun
usr/lib/firmware/sun/cassini.bin.zst
usr/lib/firmware/tehuti
usr/lib/firmware/tehuti/bdx.bin.zst
usr/lib/firmware/tigon
usr/lib/firmware/tigon/tg3.bin.zst
usr/lib/firmware/tigon/tg357766.bin.zst
usr/lib/firmware/tigon/tg3_tso.bin.zst
usr/lib/firmware/tigon/tg3_tso5.bin.zst
usr/lib/modules
usr/lib/modules/6.8.0-58-generic
usr/lib/modules/6.8.0-58-generic/kernel
usr/lib/modules/6.8.0-58-generic/kernel/arch
usr/lib/modules/6.8.0-58-generic/kernel/arch/x86
usr/lib/modules/6.8.0-58-generic/kernel/arch/x86/crypto
usr/lib/modules/6.8.0-58-generic/kernel/arch/x86/crypto/aegis128-aesni.ko.zst
usr/lib/modules/6.8.0-58-generic/kernel/arch/x86/crypto/aesni-intel.ko.zst
usr/lib/modules/6.8.0-58-generic/kernel/arch/x86/crypto/aria-aesni-avx-x86_64.ko.zst
usr/lib/modules/6.8.0-58-generic/kernel/arch/x86/crypto/aria-aesni-avx2-x86_64.ko.zst
usr/lib/modules/6.8.0-58-generic/kernel/arch/x86/crypto/aria-gfni-avx512-x86_64.ko.zst
usr/lib/modules/6.8.0-58-generic/kernel/arch/x86/crypto/blowfish-x86_64.ko.zst
usr/lib/modules/6.8.0-58-generic/kernel/arch/x86/crypto/camellia-aesni-avx-x86_64.ko.zst
usr/lib/modules/6.8.0-58-generic/kernel/arch/x86/crypto/camellia-aesni-avx2.ko.zst
usr/lib/modules/6.8.0-58-generic/kernel/arch/x86/crypto/camellia-x86_64.ko.zst
usr/lib/modules/6.8.0-58-generic/kernel/arch/x86/crypto/cast5-avx-x86_64.ko.zst
usr/lib/modules/6.8.0-58-generic/kernel/arch/x86/crypto/cast6-avx-x86_64.ko.zst
usr/lib/modules/6.8.0-58-generic/kernel/arch/x86/crypto/chacha-x86_64.ko.zst
usr/lib/modules/6.8.0-58-generic/kernel/arch/x86/crypto/crc32-pclmul.ko.zst
usr/lib/modules/6.8.0-58-generic/kernel/arch/x86/crypto/crct10dif-pclmul.ko.zst
usr/lib/modules/6.8.0-58-generic/kernel/arch/x86/crypto/curve25519-x86_64.ko.zst
usr/lib/modules/6.8.0-58-generic/kernel/arch/x86/crypto/des3_ede-x86_64.ko.zst
usr/lib/modules/6.8.0-58-generic/kernel/arch/x86/crypto/ghash-clmulni-intel.ko.zst
usr/lib/modules/6.8.0-58-generic/kernel/arch/x86/crypto/nhpoly1305-avx2.ko.zst
usr/lib/modules/6.8.0-58-generic/kernel/arch/x86/crypto/nhpoly1305-sse2.ko.zst
usr/lib/modules/6.8.0-58-generic/kernel/arch/x86/crypto/poly1305-x86_64.ko.zst
usr/lib/modules/6.8.0-58-generic/kernel/arch/x86/crypto/polyval-clmulni.ko.zst
usr/lib/modules/6.8.0-58-generic/kernel/arch/x86/crypto/serpent-avx-x86_64.ko.zst
usr/lib/modules/6.8.0-58-generic/kernel/arch/x86/crypto/serpent-avx2.ko.zst
usr/lib/modules/6.8.0-58-generic/kernel/arch/x86/crypto/serpent-sse2-x86_64.ko.zst
usr/lib/modules/6.8.0-58-generic/kernel/arch/x86/crypto/sha1-ssse3.ko.zst
usr/lib/modules/6.8.0-58-generic/kernel/arch/x86/crypto/sha256-ssse3.ko.zst
usr/lib/modules/6.8.0-58-generic/kernel/arch/x86/crypto/sm3-avx-x86_64.ko.zst
usr/lib/modules/6.8.0-58-generic/kernel/arch/x86/crypto/sm4-aesni-avx-x86_64.ko.zst
usr/lib/modules/6.8.0-58-generic/kernel/arch/x86/crypto/sm4-aesni-avx2-x86_64.ko.zst
usr/lib/modules/6.8.0-58-generic/kernel/arch/x86/crypto/twofish-avx-x86_64.ko.zst
usr/lib/modules/6.8.0-58-generic/kernel/arch/x86/crypto/twofish-x86_64-3way.ko.zst
usr/lib/modules/6.8.0-58-generic/kernel/arch/x86/crypto/twofish-x86_64.ko.zst
usr/lib/modules/6.8.0-58-generic/kernel/crypto
usr/lib/modules/6.8.0-58-generic/kernel/crypto/842.ko.zst
usr/lib/modules/6.8.0-58-generic/kernel/crypto/adiantum.ko.zst
usr/lib/modules/6.8.0-58-generic/kernel/crypto/aegis128.ko.zst
usr/lib/modules/6.8.0-58-generic/kernel/crypto/aes_ti.ko.zst
usr/lib/modules/6.8.0-58-generic/kernel/crypto/af_alg.ko.zst
usr/lib/modules/6.8.0-58-generic/kernel/crypto/algif_aead.ko.zst
usr/lib/modules/6.8.0-58-generic/kernel/crypto/algif_hash.ko.zst
usr/lib/modules/6.8.0-58-generic/kernel/crypto/algif_rng.ko.zst
usr/lib/modules/6.8.0-58-generic/kernel/crypto/algif_skcipher.ko.zst
usr/lib/modules/6.8.0-58-generic/kernel/crypto/ansi_cprng.ko.zst
usr/lib/modules/6.8.0-58-generic/kernel/crypto/aria_generic.ko.zst
usr/lib/modules/6.8.0-58-generic/kernel/crypto/asymmetric_keys
usr/lib/modules/6.8.0-58-generic/kernel/crypto/asymmetric_keys/pkcs7_test_key.ko.zst
usr/lib/modules/6.8.0-58-generic/kernel/crypto/asymmetric_keys/pkcs8_key_parser.ko.zst
usr/lib/modules/6.8.0-58-generic/kernel/crypto/async_tx
usr/lib/modules/6.8.0-58-generic/kernel/crypto/async_tx/async_memcpy.ko.zst
usr/lib/modules/6.8.0-58-generic/kernel/crypto/async_tx/async_pq.ko.zst
usr/lib/modules/6.8.0-58-generic/kernel/crypto/async_tx/async_raid6_recov.ko.zst
usr/lib/modules/6.8.0-58-generic/kernel/crypto/async_tx/async_tx.ko.zst
usr/lib/modules/6.8.0-58-generic/kernel/crypto/async_tx/async_xor.ko.zst
usr/lib/modules/6.8.0-58-generic/kernel/crypto/authenc.ko.zst
usr/lib/modules/6.8.0-58-generic/kernel/crypto/authencesn.ko.zst
usr/lib/modules/6.8.0-58-generic/kernel/crypto/blake2b_generic.ko.zst
usr/lib/modules/6.8.0-58-generic/kernel/crypto/blowfish_common.ko.zst
usr/lib/modules/6.8.0-58-generic/kernel/crypto/blowfish_generic.ko.zst
usr/lib/modules/6.8.0-58-generic/kernel/crypto/camellia_generic.ko.zst
usr/lib/modules/6.8.0-58-generic/kernel/crypto/cast5_generic.ko.zst
usr/lib/modules/6.8.0-58-generic/kernel/crypto/cast6_generic.ko.zst
usr/lib/modules/6.8.0-58-generic/kernel/crypto/cast_common.ko.zst
usr/lib/modules/6.8.0-58-generic/kernel/crypto/ccm.ko.zst
usr/lib/modules/6.8.0-58-generic/kernel/crypto/chacha20poly1305.ko.zst
usr/lib/modules/6.8.0-58-generic/kernel/crypto/chacha_generic.ko.zst
usr/lib/modules/6.8.0-58-generic/kernel/crypto/cmac.ko.zst
usr/lib/modules/6.8.0-58-generic/kernel/crypto/crc32_generic.ko.zst
usr/lib/modules/6.8.0-58-generic/kernel/crypto/cryptd.ko.zst
usr/lib/modules/6.8.0-58-generic/kernel/crypto/crypto_engine.ko.zst
usr/lib/modules/6.8.0-58-generic/kernel/crypto/crypto_simd.ko.zst
usr/lib/modules/6.8.0-58-generic/kernel/crypto/crypto_user.ko.zst
usr/lib/modules/6.8.0-58-generic/kernel/crypto/curve25519-generic.ko.zst
usr/lib/modules/6.8.0-58-generic/kernel/crypto/des_generic.ko.zst
usr/lib/modules/6.8.0-58-generic/kernel/crypto/ecc.ko.zst
usr/lib/modules/6.8.0-58-generic/kernel/crypto/ecdh_generic.ko.zst
usr/lib/modules/6.8.0-58-generic/kernel/crypto/ecdsa_generic.ko.zst
usr/lib/modules/6.8.0-58-generic/kernel/crypto/echainiv.ko.zst
usr/lib/modules/6.8.0-58-generic/kernel/crypto/ecrdsa_generic.ko.zst
usr/lib/modules/6.8.0-58-generic/kernel/crypto/essiv.ko.zst
usr/lib/modules/6.8.0-58-generic/kernel/crypto/fcrypt.ko.zst
usr/lib/modules/6.8.0-58-generic/kernel/crypto/hctr2.ko.zst
usr/lib/modules/6.8.0-58-generic/kernel/crypto/keywrap.ko.zst
usr/lib/modules/6.8.0-58-generic/kernel/crypto/lrw.ko.zst
usr/lib/modules/6.8.0-58-generic/kernel/crypto/lz4.ko.zst
usr/lib/modules/6.8.0-58-generic/kernel/crypto/lz4hc.ko.zst
usr/lib/modules/6.8.0-58-generic/kernel/crypto/md4.ko.zst
usr/lib/modules/6.8.0-58-generic/kernel/crypto/michael_mic.ko.zst
usr/lib/modules/6.8.0-58-generic/kernel/crypto/nhpoly1305.ko.zst
usr/lib/modules/6.8.0-58-generic/kernel/crypto/pcbc.ko.zst
usr/lib/modules/6.8.0-58-generic/kernel/crypto/pcrypt.ko.zst
usr/lib/modules/6.8.0-58-generic/kernel/crypto/poly1305_generic.ko.zst
usr/lib/modules/6.8.0-58-generic/kernel/crypto/polyval-generic.ko.zst
usr/lib/modules/6.8.0-58-generic/kernel/crypto/rmd160.ko.zst
usr/lib/modules/6.8.0-58-generic/kernel/crypto/serpent_generic.ko.zst
usr/lib/modules/6.8.0-58-generic/kernel/crypto/sm2_generic.ko.zst
usr/lib/modules/6.8.0-58-generic/kernel/crypto/sm3.ko.zst
usr/lib/modules/6.8.0-58-generic/kernel/crypto/sm3_generic.ko.zst
usr/lib/modules/6.8.0-58-generic/kernel/crypto/sm4.ko.zst
usr/lib/modules/6.8.0-58-generic/kernel/crypto/sm4_generic.ko.zst
usr/lib/modules/6.8.0-58-generic/kernel/crypto/streebog_generic.ko.zst
usr/lib/modules/6.8.0-58-generic/kernel/crypto/tcrypt.ko.zst
usr/lib/modules/6.8.0-58-generic/kernel/crypto/twofish_common.ko.zst
usr/lib/modules/6.8.0-58-generic/kernel/crypto/twofish_generic.ko.zst
usr/lib/modules/6.8.0-58-generic/kernel/crypto/vmac.ko.zst
usr/lib/modules/6.8.0-58-generic/kernel/crypto/wp512.ko.zst
usr/lib/modules/6.8.0-58-generic/kernel/crypto/xcbc.ko.zst
usr/lib/modules/6.8.0-58-generic/kernel/crypto/xctr.ko.zst
usr/lib/modules/6.8.0-58-generic/kernel/crypto/xor.ko.zst
usr/lib/modules/6.8.0-58-generic/kernel/crypto/xxhash_generic.ko.zst
usr/lib/modules/6.8.0-58-generic/kernel/crypto/zstd.ko.zst
usr/lib/modules/6.8.0-58-generic/kernel/drivers
usr/lib/modules/6.8.0-58-generic/kernel/drivers/acpi
usr/lib/modules/6.8.0-58-generic/kernel/drivers/acpi/nfit
usr/lib/modules/6.8.0-58-generic/kernel/drivers/acpi/nfit/nfit.ko.zst
usr/lib/modules/6.8.0-58-generic/kernel/drivers/acpi/platform_profile.ko.zst
usr/lib/modules/6.8.0-58-generic/kernel/drivers/acpi/video.ko.zst
usr/lib/modules/6.8.0-58-generic/kernel/drivers/ata
usr/lib/modules/6.8.0-58-generic/kernel/drivers/ata/acard-ahci.ko.zst
usr/lib/modules/6.8.0-58-generic/kernel/drivers/ata/ahci.ko.zst
usr/lib/modules/6.8.0-58-generic/kernel/drivers/ata/ahci_dwc.ko.zst
usr/lib/modules/6.8.0-58-generic/kernel/drivers/ata/ahci_platform.ko.zst
usr/lib/modules/6.8.0-58-generic/kernel/drivers/ata/libahci.ko.zst
usr/lib/modules/6.8.0-58-generic/kernel/drivers/ata/libahci_platform.ko.zst
usr/lib/modules/6.8.0-58-generic/kernel/drivers/ata/pata_acpi.ko.zst
usr/lib/modules/6.8.0-58-generic/kernel/drivers/ata/pata_ali.ko.zst
usr/lib/modules/6.8.0-58-generic/kernel/drivers/ata/pata_amd.ko.zst
usr/lib/modules/6.8.0-58-generic/kernel/drivers/ata/pata_artop.ko.zst
usr/lib/modules/6.8.0-58-generic/kernel/drivers/ata/pata_atiixp.ko.zst
usr/lib/modules/6.8.0-58-generic/kernel/drivers/ata/pata_atp867x.ko.zst
usr/lib/modules/6.8.0-58-generic/kernel/drivers/ata/pata_cmd640.ko.zst
usr/lib/modules/6.8.0-58-generic/kernel/drivers/ata/pata_cmd64x.ko.zst
usr/lib/modules/6.8.0-58-generic/kernel/drivers/ata/pata_cypress.ko.zst
usr/lib/modules/6.8.0-58-generic/kernel/drivers/ata/pata_efar.ko.zst
usr/lib/modules/6.8.0-58-generic/kernel/drivers/ata/pata_hpt366.ko.zst
usr/lib/modules/6.8.0-58-generic/kernel/drivers/ata/pata_hpt37x.ko.zst
usr/lib/modules/6.8.0-58-generic/kernel/drivers/ata/pata_hpt3x2n.ko.zst
usr/lib/modules/6.8.0-58-generic/kernel/drivers/ata/pata_hpt3x3.ko.zst
usr/lib/modules/6.8.0-58-generic/kernel/drivers/ata/pata_it8213.ko.zst
usr/lib/modules/6.8.0-58-generic/kernel/drivers/ata/pata_it821x.ko.zst
usr/lib/modules/6.8.0-58-generic/kernel/drivers/ata/pata_jmicron.ko.zst
usr/lib/modules/6.8.0-58-generic/kernel/drivers/ata/pata_legacy.ko.zst
usr/lib/modules/6.8.0-58-generic/kernel/drivers/ata/pata_marvell.ko.zst
usr/lib/modules/6.8.0-58-generic/kernel/drivers/ata/pata_mpiix.ko.zst
usr/lib/modules/6.8.0-58-generic/kernel/drivers/ata/pata_netcell.ko.zst
usr/lib/modules/6.8.0-58-generic/kernel/drivers/ata/pata_ninja32.ko.zst
usr/lib/modules/6.8.0-58-generic/kernel/drivers/ata/pata_ns87410.ko.zst
usr/lib/modules/6.8.0-58-generic/kernel/drivers/ata/pata_ns87415.ko.zst
usr/lib/modules/6.8.0-58-generic/kernel/drivers/ata/pata_oldpiix.ko.zst
usr/lib/modules/6.8.0-58-generic/kernel/drivers/ata/pata_opti.ko.zst
usr/lib/modules/6.8.0-58-generic/kernel/drivers/ata/pata_optidma.ko.zst
usr/lib/modules/6.8.0-58-generic/kernel/drivers/ata/pata_parport
usr/lib/modules/6.8.0-58-generic/kernel/drivers/ata/pata_parport/pata_parport.ko.zst
usr/lib/modules/6.8.0-58-generic/kernel/drivers/ata/pata_pcmcia.ko.zst
usr/lib/modules/6.8.0-58-generic/kernel/drivers/ata/pata_pdc2027x.ko.zst
usr/lib/modules/6.8.0-58-generic/kernel/drivers/ata/pata_pdc202xx_old.ko.zst
usr/lib/modules/6.8.0-58-generic/kernel/drivers/ata/pata_piccolo.ko.zst
usr/lib/modules/6.8.0-58-generic/kernel/drivers/ata/pata_radisys.ko.zst
usr/lib/modules/6.8.0-58-generic/kernel/drivers/ata/pata_rdc.ko.zst
usr/lib/modules/6.8.0-58-generic/kernel/drivers/ata/pata_rz1000.ko.zst
usr/lib/modules/6.8.0-58-generic/kernel/drivers/ata/pata_sch.ko.zst
usr/lib/modules/6.8.0-58-generic/kernel/drivers/ata/pata_serverworks.ko.zst
usr/lib/modules/6.8.0-58-generic/kernel/drivers/ata/pata_sil680.ko.zst
usr/lib/modules/6.8.0-58-generic/kernel/drivers/ata/pata_sl82c105.ko.zst
usr/lib/modules/6.8.0-58-generic/kernel/drivers/ata/pata_triflex.ko.zst
usr/lib/modules/6.8.0-58-generic/kernel/drivers/ata/pata_via.ko.zst
usr/lib/modules/6.8.0-58-generic/kernel/drivers/ata/pdc_adma.ko.zst
usr/lib/modules/6.8.0-58-generic/kernel/drivers/ata/sata_inic162x.ko.zst
usr/lib/modules/6.8.0-58-generic/kernel/drivers/ata/sata_mv.ko.zst
usr/lib/modules/6.8.0-58-generic/kernel/drivers/ata/sata_nv.ko.zst
usr/lib/modules/6.8.0-58-generic/kernel/drivers/ata/sata_promise.ko.zst
usr/lib/modules/6.8.0-58-generic/kernel/drivers/ata/sata_qstor.ko.zst
usr/lib/modules/6.8.0-58-generic/kernel/drivers/ata/sata_sil.ko.zst
usr/lib/modules/6.8.0-58-generic/kernel/drivers/ata/sata_sil24.ko.zst
usr/lib/modules/6.8.0-58-generic/kernel/drivers/ata/sata_sis.ko.zst
usr/lib/modules/6.8.0-58-generic/kernel/drivers/ata/sata_svw.ko.zst
usr/lib/modules/6.8.0-58-generic/kernel/drivers/ata/sata_sx4.ko.zst
usr/lib/modules/6.8.0-58-generic/kernel/drivers/ata/sata_uli.ko.zst
usr/lib/modules/6.8.0-58-generic/kernel/drivers/ata/sata_via.ko.zst
usr/lib/modules/6.8.0-58-generic/kernel/drivers/ata/sata_vsc.ko.zst
usr/lib/modules/6.8.0-58-generic/kernel/drivers/block
usr/lib/modules/6.8.0-58-generic/kernel/drivers/block/aoe
usr/lib/modules/6.8.0-58-generic/kernel/drivers/block/aoe/aoe.ko.zst
usr/lib/modules/6.8.0-58-generic/kernel/drivers/block/floppy.ko.zst
usr/lib/modules/6.8.0-58-generic/kernel/drivers/block/mtip32xx
usr/lib/modules/6.8.0-58-generic/kernel/drivers/block/mtip32xx/mtip32xx.ko.zst
usr/lib/modules/6.8.0-58-generic/kernel/drivers/block/nbd.ko.zst
usr/lib/modules/6.8.0-58-generic/kernel/drivers/block/null_blk
usr/lib/modules/6.8.0-58-generic/kernel/drivers/block/null_blk/null_blk.ko.zst
usr/lib/modules/6.8.0-58-generic/kernel/drivers/block/rbd.ko.zst
usr/lib/modules/6.8.0-58-generic/kernel/drivers/block/rnbd
usr/lib/modules/6.8.0-58-generic/kernel/drivers/block/rnbd/rnbd-client.ko.zst
usr/lib/modules/6.8.0-58-generic/kernel/drivers/block/ublk_drv.ko.zst
usr/lib/modules/6.8.0-58-generic/kernel/drivers/bus
usr/lib/modules/6.8.0-58-generic/kernel/drivers/bus/mhi
usr/lib/modules/6.8.0-58-generic/kernel/drivers/bus/mhi/ep
usr/lib/modules/6.8.0-58-generic/kernel/drivers/bus/mhi/ep/mhi_ep.ko.zst
usr/lib/modules/6.8.0-58-generic/kernel/drivers/bus/mhi/host
usr/lib/modules/6.8.0-58-generic/kernel/drivers/bus/mhi/host/mhi.ko.zst
usr/lib/modules/6.8.0-58-generic/kernel/drivers/bus/mhi/host/mhi_pci_generic.ko.zst
usr/lib/modules/6.8.0-58-generic/kernel/drivers/char
usr/lib/modules/6.8.0-58-generic/kernel/drivers/char/hw_random
usr/lib/modules/6.8.0-58-generic/kernel/drivers/char/hw_random/amd-rng.ko.zst
usr/lib/modules/6.8.0-58-generic/kernel/drivers/char/hw_random/ba431-rng.ko.zst
usr/lib/modules/6.8.0-58-generic/kernel/drivers/char/hw_random/intel-rng.ko.zst
usr/lib/modules/6.8.0-58-generic/kernel/drivers/char/hw_random/timeriomem-rng.ko.zst
usr/lib/modules/6.8.0-58-generic/kernel/drivers/char/hw_random/via-rng.ko.zst
usr/lib/modules/6.8.0-58-generic/kernel/drivers/char/hw_random/virtio-rng.ko.zst
usr/lib/modules/6.8.0-58-generic/kernel/drivers/char/hw_random/xiphera-trng.ko.zst
usr/lib/modules/6.8.0-58-generic/kernel/drivers/char/nvram.ko.zst
usr/lib/modules/6.8.0-58-generic/kernel/drivers/dax
usr/lib/modules/6.8.0-58-generic/kernel/drivers/dax/dax_pmem.ko.zst
usr/lib/modules/6.8.0-58-generic/kernel/drivers/dca
usr/lib/modules/6.8.0-58-generic/kernel/drivers/dca/dca.ko.zst
usr/lib/modules/6.8.0-58-generic/kernel/drivers/dma
usr/lib/modules/6.8.0-58-generic/kernel/drivers/dma/dw
usr/lib/modules/6.8.0-58-generic/kernel/drivers/dma/dw/dw_dmac.ko.zst
usr/lib/modules/6.8.0-58-generic/kernel/drivers/dma/dw/dw_dmac_core.ko.zst
usr/lib/modules/6.8.0-58-generic/kernel/drivers/dma/idma64.ko.zst
usr/lib/modules/6.8.0-58-generic/kernel/drivers/extcon
usr/lib/modules/6.8.0-58-generic/kernel/drivers/extcon/extcon-usb-gpio.ko.zst
usr/lib/modules/6.8.0-58-generic/kernel/drivers/extcon/extcon-usbc-cros-ec.ko.zst
usr/lib/modules/6.8.0-58-generic/kernel/drivers/firewire
usr/lib/modules/6.8.0-58-generic/kernel/drivers/firewire/firewire-core.ko.zst
usr/lib/modules/6.8.0-58-generic/kernel/drivers/firewire/firewire-ohci.ko.zst
usr/lib/modules/6.8.0-58-generic/kernel/drivers/firewire/firewire-sbp2.ko.zst
usr/lib/modules/6.8.0-58-generic/kernel/drivers/firmware
usr/lib/modules/6.8.0-58-generic/kernel/drivers/firmware/iscsi_ibft.ko.zst
usr/lib/modules/6.8.0-58-generic/kernel/drivers/fpga
usr/lib/modules/6.8.0-58-generic/kernel/drivers/fpga/dfl.ko.zst
usr/lib/modules/6.8.0-58-generic/kernel/drivers/fpga/fpga-bridge.ko.zst
usr/lib/modules/6.8.0-58-generic/kernel/drivers/fpga/fpga-mgr.ko.zst
usr/lib/modules/6.8.0-58-generic/kernel/drivers/fpga/fpga-region.ko.zst
usr/lib/modules/6.8.0-58-generic/kernel/drivers/gnss
usr/lib/modules/6.8.0-58-generic/kernel/drivers/gnss/gnss.ko.zst
usr/lib/modules/6.8.0-58-generic/kernel/drivers/gpu
usr/lib/modules/6.8.0-58-generic/kernel/drivers/gpu/drm
usr/lib/modules/6.8.0-58-generic/kernel/drivers/gpu/drm/drm_dma_helper.ko.zst
usr/lib/modules/6.8.0-58-generic/kernel/drivers/gpu/drm/drm_mipi_dbi.ko.zst
usr/lib/modules/6.8.0-58-generic/kernel/drivers/gpu/drm/drm_ttm_helper.ko.zst
usr/lib/modules/6.8.0-58-generic/kernel/drivers/gpu/drm/drm_vram_helper.ko.zst
usr/lib/modules/6.8.0-58-generic/kernel/drivers/gpu/drm/tiny
usr/lib/modules/6.8.0-58-generic/kernel/drivers/gpu/drm/tiny/bochs.ko.zst
usr/lib/modules/6.8.0-58-generic/kernel/drivers/gpu/drm/tiny/cirrus.ko.zst
usr/lib/modules/6.8.0-58-generic/kernel/drivers/gpu/drm/tiny/gm12u320.ko.zst
usr/lib/modules/6.8.0-58-generic/kernel/drivers/gpu/drm/tiny/hx8357d.ko.zst
usr/lib/modules/6.8.0-58-generic/kernel/drivers/gpu/drm/tiny/ili9163.ko.zst
usr/lib/modules/6.8.0-58-generic/kernel/drivers/gpu/drm/tiny/ili9225.ko.zst
usr/lib/modules/6.8.0-58-generic/kernel/drivers/gpu/drm/tiny/ili9341.ko.zst
usr/lib/modules/6.8.0-58-generic/kernel/drivers/gpu/drm/tiny/ili9486.ko.zst
usr/lib/modules/6.8.0-58-generic/kernel/drivers/gpu/drm/tiny/mi0283qt.ko.zst
usr/lib/modules/6.8.0-58-generic/kernel/drivers/gpu/drm/tiny/panel-mipi-dbi.ko.zst
usr/lib/modules/6.8.0-58-generic/kernel/drivers/gpu/drm/tiny/repaper.ko.zst
usr/lib/modules/6.8.0-58-generic/kernel/drivers/gpu/drm/tiny/st7586.ko.zst
usr/lib/modules/6.8.0-58-generic/kernel/drivers/gpu/drm/tiny/st7735r.ko.zst
usr/lib/modules/6.8.0-58-generic/kernel/drivers/gpu/drm/ttm
usr/lib/modules/6.8.0-58-generic/kernel/drivers/gpu/drm/ttm/ttm.ko.zst
usr/lib/modules/6.8.0-58-generic/kernel/drivers/gpu/drm/vboxvideo
usr/lib/modules/6.8.0-58-generic/kernel/drivers/gpu/drm/vboxvideo/vboxvideo.ko.zst
usr/lib/modules/6.8.0-58-generic/kernel/drivers/gpu/drm/virtio
usr/lib/modules/6.8.0-58-generic/kernel/drivers/gpu/drm/virtio/virtio-gpu.ko.zst
usr/lib/modules/6.8.0-58-generic/kernel/drivers/hid
usr/lib/modules/6.8.0-58-generic/kernel/drivers/hid/amd-sfh-hid
usr/lib/modules/6.8.0-58-generic/kernel/drivers/hid/amd-sfh-hid/amd_sfh.ko.zst
usr/lib/modules/6.8.0-58-generic/kernel/drivers/hid/hid-accutouch.ko.zst
usr/lib/modules/6.8.0-58-generic/kernel/drivers/hid/hid-alps.ko.zst
usr/lib/modules/6.8.0-58-generic/kernel/drivers/hid/hid-apple.ko.zst
usr/lib/modules/6.8.0-58-generic/kernel/drivers/hid/hid-appleir.ko.zst
usr/lib/modules/6.8.0-58-generic/kernel/drivers/hid/hid-asus.ko.zst
usr/lib/modules/6.8.0-58-generic/kernel/drivers/hid/hid-aureal.ko.zst
usr/lib/modules/6.8.0-58-generic/kernel/drivers/hid/hid-belkin.ko.zst
usr/lib/modules/6.8.0-58-generic/kernel/drivers/hid/hid-cherry.ko.zst
usr/lib/modules/6.8.0-58-generic/kernel/drivers/hid/hid-chicony.ko.zst
usr/lib/modules/6.8.0-58-generic/kernel/drivers/hid/hid-cmedia.ko.zst
usr/lib/modules/6.8.0-58-generic/kernel/drivers/hid/hid-corsair.ko.zst
usr/lib/modules/6.8.0-58-generic/kernel/drivers/hid/hid-cougar.ko.zst
usr/lib/modules/6.8.0-58-generic/kernel/drivers/hid/hid-cp2112.ko.zst
usr/lib/modules/6.8.0-58-generic/kernel/drivers/hid/hid-creative-sb0540.ko.zst
usr/lib/modules/6.8.0-58-generic/kernel/drivers/hid/hid-elan.ko.zst
usr/lib/modules/6.8.0-58-generic/kernel/drivers/hid/hid-elo.ko.zst
usr/lib/modules/6.8.0-58-generic/kernel/drivers/hid/hid-evision.ko.zst
usr/lib/modules/6.8.0-58-generic/kernel/drivers/hid/hid-ezkey.ko.zst
usr/lib/modules/6.8.0-58-generic/kernel/drivers/hid/hid-ft260.ko.zst
usr/lib/modules/6.8.0-58-generic/kernel/drivers/hid/hid-gembird.ko.zst
usr/lib/modules/6.8.0-58-generic/kernel/drivers/hid/hid-generic.ko.zst
usr/lib/modules/6.8.0-58-generic/kernel/drivers/hid/hid-gfrm.ko.zst
usr/lib/modules/6.8.0-58-generic/kernel/drivers/hid/hid-glorious.ko.zst
usr/lib/modules/6.8.0-58-generic/kernel/drivers/hid/hid-google-hammer.ko.zst
usr/lib/modules/6.8.0-58-generic/kernel/drivers/hid/hid-gt683r.ko.zst
usr/lib/modules/6.8.0-58-generic/kernel/drivers/hid/hid-holtek-kbd.ko.zst
usr/lib/modules/6.8.0-58-generic/kernel/drivers/hid/hid-holtek-mouse.ko.zst
usr/lib/modules/6.8.0-58-generic/kernel/drivers/hid/hid-hyperv.ko.zst
usr/lib/modules/6.8.0-58-generic/kernel/drivers/hid/hid-ite.ko.zst
usr/lib/modules/6.8.0-58-generic/kernel/drivers/hid/hid-jabra.ko.zst
usr/lib/modules/6.8.0-58-generic/kernel/drivers/hid/hid-keytouch.ko.zst
usr/lib/modules/6.8.0-58-generic/kernel/drivers/hid/hid-led.ko.zst
usr/lib/modules/6.8.0-58-generic/kernel/drivers/hid/hid-lenovo.ko.zst
usr/lib/modules/6.8.0-58-generic/kernel/drivers/hid/hid-letsketch.ko.zst
usr/lib/modules/6.8.0-58-generic/kernel/drivers/hid/hid-lg-g15.ko.zst
usr/lib/modules/6.8.0-58-generic/kernel/drivers/hid/hid-logitech-dj.ko.zst
usr/lib/modules/6.8.0-58-generic/kernel/drivers/hid/hid-logitech-hidpp.ko.zst
usr/lib/modules/6.8.0-58-generic/kernel/drivers/hid/hid-logitech.ko.zst
usr/lib/modules/6.8.0-58-generic/kernel/drivers/hid/hid-macally.ko.zst
usr/lib/modules/6.8.0-58-generic/kernel/drivers/hid/hid-maltron.ko.zst
usr/lib/modules/6.8.0-58-generic/kernel/drivers/hid/hid-mcp2200.ko.zst
usr/lib/modules/6.8.0-58-generic/kernel/drivers/hid/hid-mcp2221.ko.zst
usr/lib/modules/6.8.0-58-generic/kernel/drivers/hid/hid-megaworld.ko.zst
usr/lib/modules/6.8.0-58-generic/kernel/drivers/hid/hid-mf.ko.zst
usr/lib/modules/6.8.0-58-generic/kernel/drivers/hid/hid-microsoft.ko.zst
usr/lib/modules/6.8.0-58-generic/kernel/drivers/hid/hid-monterey.ko.zst
usr/lib/modules/6.8.0-58-generic/kernel/drivers/hid/hid-multitouch.ko.zst
usr/lib/modules/6.8.0-58-generic/kernel/drivers/hid/hid-nintendo.ko.zst
usr/lib/modules/6.8.0-58-generic/kernel/drivers/hid/hid-nti.ko.zst
usr/lib/modules/6.8.0-58-generic/kernel/drivers/hid/hid-nvidia-shield.ko.zst
usr/lib/modules/6.8.0-58-generic/kernel/drivers/hid/hid-ortek.ko.zst
usr/lib/modules/6.8.0-58-generic/kernel/drivers/hid/hid-penmount.ko.zst
usr/lib/modules/6.8.0-58-generic/kernel/drivers/hid/hid-plantronics.ko.zst
usr/lib/modules/6.8.0-58-generic/kernel/drivers/hid/hid-playstation.ko.zst
usr/lib/modules/6.8.0-58-generic/kernel/drivers/hid/hid-primax.ko.zst
usr/lib/modules/6.8.0-58-generic/kernel/drivers/hid/hid-prodikeys.ko.zst
usr/lib/modules/6.8.0-58-generic/kernel/drivers/hid/hid-pxrc.ko.zst
usr/lib/modules/6.8.0-58-generic/kernel/drivers/hid/hid-razer.ko.zst
usr/lib/modules/6.8.0-58-generic/kernel/drivers/hid/hid-redragon.ko.zst
usr/lib/modules/6.8.0-58-generic/kernel/drivers/hid/hid-retrode.ko.zst
usr/lib/modules/6.8.0-58-generic/kernel/drivers/hid/hid-rmi.ko.zst
usr/lib/modules/6.8.0-58-generic/kernel/drivers/hid/hid-roccat-arvo.ko.zst
usr/lib/modules/6.8.0-58-generic/kernel/drivers/hid/hid-roccat-common.ko.zst
usr/lib/modules/6.8.0-58-generic/kernel/drivers/hid/hid-roccat-isku.ko.zst
usr/lib/modules/6.8.0-58-generic/kernel/drivers/hid/hid-roccat-lua.ko.zst
usr/lib/modules/6.8.0-58-generic/kernel/drivers/hid/hid-roccat-ryos.ko.zst
usr/lib/modules/6.8.0-58-generic/kernel/drivers/hid/hid-roccat-savu.ko.zst
usr/lib/modules/6.8.0-58-generic/kernel/drivers/hid/hid-roccat.ko.zst
usr/lib/modules/6.8.0-58-generic/kernel/drivers/hid/hid-samsung.ko.zst
usr/lib/modules/6.8.0-58-generic/kernel/drivers/hid/hid-semitek.ko.zst
usr/lib/modules/6.8.0-58-generic/kernel/drivers/hid/hid-sensor-custom.ko.zst
usr/lib/modules/6.8.0-58-generic/kernel/drivers/hid/hid-sensor-hub.ko.zst
usr/lib/modules/6.8.0-58-generic/kernel/drivers/hid/hid-sigmamicro.ko.zst
usr/lib/modules/6.8.0-58-generic/kernel/drivers/hid/hid-sjoy.ko.zst
usr/lib/modules/6.8.0-58-generic/kernel/drivers/hid/hid-steam.ko.zst
usr/lib/modules/6.8.0-58-generic/kernel/drivers/hid/hid-steelseries.ko.zst
usr/lib/modules/6.8.0-58-generic/kernel/drivers/hid/hid-sunplus.ko.zst
usr/lib/modules/6.8.0-58-generic/kernel/drivers/hid/hid-thrustmaster.ko.zst
usr/lib/modules/6.8.0-58-generic/kernel/drivers/hid/hid-topre.ko.zst
usr/lib/modules/6.8.0-58-generic/kernel/drivers/hid/hid-topseed.ko.zst
usr/lib/modules/6.8.0-58-generic/kernel/drivers/hid/hid-u2fzero.ko.zst
usr/lib/modules/6.8.0-58-generic/kernel/drivers/hid/hid-udraw-ps3.ko.zst
usr/lib/modules/6.8.0-58-generic/kernel/drivers/hid/hid-viewsonic.ko.zst
usr/lib/modules/6.8.0-58-generic/kernel/drivers/hid/hid-vivaldi-common.ko.zst
usr/lib/modules/6.8.0-58-generic/kernel/drivers/hid/hid-vivaldi.ko.zst
usr/lib/modules/6.8.0-58-generic/kernel/drivers/hid/hid-vrc2.ko.zst
usr/lib/modules/6.8.0-58-generic/kernel/drivers/hid/hid-xiaomi.ko.zst
usr/lib/modules/6.8.0-58-generic/kernel/drivers/hid/hid-xinmo.ko.zst
usr/lib/modules/6.8.0-58-generic/kernel/drivers/hid/hid.ko.zst
usr/lib/modules/6.8.0-58-generic/kernel/drivers/hid/i2c-hid
usr/lib/modules/6.8.0-58-generic/kernel/drivers/hid/i2c-hid/i2c-hid-acpi.ko.zst
usr/lib/modules/6.8.0-58-generic/kernel/drivers/hid/i2c-hid/i2c-hid-of.ko.zst
usr/lib/modules/6.8.0-58-generic/kernel/drivers/hid/i2c-hid/i2c-hid.ko.zst
usr/lib/modules/6.8.0-58-generic/kernel/drivers/hid/intel-ish-hid
usr/lib/modules/6.8.0-58-generic/kernel/drivers/hid/intel-ish-hid/intel-ish-ipc.ko.zst
usr/lib/modules/6.8.0-58-generic/kernel/drivers/hid/intel-ish-hid/intel-ishtp-hid.ko.zst
usr/lib/modules/6.8.0-58-generic/kernel/drivers/hid/intel-ish-hid/intel-ishtp-loader.ko.zst
usr/lib/modules/6.8.0-58-generic/kernel/drivers/hid/intel-ish-hid/intel-ishtp.ko.zst
usr/lib/modules/6.8.0-58-generic/kernel/drivers/hid/surface-hid
usr/lib/modules/6.8.0-58-generic/kernel/drivers/hid/surface-hid/surface_hid.ko.zst
usr/lib/modules/6.8.0-58-generic/kernel/drivers/hid/surface-hid/surface_hid_core.ko.zst
usr/lib/modules/6.8.0-58-generic/kernel/drivers/hid/surface-hid/surface_kbd.ko.zst
usr/lib/modules/6.8.0-58-generic/kernel/drivers/hid/uhid.ko.zst
usr/lib/modules/6.8.0-58-generic/kernel/drivers/hid/usbhid
usr/lib/modules/6.8.0-58-generic/kernel/drivers/hid/usbhid/usbhid.ko.zst
usr/lib/modules/6.8.0-58-generic/kernel/drivers/hid/usbhid/usbkbd.ko.zst
usr/lib/modules/6.8.0-58-generic/kernel/drivers/hid/usbhid/usbmouse.ko.zst
usr/lib/modules/6.8.0-58-generic/kernel/drivers/hid/wacom.ko.zst
usr/lib/modules/6.8.0-58-generic/kernel/drivers/hv
usr/lib/modules/6.8.0-58-generic/kernel/drivers/hv/hv_utils.ko.zst
usr/lib/modules/6.8.0-58-generic/kernel/drivers/hv/hv_vmbus.ko.zst
usr/lib/modules/6.8.0-58-generic/kernel/drivers/i2c
usr/lib/modules/6.8.0-58-generic/kernel/drivers/i2c/algos
usr/lib/modules/6.8.0-58-generic/kernel/drivers/i2c/algos/i2c-algo-bit.ko.zst
usr/lib/modules/6.8.0-58-generic/kernel/drivers/i2c/i2c-mux.ko.zst
usr/lib/modules/6.8.0-58-generic/kernel/drivers/i2c/muxes
usr/lib/modules/6.8.0-58-generic/kernel/drivers/i2c/muxes/i2c-mux-gpio.ko.zst
usr/lib/modules/6.8.0-58-generic/kernel/drivers/i2c/muxes/i2c-mux-ltc4306.ko.zst
usr/lib/modules/6.8.0-58-generic/kernel/drivers/i2c/muxes/i2c-mux-mlxcpld.ko.zst
usr/lib/modules/6.8.0-58-generic/kernel/drivers/i2c/muxes/i2c-mux-pca9541.ko.zst
usr/lib/modules/6.8.0-58-generic/kernel/drivers/i2c/muxes/i2c-mux-pca954x.ko.zst
usr/lib/modules/6.8.0-58-generic/kernel/drivers/i2c/muxes/i2c-mux-reg.ko.zst
usr/lib/modules/6.8.0-58-generic/kernel/drivers/iio
usr/lib/modules/6.8.0-58-generic/kernel/drivers/iio/industrialio.ko.zst
usr/lib/modules/6.8.0-58-generic/kernel/drivers/infiniband
usr/lib/modules/6.8.0-58-generic/kernel/drivers/infiniband/core
usr/lib/modules/6.8.0-58-generic/kernel/drivers/infiniband/core/ib_cm.ko.zst
usr/lib/modules/6.8.0-58-generic/kernel/drivers/infiniband/core/ib_core.ko.zst
usr/lib/modules/6.8.0-58-generic/kernel/drivers/infiniband/core/ib_uverbs.ko.zst
usr/lib/modules/6.8.0-58-generic/kernel/drivers/infiniband/core/iw_cm.ko.zst
usr/lib/modules/6.8.0-58-generic/kernel/drivers/infiniband/core/rdma_cm.ko.zst
usr/lib/modules/6.8.0-58-generic/kernel/drivers/infiniband/hw
usr/lib/modules/6.8.0-58-generic/kernel/drivers/infiniband/hw/mlx4
usr/lib/modules/6.8.0-58-generic/kernel/drivers/infiniband/hw/mlx4/mlx4_ib.ko.zst
usr/lib/modules/6.8.0-58-generic/kernel/drivers/infiniband/hw/mlx5
usr/lib/modules/6.8.0-58-generic/kernel/drivers/infiniband/hw/mlx5/mlx5_ib.ko.zst
usr/lib/modules/6.8.0-58-generic/kernel/drivers/infiniband/ulp
usr/lib/modules/6.8.0-58-generic/kernel/drivers/infiniband/ulp/iser
usr/lib/modules/6.8.0-58-generic/kernel/drivers/infiniband/ulp/iser/ib_iser.ko.zst
usr/lib/modules/6.8.0-58-generic/kernel/drivers/infiniband/ulp/rtrs
usr/lib/modules/6.8.0-58-generic/kernel/drivers/infiniband/ulp/rtrs/rtrs-client.ko.zst
usr/lib/modules/6.8.0-58-generic/kernel/drivers/infiniband/ulp/rtrs/rtrs-core.ko.zst
usr/lib/modules/6.8.0-58-generic/kernel/drivers/input
usr/lib/modules/6.8.0-58-generic/kernel/drivers/input/ff-memless.ko.zst
usr/lib/modules/6.8.0-58-generic/kernel/drivers/input/keyboard
usr/lib/modules/6.8.0-58-generic/kernel/drivers/input/keyboard/adc-keys.ko.zst
usr/lib/modules/6.8.0-58-generic/kernel/drivers/input/keyboard/adp5520-keys.ko.zst
usr/lib/modules/6.8.0-58-generic/kernel/drivers/input/keyboard/adp5588-keys.ko.zst
usr/lib/modules/6.8.0-58-generic/kernel/drivers/input/keyboard/adp5589-keys.ko.zst
usr/lib/modules/6.8.0-58-generic/kernel/drivers/input/keyboard/applespi.ko.zst
usr/lib/modules/6.8.0-58-generic/kernel/drivers/input/keyboard/cros_ec_keyb.ko.zst
usr/lib/modules/6.8.0-58-generic/kernel/drivers/input/keyboard/cypress-sf.ko.zst
usr/lib/modules/6.8.0-58-generic/kernel/drivers/input/keyboard/dlink-dir685-touchkeys.ko.zst
usr/lib/modules/6.8.0-58-generic/kernel/drivers/input/keyboard/gpio_keys.ko.zst
usr/lib/modules/6.8.0-58-generic/kernel/drivers/input/keyboard/gpio_keys_polled.ko.zst
usr/lib/modules/6.8.0-58-generic/kernel/drivers/input/keyboard/iqs62x-keys.ko.zst
usr/lib/modules/6.8.0-58-generic/kernel/drivers/input/keyboard/lkkbd.ko.zst
usr/lib/modules/6.8.0-58-generic/kernel/drivers/input/keyboard/lm8323.ko.zst
usr/lib/modules/6.8.0-58-generic/kernel/drivers/input/keyboard/lm8333.ko.zst
usr/lib/modules/6.8.0-58-generic/kernel/drivers/input/keyboard/matrix_keypad.ko.zst
usr/lib/modules/6.8.0-58-generic/kernel/drivers/input/keyboard/max7359_keypad.ko.zst
usr/lib/modules/6.8.0-58-generic/kernel/drivers/input/keyboard/mcs_touchkey.ko.zst
usr/lib/modules/6.8.0-58-generic/kernel/drivers/input/keyboard/mpr121_touchkey.ko.zst
usr/lib/modules/6.8.0-58-generic/kernel/drivers/input/keyboard/mtk-pmic-keys.ko.zst
usr/lib/modules/6.8.0-58-generic/kernel/drivers/input/keyboard/newtonkbd.ko.zst
usr/lib/modules/6.8.0-58-generic/kernel/drivers/input/keyboard/opencores-kbd.ko.zst
usr/lib/modules/6.8.0-58-generic/kernel/drivers/input/keyboard/pinephone-keyboard.ko.zst
usr/lib/modules/6.8.0-58-generic/kernel/drivers/input/keyboard/qt1050.ko.zst
usr/lib/modules/6.8.0-58-generic/kernel/drivers/input/keyboard/qt1070.ko.zst
usr/lib/modules/6.8.0-58-generic/kernel/drivers/input/keyboard/qt2160.ko.zst
usr/lib/modules/6.8.0-58-generic/kernel/drivers/input/keyboard/samsung-keypad.ko.zst
usr/lib/modules/6.8.0-58-generic/kernel/drivers/input/keyboard/stowaway.ko.zst
usr/lib/modules/6.8.0-58-generic/kernel/drivers/input/keyboard/sunkbd.ko.zst
usr/lib/modules/6.8.0-58-generic/kernel/drivers/input/keyboard/tca6416-keypad.ko.zst
usr/lib/modules/6.8.0-58-generic/kernel/drivers/input/keyboard/tca8418_keypad.ko.zst
usr/lib/modules/6.8.0-58-generic/kernel/drivers/input/keyboard/tm2-touchkey.ko.zst
usr/lib/modules/6.8.0-58-generic/kernel/drivers/input/keyboard/twl4030_keypad.ko.zst
usr/lib/modules/6.8.0-58-generic/kernel/drivers/input/keyboard/xtkbd.ko.zst
usr/lib/modules/6.8.0-58-generic/kernel/drivers/input/matrix-keymap.ko.zst
usr/lib/modules/6.8.0-58-generic/kernel/drivers/input/mouse
usr/lib/modules/6.8.0-58-generic/kernel/drivers/input/mouse/psmouse.ko.zst
usr/lib/modules/6.8.0-58-generic/kernel/drivers/input/rmi4
usr/lib/modules/6.8.0-58-generic/kernel/drivers/input/rmi4/rmi_core.ko.zst
usr/lib/modules/6.8.0-58-generic/kernel/drivers/input/serio
usr/lib/modules/6.8.0-58-generic/kernel/drivers/input/serio/hyperv-keyboard.ko.zst
usr/lib/modules/6.8.0-58-generic/kernel/drivers/input/sparse-keymap.ko.zst
usr/lib/modules/6.8.0-58-generic/kernel/drivers/leds
usr/lib/modules/6.8.0-58-generic/kernel/drivers/leds/led-class-multicolor.ko.zst
usr/lib/modules/6.8.0-58-generic/kernel/drivers/leds/trigger
usr/lib/modules/6.8.0-58-generic/kernel/drivers/leds/trigger/ledtrig-audio.ko.zst
usr/lib/modules/6.8.0-58-generic/kernel/drivers/mcb
usr/lib/modules/6.8.0-58-generic/kernel/drivers/mcb/mcb.ko.zst
usr/lib/modules/6.8.0-58-generic/kernel/drivers/md
usr/lib/modules/6.8.0-58-generic/kernel/drivers/md/bcache
usr/lib/modules/6.8.0-58-generic/kernel/drivers/md/bcache/bcache.ko.zst
usr/lib/modules/6.8.0-58-generic/kernel/drivers/md/dm-bio-prison.ko.zst
usr/lib/modules/6.8.0-58-generic/kernel/drivers/md/dm-bufio.ko.zst
usr/lib/modules/6.8.0-58-generic/kernel/drivers/md/dm-cache-smq.ko.zst
usr/lib/modules/6.8.0-58-generic/kernel/drivers/md/dm-cache.ko.zst
usr/lib/modules/6.8.0-58-generic/kernel/drivers/md/dm-crypt.ko.zst
usr/lib/modules/6.8.0-58-generic/kernel/drivers/md/dm-log.ko.zst
usr/lib/modules/6.8.0-58-generic/kernel/drivers/md/dm-mirror.ko.zst
usr/lib/modules/6.8.0-58-generic/kernel/drivers/md/dm-raid.ko.zst
usr/lib/modules/6.8.0-58-generic/kernel/drivers/md/dm-region-hash.ko.zst
usr/lib/modules/6.8.0-58-generic/kernel/drivers/md/dm-snapshot.ko.zst
usr/lib/modules/6.8.0-58-generic/kernel/drivers/md/dm-thin-pool.ko.zst
usr/lib/modules/6.8.0-58-generic/kernel/drivers/md/persistent-data
usr/lib/modules/6.8.0-58-generic/kernel/drivers/md/persistent-data/dm-persistent-data.ko.zst
usr/lib/modules/6.8.0-58-generic/kernel/drivers/md/raid0.ko.zst
usr/lib/modules/6.8.0-58-generic/kernel/drivers/md/raid1.ko.zst
usr/lib/modules/6.8.0-58-generic/kernel/drivers/md/raid10.ko.zst
usr/lib/modules/6.8.0-58-generic/kernel/drivers/md/raid456.ko.zst
usr/lib/modules/6.8.0-58-generic/kernel/drivers/media
usr/lib/modules/6.8.0-58-generic/kernel/drivers/media/common
usr/lib/modules/6.8.0-58-generic/kernel/drivers/media/common/videobuf2
usr/lib/modules/6.8.0-58-generic/kernel/drivers/media/common/videobuf2/videobuf2-common.ko.zst
usr/lib/modules/6.8.0-58-generic/kernel/drivers/media/common/videobuf2/videobuf2-memops.ko.zst
usr/lib/modules/6.8.0-58-generic/kernel/drivers/media/common/videobuf2/videobuf2-v4l2.ko.zst
usr/lib/modules/6.8.0-58-generic/kernel/drivers/media/common/videobuf2/videobuf2-vmalloc.ko.zst
usr/lib/modules/6.8.0-58-generic/kernel/drivers/media/mc
usr/lib/modules/6.8.0-58-generic/kernel/drivers/media/mc/mc.ko.zst
usr/lib/modules/6.8.0-58-generic/kernel/drivers/media/v4l2-core
usr/lib/modules/6.8.0-58-generic/kernel/drivers/media/v4l2-core/videodev.ko.zst
usr/lib/modules/6.8.0-58-generic/kernel/drivers/message
usr/lib/modules/6.8.0-58-generic/kernel/drivers/message/fusion
usr/lib/modules/6.8.0-58-generic/kernel/drivers/message/fusion/mptbase.ko.zst
usr/lib/modules/6.8.0-58-generic/kernel/drivers/message/fusion/mptfc.ko.zst
usr/lib/modules/6.8.0-58-generic/kernel/drivers/message/fusion/mptsas.ko.zst
usr/lib/modules/6.8.0-58-generic/kernel/drivers/message/fusion/mptscsih.ko.zst
usr/lib/modules/6.8.0-58-generic/kernel/drivers/message/fusion/mptspi.ko.zst
usr/lib/modules/6.8.0-58-generic/kernel/drivers/mfd
usr/lib/modules/6.8.0-58-generic/kernel/drivers/mfd/intel-lpss-pci.ko.zst
usr/lib/modules/6.8.0-58-generic/kernel/drivers/mfd/intel-lpss.ko.zst
usr/lib/modules/6.8.0-58-generic/kernel/drivers/mfd/iqs62x.ko.zst
usr/lib/modules/6.8.0-58-generic/kernel/drivers/misc
usr/lib/modules/6.8.0-58-generic/kernel/drivers/misc/cardreader
usr/lib/modules/6.8.0-58-generic/kernel/drivers/misc/cardreader/alcor_pci.ko.zst
usr/lib/modules/6.8.0-58-generic/kernel/drivers/misc/cardreader/rtsx_pci.ko.zst
usr/lib/modules/6.8.0-58-generic/kernel/drivers/misc/cardreader/rtsx_usb.ko.zst
usr/lib/modules/6.8.0-58-generic/kernel/drivers/misc/cb710
usr/lib/modules/6.8.0-58-generic/kernel/drivers/misc/cb710/cb710.ko.zst
usr/lib/modules/6.8.0-58-generic/kernel/drivers/misc/eeprom
usr/lib/modules/6.8.0-58-generic/kernel/drivers/misc/eeprom/eeprom_93cx6.ko.zst
usr/lib/modules/6.8.0-58-generic/kernel/drivers/misc/tifm_core.ko.zst
usr/lib/modules/6.8.0-58-generic/kernel/drivers/mmc
usr/lib/modules/6.8.0-58-generic/kernel/drivers/mmc/core
usr/lib/modules/6.8.0-58-generic/kernel/drivers/mmc/core/mmc_block.ko.zst
usr/lib/modules/6.8.0-58-generic/kernel/drivers/mmc/core/sdio_uart.ko.zst
usr/lib/modules/6.8.0-58-generic/kernel/drivers/mmc/host
usr/lib/modules/6.8.0-58-generic/kernel/drivers/mmc/host/alcor.ko.zst
usr/lib/modules/6.8.0-58-generic/kernel/drivers/mmc/host/cb710-mmc.ko.zst
usr/lib/modules/6.8.0-58-generic/kernel/drivers/mmc/host/cqhci.ko.zst
usr/lib/modules/6.8.0-58-generic/kernel/drivers/mmc/host/mmc_spi.ko.zst
usr/lib/modules/6.8.0-58-generic/kernel/drivers/mmc/host/mtk-sd.ko.zst
usr/lib/modules/6.8.0-58-generic/kernel/drivers/mmc/host/of_mmc_spi.ko.zst
usr/lib/modules/6.8.0-58-generic/kernel/drivers/mmc/host/rtsx_pci_sdmmc.ko.zst
usr/lib/modules/6.8.0-58-generic/kernel/drivers/mmc/host/rtsx_usb_sdmmc.ko.zst
usr/lib/modules/6.8.0-58-generic/kernel/drivers/mmc/host/sdhci-acpi.ko.zst
usr/lib/modules/6.8.0-58-generic/kernel/drivers/mmc/host/sdhci-pci.ko.zst
usr/lib/modules/6.8.0-58-generic/kernel/drivers/mmc/host/sdhci-pltfm.ko.zst
usr/lib/modules/6.8.0-58-generic/kernel/drivers/mmc/host/sdhci-xenon-driver.ko.zst
usr/lib/modules/6.8.0-58-generic/kernel/drivers/mmc/host/sdhci.ko.zst
usr/lib/modules/6.8.0-58-generic/kernel/drivers/mmc/host/sdhci_f_sdh30.ko.zst
usr/lib/modules/6.8.0-58-generic/kernel/drivers/mmc/host/sdricoh_cs.ko.zst
usr/lib/modules/6.8.0-58-generic/kernel/drivers/mmc/host/tifm_sd.ko.zst
usr/lib/modules/6.8.0-58-generic/kernel/drivers/mmc/host/toshsd.ko.zst
usr/lib/modules/6.8.0-58-generic/kernel/drivers/mmc/host/usdhi6rol0.ko.zst
usr/lib/modules/6.8.0-58-generic/kernel/drivers/mmc/host/ushc.ko.zst
usr/lib/modules/6.8.0-58-generic/kernel/drivers/mmc/host/via-sdmmc.ko.zst
usr/lib/modules/6.8.0-58-generic/kernel/drivers/mmc/host/vub300.ko.zst
usr/lib/modules/6.8.0-58-generic/kernel/drivers/mmc/host/wbsd.ko.zst
usr/lib/modules/6.8.0-58-generic/kernel/drivers/mtd
usr/lib/modules/6.8.0-58-generic/kernel/drivers/mtd/mtd.ko.zst
usr/lib/modules/6.8.0-58-generic/kernel/drivers/net
usr/lib/modules/6.8.0-58-generic/kernel/drivers/net/ethernet
usr/lib/modules/6.8.0-58-generic/kernel/drivers/net/ethernet/3com
usr/lib/modules/6.8.0-58-generic/kernel/drivers/net/ethernet/3com/3c509.ko.zst
usr/lib/modules/6.8.0-58-generic/kernel/drivers/net/ethernet/3com/3c574_cs.ko.zst
usr/lib/modules/6.8.0-58-generic/kernel/drivers/net/ethernet/3com/3c589_cs.ko.zst
usr/lib/modules/6.8.0-58-generic/kernel/drivers/net/ethernet/3com/3c59x.ko.zst
usr/lib/modules/6.8.0-58-generic/kernel/drivers/net/ethernet/3com/typhoon.ko.zst
usr/lib/modules/6.8.0-58-generic/kernel/drivers/net/ethernet/8390
usr/lib/modules/6.8.0-58-generic/kernel/drivers/net/ethernet/8390/8390.ko.zst
usr/lib/modules/6.8.0-58-generic/kernel/drivers/net/ethernet/8390/axnet_cs.ko.zst
usr/lib/modules/6.8.0-58-generic/kernel/drivers/net/ethernet/8390/ne2k-pci.ko.zst
usr/lib/modules/6.8.0-58-generic/kernel/drivers/net/ethernet/8390/pcnet_cs.ko.zst
usr/lib/modules/6.8.0-58-generic/kernel/drivers/net/ethernet/adaptec
usr/lib/modules/6.8.0-58-generic/kernel/drivers/net/ethernet/adaptec/starfire.ko.zst
usr/lib/modules/6.8.0-58-generic/kernel/drivers/net/ethernet/adi
usr/lib/modules/6.8.0-58-generic/kernel/drivers/net/ethernet/adi/adin1110.ko.zst
usr/lib/modules/6.8.0-58-generic/kernel/drivers/net/ethernet/agere
usr/lib/modules/6.8.0-58-generic/kernel/drivers/net/ethernet/agere/et131x.ko.zst
usr/lib/modules/6.8.0-58-generic/kernel/drivers/net/ethernet/alacritech
usr/lib/modules/6.8.0-58-generic/kernel/drivers/net/ethernet/alacritech/slicoss.ko.zst
usr/lib/modules/6.8.0-58-generic/kernel/drivers/net/ethernet/alteon
usr/lib/modules/6.8.0-58-generic/kernel/drivers/net/ethernet/alteon/acenic.ko.zst
usr/lib/modules/6.8.0-58-generic/kernel/drivers/net/ethernet/altera
usr/lib/modules/6.8.0-58-generic/kernel/drivers/net/ethernet/altera/altera_tse.ko.zst
usr/lib/modules/6.8.0-58-generic/kernel/drivers/net/ethernet/amazon
usr/lib/modules/6.8.0-58-generic/kernel/drivers/net/ethernet/amazon/ena
usr/lib/modules/6.8.0-58-generic/kernel/drivers/net/ethernet/amazon/ena/ena.ko.zst
usr/lib/modules/6.8.0-58-generic/kernel/drivers/net/ethernet/amd
usr/lib/modules/6.8.0-58-generic/kernel/drivers/net/ethernet/amd/amd8111e.ko.zst
usr/lib/modules/6.8.0-58-generic/kernel/drivers/net/ethernet/amd/nmclan_cs.ko.zst
usr/lib/modules/6.8.0-58-generic/kernel/drivers/net/ethernet/amd/pcnet32.ko.zst
usr/lib/modules/6.8.0-58-generic/kernel/drivers/net/ethernet/amd/pds_core
usr/lib/modules/6.8.0-58-generic/kernel/drivers/net/ethernet/amd/pds_core/pds_core.ko.zst
usr/lib/modules/6.8.0-58-generic/kernel/drivers/net/ethernet/amd/xgbe
usr/lib/modules/6.8.0-58-generic/kernel/drivers/net/ethernet/amd/xgbe/amd-xgbe.ko.zst
usr/lib/modules/6.8.0-58-generic/kernel/drivers/net/ethernet/aquantia
usr/lib/modules/6.8.0-58-generic/kernel/drivers/net/ethernet/aquantia/atlantic
usr/lib/modules/6.8.0-58-generic/kernel/drivers/net/ethernet/aquantia/atlantic/atlantic.ko.zst
usr/lib/modules/6.8.0-58-generic/kernel/drivers/net/ethernet/asix
usr/lib/modules/6.8.0-58-generic/kernel/drivers/net/ethernet/asix/ax88796c.ko.zst
usr/lib/modules/6.8.0-58-generic/kernel/drivers/net/ethernet/atheros
usr/lib/modules/6.8.0-58-generic/kernel/drivers/net/ethernet/atheros/alx
usr/lib/modules/6.8.0-58-generic/kernel/drivers/net/ethernet/atheros/alx/alx.ko.zst
usr/lib/modules/6.8.0-58-generic/kernel/drivers/net/ethernet/atheros/atl1c
usr/lib/modules/6.8.0-58-generic/kernel/drivers/net/ethernet/atheros/atl1c/atl1c.ko.zst
usr/lib/modules/6.8.0-58-generic/kernel/drivers/net/ethernet/atheros/atl1e
usr/lib/modules/6.8.0-58-generic/kernel/drivers/net/ethernet/atheros/atl1e/atl1e.ko.zst
usr/lib/modules/6.8.0-58-generic/kernel/drivers/net/ethernet/atheros/atlx
usr/lib/modules/6.8.0-58-generic/kernel/drivers/net/ethernet/atheros/atlx/atl1.ko.zst
usr/lib/modules/6.8.0-58-generic/kernel/drivers/net/ethernet/atheros/atlx/atl2.ko.zst
usr/lib/modules/6.8.0-58-generic/kernel/drivers/net/ethernet/broadcom
usr/lib/modules/6.8.0-58-generic/kernel/drivers/net/ethernet/broadcom/b44.ko.zst
usr/lib/modules/6.8.0-58-generic/kernel/drivers/net/ethernet/broadcom/bcmsysport.ko.zst
usr/lib/modules/6.8.0-58-generic/kernel/drivers/net/ethernet/broadcom/bnx2.ko.zst
usr/lib/modules/6.8.0-58-generic/kernel/drivers/net/ethernet/broadcom/bnx2x
usr/lib/modules/6.8.0-58-generic/kernel/drivers/net/ethernet/broadcom/bnx2x/bnx2x.ko.zst
usr/lib/modules/6.8.0-58-generic/kernel/drivers/net/ethernet/broadcom/bnxt
usr/lib/modules/6.8.0-58-generic/kernel/drivers/net/ethernet/broadcom/bnxt/bnxt_en.ko.zst
usr/lib/modules/6.8.0-58-generic/kernel/drivers/net/ethernet/broadcom/cnic.ko.zst
usr/lib/modules/6.8.0-58-generic/kernel/drivers/net/ethernet/broadcom/genet
usr/lib/modules/6.8.0-58-generic/kernel/drivers/net/ethernet/broadcom/genet/genet.ko.zst
usr/lib/modules/6.8.0-58-generic/kernel/drivers/net/ethernet/broadcom/tg3.ko.zst
usr/lib/modules/6.8.0-58-generic/kernel/drivers/net/ethernet/brocade
usr/lib/modules/6.8.0-58-generic/kernel/drivers/net/ethernet/brocade/bna
usr/lib/modules/6.8.0-58-generic/kernel/drivers/net/ethernet/brocade/bna/bna.ko.zst
usr/lib/modules/6.8.0-58-generic/kernel/drivers/net/ethernet/cadence
usr/lib/modules/6.8.0-58-generic/kernel/drivers/net/ethernet/cadence/macb.ko.zst
usr/lib/modules/6.8.0-58-generic/kernel/drivers/net/ethernet/cadence/macb_pci.ko.zst
usr/lib/modules/6.8.0-58-generic/kernel/drivers/net/ethernet/cavium
usr/lib/modules/6.8.0-58-generic/kernel/drivers/net/ethernet/cavium/common
usr/lib/modules/6.8.0-58-generic/kernel/drivers/net/ethernet/cavium/common/cavium_ptp.ko.zst
usr/lib/modules/6.8.0-58-generic/kernel/drivers/net/ethernet/cavium/liquidio
usr/lib/modules/6.8.0-58-generic/kernel/drivers/net/ethernet/cavium/liquidio/liquidio-core.ko.zst
usr/lib/modules/6.8.0-58-generic/kernel/drivers/net/ethernet/cavium/liquidio/liquidio.ko.zst
usr/lib/modules/6.8.0-58-generic/kernel/drivers/net/ethernet/cavium/liquidio/liquidio_vf.ko.zst
usr/lib/modules/6.8.0-58-generic/kernel/drivers/net/ethernet/cavium/thunder
usr/lib/modules/6.8.0-58-generic/kernel/drivers/net/ethernet/cavium/thunder/nicpf.ko.zst
usr/lib/modules/6.8.0-58-generic/kernel/drivers/net/ethernet/cavium/thunder/nicvf.ko.zst
usr/lib/modules/6.8.0-58-generic/kernel/drivers/net/ethernet/cavium/thunder/thunder_bgx.ko.zst
usr/lib/modules/6.8.0-58-generic/kernel/drivers/net/ethernet/cavium/thunder/thunder_xcv.ko.zst
usr/lib/modules/6.8.0-58-generic/kernel/drivers/net/ethernet/chelsio
usr/lib/modules/6.8.0-58-generic/kernel/drivers/net/ethernet/chelsio/cxgb
usr/lib/modules/6.8.0-58-generic/kernel/drivers/net/ethernet/chelsio/cxgb/cxgb.ko.zst
usr/lib/modules/6.8.0-58-generic/kernel/drivers/net/ethernet/chelsio/cxgb3
usr/lib/modules/6.8.0-58-generic/kernel/drivers/net/ethernet/chelsio/cxgb3/cxgb3.ko.zst
usr/lib/modules/6.8.0-58-generic/kernel/drivers/net/ethernet/chelsio/cxgb4
usr/lib/modules/6.8.0-58-generic/kernel/drivers/net/ethernet/chelsio/cxgb4/cxgb4.ko.zst
usr/lib/modules/6.8.0-58-generic/kernel/drivers/net/ethernet/chelsio/cxgb4vf
usr/lib/modules/6.8.0-58-generic/kernel/drivers/net/ethernet/chelsio/cxgb4vf/cxgb4vf.ko.zst
usr/lib/modules/6.8.0-58-generic/kernel/drivers/net/ethernet/chelsio/inline_crypto
usr/lib/modules/6.8.0-58-generic/kernel/drivers/net/ethernet/chelsio/inline_crypto/ch_ipsec
usr/lib/modules/6.8.0-58-generic/kernel/drivers/net/ethernet/chelsio/inline_crypto/ch_ipsec/ch_ipsec.ko.zst
usr/lib/modules/6.8.0-58-generic/kernel/drivers/net/ethernet/chelsio/inline_crypto/ch_ktls
usr/lib/modules/6.8.0-58-generic/kernel/drivers/net/ethernet/chelsio/inline_crypto/ch_ktls/ch_ktls.ko.zst
usr/lib/modules/6.8.0-58-generic/kernel/drivers/net/ethernet/chelsio/libcxgb
usr/lib/modules/6.8.0-58-generic/kernel/drivers/net/ethernet/chelsio/libcxgb/libcxgb.ko.zst
usr/lib/modules/6.8.0-58-generic/kernel/drivers/net/ethernet/cisco
usr/lib/modules/6.8.0-58-generic/kernel/drivers/net/ethernet/cisco/enic
usr/lib/modules/6.8.0-58-generic/kernel/drivers/net/ethernet/cisco/enic/enic.ko.zst
usr/lib/modules/6.8.0-58-generic/kernel/drivers/net/ethernet/dec
usr/lib/modules/6.8.0-58-generic/kernel/drivers/net/ethernet/dec/tulip
usr/lib/modules/6.8.0-58-generic/kernel/drivers/net/ethernet/dec/tulip/de2104x.ko.zst
usr/lib/modules/6.8.0-58-generic/kernel/drivers/net/ethernet/dec/tulip/dmfe.ko.zst
usr/lib/modules/6.8.0-58-generic/kernel/drivers/net/ethernet/dec/tulip/tulip.ko.zst
usr/lib/modules/6.8.0-58-generic/kernel/drivers/net/ethernet/dec/tulip/uli526x.ko.zst
usr/lib/modules/6.8.0-58-generic/kernel/drivers/net/ethernet/dec/tulip/winbond-840.ko.zst
usr/lib/modules/6.8.0-58-generic/kernel/drivers/net/ethernet/dec/tulip/xircom_cb.ko.zst
usr/lib/modules/6.8.0-58-generic/kernel/drivers/net/ethernet/dlink
usr/lib/modules/6.8.0-58-generic/kernel/drivers/net/ethernet/dlink/dl2k.ko.zst
usr/lib/modules/6.8.0-58-generic/kernel/drivers/net/ethernet/dlink/sundance.ko.zst
usr/lib/modules/6.8.0-58-generic/kernel/drivers/net/ethernet/dnet.ko.zst
usr/lib/modules/6.8.0-58-generic/kernel/drivers/net/ethernet/ec_bhf.ko.zst
usr/lib/modules/6.8.0-58-generic/kernel/drivers/net/ethernet/emulex
usr/lib/modules/6.8.0-58-generic/kernel/drivers/net/ethernet/emulex/benet
usr/lib/modules/6.8.0-58-generic/kernel/drivers/net/ethernet/emulex/benet/be2net.ko.zst
usr/lib/modules/6.8.0-58-generic/kernel/drivers/net/ethernet/engleder
usr/lib/modules/6.8.0-58-generic/kernel/drivers/net/ethernet/engleder/tsnep.ko.zst
usr/lib/modules/6.8.0-58-generic/kernel/drivers/net/ethernet/ethoc.ko.zst
usr/lib/modules/6.8.0-58-generic/kernel/drivers/net/ethernet/fealnx.ko.zst
usr/lib/modules/6.8.0-58-generic/kernel/drivers/net/ethernet/fujitsu
usr/lib/modules/6.8.0-58-generic/kernel/drivers/net/ethernet/fujitsu/fmvj18x_cs.ko.zst
usr/lib/modules/6.8.0-58-generic/kernel/drivers/net/ethernet/fungible
usr/lib/modules/6.8.0-58-generic/kernel/drivers/net/ethernet/fungible/funcore
usr/lib/modules/6.8.0-58-generic/kernel/drivers/net/ethernet/fungible/funcore/funcore.ko.zst
usr/lib/modules/6.8.0-58-generic/kernel/drivers/net/ethernet/fungible/funeth
usr/lib/modules/6.8.0-58-generic/kernel/drivers/net/ethernet/fungible/funeth/funeth.ko.zst
usr/lib/modules/6.8.0-58-generic/kernel/drivers/net/ethernet/google
usr/lib/modules/6.8.0-58-generic/kernel/drivers/net/ethernet/google/gve
usr/lib/modules/6.8.0-58-generic/kernel/drivers/net/ethernet/google/gve/gve.ko.zst
usr/lib/modules/6.8.0-58-generic/kernel/drivers/net/ethernet/huawei
usr/lib/modules/6.8.0-58-generic/kernel/drivers/net/ethernet/huawei/hinic
usr/lib/modules/6.8.0-58-generic/kernel/drivers/net/ethernet/huawei/hinic/hinic.ko.zst
usr/lib/modules/6.8.0-58-generic/kernel/drivers/net/ethernet/intel
usr/lib/modules/6.8.0-58-generic/kernel/drivers/net/ethernet/intel/e100.ko.zst
usr/lib/modules/6.8.0-58-generic/kernel/drivers/net/ethernet/intel/e1000
usr/lib/modules/6.8.0-58-generic/kernel/drivers/net/ethernet/intel/e1000/e1000.ko.zst
usr/lib/modules/6.8.0-58-generic/kernel/drivers/net/ethernet/intel/e1000e
usr/lib/modules/6.8.0-58-generic/kernel/drivers/net/ethernet/intel/e1000e/e1000e.ko.zst
usr/lib/modules/6.8.0-58-generic/kernel/drivers/net/ethernet/intel/fm10k
usr/lib/modules/6.8.0-58-generic/kernel/drivers/net/ethernet/intel/fm10k/fm10k.ko.zst
usr/lib/modules/6.8.0-58-generic/kernel/drivers/net/ethernet/intel/i40e
usr/lib/modules/6.8.0-58-generic/kernel/drivers/net/ethernet/intel/i40e/i40e.ko.zst
usr/lib/modules/6.8.0-58-generic/kernel/drivers/net/ethernet/intel/iavf
usr/lib/modules/6.8.0-58-generic/kernel/drivers/net/ethernet/intel/iavf/iavf.ko.zst
usr/lib/modules/6.8.0-58-generic/kernel/drivers/net/ethernet/intel/ice
usr/lib/modules/6.8.0-58-generic/kernel/drivers/net/ethernet/intel/ice/ice.ko.zst
usr/lib/modules/6.8.0-58-generic/kernel/drivers/net/ethernet/intel/idpf
usr/lib/modules/6.8.0-58-generic/kernel/drivers/net/ethernet/intel/idpf/idpf.ko.zst
usr/lib/modules/6.8.0-58-generic/kernel/drivers/net/ethernet/intel/igb
usr/lib/modules/6.8.0-58-generic/kernel/drivers/net/ethernet/intel/igb/igb.ko.zst
usr/lib/modules/6.8.0-58-generic/kernel/drivers/net/ethernet/intel/igbvf
usr/lib/modules/6.8.0-58-generic/kernel/drivers/net/ethernet/intel/igbvf/igbvf.ko.zst
usr/lib/modules/6.8.0-58-generic/kernel/drivers/net/ethernet/intel/igc
usr/lib/modules/6.8.0-58-generic/kernel/drivers/net/ethernet/intel/igc/igc.ko.zst
usr/lib/modules/6.8.0-58-generic/kernel/drivers/net/ethernet/intel/ixgbe
usr/lib/modules/6.8.0-58-generic/kernel/drivers/net/ethernet/intel/ixgbe/ixgbe.ko.zst
usr/lib/modules/6.8.0-58-generic/kernel/drivers/net/ethernet/intel/ixgbevf
usr/lib/modules/6.8.0-58-generic/kernel/drivers/net/ethernet/intel/ixgbevf/ixgbevf.ko.zst
usr/lib/modules/6.8.0-58-generic/kernel/drivers/net/ethernet/jme.ko.zst
usr/lib/modules/6.8.0-58-generic/kernel/drivers/net/ethernet/marvell
usr/lib/modules/6.8.0-58-generic/kernel/drivers/net/ethernet/marvell/mvmdio.ko.zst
usr/lib/modules/6.8.0-58-generic/kernel/drivers/net/ethernet/marvell/octeon_ep
usr/lib/modules/6.8.0-58-generic/kernel/drivers/net/ethernet/marvell/octeon_ep/octeon_ep.ko.zst
usr/lib/modules/6.8.0-58-generic/kernel/drivers/net/ethernet/marvell/prestera
usr/lib/modules/6.8.0-58-generic/kernel/drivers/net/ethernet/marvell/prestera/prestera.ko.zst
usr/lib/modules/6.8.0-58-generic/kernel/drivers/net/ethernet/marvell/prestera/prestera_pci.ko.zst
usr/lib/modules/6.8.0-58-generic/kernel/drivers/net/ethernet/marvell/skge.ko.zst
usr/lib/modules/6.8.0-58-generic/kernel/drivers/net/ethernet/marvell/sky2.ko.zst
usr/lib/modules/6.8.0-58-generic/kernel/drivers/net/ethernet/mellanox
usr/lib/modules/6.8.0-58-generic/kernel/drivers/net/ethernet/mellanox/mlx4
usr/lib/modules/6.8.0-58-generic/kernel/drivers/net/ethernet/mellanox/mlx4/mlx4_core.ko.zst
usr/lib/modules/6.8.0-58-generic/kernel/drivers/net/ethernet/mellanox/mlx4/mlx4_en.ko.zst
usr/lib/modules/6.8.0-58-generic/kernel/drivers/net/ethernet/mellanox/mlx5
usr/lib/modules/6.8.0-58-generic/kernel/drivers/net/ethernet/mellanox/mlx5/core
usr/lib/modules/6.8.0-58-generic/kernel/drivers/net/ethernet/mellanox/mlx5/core/mlx5_core.ko.zst
usr/lib/modules/6.8.0-58-generic/kernel/drivers/net/ethernet/mellanox/mlx5/core/mlx5_dpll.ko.zst
usr/lib/modules/6.8.0-58-generic/kernel/drivers/net/ethernet/mellanox/mlxfw
usr/lib/modules/6.8.0-58-generic/kernel/drivers/net/ethernet/mellanox/mlxfw/mlxfw.ko.zst
usr/lib/modules/6.8.0-58-generic/kernel/drivers/net/ethernet/mellanox/mlxsw
usr/lib/modules/6.8.0-58-generic/kernel/drivers/net/ethernet/mellanox/mlxsw/mlxsw_core.ko.zst
usr/lib/modules/6.8.0-58-generic/kernel/drivers/net/ethernet/mellanox/mlxsw/mlxsw_i2c.ko.zst
usr/lib/modules/6.8.0-58-generic/kernel/drivers/net/ethernet/mellanox/mlxsw/mlxsw_minimal.ko.zst
usr/lib/modules/6.8.0-58-generic/kernel/drivers/net/ethernet/mellanox/mlxsw/mlxsw_pci.ko.zst
usr/lib/modules/6.8.0-58-generic/kernel/drivers/net/ethernet/mellanox/mlxsw/mlxsw_spectrum.ko.zst
usr/lib/modules/6.8.0-58-generic/kernel/drivers/net/ethernet/micrel
usr/lib/modules/6.8.0-58-generic/kernel/drivers/net/ethernet/micrel/ks8842.ko.zst
usr/lib/modules/6.8.0-58-generic/kernel/drivers/net/ethernet/micrel/ks8851_common.ko.zst
usr/lib/modules/6.8.0-58-generic/kernel/drivers/net/ethernet/micrel/ks8851_par.ko.zst
usr/lib/modules/6.8.0-58-generic/kernel/drivers/net/ethernet/micrel/ks8851_spi.ko.zst
usr/lib/modules/6.8.0-58-generic/kernel/drivers/net/ethernet/micrel/ksz884x.ko.zst
usr/lib/modules/6.8.0-58-generic/kernel/drivers/net/ethernet/microchip
usr/lib/modules/6.8.0-58-generic/kernel/drivers/net/ethernet/microchip/enc28j60.ko.zst
usr/lib/modules/6.8.0-58-generic/kernel/drivers/net/ethernet/microchip/encx24j600-regmap.ko.zst
usr/lib/modules/6.8.0-58-generic/kernel/drivers/net/ethernet/microchip/encx24j600.ko.zst
usr/lib/modules/6.8.0-58-generic/kernel/drivers/net/ethernet/microchip/lan743x.ko.zst
usr/lib/modules/6.8.0-58-generic/kernel/drivers/net/ethernet/microsoft
usr/lib/modules/6.8.0-58-generic/kernel/drivers/net/ethernet/microsoft/mana
usr/lib/modules/6.8.0-58-generic/kernel/drivers/net/ethernet/microsoft/mana/mana.ko.zst
usr/lib/modules/6.8.0-58-generic/kernel/drivers/net/ethernet/mscc
usr/lib/modules/6.8.0-58-generic/kernel/drivers/net/ethernet/mscc/mscc_ocelot_switch_lib.ko.zst
usr/lib/modules/6.8.0-58-generic/kernel/drivers/net/ethernet/myricom
usr/lib/modules/6.8.0-58-generic/kernel/drivers/net/ethernet/myricom/myri10ge
usr/lib/modules/6.8.0-58-generic/kernel/drivers/net/ethernet/myricom/myri10ge/myri10ge.ko.zst
usr/lib/modules/6.8.0-58-generic/kernel/drivers/net/ethernet/natsemi
usr/lib/modules/6.8.0-58-generic/kernel/drivers/net/ethernet/natsemi/natsemi.ko.zst
usr/lib/modules/6.8.0-58-generic/kernel/drivers/net/ethernet/natsemi/ns83820.ko.zst
usr/lib/modules/6.8.0-58-generic/kernel/drivers/net/ethernet/neterion
usr/lib/modules/6.8.0-58-generic/kernel/drivers/net/ethernet/neterion/s2io.ko.zst
usr/lib/modules/6.8.0-58-generic/kernel/drivers/net/ethernet/netronome
usr/lib/modules/6.8.0-58-generic/kernel/drivers/net/ethernet/netronome/nfp
usr/lib/modules/6.8.0-58-generic/kernel/drivers/net/ethernet/netronome/nfp/nfp.ko.zst
usr/lib/modules/6.8.0-58-generic/kernel/drivers/net/ethernet/ni
usr/lib/modules/6.8.0-58-generic/kernel/drivers/net/ethernet/ni/nixge.ko.zst
usr/lib/modules/6.8.0-58-generic/kernel/drivers/net/ethernet/nvidia
usr/lib/modules/6.8.0-58-generic/kernel/drivers/net/ethernet/nvidia/forcedeth.ko.zst
usr/lib/modules/6.8.0-58-generic/kernel/drivers/net/ethernet/packetengines
usr/lib/modules/6.8.0-58-generic/kernel/drivers/net/ethernet/packetengines/hamachi.ko.zst
usr/lib/modules/6.8.0-58-generic/kernel/drivers/net/ethernet/packetengines/yellowfin.ko.zst
usr/lib/modules/6.8.0-58-generic/kernel/drivers/net/ethernet/pensando
usr/lib/modules/6.8.0-58-generic/kernel/drivers/net/ethernet/pensando/ionic
usr/lib/modules/6.8.0-58-generic/kernel/drivers/net/ethernet/pensando/ionic/ionic.ko.zst
usr/lib/modules/6.8.0-58-generic/kernel/drivers/net/ethernet/qlogic
usr/lib/modules/6.8.0-58-generic/kernel/drivers/net/ethernet/qlogic/netxen
usr/lib/modules/6.8.0-58-generic/kernel/drivers/net/ethernet/qlogic/netxen/netxen_nic.ko.zst
usr/lib/modules/6.8.0-58-generic/kernel/drivers/net/ethernet/qlogic/qed
usr/lib/modules/6.8.0-58-generic/kernel/drivers/net/ethernet/qlogic/qed/qed.ko.zst
usr/lib/modules/6.8.0-58-generic/kernel/drivers/net/ethernet/qlogic/qede
usr/lib/modules/6.8.0-58-generic/kernel/drivers/net/ethernet/qlogic/qede/qede.ko.zst
usr/lib/modules/6.8.0-58-generic/kernel/drivers/net/ethernet/qlogic/qla3xxx.ko.zst
usr/lib/modules/6.8.0-58-generic/kernel/drivers/net/ethernet/qlogic/qlcnic
usr/lib/modules/6.8.0-58-generic/kernel/drivers/net/ethernet/qlogic/qlcnic/qlcnic.ko.zst
usr/lib/modules/6.8.0-58-generic/kernel/drivers/net/ethernet/qualcomm
usr/lib/modules/6.8.0-58-generic/kernel/drivers/net/ethernet/qualcomm/emac
usr/lib/modules/6.8.0-58-generic/kernel/drivers/net/ethernet/qualcomm/emac/qcom-emac.ko.zst
usr/lib/modules/6.8.0-58-generic/kernel/drivers/net/ethernet/qualcomm/rmnet
usr/lib/modules/6.8.0-58-generic/kernel/drivers/net/ethernet/qualcomm/rmnet/rmnet.ko.zst
usr/lib/modules/6.8.0-58-generic/kernel/drivers/net/ethernet/rdc
usr/lib/modules/6.8.0-58-generic/kernel/drivers/net/ethernet/rdc/r6040.ko.zst
usr/lib/modules/6.8.0-58-generic/kernel/drivers/net/ethernet/realtek
usr/lib/modules/6.8.0-58-generic/kernel/drivers/net/ethernet/realtek/8139cp.ko.zst
usr/lib/modules/6.8.0-58-generic/kernel/drivers/net/ethernet/realtek/8139too.ko.zst
usr/lib/modules/6.8.0-58-generic/kernel/drivers/net/ethernet/realtek/atp.ko.zst
usr/lib/modules/6.8.0-58-generic/kernel/drivers/net/ethernet/realtek/r8169.ko.zst
usr/lib/modules/6.8.0-58-generic/kernel/drivers/net/ethernet/rocker
usr/lib/modules/6.8.0-58-generic/kernel/drivers/net/ethernet/rocker/rocker.ko.zst
usr/lib/modules/6.8.0-58-generic/kernel/drivers/net/ethernet/samsung
usr/lib/modules/6.8.0-58-generic/kernel/drivers/net/ethernet/samsung/sxgbe
usr/lib/modules/6.8.0-58-generic/kernel/drivers/net/ethernet/samsung/sxgbe/samsung-sxgbe.ko.zst
usr/lib/modules/6.8.0-58-generic/kernel/drivers/net/ethernet/sfc
usr/lib/modules/6.8.0-58-generic/kernel/drivers/net/ethernet/sfc/falcon
usr/lib/modules/6.8.0-58-generic/kernel/drivers/net/ethernet/sfc/falcon/sfc-falcon.ko.zst
usr/lib/modules/6.8.0-58-generic/kernel/drivers/net/ethernet/sfc/sfc.ko.zst
usr/lib/modules/6.8.0-58-generic/kernel/drivers/net/ethernet/sfc/siena
usr/lib/modules/6.8.0-58-generic/kernel/drivers/net/ethernet/sfc/siena/sfc-siena.ko.zst
usr/lib/modules/6.8.0-58-generic/kernel/drivers/net/ethernet/silan
usr/lib/modules/6.8.0-58-generic/kernel/drivers/net/ethernet/silan/sc92031.ko.zst
usr/lib/modules/6.8.0-58-generic/kernel/drivers/net/ethernet/sis
usr/lib/modules/6.8.0-58-generic/kernel/drivers/net/ethernet/sis/sis190.ko.zst
usr/lib/modules/6.8.0-58-generic/kernel/drivers/net/ethernet/sis/sis900.ko.zst
usr/lib/modules/6.8.0-58-generic/kernel/drivers/net/ethernet/smsc
usr/lib/modules/6.8.0-58-generic/kernel/drivers/net/ethernet/smsc/epic100.ko.zst
usr/lib/modules/6.8.0-58-generic/kernel/drivers/net/ethernet/smsc/smc91c92_cs.ko.zst
usr/lib/modules/6.8.0-58-generic/kernel/drivers/net/ethernet/smsc/smsc911x.ko.zst
usr/lib/modules/6.8.0-58-generic/kernel/drivers/net/ethernet/smsc/smsc9420.ko.zst
usr/lib/modules/6.8.0-58-generic/kernel/drivers/net/ethernet/stmicro
usr/lib/modules/6.8.0-58-generic/kernel/drivers/net/ethernet/stmicro/stmmac
usr/lib/modules/6.8.0-58-generic/kernel/drivers/net/ethernet/stmicro/stmmac/dwmac-generic.ko.zst
usr/lib/modules/6.8.0-58-generic/kernel/drivers/net/ethernet/stmicro/stmmac/dwmac-intel.ko.zst
usr/lib/modules/6.8.0-58-generic/kernel/drivers/net/ethernet/stmicro/stmmac/stmmac-pci.ko.zst
usr/lib/modules/6.8.0-58-generic/kernel/drivers/net/ethernet/stmicro/stmmac/stmmac-platform.ko.zst
usr/lib/modules/6.8.0-58-generic/kernel/drivers/net/ethernet/stmicro/stmmac/stmmac.ko.zst
usr/lib/modules/6.8.0-58-generic/kernel/drivers/net/ethernet/sun
usr/lib/modules/6.8.0-58-generic/kernel/drivers/net/ethernet/sun/cassini.ko.zst
usr/lib/modules/6.8.0-58-generic/kernel/drivers/net/ethernet/sun/niu.ko.zst
usr/lib/modules/6.8.0-58-generic/kernel/drivers/net/ethernet/sun/sungem.ko.zst
usr/lib/modules/6.8.0-58-generic/kernel/drivers/net/ethernet/sun/sunhme.ko.zst
usr/lib/modules/6.8.0-58-generic/kernel/drivers/net/ethernet/synopsys
usr/lib/modules/6.8.0-58-generic/kernel/drivers/net/ethernet/synopsys/dwc-xlgmac.ko.zst
usr/lib/modules/6.8.0-58-generic/kernel/drivers/net/ethernet/tehuti
usr/lib/modules/6.8.0-58-generic/kernel/drivers/net/ethernet/tehuti/tehuti.ko.zst
usr/lib/modules/6.8.0-58-generic/kernel/drivers/net/ethernet/ti
usr/lib/modules/6.8.0-58-generic/kernel/drivers/net/ethernet/ti/tlan.ko.zst
usr/lib/modules/6.8.0-58-generic/kernel/drivers/net/ethernet/vertexcom
usr/lib/modules/6.8.0-58-generic/kernel/drivers/net/ethernet/vertexcom/mse102x.ko.zst
usr/lib/modules/6.8.0-58-generic/kernel/drivers/net/ethernet/via
usr/lib/modules/6.8.0-58-generic/kernel/drivers/net/ethernet/via/via-rhine.ko.zst
usr/lib/modules/6.8.0-58-generic/kernel/drivers/net/ethernet/via/via-velocity.ko.zst
usr/lib/modules/6.8.0-58-generic/kernel/drivers/net/ethernet/wangxun
usr/lib/modules/6.8.0-58-generic/kernel/drivers/net/ethernet/wangxun/libwx
usr/lib/modules/6.8.0-58-generic/kernel/drivers/net/ethernet/wangxun/libwx/libwx.ko.zst
usr/lib/modules/6.8.0-58-generic/kernel/drivers/net/ethernet/wangxun/ngbe
usr/lib/modules/6.8.0-58-generic/kernel/drivers/net/ethernet/wangxun/ngbe/ngbe.ko.zst
usr/lib/modules/6.8.0-58-generic/kernel/drivers/net/ethernet/wangxun/txgbe
usr/lib/modules/6.8.0-58-generic/kernel/drivers/net/ethernet/wangxun/txgbe/txgbe.ko.zst
usr/lib/modules/6.8.0-58-generic/kernel/drivers/net/ethernet/wiznet
usr/lib/modules/6.8.0-58-generic/kernel/drivers/net/ethernet/wiznet/w5100-spi.ko.zst
usr/lib/modules/6.8.0-58-generic/kernel/drivers/net/ethernet/wiznet/w5100.ko.zst
usr/lib/modules/6.8.0-58-generic/kernel/drivers/net/ethernet/wiznet/w5300.ko.zst
usr/lib/modules/6.8.0-58-generic/kernel/drivers/net/ethernet/xilinx
usr/lib/modules/6.8.0-58-generic/kernel/drivers/net/ethernet/xilinx/ll_temac.ko.zst
usr/lib/modules/6.8.0-58-generic/kernel/drivers/net/ethernet/xilinx/xilinx_emac.ko.zst
usr/lib/modules/6.8.0-58-generic/kernel/drivers/net/ethernet/xilinx/xilinx_emaclite.ko.zst
usr/lib/modules/6.8.0-58-generic/kernel/drivers/net/ethernet/xircom
usr/lib/modules/6.8.0-58-generic/kernel/drivers/net/ethernet/xircom/xirc2ps_cs.ko.zst
usr/lib/modules/6.8.0-58-generic/kernel/drivers/net/fjes
usr/lib/modules/6.8.0-58-generic/kernel/drivers/net/fjes/fjes.ko.zst
usr/lib/modules/6.8.0-58-generic/kernel/drivers/net/geneve.ko.zst
usr/lib/modules/6.8.0-58-generic/kernel/drivers/net/hyperv
usr/lib/modules/6.8.0-58-generic/kernel/drivers/net/hyperv/hv_netvsc.ko.zst
usr/lib/modules/6.8.0-58-generic/kernel/drivers/net/ipvlan
usr/lib/modules/6.8.0-58-generic/kernel/drivers/net/ipvlan/ipvlan.ko.zst
usr/lib/modules/6.8.0-58-generic/kernel/drivers/net/macsec.ko.zst
usr/lib/modules/6.8.0-58-generic/kernel/drivers/net/mdio
usr/lib/modules/6.8.0-58-generic/kernel/drivers/net/mdio.ko.zst
usr/lib/modules/6.8.0-58-generic/kernel/drivers/net/mdio/mdio-bcm-unimac.ko.zst
usr/lib/modules/6.8.0-58-generic/kernel/drivers/net/mdio/mdio-bitbang.ko.zst
usr/lib/modules/6.8.0-58-generic/kernel/drivers/net/mdio/mdio-cavium.ko.zst
usr/lib/modules/6.8.0-58-generic/kernel/drivers/net/mdio/mdio-gpio.ko.zst
usr/lib/modules/6.8.0-58-generic/kernel/drivers/net/mdio/mdio-i2c.ko.zst
usr/lib/modules/6.8.0-58-generic/kernel/drivers/net/mdio/mdio-mscc-miim.ko.zst
usr/lib/modules/6.8.0-58-generic/kernel/drivers/net/mdio/mdio-mvusb.ko.zst
usr/lib/modules/6.8.0-58-generic/kernel/drivers/net/mdio/mdio-regmap.ko.zst
usr/lib/modules/6.8.0-58-generic/kernel/drivers/net/mdio/mdio-thunder.ko.zst
usr/lib/modules/6.8.0-58-generic/kernel/drivers/net/mii.ko.zst
usr/lib/modules/6.8.0-58-generic/kernel/drivers/net/ntb_netdev.ko.zst
usr/lib/modules/6.8.0-58-generic/kernel/drivers/net/pcs
usr/lib/modules/6.8.0-58-generic/kernel/drivers/net/pcs/pcs-lynx.ko.zst
usr/lib/modules/6.8.0-58-generic/kernel/drivers/net/pcs/pcs_xpcs.ko.zst
usr/lib/modules/6.8.0-58-generic/kernel/drivers/net/phy
usr/lib/modules/6.8.0-58-generic/kernel/drivers/net/phy/adin.ko.zst
usr/lib/modules/6.8.0-58-generic/kernel/drivers/net/phy/adin1100.ko.zst
usr/lib/modules/6.8.0-58-generic/kernel/drivers/net/phy/amd.ko.zst
usr/lib/modules/6.8.0-58-generic/kernel/drivers/net/phy/aquantia
usr/lib/modules/6.8.0-58-generic/kernel/drivers/net/phy/aquantia/aquantia.ko.zst
usr/lib/modules/6.8.0-58-generic/kernel/drivers/net/phy/at803x.ko.zst
usr/lib/modules/6.8.0-58-generic/kernel/drivers/net/phy/ax88796b.ko.zst
usr/lib/modules/6.8.0-58-generic/kernel/drivers/net/phy/bcm-phy-lib.ko.zst
usr/lib/modules/6.8.0-58-generic/kernel/drivers/net/phy/bcm-phy-ptp.ko.zst
usr/lib/modules/6.8.0-58-generic/kernel/drivers/net/phy/bcm54140.ko.zst
usr/lib/modules/6.8.0-58-generic/kernel/drivers/net/phy/bcm7xxx.ko.zst
usr/lib/modules/6.8.0-58-generic/kernel/drivers/net/phy/bcm87xx.ko.zst
usr/lib/modules/6.8.0-58-generic/kernel/drivers/net/phy/broadcom.ko.zst
usr/lib/modules/6.8.0-58-generic/kernel/drivers/net/phy/cicada.ko.zst
usr/lib/modules/6.8.0-58-generic/kernel/drivers/net/phy/cortina.ko.zst
usr/lib/modules/6.8.0-58-generic/kernel/drivers/net/phy/davicom.ko.zst
usr/lib/modules/6.8.0-58-generic/kernel/drivers/net/phy/dp83640.ko.zst
usr/lib/modules/6.8.0-58-generic/kernel/drivers/net/phy/dp83822.ko.zst
usr/lib/modules/6.8.0-58-generic/kernel/drivers/net/phy/dp83848.ko.zst
usr/lib/modules/6.8.0-58-generic/kernel/drivers/net/phy/dp83867.ko.zst
usr/lib/modules/6.8.0-58-generic/kernel/drivers/net/phy/dp83869.ko.zst
usr/lib/modules/6.8.0-58-generic/kernel/drivers/net/phy/dp83tc811.ko.zst
usr/lib/modules/6.8.0-58-generic/kernel/drivers/net/phy/dp83td510.ko.zst
usr/lib/modules/6.8.0-58-generic/kernel/drivers/net/phy/dp83tg720.ko.zst
usr/lib/modules/6.8.0-58-generic/kernel/drivers/net/phy/et1011c.ko.zst
usr/lib/modules/6.8.0-58-generic/kernel/drivers/net/phy/icplus.ko.zst
usr/lib/modules/6.8.0-58-generic/kernel/drivers/net/phy/intel-xway.ko.zst
usr/lib/modules/6.8.0-58-generic/kernel/drivers/net/phy/lxt.ko.zst
usr/lib/modules/6.8.0-58-generic/kernel/drivers/net/phy/marvell-88q2xxx.ko.zst
usr/lib/modules/6.8.0-58-generic/kernel/drivers/net/phy/marvell-88x2222.ko.zst
usr/lib/modules/6.8.0-58-generic/kernel/drivers/net/phy/marvell.ko.zst
usr/lib/modules/6.8.0-58-generic/kernel/drivers/net/phy/marvell10g.ko.zst
usr/lib/modules/6.8.0-58-generic/kernel/drivers/net/phy/mediatek-ge.ko.zst
usr/lib/modules/6.8.0-58-generic/kernel/drivers/net/phy/micrel.ko.zst
usr/lib/modules/6.8.0-58-generic/kernel/drivers/net/phy/microchip.ko.zst
usr/lib/modules/6.8.0-58-generic/kernel/drivers/net/phy/microchip_t1.ko.zst
usr/lib/modules/6.8.0-58-generic/kernel/drivers/net/phy/microchip_t1s.ko.zst
usr/lib/modules/6.8.0-58-generic/kernel/drivers/net/phy/motorcomm.ko.zst
usr/lib/modules/6.8.0-58-generic/kernel/drivers/net/phy/mscc
usr/lib/modules/6.8.0-58-generic/kernel/drivers/net/phy/mscc/mscc.ko.zst
usr/lib/modules/6.8.0-58-generic/kernel/drivers/net/phy/mxl-gpy.ko.zst
usr/lib/modules/6.8.0-58-generic/kernel/drivers/net/phy/national.ko.zst
usr/lib/modules/6.8.0-58-generic/kernel/drivers/net/phy/ncn26000.ko.zst
usr/lib/modules/6.8.0-58-generic/kernel/drivers/net/phy/nxp-c45-tja.ko.zst
usr/lib/modules/6.8.0-58-generic/kernel/drivers/net/phy/nxp-cbtx.ko.zst
usr/lib/modules/6.8.0-58-generic/kernel/drivers/net/phy/nxp-tja11xx.ko.zst
usr/lib/modules/6.8.0-58-generic/kernel/drivers/net/phy/phylink.ko.zst
usr/lib/modules/6.8.0-58-generic/kernel/drivers/net/phy/qsemi.ko.zst
usr/lib/modules/6.8.0-58-generic/kernel/drivers/net/phy/realtek.ko.zst
usr/lib/modules/6.8.0-58-generic/kernel/drivers/net/phy/rockchip.ko.zst
usr/lib/modules/6.8.0-58-generic/kernel/drivers/net/phy/sfp.ko.zst
usr/lib/modules/6.8.0-58-generic/kernel/drivers/net/phy/smsc.ko.zst
usr/lib/modules/6.8.0-58-generic/kernel/drivers/net/phy/spi_ks8995.ko.zst
usr/lib/modules/6.8.0-58-generic/kernel/drivers/net/phy/ste10Xp.ko.zst
usr/lib/modules/6.8.0-58-generic/kernel/drivers/net/phy/teranetics.ko.zst
usr/lib/modules/6.8.0-58-generic/kernel/drivers/net/phy/uPD60620.ko.zst
usr/lib/modules/6.8.0-58-generic/kernel/drivers/net/phy/vitesse.ko.zst
usr/lib/modules/6.8.0-58-generic/kernel/drivers/net/phy/xilinx_gmii2rgmii.ko.zst
usr/lib/modules/6.8.0-58-generic/kernel/drivers/net/rionet.ko.zst
usr/lib/modules/6.8.0-58-generic/kernel/drivers/net/sungem_phy.ko.zst
usr/lib/modules/6.8.0-58-generic/kernel/drivers/net/thunderbolt
usr/lib/modules/6.8.0-58-generic/kernel/drivers/net/thunderbolt/thunderbolt_net.ko.zst
usr/lib/modules/6.8.0-58-generic/kernel/drivers/net/usb
usr/lib/modules/6.8.0-58-generic/kernel/drivers/net/usb/aqc111.ko.zst
usr/lib/modules/6.8.0-58-generic/kernel/drivers/net/usb/asix.ko.zst
usr/lib/modules/6.8.0-58-generic/kernel/drivers/net/usb/ax88179_178a.ko.zst
usr/lib/modules/6.8.0-58-generic/kernel/drivers/net/usb/catc.ko.zst
usr/lib/modules/6.8.0-58-generic/kernel/drivers/net/usb/cdc_ether.ko.zst
usr/lib/modules/6.8.0-58-generic/kernel/drivers/net/usb/cdc_ncm.ko.zst
usr/lib/modules/6.8.0-58-generic/kernel/drivers/net/usb/dm9601.ko.zst
usr/lib/modules/6.8.0-58-generic/kernel/drivers/net/usb/int51x1.ko.zst
usr/lib/modules/6.8.0-58-generic/kernel/drivers/net/usb/kaweth.ko.zst
usr/lib/modules/6.8.0-58-generic/kernel/drivers/net/usb/lan78xx.ko.zst
usr/lib/modules/6.8.0-58-generic/kernel/drivers/net/usb/mcs7830.ko.zst
usr/lib/modules/6.8.0-58-generic/kernel/drivers/net/usb/pegasus.ko.zst
usr/lib/modules/6.8.0-58-generic/kernel/drivers/net/usb/r8152.ko.zst
usr/lib/modules/6.8.0-58-generic/kernel/drivers/net/usb/rndis_host.ko.zst
usr/lib/modules/6.8.0-58-generic/kernel/drivers/net/usb/rtl8150.ko.zst
usr/lib/modules/6.8.0-58-generic/kernel/drivers/net/usb/smsc75xx.ko.zst
usr/lib/modules/6.8.0-58-generic/kernel/drivers/net/usb/smsc95xx.ko.zst
usr/lib/modules/6.8.0-58-generic/kernel/drivers/net/usb/sr9700.ko.zst
usr/lib/modules/6.8.0-58-generic/kernel/drivers/net/usb/sr9800.ko.zst
usr/lib/modules/6.8.0-58-generic/kernel/drivers/net/usb/usbnet.ko.zst
usr/lib/modules/6.8.0-58-generic/kernel/drivers/net/vmxnet3
usr/lib/modules/6.8.0-58-generic/kernel/drivers/net/vmxnet3/vmxnet3.ko.zst
usr/lib/modules/6.8.0-58-generic/kernel/drivers/net/vrf.ko.zst
usr/lib/modules/6.8.0-58-generic/kernel/drivers/net/vxlan
usr/lib/modules/6.8.0-58-generic/kernel/drivers/net/vxlan/vxlan.ko.zst
usr/lib/modules/6.8.0-58-generic/kernel/drivers/ntb
usr/lib/modules/6.8.0-58-generic/kernel/drivers/ntb/ntb.ko.zst
usr/lib/modules/6.8.0-58-generic/kernel/drivers/ntb/ntb_transport.ko.zst
usr/lib/modules/6.8.0-58-generic/kernel/drivers/nvdimm
usr/lib/modules/6.8.0-58-generic/kernel/drivers/nvdimm/nd_btt.ko.zst
usr/lib/modules/6.8.0-58-generic/kernel/drivers/nvdimm/nd_pmem.ko.zst
usr/lib/modules/6.8.0-58-generic/kernel/drivers/nvdimm/nd_virtio.ko.zst
usr/lib/modules/6.8.0-58-generic/kernel/drivers/nvdimm/virtio_pmem.ko.zst
usr/lib/modules/6.8.0-58-generic/kernel/drivers/nvme
usr/lib/modules/6.8.0-58-generic/kernel/drivers/nvme/common
usr/lib/modules/6.8.0-58-generic/kernel/drivers/nvme/common/nvme-auth.ko.zst
usr/lib/modules/6.8.0-58-generic/kernel/drivers/nvme/common/nvme-keyring.ko.zst
usr/lib/modules/6.8.0-58-generic/kernel/drivers/nvme/host
usr/lib/modules/6.8.0-58-generic/kernel/drivers/nvme/host/nvme-core.ko.zst
usr/lib/modules/6.8.0-58-generic/kernel/drivers/nvme/host/nvme-fabrics.ko.zst
usr/lib/modules/6.8.0-58-generic/kernel/drivers/nvme/host/nvme-fc.ko.zst
usr/lib/modules/6.8.0-58-generic/kernel/drivers/nvme/host/nvme.ko.zst
usr/lib/modules/6.8.0-58-generic/kernel/drivers/nvme/target
usr/lib/modules/6.8.0-58-generic/kernel/drivers/nvme/target/nvmet-fc.ko.zst
usr/lib/modules/6.8.0-58-generic/kernel/drivers/nvme/target/nvmet.ko.zst
usr/lib/modules/6.8.0-58-generic/kernel/drivers/parport
usr/lib/modules/6.8.0-58-generic/kernel/drivers/parport/parport.ko.zst
usr/lib/modules/6.8.0-58-generic/kernel/drivers/pci
usr/lib/modules/6.8.0-58-generic/kernel/drivers/pci/controller
usr/lib/modules/6.8.0-58-generic/kernel/drivers/pci/controller/pci-hyperv-intf.ko.zst
usr/lib/modules/6.8.0-58-generic/kernel/drivers/pci/controller/pci-hyperv.ko.zst
usr/lib/modules/6.8.0-58-generic/kernel/drivers/pci/controller/vmd.ko.zst
usr/lib/modules/6.8.0-58-generic/kernel/drivers/pcmcia
usr/lib/modules/6.8.0-58-generic/kernel/drivers/pcmcia/pcmcia.ko.zst
usr/lib/modules/6.8.0-58-generic/kernel/drivers/pcmcia/pcmcia_core.ko.zst
usr/lib/modules/6.8.0-58-generic/kernel/drivers/pinctrl
usr/lib/modules/6.8.0-58-generic/kernel/drivers/pinctrl/cirrus
usr/lib/modules/6.8.0-58-generic/kernel/drivers/pinctrl/cirrus/pinctrl-cs42l43.ko.zst
usr/lib/modules/6.8.0-58-generic/kernel/drivers/pinctrl/cirrus/pinctrl-madera.ko.zst
usr/lib/modules/6.8.0-58-generic/kernel/drivers/pinctrl/intel
usr/lib/modules/6.8.0-58-generic/kernel/drivers/pinctrl/intel/pinctrl-alderlake.ko.zst
usr/lib/modules/6.8.0-58-generic/kernel/drivers/pinctrl/intel/pinctrl-broxton.ko.zst
usr/lib/modules/6.8.0-58-generic/kernel/drivers/pinctrl/intel/pinctrl-cannonlake.ko.zst
usr/lib/modules/6.8.0-58-generic/kernel/drivers/pinctrl/intel/pinctrl-cedarfork.ko.zst
usr/lib/modules/6.8.0-58-generic/kernel/drivers/pinctrl/intel/pinctrl-denverton.ko.zst
usr/lib/modules/6.8.0-58-generic/kernel/drivers/pinctrl/intel/pinctrl-elkhartlake.ko.zst
usr/lib/modules/6.8.0-58-generic/kernel/drivers/pinctrl/intel/pinctrl-emmitsburg.ko.zst
usr/lib/modules/6.8.0-58-generic/kernel/drivers/pinctrl/intel/pinctrl-geminilake.ko.zst
usr/lib/modules/6.8.0-58-generic/kernel/drivers/pinctrl/intel/pinctrl-icelake.ko.zst
usr/lib/modules/6.8.0-58-generic/kernel/drivers/pinctrl/intel/pinctrl-intel-platform.ko.zst
usr/lib/modules/6.8.0-58-generic/kernel/drivers/pinctrl/intel/pinctrl-jasperlake.ko.zst
usr/lib/modules/6.8.0-58-generic/kernel/drivers/pinctrl/intel/pinctrl-lakefield.ko.zst
usr/lib/modules/6.8.0-58-generic/kernel/drivers/pinctrl/intel/pinctrl-lewisburg.ko.zst
usr/lib/modules/6.8.0-58-generic/kernel/drivers/pinctrl/intel/pinctrl-lynxpoint.ko.zst
usr/lib/modules/6.8.0-58-generic/kernel/drivers/pinctrl/intel/pinctrl-meteorlake.ko.zst
usr/lib/modules/6.8.0-58-generic/kernel/drivers/pinctrl/intel/pinctrl-meteorpoint.ko.zst
usr/lib/modules/6.8.0-58-generic/kernel/drivers/pinctrl/intel/pinctrl-sunrisepoint.ko.zst
usr/lib/modules/6.8.0-58-generic/kernel/drivers/pinctrl/intel/pinctrl-tigerlake.ko.zst
usr/lib/modules/6.8.0-58-generic/kernel/drivers/pinctrl/pinctrl-cy8c95x0.ko.zst
usr/lib/modules/6.8.0-58-generic/kernel/drivers/pinctrl/pinctrl-da9062.ko.zst
usr/lib/modules/6.8.0-58-generic/kernel/drivers/pinctrl/pinctrl-mcp23s08.ko.zst
usr/lib/modules/6.8.0-58-generic/kernel/drivers/pinctrl/pinctrl-mcp23s08_i2c.ko.zst
usr/lib/modules/6.8.0-58-generic/kernel/drivers/pinctrl/pinctrl-mcp23s08_spi.ko.zst
usr/lib/modules/6.8.0-58-generic/kernel/drivers/platform
usr/lib/modules/6.8.0-58-generic/kernel/drivers/platform/chrome
usr/lib/modules/6.8.0-58-generic/kernel/drivers/platform/chrome/cros_ec.ko.zst
usr/lib/modules/6.8.0-58-generic/kernel/drivers/platform/chrome/cros_ec_spi.ko.zst
usr/lib/modules/6.8.0-58-generic/kernel/drivers/platform/surface
usr/lib/modules/6.8.0-58-generic/kernel/drivers/platform/surface/aggregator
usr/lib/modules/6.8.0-58-generic/kernel/drivers/platform/surface/aggregator/surface_aggregator.ko.zst
usr/lib/modules/6.8.0-58-generic/kernel/drivers/platform/surface/surface_aggregator_registry.ko.zst
usr/lib/modules/6.8.0-58-generic/kernel/drivers/platform/x86
usr/lib/modules/6.8.0-58-generic/kernel/drivers/platform/x86/asus-wmi.ko.zst
usr/lib/modules/6.8.0-58-generic/kernel/drivers/platform/x86/thinkpad_acpi.ko.zst
usr/lib/modules/6.8.0-58-generic/kernel/drivers/platform/x86/wmi.ko.zst
usr/lib/modules/6.8.0-58-generic/kernel/drivers/pwm
usr/lib/modules/6.8.0-58-generic/kernel/drivers/pwm/pwm-cros-ec.ko.zst
usr/lib/modules/6.8.0-58-generic/kernel/drivers/scsi
usr/lib/modules/6.8.0-58-generic/kernel/drivers/scsi/3w-9xxx.ko.zst
usr/lib/modules/6.8.0-58-generic/kernel/drivers/scsi/3w-sas.ko.zst
usr/lib/modules/6.8.0-58-generic/kernel/drivers/scsi/3w-xxxx.ko.zst
usr/lib/modules/6.8.0-58-generic/kernel/drivers/scsi/53c700.ko.zst
usr/lib/modules/6.8.0-58-generic/kernel/drivers/scsi/BusLogic.ko.zst
usr/lib/modules/6.8.0-58-generic/kernel/drivers/scsi/a100u2w.ko.zst
usr/lib/modules/6.8.0-58-generic/kernel/drivers/scsi/aacraid
usr/lib/modules/6.8.0-58-generic/kernel/drivers/scsi/aacraid/aacraid.ko.zst
usr/lib/modules/6.8.0-58-generic/kernel/drivers/scsi/advansys.ko.zst
usr/lib/modules/6.8.0-58-generic/kernel/drivers/scsi/aha1740.ko.zst
usr/lib/modules/6.8.0-58-generic/kernel/drivers/scsi/aic7xxx
usr/lib/modules/6.8.0-58-generic/kernel/drivers/scsi/aic7xxx/aic79xx.ko.zst
usr/lib/modules/6.8.0-58-generic/kernel/drivers/scsi/aic7xxx/aic7xxx.ko.zst
usr/lib/modules/6.8.0-58-generic/kernel/drivers/scsi/aic94xx
usr/lib/modules/6.8.0-58-generic/kernel/drivers/scsi/aic94xx/aic94xx.ko.zst
usr/lib/modules/6.8.0-58-generic/kernel/drivers/scsi/am53c974.ko.zst
usr/lib/modules/6.8.0-58-generic/kernel/drivers/scsi/arcmsr
usr/lib/modules/6.8.0-58-generic/kernel/drivers/scsi/arcmsr/arcmsr.ko.zst
usr/lib/modules/6.8.0-58-generic/kernel/drivers/scsi/atp870u.ko.zst
usr/lib/modules/6.8.0-58-generic/kernel/drivers/scsi/be2iscsi
usr/lib/modules/6.8.0-58-generic/kernel/drivers/scsi/be2iscsi/be2iscsi.ko.zst
usr/lib/modules/6.8.0-58-generic/kernel/drivers/scsi/bfa
usr/lib/modules/6.8.0-58-generic/kernel/drivers/scsi/bfa/bfa.ko.zst
usr/lib/modules/6.8.0-58-generic/kernel/drivers/scsi/bnx2fc
usr/lib/modules/6.8.0-58-generic/kernel/drivers/scsi/bnx2fc/bnx2fc.ko.zst
usr/lib/modules/6.8.0-58-generic/kernel/drivers/scsi/bnx2i
usr/lib/modules/6.8.0-58-generic/kernel/drivers/scsi/bnx2i/bnx2i.ko.zst
usr/lib/modules/6.8.0-58-generic/kernel/drivers/scsi/csiostor
usr/lib/modules/6.8.0-58-generic/kernel/drivers/scsi/csiostor/csiostor.ko.zst
usr/lib/modules/6.8.0-58-generic/kernel/drivers/scsi/cxgbi
usr/lib/modules/6.8.0-58-generic/kernel/drivers/scsi/cxgbi/cxgb3i
usr/lib/modules/6.8.0-58-generic/kernel/drivers/scsi/cxgbi/cxgb3i/cxgb3i.ko.zst
usr/lib/modules/6.8.0-58-generic/kernel/drivers/scsi/cxgbi/cxgb4i
usr/lib/modules/6.8.0-58-generic/kernel/drivers/scsi/cxgbi/cxgb4i/cxgb4i.ko.zst
usr/lib/modules/6.8.0-58-generic/kernel/drivers/scsi/cxgbi/libcxgbi.ko.zst
usr/lib/modules/6.8.0-58-generic/kernel/drivers/scsi/dc395x.ko.zst
usr/lib/modules/6.8.0-58-generic/kernel/drivers/scsi/device_handler
usr/lib/modules/6.8.0-58-generic/kernel/drivers/scsi/device_handler/scsi_dh_alua.ko.zst
usr/lib/modules/6.8.0-58-generic/kernel/drivers/scsi/device_handler/scsi_dh_emc.ko.zst
usr/lib/modules/6.8.0-58-generic/kernel/drivers/scsi/device_handler/scsi_dh_rdac.ko.zst
usr/lib/modules/6.8.0-58-generic/kernel/drivers/scsi/dmx3191d.ko.zst
usr/lib/modules/6.8.0-58-generic/kernel/drivers/scsi/elx
usr/lib/modules/6.8.0-58-generic/kernel/drivers/scsi/elx/efct.ko.zst
usr/lib/modules/6.8.0-58-generic/kernel/drivers/scsi/esas2r
usr/lib/modules/6.8.0-58-generic/kernel/drivers/scsi/esas2r/esas2r.ko.zst
usr/lib/modules/6.8.0-58-generic/kernel/drivers/scsi/esp_scsi.ko.zst
usr/lib/modules/6.8.0-58-generic/kernel/drivers/scsi/fcoe
usr/lib/modules/6.8.0-58-generic/kernel/drivers/scsi/fcoe/fcoe.ko.zst
usr/lib/modules/6.8.0-58-generic/kernel/drivers/scsi/fcoe/libfcoe.ko.zst
usr/lib/modules/6.8.0-58-generic/kernel/drivers/scsi/fdomain.ko.zst
usr/lib/modules/6.8.0-58-generic/kernel/drivers/scsi/fnic
usr/lib/modules/6.8.0-58-generic/kernel/drivers/scsi/fnic/fnic.ko.zst
usr/lib/modules/6.8.0-58-generic/kernel/drivers/scsi/hpsa.ko.zst
usr/lib/modules/6.8.0-58-generic/kernel/drivers/scsi/hptiop.ko.zst
usr/lib/modules/6.8.0-58-generic/kernel/drivers/scsi/hv_storvsc.ko.zst
usr/lib/modules/6.8.0-58-generic/kernel/drivers/scsi/imm.ko.zst
usr/lib/modules/6.8.0-58-generic/kernel/drivers/scsi/initio.ko.zst
usr/lib/modules/6.8.0-58-generic/kernel/drivers/scsi/ipr.ko.zst
usr/lib/modules/6.8.0-58-generic/kernel/drivers/scsi/ips.ko.zst
usr/lib/modules/6.8.0-58-generic/kernel/drivers/scsi/isci
usr/lib/modules/6.8.0-58-generic/kernel/drivers/scsi/isci/isci.ko.zst
usr/lib/modules/6.8.0-58-generic/kernel/drivers/scsi/iscsi_boot_sysfs.ko.zst
usr/lib/modules/6.8.0-58-generic/kernel/drivers/scsi/iscsi_tcp.ko.zst
usr/lib/modules/6.8.0-58-generic/kernel/drivers/scsi/libfc
usr/lib/modules/6.8.0-58-generic/kernel/drivers/scsi/libfc/libfc.ko.zst
usr/lib/modules/6.8.0-58-generic/kernel/drivers/scsi/libiscsi.ko.zst
usr/lib/modules/6.8.0-58-generic/kernel/drivers/scsi/libiscsi_tcp.ko.zst
usr/lib/modules/6.8.0-58-generic/kernel/drivers/scsi/libsas
usr/lib/modules/6.8.0-58-generic/kernel/drivers/scsi/libsas/libsas.ko.zst
usr/lib/modules/6.8.0-58-generic/kernel/drivers/scsi/lpfc
usr/lib/modules/6.8.0-58-generic/kernel/drivers/scsi/lpfc/lpfc.ko.zst
usr/lib/modules/6.8.0-58-generic/kernel/drivers/scsi/megaraid
usr/lib/modules/6.8.0-58-generic/kernel/drivers/scsi/megaraid.ko.zst
usr/lib/modules/6.8.0-58-generic/kernel/drivers/scsi/megaraid/megaraid_mbox.ko.zst
usr/lib/modules/6.8.0-58-generic/kernel/drivers/scsi/megaraid/megaraid_mm.ko.zst
usr/lib/modules/6.8.0-58-generic/kernel/drivers/scsi/megaraid/megaraid_sas.ko.zst
usr/lib/modules/6.8.0-58-generic/kernel/drivers/scsi/mpi3mr
usr/lib/modules/6.8.0-58-generic/kernel/drivers/scsi/mpi3mr/mpi3mr.ko.zst
usr/lib/modules/6.8.0-58-generic/kernel/drivers/scsi/mpt3sas
usr/lib/modules/6.8.0-58-generic/kernel/drivers/scsi/mpt3sas/mpt3sas.ko.zst
usr/lib/modules/6.8.0-58-generic/kernel/drivers/scsi/mvsas
usr/lib/modules/6.8.0-58-generic/kernel/drivers/scsi/mvsas/mvsas.ko.zst
usr/lib/modules/6.8.0-58-generic/kernel/drivers/scsi/mvumi.ko.zst
usr/lib/modules/6.8.0-58-generic/kernel/drivers/scsi/myrb.ko.zst
usr/lib/modules/6.8.0-58-generic/kernel/drivers/scsi/myrs.ko.zst
usr/lib/modules/6.8.0-58-generic/kernel/drivers/scsi/pcmcia
usr/lib/modules/6.8.0-58-generic/kernel/drivers/scsi/pcmcia/aha152x_cs.ko.zst
usr/lib/modules/6.8.0-58-generic/kernel/drivers/scsi/pcmcia/qlogic_cs.ko.zst
usr/lib/modules/6.8.0-58-generic/kernel/drivers/scsi/pcmcia/sym53c500_cs.ko.zst
usr/lib/modules/6.8.0-58-generic/kernel/drivers/scsi/pm8001
usr/lib/modules/6.8.0-58-generic/kernel/drivers/scsi/pm8001/pm80xx.ko.zst
usr/lib/modules/6.8.0-58-generic/kernel/drivers/scsi/pmcraid.ko.zst
usr/lib/modules/6.8.0-58-generic/kernel/drivers/scsi/ppa.ko.zst
usr/lib/modules/6.8.0-58-generic/kernel/drivers/scsi/qedf
usr/lib/modules/6.8.0-58-generic/kernel/drivers/scsi/qedf/qedf.ko.zst
usr/lib/modules/6.8.0-58-generic/kernel/drivers/scsi/qedi
usr/lib/modules/6.8.0-58-generic/kernel/drivers/scsi/qedi/qedi.ko.zst
usr/lib/modules/6.8.0-58-generic/kernel/drivers/scsi/qla1280.ko.zst
usr/lib/modules/6.8.0-58-generic/kernel/drivers/scsi/qla2xxx
usr/lib/modules/6.8.0-58-generic/kernel/drivers/scsi/qla2xxx/qla2xxx.ko.zst
usr/lib/modules/6.8.0-58-generic/kernel/drivers/scsi/qla4xxx
usr/lib/modules/6.8.0-58-generic/kernel/drivers/scsi/qla4xxx/qla4xxx.ko.zst
usr/lib/modules/6.8.0-58-generic/kernel/drivers/scsi/qlogicfas408.ko.zst
usr/lib/modules/6.8.0-58-generic/kernel/drivers/scsi/raid_class.ko.zst
usr/lib/modules/6.8.0-58-generic/kernel/drivers/scsi/scsi_debug.ko.zst
usr/lib/modules/6.8.0-58-generic/kernel/drivers/scsi/scsi_transport_fc.ko.zst
usr/lib/modules/6.8.0-58-generic/kernel/drivers/scsi/scsi_transport_iscsi.ko.zst
usr/lib/modules/6.8.0-58-generic/kernel/drivers/scsi/scsi_transport_sas.ko.zst
usr/lib/modules/6.8.0-58-generic/kernel/drivers/scsi/scsi_transport_spi.ko.zst
usr/lib/modules/6.8.0-58-generic/kernel/drivers/scsi/scsi_transport_srp.ko.zst
usr/lib/modules/6.8.0-58-generic/kernel/drivers/scsi/smartpqi
usr/lib/modules/6.8.0-58-generic/kernel/drivers/scsi/smartpqi/smartpqi.ko.zst
usr/lib/modules/6.8.0-58-generic/kernel/drivers/scsi/snic
usr/lib/modules/6.8.0-58-generic/kernel/drivers/scsi/snic/snic.ko.zst
usr/lib/modules/6.8.0-58-generic/kernel/drivers/scsi/stex.ko.zst
usr/lib/modules/6.8.0-58-generic/kernel/drivers/scsi/sym53c8xx_2
usr/lib/modules/6.8.0-58-generic/kernel/drivers/scsi/sym53c8xx_2/sym53c8xx.ko.zst
usr/lib/modules/6.8.0-58-generic/kernel/drivers/scsi/vmw_pvscsi.ko.zst
usr/lib/modules/6.8.0-58-generic/kernel/drivers/scsi/wd719x.ko.zst
usr/lib/modules/6.8.0-58-generic/kernel/drivers/scsi/xen-scsifront.ko.zst
usr/lib/modules/6.8.0-58-generic/kernel/drivers/spi
usr/lib/modules/6.8.0-58-generic/kernel/drivers/spi/spi-pxa2xx-platform.ko.zst
usr/lib/modules/6.8.0-58-generic/kernel/drivers/ssb
usr/lib/modules/6.8.0-58-generic/kernel/drivers/ssb/ssb.ko.zst
usr/lib/modules/6.8.0-58-generic/kernel/drivers/target
usr/lib/modules/6.8.0-58-generic/kernel/drivers/target/target_core_mod.ko.zst
usr/lib/modules/6.8.0-58-generic/kernel/drivers/thunderbolt
usr/lib/modules/6.8.0-58-generic/kernel/drivers/thunderbolt/thunderbolt.ko.zst
usr/lib/modules/6.8.0-58-generic/kernel/drivers/tty
usr/lib/modules/6.8.0-58-generic/kernel/drivers/tty/serial
usr/lib/modules/6.8.0-58-generic/kernel/drivers/tty/serial/8250
usr/lib/modules/6.8.0-58-generic/kernel/drivers/tty/serial/8250/8250_dfl.ko.zst
usr/lib/modules/6.8.0-58-generic/kernel/drivers/tty/serial/8250/8250_dw.ko.zst
usr/lib/modules/6.8.0-58-generic/kernel/drivers/tty/serial/8250/8250_exar.ko.zst
usr/lib/modules/6.8.0-58-generic/kernel/drivers/tty/serial/8250/8250_lpss.ko.zst
usr/lib/modules/6.8.0-58-generic/kernel/drivers/tty/serial/8250/8250_men_mcb.ko.zst
usr/lib/modules/6.8.0-58-generic/kernel/drivers/tty/serial/8250/8250_pci1xxxx.ko.zst
usr/lib/modules/6.8.0-58-generic/kernel/drivers/tty/serial/8250/8250_pericom.ko.zst
usr/lib/modules/6.8.0-58-generic/kernel/drivers/tty/serial/8250/serial_cs.ko.zst
usr/lib/modules/6.8.0-58-generic/kernel/drivers/tty/serial/altera_jtaguart.ko.zst
usr/lib/modules/6.8.0-58-generic/kernel/drivers/tty/serial/altera_uart.ko.zst
usr/lib/modules/6.8.0-58-generic/kernel/drivers/tty/serial/arc_uart.ko.zst
usr/lib/modules/6.8.0-58-generic/kernel/drivers/tty/serial/fsl_linflexuart.ko.zst
usr/lib/modules/6.8.0-58-generic/kernel/drivers/tty/serial/fsl_lpuart.ko.zst
usr/lib/modules/6.8.0-58-generic/kernel/drivers/tty/serial/jsm
usr/lib/modules/6.8.0-58-generic/kernel/drivers/tty/serial/jsm/jsm.ko.zst
usr/lib/modules/6.8.0-58-generic/kernel/drivers/tty/serial/lantiq.ko.zst
usr/lib/modules/6.8.0-58-generic/kernel/drivers/tty/serial/max3100.ko.zst
usr/lib/modules/6.8.0-58-generic/kernel/drivers/tty/serial/men_z135_uart.ko.zst
usr/lib/modules/6.8.0-58-generic/kernel/drivers/tty/serial/rp2.ko.zst
usr/lib/modules/6.8.0-58-generic/kernel/drivers/tty/serial/sc16is7xx.ko.zst
usr/lib/modules/6.8.0-58-generic/kernel/drivers/tty/serial/sprd_serial.ko.zst
usr/lib/modules/6.8.0-58-generic/kernel/drivers/tty/serial/uartlite.ko.zst
usr/lib/modules/6.8.0-58-generic/kernel/drivers/ufs
usr/lib/modules/6.8.0-58-generic/kernel/drivers/ufs/core
usr/lib/modules/6.8.0-58-generic/kernel/drivers/ufs/core/ufshcd-core.ko.zst
usr/lib/modules/6.8.0-58-generic/kernel/drivers/uio
usr/lib/modules/6.8.0-58-generic/kernel/drivers/uio/uio.ko.zst
usr/lib/modules/6.8.0-58-generic/kernel/drivers/usb
usr/lib/modules/6.8.0-58-generic/kernel/drivers/usb/c67x00
usr/lib/modules/6.8.0-58-generic/kernel/drivers/usb/c67x00/c67x00.ko.zst
usr/lib/modules/6.8.0-58-generic/kernel/drivers/usb/host
usr/lib/modules/6.8.0-58-generic/kernel/drivers/usb/host/xhci-pci-renesas.ko.zst
usr/lib/modules/6.8.0-58-generic/kernel/drivers/usb/host/xhci-pci.ko.zst
usr/lib/modules/6.8.0-58-generic/kernel/drivers/usb/host/xhci-plat-hcd.ko.zst
usr/lib/modules/6.8.0-58-generic/kernel/drivers/usb/storage
usr/lib/modules/6.8.0-58-generic/kernel/drivers/usb/storage/uas.ko.zst
usr/lib/modules/6.8.0-58-generic/kernel/drivers/usb/storage/ums-alauda.ko.zst
usr/lib/modules/6.8.0-58-generic/kernel/drivers/usb/storage/ums-cypress.ko.zst
usr/lib/modules/6.8.0-58-generic/kernel/drivers/usb/storage/ums-datafab.ko.zst
usr/lib/modules/6.8.0-58-generic/kernel/drivers/usb/storage/ums-eneub6250.ko.zst
usr/lib/modules/6.8.0-58-generic/kernel/drivers/usb/storage/ums-freecom.ko.zst
usr/lib/modules/6.8.0-58-generic/kernel/drivers/usb/storage/ums-isd200.ko.zst
usr/lib/modules/6.8.0-58-generic/kernel/drivers/usb/storage/ums-jumpshot.ko.zst
usr/lib/modules/6.8.0-58-generic/kernel/drivers/usb/storage/ums-karma.ko.zst
usr/lib/modules/6.8.0-58-generic/kernel/drivers/usb/storage/ums-onetouch.ko.zst
usr/lib/modules/6.8.0-58-generic/kernel/drivers/usb/storage/ums-realtek.ko.zst
usr/lib/modules/6.8.0-58-generic/kernel/drivers/usb/storage/ums-sddr09.ko.zst
usr/lib/modules/6.8.0-58-generic/kernel/drivers/usb/storage/ums-sddr55.ko.zst
usr/lib/modules/6.8.0-58-generic/kernel/drivers/usb/storage/ums-usbat.ko.zst
usr/lib/modules/6.8.0-58-generic/kernel/drivers/usb/storage/usb-storage.ko.zst
usr/lib/modules/6.8.0-58-generic/kernel/drivers/usb/typec
usr/lib/modules/6.8.0-58-generic/kernel/drivers/usb/typec/altmodes
usr/lib/modules/6.8.0-58-generic/kernel/drivers/usb/typec/altmodes/typec_displayport.ko.zst
usr/lib/modules/6.8.0-58-generic/kernel/drivers/usb/typec/altmodes/typec_nvidia.ko.zst
usr/lib/modules/6.8.0-58-generic/kernel/drivers/usb/typec/anx7411.ko.zst
usr/lib/modules/6.8.0-58-generic/kernel/drivers/usb/typec/hd3ss3220.ko.zst
usr/lib/modules/6.8.0-58-generic/kernel/drivers/usb/typec/mux
usr/lib/modules/6.8.0-58-generic/kernel/drivers/usb/typec/mux/fsa4480.ko.zst
usr/lib/modules/6.8.0-58-generic/kernel/drivers/usb/typec/mux/gpio-sbu-mux.ko.zst
usr/lib/modules/6.8.0-58-generic/kernel/drivers/usb/typec/mux/intel_pmc_mux.ko.zst
usr/lib/modules/6.8.0-58-generic/kernel/drivers/usb/typec/mux/nb7vpq904m.ko.zst
usr/lib/modules/6.8.0-58-generic/kernel/drivers/usb/typec/mux/pi3usb30532.ko.zst
usr/lib/modules/6.8.0-58-generic/kernel/drivers/usb/typec/mux/ptn36502.ko.zst
usr/lib/modules/6.8.0-58-generic/kernel/drivers/usb/typec/mux/wcd939x-usbss.ko.zst
usr/lib/modules/6.8.0-58-generic/kernel/drivers/usb/typec/rt1719.ko.zst
usr/lib/modules/6.8.0-58-generic/kernel/drivers/usb/typec/stusb160x.ko.zst
usr/lib/modules/6.8.0-58-generic/kernel/drivers/usb/typec/tcpm
usr/lib/modules/6.8.0-58-generic/kernel/drivers/usb/typec/tcpm/fusb302.ko.zst
usr/lib/modules/6.8.0-58-generic/kernel/drivers/usb/typec/tcpm/tcpci.ko.zst
usr/lib/modules/6.8.0-58-generic/kernel/drivers/usb/typec/tcpm/tcpci_maxim.ko.zst
usr/lib/modules/6.8.0-58-generic/kernel/drivers/usb/typec/tcpm/tcpci_mt6360.ko.zst
usr/lib/modules/6.8.0-58-generic/kernel/drivers/usb/typec/tcpm/tcpci_mt6370.ko.zst
usr/lib/modules/6.8.0-58-generic/kernel/drivers/usb/typec/tcpm/tcpci_rt1711h.ko.zst
usr/lib/modules/6.8.0-58-generic/kernel/drivers/usb/typec/tcpm/tcpm.ko.zst
usr/lib/modules/6.8.0-58-generic/kernel/drivers/usb/typec/tcpm/typec_wcove.ko.zst
usr/lib/modules/6.8.0-58-generic/kernel/drivers/usb/typec/tipd
usr/lib/modules/6.8.0-58-generic/kernel/drivers/usb/typec/tipd/tps6598x.ko.zst
usr/lib/modules/6.8.0-58-generic/kernel/drivers/usb/typec/typec.ko.zst
usr/lib/modules/6.8.0-58-generic/kernel/drivers/usb/typec/ucsi
usr/lib/modules/6.8.0-58-generic/kernel/drivers/usb/typec/ucsi/typec_ucsi.ko.zst
usr/lib/modules/6.8.0-58-generic/kernel/drivers/usb/typec/ucsi/ucsi_acpi.ko.zst
usr/lib/modules/6.8.0-58-generic/kernel/drivers/usb/typec/ucsi/ucsi_ccg.ko.zst
usr/lib/modules/6.8.0-58-generic/kernel/drivers/usb/typec/ucsi/ucsi_stm32g0.ko.zst
usr/lib/modules/6.8.0-58-generic/kernel/drivers/usb/typec/wusb3801.ko.zst
usr/lib/modules/6.8.0-58-generic/kernel/drivers/video
usr/lib/modules/6.8.0-58-generic/kernel/drivers/video/backlight
usr/lib/modules/6.8.0-58-generic/kernel/drivers/video/backlight/pwm_bl.ko.zst
usr/lib/modules/6.8.0-58-generic/kernel/drivers/video/fbdev
usr/lib/modules/6.8.0-58-generic/kernel/drivers/video/fbdev/vga16fb.ko.zst
usr/lib/modules/6.8.0-58-generic/kernel/drivers/video/vgastate.ko.zst
usr/lib/modules/6.8.0-58-generic/kernel/drivers/virtio
usr/lib/modules/6.8.0-58-generic/kernel/drivers/virtio/virtio_dma_buf.ko.zst
usr/lib/modules/6.8.0-58-generic/kernel/fs
usr/lib/modules/6.8.0-58-generic/kernel/fs/btrfs
usr/lib/modules/6.8.0-58-generic/kernel/fs/btrfs/btrfs.ko.zst
usr/lib/modules/6.8.0-58-generic/kernel/fs/f2fs
usr/lib/modules/6.8.0-58-generic/kernel/fs/f2fs/f2fs.ko.zst
usr/lib/modules/6.8.0-58-generic/kernel/fs/isofs
usr/lib/modules/6.8.0-58-generic/kernel/fs/isofs/isofs.ko.zst
usr/lib/modules/6.8.0-58-generic/kernel/fs/jfs
usr/lib/modules/6.8.0-58-generic/kernel/fs/jfs/jfs.ko.zst
usr/lib/modules/6.8.0-58-generic/kernel/fs/lockd
usr/lib/modules/6.8.0-58-generic/kernel/fs/lockd/lockd.ko.zst
usr/lib/modules/6.8.0-58-generic/kernel/fs/netfs
usr/lib/modules/6.8.0-58-generic/kernel/fs/netfs/netfs.ko.zst
usr/lib/modules/6.8.0-58-generic/kernel/fs/nfs
usr/lib/modules/6.8.0-58-generic/kernel/fs/nfs/nfs.ko.zst
usr/lib/modules/6.8.0-58-generic/kernel/fs/nfs/nfsv2.ko.zst
usr/lib/modules/6.8.0-58-generic/kernel/fs/nfs/nfsv3.ko.zst
usr/lib/modules/6.8.0-58-generic/kernel/fs/nfs/nfsv4.ko.zst
usr/lib/modules/6.8.0-58-generic/kernel/fs/nfs_common
usr/lib/modules/6.8.0-58-generic/kernel/fs/nfs_common/grace.ko.zst
usr/lib/modules/6.8.0-58-generic/kernel/fs/nfs_common/nfs_acl.ko.zst
usr/lib/modules/6.8.0-58-generic/kernel/fs/nls
usr/lib/modules/6.8.0-58-generic/kernel/fs/nls/nls_iso8859-1.ko.zst
usr/lib/modules/6.8.0-58-generic/kernel/fs/nls/nls_ucs2_utils.ko.zst
usr/lib/modules/6.8.0-58-generic/kernel/fs/overlayfs
usr/lib/modules/6.8.0-58-generic/kernel/fs/overlayfs/overlay.ko.zst
usr/lib/modules/6.8.0-58-generic/kernel/fs/reiserfs
usr/lib/modules/6.8.0-58-generic/kernel/fs/reiserfs/reiserfs.ko.zst
usr/lib/modules/6.8.0-58-generic/kernel/fs/udf
usr/lib/modules/6.8.0-58-generic/kernel/fs/udf/udf.ko.zst
usr/lib/modules/6.8.0-58-generic/kernel/fs/xfs
usr/lib/modules/6.8.0-58-generic/kernel/fs/xfs/xfs.ko.zst
usr/lib/modules/6.8.0-58-generic/kernel/lib
usr/lib/modules/6.8.0-58-generic/kernel/lib/842
usr/lib/modules/6.8.0-58-generic/kernel/lib/842/842_compress.ko.zst
usr/lib/modules/6.8.0-58-generic/kernel/lib/842/842_decompress.ko.zst
usr/lib/modules/6.8.0-58-generic/kernel/lib/crc-itu-t.ko.zst
usr/lib/modules/6.8.0-58-generic/kernel/lib/crc7.ko.zst
usr/lib/modules/6.8.0-58-generic/kernel/lib/crc8.ko.zst
usr/lib/modules/6.8.0-58-generic/kernel/lib/crypto
usr/lib/modules/6.8.0-58-generic/kernel/lib/crypto/libchacha.ko.zst
usr/lib/modules/6.8.0-58-generic/kernel/lib/crypto/libcurve25519-generic.ko.zst
usr/lib/modules/6.8.0-58-generic/kernel/lib/crypto/libdes.ko.zst
usr/lib/modules/6.8.0-58-generic/kernel/lib/crypto/libpoly1305.ko.zst
usr/lib/modules/6.8.0-58-generic/kernel/lib/libcrc32c.ko.zst
usr/lib/modules/6.8.0-58-generic/kernel/lib/lz4
usr/lib/modules/6.8.0-58-generic/kernel/lib/lz4/lz4_compress.ko.zst
usr/lib/modules/6.8.0-58-generic/kernel/lib/lz4/lz4hc_compress.ko.zst
usr/lib/modules/6.8.0-58-generic/kernel/lib/objagg.ko.zst
usr/lib/modules/6.8.0-58-generic/kernel/lib/parman.ko.zst
usr/lib/modules/6.8.0-58-generic/kernel/lib/polynomial.ko.zst
usr/lib/modules/6.8.0-58-generic/kernel/lib/raid6
usr/lib/modules/6.8.0-58-generic/kernel/lib/raid6/raid6_pq.ko.zst
usr/lib/modules/6.8.0-58-generic/kernel/net
usr/lib/modules/6.8.0-58-generic/kernel/net/802
usr/lib/modules/6.8.0-58-generic/kernel/net/802/garp.ko.zst
usr/lib/modules/6.8.0-58-generic/kernel/net/802/mrp.ko.zst
usr/lib/modules/6.8.0-58-generic/kernel/net/802/stp.ko.zst
usr/lib/modules/6.8.0-58-generic/kernel/net/8021q
usr/lib/modules/6.8.0-58-generic/kernel/net/8021q/8021q.ko.zst
usr/lib/modules/6.8.0-58-generic/kernel/net/bridge
usr/lib/modules/6.8.0-58-generic/kernel/net/bridge/bridge.ko.zst
usr/lib/modules/6.8.0-58-generic/kernel/net/ceph
usr/lib/modules/6.8.0-58-generic/kernel/net/ceph/libceph.ko.zst
usr/lib/modules/6.8.0-58-generic/kernel/net/ipv4
usr/lib/modules/6.8.0-58-generic/kernel/net/ipv4/udp_tunnel.ko.zst
usr/lib/modules/6.8.0-58-generic/kernel/net/ipv6
usr/lib/modules/6.8.0-58-generic/kernel/net/ipv6/ip6_tunnel.ko.zst
usr/lib/modules/6.8.0-58-generic/kernel/net/ipv6/ip6_udp_tunnel.ko.zst
usr/lib/modules/6.8.0-58-generic/kernel/net/ipv6/tunnel6.ko.zst
usr/lib/modules/6.8.0-58-generic/kernel/net/llc
usr/lib/modules/6.8.0-58-generic/kernel/net/llc/llc.ko.zst
usr/lib/modules/6.8.0-58-generic/kernel/net/psample
usr/lib/modules/6.8.0-58-generic/kernel/net/psample/psample.ko.zst
usr/lib/modules/6.8.0-58-generic/kernel/net/sunrpc
usr/lib/modules/6.8.0-58-generic/kernel/net/sunrpc/sunrpc.ko.zst
usr/lib/modules/6.8.0-58-generic/kernel/net/tls
usr/lib/modules/6.8.0-58-generic/kernel/net/tls/tls.ko.zst
usr/lib/modules/6.8.0-58-generic/kernel/net/xfrm
usr/lib/modules/6.8.0-58-generic/kernel/net/xfrm/xfrm_algo.ko.zst
usr/lib/modules/6.8.0-58-generic/kernel/sound
usr/lib/modules/6.8.0-58-generic/kernel/sound/core
usr/lib/modules/6.8.0-58-generic/kernel/sound/core/snd-rawmidi.ko.zst
usr/lib/modules/6.8.0-58-generic/kernel/sound/core/snd-seq-device.ko.zst
usr/lib/modules/6.8.0-58-generic/kernel/sound/core/snd.ko.zst
usr/lib/modules/6.8.0-58-generic/kernel/sound/soundcore.ko.zst
.
.random-seed
bin
conf
conf/arch.conf
conf/conf.d
conf/initramfs.conf
conf/modules
cryptroot
cryptroot/crypttab
etc
etc/console-setup
etc/console-setup/Uni2-Fixed16.psf.gz
etc/console-setup/cached_UTF-8_del.kmap.gz
etc/default
etc/default/console-setup
etc/default/keyboard
etc/dhcpcd.conf
etc/fstab
etc/initiatorname.iscsi
etc/ld.so.cache
etc/ld.so.conf
etc/ld.so.conf.d
etc/ld.so.conf.d/libc.conf
etc/ld.so.conf.d/x86_64-linux-gnu.conf
etc/lvm
etc/lvm/lvm.conf
etc/lvm/lvmlocal.conf
etc/lvm/profile
etc/lvm/profile/cache-mq.profile
etc/lvm/profile/cache-smq.profile
etc/lvm/profile/command_profile_template.profile
etc/lvm/profile/lvmdbusd.profile
etc/lvm/profile/metadata_profile_template.profile
etc/lvm/profile/thin-generic.profile
etc/lvm/profile/thin-performance.profile
etc/lvm/profile/vdo-small.profile
etc/mdadm
etc/mdadm/mdadm.conf
etc/modprobe.d
etc/modprobe.d/amd64-microcode-blacklist.conf
etc/modprobe.d/blacklist-ath_pci.conf
etc/modprobe.d/blacklist-firewire.conf
etc/modprobe.d/blacklist-framebuffer.conf
etc/modprobe.d/blacklist-rare-network.conf
etc/modprobe.d/blacklist.conf
etc/modprobe.d/intel-microcode-blacklist.conf
etc/modprobe.d/iwlwifi.conf
etc/modprobe.d/mdadm.conf
etc/motd
etc/mtab
etc/nsswitch.conf
etc/os-release
etc/passwd
etc/plymouth
etc/udev
etc/udev/udev.conf
init
lib
lib.usr-is-merged
lib64
run
sbin
scripts
scripts/functions
scripts/init-bottom
scripts/init-bottom/ORDER
scripts/init-bottom/cloud-initramfs-dyn-netconf
scripts/init-bottom/copymods
scripts/init-bottom/lvm2
scripts/init-bottom/overlayroot
scripts/init-bottom/plymouth
scripts/init-bottom/udev
scripts/init-premount
scripts/init-premount/ORDER
scripts/init-premount/cloud-initramfs-dyn-netconf
scripts/init-premount/plymouth
scripts/init-top
scripts/init-top/00_mount_efivarfs
scripts/init-top/ORDER
scripts/init-top/all_generic_ide
scripts/init-top/blacklist
scripts/init-top/console_setup
scripts/init-top/framebuffer
scripts/init-top/udev
scripts/local
scripts/local-block
scripts/local-block/ORDER
scripts/local-block/cryptroot
scripts/local-block/mdadm
scripts/local-bottom
scripts/local-bottom/ORDER
scripts/local-bottom/cryptgnupg-sc
scripts/local-bottom/cryptopensc
scripts/local-bottom/cryptroot
scripts/local-bottom/iscsi
scripts/local-bottom/mdadm
scripts/local-bottom/ntfs_3g
scripts/local-premount
scripts/local-premount/ORDER
scripts/local-premount/btrfs
scripts/local-premount/fixrtc
scripts/local-premount/ntfs_3g
scripts/local-premount/resume
scripts/local-top
scripts/local-top/ORDER
scripts/local-top/cryptopensc
scripts/local-top/cryptroot
scripts/local-top/iscsi
scripts/nfs
scripts/panic
scripts/panic/ORDER
scripts/panic/console_setup
scripts/panic/plymouth
usr
usr/bin
usr/bin/btrfs
usr/bin/cpio
usr/bin/cryptroot-unlock
usr/bin/dd
usr/bin/dmesg
usr/bin/fstype
usr/bin/halt
usr/bin/head
usr/bin/insmod
usr/bin/ipconfig
usr/bin/kbd_mode
usr/bin/kmod
usr/bin/loadkeys
usr/bin/losetup
usr/bin/minips
usr/bin/nfsmount
usr/bin/ntfs-3g
usr/bin/pivot_root
usr/bin/plymouth
usr/bin/poweroff
usr/bin/resume
usr/bin/setfont
usr/bin/sg_inq
usr/bin/sha512sum
usr/bin/udevadm
usr/bin/which
usr/bin/wget
usr/bin/wc
usr/bin/uniq
usr/bin/uname
usr/bin/umount
usr/bin/tty
usr/bin/ts
usr/bin/true
usr/bin/tr
usr/bin/touch
usr/bin/test
usr/bin/tee
usr/bin/tail
usr/bin/sync
usr/bin/switch_root
usr/bin/stty
usr/bin/static-sh
usr/bin/stat
usr/bin/sort
usr/bin/sleep
usr/bin/sh
usr/bin/setkeycodes
usr/bin/seq
usr/bin/sed
usr/bin/run-init
usr/bin/rmdir
usr/bin/rm
usr/bin/reset
usr/bin/reboot
usr/bin/readlink
usr/bin/pwd
usr/bin/ps
usr/bin/printf
usr/bin/pidof
usr/bin/openvt
usr/bin/nuke
usr/bin/mv
usr/bin/mount
usr/bin/more
usr/bin/modinfo
usr/bin/mktemp
usr/bin/mkswap
usr/bin/mknod
usr/bin/mkfifo
usr/bin/mkdir
usr/bin/lzop
usr/bin/ls
usr/bin/loadkmap
usr/bin/loadfont
usr/bin/ln
usr/bin/kill
usr/bin/ip
usr/bin/ifconfig
usr/bin/i2ctransfer
usr/bin/hwclock
usr/bin/hostname
usr/bin/gzip
usr/bin/gunzip
usr/bin/grep
usr/bin/fstrim
usr/bin/fold
usr/bin/find
usr/bin/fgrep
usr/bin/fbset
usr/bin/false
usr/bin/expr
usr/bin/env
usr/bin/egrep
usr/bin/echo
usr/bin/dumpkmap
usr/bin/du
usr/bin/dirname
usr/bin/df
usr/bin/devmem
usr/bin/deluser
usr/bin/deallocvt
usr/bin/date
usr/bin/cut
usr/bin/crc32
usr/bin/cp
usr/bin/cmp
usr/bin/clear
usr/bin/chvt
usr/bin/chroot
usr/bin/chmod
usr/bin/cat
usr/bin/busybox
usr/bin/blockdev
usr/bin/basename
usr/bin/base32
usr/bin/awk
usr/bin/ash
usr/bin/ascii
usr/bin/arch
usr/bin/acpid
usr/bin/[[
usr/bin/[
usr/bin/yes
usr/lib
usr/lib.usr-is-merged
usr/lib/cryptsetup
usr/lib/cryptsetup/askpass
usr/lib/cryptsetup/functions
usr/lib/dhcpcd
usr/lib/dhcpcd/dhcpcd-hooks
usr/lib/dhcpcd/dhcpcd-hooks/10-mtu
usr/lib/dhcpcd/dhcpcd-hooks/30-hostname
usr/lib/dhcpcd/dhcpcd-hooks/70-net-conf
usr/lib/dhcpcd/dhcpcd-run-hooks
usr/lib/initramfs-tools
usr/lib/initramfs-tools/bin
usr/lib/initramfs-tools/bin/gcc_s1-stub
usr/lib/klibc-sw0VayLfV0hmLGCQE9vyfOnj81g.so
usr/lib/modprobe.d
usr/lib/modprobe.d/aliases.conf
usr/lib/modprobe.d/blacklist_linux_6.8.0-57-generic.conf
usr/lib/modprobe.d/blacklist_linux_6.8.0-58-generic.conf
usr/lib/modprobe.d/fbdev-blacklist.conf
usr/lib/modprobe.d/systemd.conf
usr/lib/modules
usr/lib/modules/6.8.0-58-generic
usr/lib/modules/6.8.0-58-generic/modules.alias
usr/lib/modules/6.8.0-58-generic/modules.alias.bin
usr/lib/modules/6.8.0-58-generic/modules.builtin
usr/lib/modules/6.8.0-58-generic/modules.builtin.alias.bin
usr/lib/modules/6.8.0-58-generic/modules.builtin.bin
usr/lib/modules/6.8.0-58-generic/modules.builtin.modinfo
usr/lib/modules/6.8.0-58-generic/modules.dep
usr/lib/modules/6.8.0-58-generic/modules.dep.bin
usr/lib/modules/6.8.0-58-generic/modules.devname
usr/lib/modules/6.8.0-58-generic/modules.order
usr/lib/modules/6.8.0-58-generic/modules.softdep
usr/lib/modules/6.8.0-58-generic/modules.symbols
usr/lib/modules/6.8.0-58-generic/modules.symbols.bin
usr/lib/systemd
usr/lib/systemd/network
usr/lib/systemd/network/73-usb-net-by-mac.link
usr/lib/systemd/network/99-default.link
usr/lib/systemd/systemd-udevd
usr/lib/udev
usr/lib/udev/ata_id
usr/lib/udev/bcache-export-cached
usr/lib/udev/bcache-register
usr/lib/udev/probe-bcache
usr/lib/udev/rules.d
usr/lib/udev/rules.d/50-firmware.rules
usr/lib/udev/rules.d/50-udev-default.rules
usr/lib/udev/rules.d/55-dm.rules
usr/lib/udev/rules.d/55-scsi-sg3_id.rules
usr/lib/udev/rules.d/56-lvm.rules
usr/lib/udev/rules.d/58-scsi-sg3_symlink.rules
usr/lib/udev/rules.d/60-block.rules
usr/lib/udev/rules.d/60-persistent-storage-dm.rules
usr/lib/udev/rules.d/60-persistent-storage.rules
usr/lib/udev/rules.d/61-persistent-storage-android.rules
usr/lib/udev/rules.d/63-md-raid-arrays.rules
usr/lib/udev/rules.d/64-btrfs-dm.rules
usr/lib/udev/rules.d/64-btrfs.rules
usr/lib/udev/rules.d/64-md-raid-assembly.rules
usr/lib/udev/rules.d/69-bcache.rules
usr/lib/udev/rules.d/69-lvm.rules
usr/lib/udev/rules.d/71-seat.rules
usr/lib/udev/rules.d/73-special-net-names.rules
usr/lib/udev/rules.d/75-net-description.rules
usr/lib/udev/rules.d/80-drivers.rules
usr/lib/udev/rules.d/80-net-setup-link.rules
usr/lib/udev/rules.d/95-dm-notify.rules
usr/lib/udev/scsi_id
usr/lib/x86_64-linux-gnu
usr/lib/x86_64-linux-gnu/dhcpcd
usr/lib/x86_64-linux-gnu/dhcpcd/dev
usr/lib/x86_64-linux-gnu/dhcpcd/dev/udev.so
usr/lib/x86_64-linux-gnu/ld-linux-x86-64.so.2
usr/lib/x86_64-linux-gnu/libacl.so.1
usr/lib/x86_64-linux-gnu/libacl.so.1.1.2302
usr/lib/x86_64-linux-gnu/libaio.so.1t64
usr/lib/x86_64-linux-gnu/libaio.so.1t64.0.2
usr/lib/x86_64-linux-gnu/libargon2.so.1
usr/lib/x86_64-linux-gnu/libblkid.so.1
usr/lib/x86_64-linux-gnu/libblkid.so.1.1.0
usr/lib/x86_64-linux-gnu/libbsd.so.0
usr/lib/x86_64-linux-gnu/libbsd.so.0.12.1
usr/lib/x86_64-linux-gnu/libc.so.6
usr/lib/x86_64-linux-gnu/libcap.so.2
usr/lib/x86_64-linux-gnu/libcap.so.2.66
usr/lib/x86_64-linux-gnu/libcom_err.so.2
usr/lib/x86_64-linux-gnu/libcom_err.so.2.1
usr/lib/x86_64-linux-gnu/libcrypto.so.3
usr/lib/x86_64-linux-gnu/libcryptsetup.so.12
usr/lib/x86_64-linux-gnu/libcryptsetup.so.12.10.0
usr/lib/x86_64-linux-gnu/libdevmapper-event.so.1.02.1
usr/lib/x86_64-linux-gnu/libdevmapper.so.1.02.1
usr/lib/x86_64-linux-gnu/libdrm.so.2
usr/lib/x86_64-linux-gnu/libdrm.so.2.4.0
usr/lib/x86_64-linux-gnu/libe2p.so.2
usr/lib/x86_64-linux-gnu/libe2p.so.2.3
usr/lib/x86_64-linux-gnu/libedit.so.2
usr/lib/x86_64-linux-gnu/libedit.so.2.0.72
usr/lib/x86_64-linux-gnu/libevdev.so.2
usr/lib/x86_64-linux-gnu/libevdev.so.2.3.0
usr/lib/x86_64-linux-gnu/libexpat.so.1
usr/lib/x86_64-linux-gnu/libexpat.so.1.9.1
usr/lib/x86_64-linux-gnu/libext2fs.so.2
usr/lib/x86_64-linux-gnu/libext2fs.so.2.4
usr/lib/x86_64-linux-gnu/libfuse3.so.3
usr/lib/x86_64-linux-gnu/libfuse3.so.3.14.0
usr/lib/x86_64-linux-gnu/libgcc_s.so.1
usr/lib/x86_64-linux-gnu/libgcrypt.so.20
usr/lib/x86_64-linux-gnu/libgcrypt.so.20.4.3
usr/lib/x86_64-linux-gnu/libgpg-error.so.0
usr/lib/x86_64-linux-gnu/libgpg-error.so.0.34.0
usr/lib/x86_64-linux-gnu/libjson-c.so.5
usr/lib/x86_64-linux-gnu/libjson-c.so.5.3.0
usr/lib/x86_64-linux-gnu/libkmod.so.2
usr/lib/x86_64-linux-gnu/libkmod.so.2.4.1
usr/lib/x86_64-linux-gnu/liblz4.so.1
usr/lib/x86_64-linux-gnu/liblz4.so.1.9.4
usr/lib/x86_64-linux-gnu/liblzma.so.5
usr/lib/x86_64-linux-gnu/liblzma.so.5.4.5
usr/lib/x86_64-linux-gnu/liblzo2.so.2
usr/lib/x86_64-linux-gnu/liblzo2.so.2.0.0
usr/lib/x86_64-linux-gnu/libm.so.6
usr/lib/x86_64-linux-gnu/libmd.so.0
usr/lib/x86_64-linux-gnu/libmd.so.0.1.0
usr/lib/x86_64-linux-gnu/libmount.so.1
usr/lib/x86_64-linux-gnu/libmount.so.1.1.0
usr/lib/x86_64-linux-gnu/libnss_dns.so.2
usr/lib/x86_64-linux-gnu/libnss_files.so.2
usr/lib/x86_64-linux-gnu/libntfs-3g.so.89
usr/lib/x86_64-linux-gnu/libntfs-3g.so.89.0.0
usr/lib/x86_64-linux-gnu/libopeniscsiusr.so.0.2.0
usr/lib/x86_64-linux-gnu/libpcre2-8.so.0
usr/lib/x86_64-linux-gnu/libpcre2-8.so.0.11.2
usr/lib/x86_64-linux-gnu/libply-splash-core.so.5
usr/lib/x86_64-linux-gnu/libply-splash-core.so.5.0.0
usr/lib/x86_64-linux-gnu/libply.so.5
usr/lib/x86_64-linux-gnu/libply.so.5.0.0
usr/lib/x86_64-linux-gnu/libpopt.so.0
usr/lib/x86_64-linux-gnu/libpopt.so.0.0.2
usr/lib/x86_64-linux-gnu/libpthread.so.0
usr/lib/x86_64-linux-gnu/libresolv.so.2
usr/lib/x86_64-linux-gnu/libselinux.so.1
usr/lib/x86_64-linux-gnu/libsgutils2-1.46.so.2
usr/lib/x86_64-linux-gnu/libsgutils2-1.46.so.2.0.0
usr/lib/x86_64-linux-gnu/libsmartcols.so.1
usr/lib/x86_64-linux-gnu/libsmartcols.so.1.1.0
usr/lib/x86_64-linux-gnu/libstdc++.so.6
usr/lib/x86_64-linux-gnu/libstdc++.so.6.0.33
usr/lib/x86_64-linux-gnu/libsystemd.so.0
usr/lib/x86_64-linux-gnu/libsystemd.so.0.38.0
usr/lib/x86_64-linux-gnu/libtinfo.so.6
usr/lib/x86_64-linux-gnu/libtinfo.so.6.4
usr/lib/x86_64-linux-gnu/libudev.so.1
usr/lib/x86_64-linux-gnu/libudev.so.1.7.8
usr/lib/x86_64-linux-gnu/libuuid.so.1
usr/lib/x86_64-linux-gnu/libuuid.so.1.3.0
usr/lib/x86_64-linux-gnu/libxkbcommon.so.0
usr/lib/x86_64-linux-gnu/libxkbcommon.so.0.0.0
usr/lib/x86_64-linux-gnu/libz.so.1
usr/lib/x86_64-linux-gnu/libz.so.1.3
usr/lib/x86_64-linux-gnu/libzstd.so.1
usr/lib/x86_64-linux-gnu/libzstd.so.1.5.5
usr/lib/x86_64-linux-gnu/plymouth
usr/lib/x86_64-linux-gnu/plymouth/details.so
usr/lib/x86_64-linux-gnu/plymouth/renderers
usr/lib/x86_64-linux-gnu/plymouth/renderers/drm.so
usr/lib/x86_64-linux-gnu/plymouth/renderers/frame-buffer.so
usr/lib/x86_64-linux-gnu/plymouth/text.so
usr/lib/x86_64-linux-gnu/plymouth/ubuntu-text.so
usr/lib64
usr/lib64/ld-linux-x86-64.so.2
usr/libexec
usr/libexec/plymouth
usr/libexec/plymouth/plymouthd-fd-escrow
usr/sbin
usr/sbin/blkid
usr/sbin/cache_check
usr/sbin/cryptsetup
usr/sbin/dhcpcd
usr/sbin/dmsetup
usr/sbin/dumpe2fs
usr/sbin/e2fsck
usr/sbin/fsck
usr/sbin/fsck.ext4
usr/sbin/iscsistart
usr/sbin/logsave
usr/sbin/lvm
usr/sbin/mdadm
usr/sbin/mdmon
usr/sbin/mke2fs
usr/sbin/modprobe
usr/sbin/mount.fuse3
usr/sbin/mount.ntfs
usr/sbin/mount.ntfs-3g
usr/sbin/pdata_tools
usr/sbin/plymouthd
usr/sbin/rmmod
usr/sbin/thin_check
usr/sbin/vgchange
usr/sbin/wait-for-root
usr/sbin/wipefs
usr/share
usr/share/plymouth
usr/share/plymouth/themes
usr/share/plymouth/themes/details
usr/share/plymouth/themes/details/details.plymouth
usr/share/plymouth/themes/text
usr/share/plymouth/themes/text.plymouth
usr/share/plymouth/themes/text/text.plymouth
usr/share/plymouth/themes/ubuntu-text
usr/share/plymouth/themes/ubuntu-text/ubuntu-text.plymouth
usr/share/plymouth/themes/ubuntu-text/ubuntu-text.plymouth.in
var
var/lib
var/lib/dhcpcd
0;user@ubse: /boot
0;user@ubse: /boot
0;user@ubse: /boot
0;user@ubse: /boot
0;user@ubse: /boot
0;user@ubse: /boot
0;user@ubse: /boot
0;user@ubse: /boot
0;user@ubse: /boot
0;user@ubse: /boot
0;user@ubse: /boot
0;user@ubse: /boot
0;user@ubse: /boot
0;user@ubse: /boot
0;user@ubse: /boot
0;user@ubse: /boot
0;user@ubse: /boot
0;user@ubse: /boot
0;user@ubse: /boot
0;user@ubse: /boot
0;user@ubse: /boot
0;user@ubse: /boot
0;user@ubse: /boot
0;user@ubse: /boot
0;user@ubse: /boot
0;user@ubse: /boot
user@ubse:/boot$ lsinitramfs initrd.img-6.8.0-58-generic | less
.
kernel
kernel/x86
kernel/x86/microcode
kernel/x86/microcode/AuthenticAMD.bin
kernel
kernel/x86
kernel/x86/microcode
kernel/x86/microcode/.enuineIntel.align.0123456789abc
kernel/x86/microcode/GenuineIntel.bin
.
.init
kernel
kernel/x86
kernel/x86/microcode
kernel/x86/microcode/AuthenticAMD.bin
kernel
kernel/x86
kernel/x86/microcode
kernel/x86/microcode/.enuineIntel.align.0123456789abc
kernel/x86/microcode/GenuineIntel.bin
.
.
kernel
kernel/x86
kernel/x86/microcode
kernel/x86/microcode/AuthenticAMD.bin
kernel
kernel/x86
kernel/x86/microcode
kernel/x86/microcode/.enuineIntel.align.0123456789abc
kernel/x86/microcode/GenuineIntel.bin
.
...skipping...
usr/lib/firmware/ene-ub6250/ms_init.bin.zst
usr/lib/firmware/ene-ub6250/ms_rdwr.bin.zst
usr/lib/firmware/ene-ub6250/msp_rdwr.bin.zst
usr/lib/firmware/ene-ub6250/sd_init1.bin.zst
usr/lib/firmware/ene-ub6250/sd_init2.bin.zst
usr/lib/firmware/ene-ub6250/sd_rdwr.bin.zst
usr/lib/firmware/intel
usr/lib/firmware/intel/ice
usr/lib/firmware/intel/ice/ddp
usr/lib/firmware/intel/ice/ddp/ice-1.3.36.0.pkg.zst
usr/lib/firmware/intel/ice/ddp/ice.pkg.zst
usr/lib/firmware/isci
usr/lib/firmware/isci/isci_firmware.bin.zst
usr/lib/firmware/kaweth
usr/lib/firmware/kaweth/new_code.bin.zst
...skipping...
usr/lib/firmware/qed/qed_init_values_zipped-8.59.1.0.bin.zst
usr/lib/firmware/ql2100_fw.bin.zst
usr/lib/firmware/ql2200_fw.bin.zst
usr/lib/firmware/ql2300_fw.bin.zst
usr/lib/firmware/ql2322_fw.bin.zst
usr/lib/firmware/ql2400_fw.bin.zst
usr/lib/firmware/ql2500_fw.bin.zst
usr/lib/firmware/qlogic
usr/lib/firmware/qlogic/1040.bin.zst
usr/lib/firmware/qlogic/12160.bin.zst
usr/lib/firmware/qlogic/1280.bin.zst
...skipping...
usr/lib/modules/6.8.0-58-generic/kernel/drivers/scsi/initio.ko.zst
usr/lib/modules/6.8.0-58-generic/kernel/drivers/scsi/ipr.ko.zst
usr/lib/modules/6.8.0-58-generic/kernel/drivers/scsi/ips.ko.zst
usr/lib/modules/6.8.0-58-generic/kernel/drivers/scsi/isci
usr/lib/modules/6.8.0-58-generic/kernel/drivers/scsi/isci/isci.ko.zst
usr/lib/modules/6.8.0-58-generic/kernel/drivers/scsi/iscsi_boot_sysfs.ko.zst
...skipping...
conf/initramfs.conf
conf/modules
cryptroot
cryptroot/crypttab
etc
etc/console-setup
etc/console-setup/Uni2-Fixed16.psf.gz
etc/console-setup/cached_UTF-8_del.kmap.gz
etc/default
etc/default/console-setup
etc/default/keyboard
etc/dhcpcd.conf
...skipping...
etc/initiatorname.iscsi
etc/ld.so.cache
etc/ld.so.conf
etc/ld.so.conf.d
etc/ld.so.conf.d/libc.conf
etc/ld.so.conf.d/x86_64-linux-gnu.conf
etc/lvm
etc/lvm/lvm.conf
etc/lvm/lvmlocal.conf
etc/lvm/profile
etc/lvm/profile/cache-mq.profile
etc/lvm/profile/cache-smq.profile
...skipping...
init
lib
lib.usr-is-merged
lib64
run
sbin
scripts
scripts/functions
scripts/init-bottom
scripts/init-bottom/ORDER
scripts/init-bottom/cloud-initramfs-dyn-netconf
scripts/init-bottom/copymods
Metc/udev/udev.conf
scripts/init-bottom/copymods
scripts/init-bottom/lvm2
scripts/init-bottom/overlayroot
scripts/init-bottom/plymouth
scripts/init-bottom/udev
scripts/init-premount
scripts/init-premount/ORDER
fESESCOBinit-premount/cloud-initramfs-dyn-netcon:
scripts/init-premount/plymouth
scripts/init-top
scripts/init-top/00_mount_efivarfs
scripts/init-top/ORDER
scripts/init-top/all_generic_ide
scripts/init-top/blacklist
scripts/init-top/console_setup
scripts/init-top/framebuffer
scripts/init-top/udev
scripts/local
scripts/local-block
scripts/local-block/ORDER
scripts/local-block/cryptroot
scripts/local-block/mdadm
scripts/local-bottom
scripts/local-bottom/ORDER
scripts/local-bottom/cryptgnupg-sc
scripts/local-bottom/cryptopensc
scripts/local-bottom/cryptroot
scripts/local-bottom/iscsi
scripts/local-bottom/mdadm
scripts/local-bottom/ntfs_3g
scripts/local-premount
scripts/local-premount/ORDER
scripts/local-premount/btrfs
scripts/local-premount/fixrtc
scripts/local-premount/ntfs_3g
scripts/local-premount/resume
scripts/local-top
scripts/local-top/ORDER
scripts/local-top/cryptopensc
scripts/local-top/cryptroot
scripts/local-top/iscsi
scripts/nfs
scripts/panic
scripts/panic/ORDER
scripts/panic/console_setup
scripts/panic/plymouth
usrESCOB
usr/binB
usr/bin/btrfs
usr/bin/cpio
usr/bin/cryptroot-unlock
usr/bin/dd
usr/bin/dmesg
usr/bin/fstype
usr/bin/halt
usr/bin/head
usr/bin/insmod
usr/bin/ipconfig
usr/bin/kbd_mode
usr/bin/kmod
usr/bin/loadkeys
usr/bin/losetup
usr/bin/minips
usr/bin/nfsmount
usr/bin/ntfs-3g
usr/bin/pivot_root
usr/bin/plymouth
usr/bin/poweroff
usr/bin/resume
usr/bin/setfont
usr/bin/sg_inq
usr/bin/sha512sum
usr/bin/udevadm
usr/bin/which
usr/bin/wget
usr/bin/wc
usr/bin/uniq
usr/bin/uname
usr/bin/umount
usr/bin/tty
usr/bin/ts
usr/bin/true
usr/bin/tr
usr/bin/touch
usr/bin/test
usr/bin/tee
usr/bin/tail
usr/bin/sync
usr/bin/switch_root
usr/bin/stty
usr/bin/static-sh
usr/bin/stat
usr/bin/sort
usr/bin/sleep
usr/bin/sh
usr/bin/setkeycodes
usr/bin/seq
usr/bin/sed
usr/bin/run-init
>0;user@ubse: /boot
user@ubse:/boot$ 
logout
Connection to localhost closed.
DEVOPS24/lektion15
$ 
exit

Script done on 2025-05-13 14:00:29+02:00 [COMMAND_EXIT_CODE="0"]
