Script started on 2025-09-22 10:39:18+02:00 [TERM="xterm-256color" TTY="/dev/pts/3" COLUMNS="65" LINES="13"]
ITINF25/lektion4
$ git stash
ITINF25/lektion1/recordings/133059.txt: needs merge
ITINF25/lektion4
$ ITINF25/lektion4
$ ls
recordings
ITINF25/lektion4
$ ITINF25/lektion4
$ man ssh
SSH(1)            BSD General Commands Manual            SSH(1)

NAME
     ssh — OpenSSH remote login client

SYNOPSIS
     ssh [-46AaCfGgKkMNnqsTtVvXxYy] [-B bind_interface]
         [-b bind_address] [-c cipher_spec]
         [-D [bind_address:]port] [-E log_file]
         [-e escape_char] [-F configfile] [-I pkcs11]
         [-i identity_file] [-J destination] [-L address]
         [-l login_name] [-m mac_spec] [-O ctl_cmd] [-o option]
         [-p port] [-Q query_option] [-R address] [-S ctl_path]
         [-W host:port] [-w local_tun[:remote_tun]] destination
         [command [argument ...]]

DESCRIPTIONe ssh(1) line 1 (press h for help or q to quit)
     ssh (SSH client) is a program for logging into a remote
NAMEual page ssh(1) line 3 (press h for help or q to quit)
     ssh — OpenSSH remote login client

SYNOPSIS
     ssh [-46AaCfGgKkMNnqsTtVvXxYy] [-B bind_interface]
         [-b bind_address] [-c cipher_spec]
         [-D [bind_address:]port] [-E log_file]
         [-e escape_char] [-F configfile] [-I pkcs11]
         [-i identity_file] [-J destination] [-L address]
         [-l login_name] [-m mac_spec] [-O ctl_cmd] [-o option]
         [-p port] [-Q query_option] [-R address] [-S ctl_path]
         [-W host:port] [-w local_tun[:remote_tun]] destination
         [command [argument ...]]

DESCRIPTION
     ssh (SSH client) is a program for logging into a remote
NAME
     ssh — OpenSSH remote login client

SYNOPSIS
     ssh [-46AaCfGgKkMNnqsTtVvXxYy] [-B bind_interface]
         [-b bind_address] [-c cipher_spec]
         [-D [bind_address:]port] [-E log_file]
         [-e escape_char] [-F configfile] [-I pkcs11]
         [-i identity_file] [-J destination] [-L address]
         [-l login_name] [-m mac_spec] [-O ctl_cmd] [-o option]
         [-p port] [-Q query_option] [-R address] [-S ctl_path]
         [-W host:port] [-w local_tun[:remote_tun]] destination
         [command [argument ...]]

DESCRIPTION
     ssh (SSH client) is a program for logging into a remote
     machine and for executing commands on a remote machine.
     It is intended to provide secure encrypted communications
     between two untrusted hosts over an insecure network.  X11
     connections, arbitrary TCP ports and UNIX-domain sockets
     can also be forwarded over the secure channel.

     ssh connects and logs into the specified destination,
     which may be specified as either [user@]hostname or a URI
     of the form ssh://[user@]hostname[:port].  The user must
     prove their identity to the remote machine using one of
...skipping...sh(1) line 13 (press h for help or q to quit)
     -p port
             Port to connect to on the remote host.  This can
             be specified on a per-host basis in the configura‐
             tion file.

     -Q query_option
             Queries for the algorithms supported by one of the
             following features: cipher (supported symmetric
             ciphers), cipher-auth (supported symmetric ciphers
             that support authenticated encryption), help (sup‐
             ported query terms for use with the -Q flag), mac
             (supported message integrity codes), kex (key ex‐
             change algorithms), kex-gss (GSSAPI key exchange
             algorithms), key (key types), key-cert (certifi‐
             cate key types), key-plain (non-certificate key
             types), key-sig (all key types and signature algo‐
>ITINF25/lektion41) line 391 (press h for help or q to quit)
$ ssh -p 10022

localhost
Warning: Permanently added '[localhost]:10022' (ED25519) to the list of known hosts.
kent@localhost's password: 
Welcome to Ubuntu 24.04 LTS (GNU/Linux 6.8.0-79-generic x86_64)

 * Documentation:  https://help.ubuntu.com
 * Management:     https://landscape.canonical.com
 * Support:        https://ubuntu.com/pro

 System information as of Mon Sep 22 09:04:44 AM UTC 2025

  System load:  0.0                Processes:               115
  Usage of /:   32.6% of 16.07GB   Users logged in:         1
  Memory usage: 8%                 IPv4 address for enp0s3: 10.0.2.15
  Swap usage:   0%


Expanded Security Maintenance for Applications is not enabled.

195 updates can be applied immediately.
21 of these updates are standard security updates.
To see these additional updates run: apt list --upgradable

Enable ESM Apps to receive additional future security updates.
See https://ubuntu.com/esm or run: sudo pro status


1 updates could not be installed automatically. For more details,
see /var/log/unattended-upgrades/unattended-upgrades.log

Last login: Mon Sep 22 08:56:30 2025 from 127.0.0.1
0;kent@ubsembr: ~
kent@ubsembr:~$ 0;kent@ubsembr: ~
kent@ubsembr:~$ ls
0;kent@ubsembr: ~
kent@ubsembr:~$ ös
ös: command not found
0;kent@ubsembr: ~
kent@ubsembr:~$ 0;kent@ubsembr: ~
kent@ubsembr:~$ hostname
ubsembr
0;kent@ubsembr: ~
kent@ubsembr:~$ cat /ertctc/os-release 
PRETTY_NAME="Ubuntu 24.04 LTS"
NAME="Ubuntu"
VERSION_ID="24.04"
VERSION="24.04 LTS (Noble Numbat)"
VERSION_CODENAME=noble
ID=ubuntu
ID_LIKE=debian
HOME_URL="https://www.ubuntu.com/"
SUPPORT_URL="https://help.ubuntu.com/"
BUG_REPORT_URL="https://bugs.launchpad.net/ubuntu/"
PRIVACY_POLICY_URL="https://www.ubuntu.com/legal/terms-and-policies/privacy-policy"
UBUNTU_CODENAME=noble
LOGO=ubuntu-logo
0;kent@ubsembr: ~
kent@ubsembr:~$ 0;kent@ubsembr: ~
kent@ubsembr:~$ exit
logout
Connection to localhost closed.
ITINF25/lektion4
$ cat /etc/os-release 
PRETTY_NAME="Debian GNU/Linux 12 (bookworm)"
NAME="Debian GNU/Linux"
VERSION_ID="12"
VERSION="12 (bookworm)"
VERSION_CODENAME=bookworm
ID=debian
HOME_URL="https://www.debian.org/"
SUPPORT_URL="https://www.debian.org/support"
BUG_REPORT_URL="https://bugs.debian.org/"
ITINF25/lektion4
$ ITINF25/lektion4
$ ITINF25/lektion4
$ ls /home/kent/.ssh/
config				id_ed25519.pub
id_ed25519			known_hosts
id_ed25519_github_personal	known_hosts.old
id_ed25519_github_personal.pub	known_hosts_private
ITINF25/lektion4
$ ITINF25/lektion4
$ less knw
o
s /home/kent/.ssh/kn
own_hostes /home/kent/.ssh/known_host







|1|ZQ3P3lqouO3crCV8JlRoPOhLv8U=|aUMcLxo9q2ejzRIlIBfOz9bEyho= ssh-ed25519 AAAAC3NzaC1lZDI1NTE5AAAAIOMqqnkVzrm0SdG6UOoqKLsabgH5C9okWi0dh2l9GKJl
|1|/nXU6SzyAlSjbMsmGsGKCZ+eh8I=|bI9ORGEaRS7UqORw+TPc0gWLcUA= ssh-rsa AAAAB3NzaC1yc2EAAAADAQABAAABgQCj7ndNxQowgcQnjshcLrqPEiiphnt+VTTvDP6mHBL9j1aNUkY4Ue1gvwnGLVlOhGeYrnZaMgRK6+PKCUXaDbC7qtbW8gIkhL7aGCsOr/C56SJMy/BCZfxd1nWzAOxSDPgVsmerOBYfNqltV9/hWCqBywINIR+5dIg6JTJ72pcEpEjcYgXkE2YEFXV1JHnsKgbLWNlhScqb2UmyRkQyytRLtL+38TGxkxCflmO+5Z8CSSNY7GidjMIZ7Q4zMjA2n1nGrlTDkzwDCsw+wqFPGQA179cnfGWOWRVruj16z6XyvxvjJwbz0wQZ75XK5tKSb7FNyeIEs4TT4jk+S4dhPeAUC5y+bDYirYgM4GC7uEnztnZyaVWQ7B381AK4Qdrwt51ZqExKbQpTUNn+EjqoTwvqNj4kqx5QUCI0ThS/YkOxJCXmPUWZbhjpCg56i+2aB6CmK2JGhn57K5mj0MNdBXA4/WnwH6XoPWJzK5Nyu2zB3nAZp+S5hpQs+p1vN1/wsjk=
>ITINF25/lektion4XhV7kN+gysJ98=|ZAQ8FFBv3lOYwp9pm0nkh/32HcM= ecdsa-sha2-nistp256 AAAAE2VjZHNhLXNoYTItbmlzdHAyNTYAAAAIbmlzdHAyNTYAAABBBEmKSENjQEezOmxkZMy7opKgwFB9nkt5YRrYMjNuG5N87uRgg6CLrbo5wAdT/y/home/kent/.ssh/known_hosts
$ ls
recordings
ITINF25/lektion4
$ less /home/kent/.ssh/known_host /home/kent/.sshITINF25/lektion4
$ ls /home/kent/.ssh





config				id_ed25519.pub
id_ed25519			known_hosts
id_ed25519_github_personal	known_hosts.old
id_ed25519_github_personal.pub	known_hosts_private
ITINF25/lektion4
$ ITINF25/lektion4
$ ssh-keygen 
Generating public/private rsa key pair.
Enter file in which to save the key (/home/kent/.ssh/id_rsa): ^C
ITINF25/lektion4
$ ssh-keygen -t ed25519
Generating public/private ed25519 key pair.
Enter file in which to save the key (/home/kent/.ssh/id_ed25519): /home/kent/.ssh/id_ed25519^[[9_ubsembr
Enter passphrase (empty for no passphrase): 
Enter same passphrase again: 
Your identification has been saved in /home/kent/.ssh/id_ed25519_ubsembr
Your public key has been saved in /home/kent/.ssh/id_ed25519_ubsembr.pub
The key fingerprint is:
SHA256:dnwoyWTzSWjGmBpU0Dq6AgpAEEvDPLM5lQayOOVwT+A kent@klad
The key's randomart image is:
+--[ED25519 256]--+
|O==.=+.          |
|+#.B  .+ .       |
|* E o.o O .      |
|.=  oo * * o     |
|. ....  S * .    |
|o .    . o .     |
|+  .             |
|o .              |
| .               |
+----[SHA256]-----+
ITINF25/lektion4
$ ITINF25/lektion4
$ ls /home/kent/.ssh/
config				id_ed25519_ubsembr
id_ed25519			id_ed25519_ubsembr.pub
id_ed25519_github_personal	known_hosts
id_ed25519_github_personal.pub	known_hosts.old
id_ed25519.pub			known_hosts_private
ITINF25/lektion4
$ ls /home/kent/.ssh/id
_ed25519_u
bsembr.pubcatITINF25/lektion4
$ cat /home/kent/.ssh/id_ed25519_ubsembr.pub
ssh-ed25519 AAAAC3NzaC1lZDI1NTE5AAAAIOLcznpPy6Ahcjueq/d05zwsLyfYdwLR+8F+xSPI0lk9 kent@klad
ITINF25/lektion4
s': cat /home/kent/.ssh/id_ed25519_ubsembr.pub h': cat /home/kent/.ssh/id_ed25519_ubsembr.pub ls /home/kent/.ssh/
$ sskeygen -t ed2551ls /home/kent/.sshess /home/kent/.ssh/known_hosts /home/kent/.sshssh -p 10022 localhos



Warning: Permanently added '[localhost]:10022' (ED25519) to the list of known hosts.
kent@localhost's password: 
Welcome to Ubuntu 24.04 LTS (GNU/Linux 6.8.0-79-generic x86_64)

 * Documentation:  https://help.ubuntu.com
 * Management:     https://landscape.canonical.com
 * Support:        https://ubuntu.com/pro

 System information as of Mon Sep 22 09:24:35 AM UTC 2025

  System load:  0.0                Processes:               118
  Usage of /:   34.6% of 16.07GB   Users logged in:         1
  Memory usage: 11%                IPv4 address for enp0s3: 10.0.2.15
  Swap usage:   0%


Expanded Security Maintenance for Applications is not enabled.

175 updates can be applied immediately.
1 of these updates is a standard security update.
To see these additional updates run: apt list --upgradable

Enable ESM Apps to receive additional future security updates.
See https://ubuntu.com/esm or run: sudo pro status


1 updates could not be installed automatically. For more details,
see /var/log/unattended-upgrades/unattended-upgrades.log

*** System restart required ***
Last login: Mon Sep 22 09:04:44 2025 from 10.0.2.2
0;kent@ubsembr: ~
kent@ubsembr:~$ 0;kent@ubsembr: ~
kent@ubsembr:~$ ls
0;kent@ubsembr: ~
kent@ubsembr:~$ ls
0;kent@ubsembr: ~
kent@ubsembr:~$ lsman ls
LS(1)                    User Commands                    LS(1)

NAME
       ls - list directory contents

SYNOPSIS
       ls [OPTION]... [FILE]...

DESCRIPTION
       List  information about the FILEs (the current directory
       by default).  Sort entries  alphabetically  if  none  of
       -cftuvSUX nor --sort is specified.

       Mandatory  arguments  to  long options are mandatory for
       short options too.

>0;kent@ubsembr: ~ line 1 (press h for help or q to quit)
kent@ubsembr:~$ 0;kent@ubsembr: ~
kent@ubsembr:~$ ls -a
.   .bash_history  .bashrc  .lesshst  .ssh
..  .bash_logout   .cache   .profile  .sudo_as_admin_successful
0;kent@ubsembr: ~
kent@ubsembr:~$ cd .ssh/
0;kent@ubsembr: ~/.ssh
kent@ubsembr:~/.ssh$ 0;kent@ubsembr: ~/.ssh
kent@ubsembr:~/.ssh$ ls
authorized_keys  known_hosts  known_hosts.old
0;kent@ubsembr: ~/.ssh
kent@ubsembr:~/.ssh$ rm authorized_keys 
0;kent@ubsembr: ~/.ssh
kent@ubsembr:~/.ssh$ 0;kent@ubsembr: ~/.ssh
kent@ubsembr:~/.ssh$ ls
known_hosts  known_hosts.old
0;kent@ubsembr: ~/.ssh
kent@ubsembr:~/.ssh$ nanovimvi
echo > s


nano authorized_keys
>0;kent@ubsembr: ~/.sshhorized_keys [ Writing... ] [ Wrote 2 lines ]e modified buffer?                                             Y YeszwsLy
(reverse-i-search)`': -': ls -
failed reverse-i-search)`-p': ls -
reverse-i-search)`-': cat /etc/os-release

(failed reverse-i-search)`': cat /etc/os-release


(failed reverse-i-search)`': cat /etc/os-release


(failed reverse-i-search)`': cat /etc/os-release


(failed reverse-i-search)`': cat /etc/os-release


(failed reverse-i-search)`': cat /etc/os-release


(failed reverse-i-search)`': cat /etc/os-release


(failed reverse-i-search)`': cat /etc/os-release


(failed reverse-i-search)`': cat /etc/os-release


(failed reverse-i-search)`': cat /etc/os-release


(failed reverse-i-search)`': cat /etc/os-release


(failed reverse-i-search)`': cat /etc/os-release


(failed reverse-i-search)`': cat /etc/os-release


(failed reverse-i-search)`': cat /etc/os-release


(failed reverse-i-search)`': cat /etc/os-release


(failed reverse-i-search)`': cat /etc/os-release^C
0;kent@ubsembr: ~/.ssh
kent@ubsembr:~/.ssh$ exit
logout
Connection to localhost closed.
ITINF25/lektion4
$ ssh -p 10022 localhostITINF25/lektion4
$ ssh -p 10022 localhost
Warning: Permanently added '[localhost]:10022' (ED25519) to the list of known hosts.
Connection closed by 127.0.0.1 port 10022
ITINF25/lektion4
$ ssh -p 10022 localhost
Warning: Permanently added '[localhost]:10022' (ED25519) to the list of known hosts.
Welcome to Ubuntu 24.04 LTS (GNU/Linux 6.8.0-79-generic x86_64)

 * Documentation:  https://help.ubuntu.com
 * Management:     https://landscape.canonical.com
 * Support:        https://ubuntu.com/pro

 System information as of Mon Sep 22 09:30:07 AM UTC 2025

  System load:  0.01               Processes:               119
  Usage of /:   34.6% of 16.07GB   Users logged in:         1
  Memory usage: 11%                IPv4 address for enp0s3: 10.0.2.15
  Swap usage:   0%


Expanded Security Maintenance for Applications is not enabled.

175 updates can be applied immediately.
1 of these updates is a standard security update.
To see these additional updates run: apt list --upgradable

Enable ESM Apps to receive additional future security updates.
See https://ubuntu.com/esm or run: sudo pro status


1 updates could not be installed automatically. For more details,
see /var/log/unattended-upgrades/unattended-upgrades.log

*** System restart required ***
Last login: Mon Sep 22 09:24:35 2025 from 10.0.2.2
0;kent@ubsembr: ~
kent@ubsembr:~$ 0;kent@ubsembr: ~
kent@ubsembr:~$ eixit
logout
Connection to localhost closed.
ITINF25/lektion4
$ ITINF25/lektion4
$ ssh -p 10022 localhost
Warning: Permanently added '[localhost]:10022' (ED25519) to the list of known hosts.
Welcome to Ubuntu 24.04 LTS (GNU/Linux 6.8.0-79-generic x86_64)

 * Documentation:  https://help.ubuntu.com
 * Management:     https://landscape.canonical.com
 * Support:        https://ubuntu.com/pro

 System information as of Mon Sep 22 09:30:07 AM UTC 2025

  System load:  0.01               Processes:               119
  Usage of /:   34.6% of 16.07GB   Users logged in:         1
  Memory usage: 11%                IPv4 address for enp0s3: 10.0.2.15
  Swap usage:   0%


Expanded Security Maintenance for Applications is not enabled.

175 updates can be applied immediately.
1 of these updates is a standard security update.
To see these additional updates run: apt list --upgradable

Enable ESM Apps to receive additional future security updates.
See https://ubuntu.com/esm or run: sudo pro status


1 updates could not be installed automatically. For more details,
see /var/log/unattended-upgrades/unattended-upgrades.log

*** System restart required ***
Last login: Mon Sep 22 09:30:07 2025 from 10.0.2.2
0;kent@ubsembr: ~
kent@ubsembr:~$ 0;kent@ubsembr: ~
catt@ubsembr:~$ rm .ssh/authorized_keys 
ssh-ed25519 AAAAC3NzaC1lZDI1NTE5AAAAIOLcznpPy6Ahcjueq/d05zwsLyfYdwLR+8F+xSPI0lk9 kent@klad

0;kent@ubsembr: ~
rmnt@ubsembr:~$ cat .ssh/authorized_keys 
0;kent@ubsembr: ~
kent@ubsembr:~$ exit
logout
Connection to localhost closed.
ITINF25/lektion4
$ ITINF25/lektion4
$ ssh -p 10022 localhost
Warning: Permanently added '[localhost]:10022' (ED25519) to the list of known hosts.
kent@localhost's password: 
Welcome to Ubuntu 24.04 LTS (GNU/Linux 6.8.0-79-generic x86_64)

 * Documentation:  https://help.ubuntu.com
 * Management:     https://landscape.canonical.com
 * Support:        https://ubuntu.com/pro

 System information as of Mon Sep 22 09:31:53 AM UTC 2025

  System load:  0.0                Processes:               119
  Usage of /:   34.6% of 16.07GB   Users logged in:         1
  Memory usage: 11%                IPv4 address for enp0s3: 10.0.2.15
  Swap usage:   0%


Expanded Security Maintenance for Applications is not enabled.

175 updates can be applied immediately.
1 of these updates is a standard security update.
To see these additional updates run: apt list --upgradable

Enable ESM Apps to receive additional future security updates.
See https://ubuntu.com/esm or run: sudo pro status


1 updates could not be installed automatically. For more details,
see /var/log/unattended-upgrades/unattended-upgrades.log

*** System restart required ***
Last login: Mon Sep 22 09:30:32 2025 from 10.0.2.2
0;kent@ubsembr: ~
kent@ubsembr:~$ eixit
logout
Connection to localhost closed.
ITINF25/lektion4
$ ITINF25/lektion4
$ man shsh-copy-id
SSH-COPY-ID(1)    BSD General Commands Manual    SSH-COPY-ID(1)

NAME
     ssh-copy-id — use locally available keys to authorise lo‐
     gins on a remote machine

SYNOPSIS
     ssh-copy-id [-f] [-n] [-s] [-i [identity_file]] [-p port]
                 [-o ssh_option] [user@]hostname
     ssh-copy-id -h | -?

DESCRIPTION
     ssh-copy-id is a script that uses ssh(1) to log into a re‐
     mote machine (presumably using a login password, so pass‐
     word authentication should be enabled, unless you've done
     some clever use of multiple identities).  It assembles a
     list of one or more fingerprints (as described below) and)
     tries to log in with each key, to see if any of them aret)
     already installed (of course, if you are not usingto quit)
     ssh-agent(1) this may result in you being repeatedly quit)
     prompted for pass-phrases).  It then assembles a list oft)
     those that failed to log in, and using ssh, enables logins
     with those keys on the remote server.  By default it adds)
     the keys by appending them to the remote user's q to quit)
     ~/.ssh/authorized_keys (creating the file, and directory,)
     if necessary).  It is also capable of detecting if the re‐
     mote system is a NetScreen, and using its ‘set ssh pka-dsa
     key ...’ command instead.(press h for help or q to quit)
MDESCRIPTION-copy-id(1) line 13 (press h for help or q to quit)
MESESCOA ssh-copy-id(1) line 12 (press h for help or q to quit)
M     ssh-copy-id -h | -?ine 11 (press h for help or q to quit)
M                 [-o ssh_option] [user@]hostname or q to quit)
M     ssh-copy-id [-f] [-n] [-s] [-i [identity_file]] [-p port]
MSYNOPSIS ssh-copy-id(1) line 8 (press h for help or q to quit)
MESESCOAe ssh-copy-id(1) line 7 (press h for help or q to quit)
M     gins on a remote machine6 (press h for help or q to quit)
M     ssh-copy-id — use locally available keys to authorise lo‐
MNAMECOAe ssh-copy-id(1) line 4 (press h for help or q to quit)
MESESCOAe ssh-copy-id(1) line 3 (press h for help or q to quit)
MSSH-COPY-ID(1)    BSD General Commands Manual    SSH-COPY-ID(1)
 ESESCOAe ssh-copy-id(1) line 1 (press h for help or q to quit)
 ESESCOAe ssh-copy-id(1) line 1 (press h for help or q to quit)
>ITINF25/lektion4y-id(1) line 1 (press h for help or q to quit)
$ ssh-copy-id -p 10022 -i /home/kent/.ssh


config                          id_ed25519_ubsembr
id_ed25519                      id_ed25519_ubsembr.pub
id_ed25519_github_personal      known_hosts
id_ed25519_github_personal.pub  known_hosts.old
id_ed25519.pub                  known_hosts_private
ITINF25/lektion4
$ ssh-copy-id -p 10022 -i /home/kent/.ssh/id
_ed25519ITINF25/lektion4
$ ssh-copy-id -p 10022 -i /home/kent/.ssh/id_ed25519

id_ed25519                      id_ed25519.pub
id_ed25519_github_personal      id_ed25519_ubsembr
id_ed25519_github_personal.pub  id_ed25519_ubsembr.pub
ITINF25/lektion4
$ ssh-copy-id -p 10022 -i /home/kent/.ssh/id_ed25519_u
bsembr

id_ed25519_ubsembr      id_ed25519_ubsembr.pub
ITINF25/lektion4
$ ssh-copy-id -p 10022 -i /home/kent/.ssh/id_ed25519_ubsembrITINF25/lektion4
$ ssh-copy-id -p 10022 -i /home/kent/.ssh/id_ed25519_ubsembr
/usr/bin/ssh-copy-id: INFO: Source of key(s) to be installed: "/home/kent/.ssh/id_ed25519_ubsembr.pub"
Usage: /usr/bin/ssh-copy-id [-h|-?|-f|-n|-s] [-i [identity_file]] [-p port] [-F alternative ssh_config file] [[-o <ssh -o options>] ...] [user@]hostname
	-f: force mode -- copy keys without trying to check if they are already installed
	-n: dry run    -- no keys are actually copied
	-s: use sftp   -- use sftp instead of executing remote-commands. Can be useful if the remote only allows sftp
	-h|-?: print this help
ITINF25/lektion4
$ ssh-copy-id -p 10022 -i /home/kent/.ssh/id_ed25519_ubsembr ITINF25/lektion4
$ ssh-copy-id -p 10022 -i /home/kent/.ssh/id_ed25519_ubsembr loc
lhost
/usr/bin/ssh-copy-id: INFO: Source of key(s) to be installed: "/home/kent/.ssh/id_ed25519_ubsembr.pub"
/usr/bin/ssh-copy-id: INFO: attempting to log in with the new key(s), to filter out any that are already installed
/usr/bin/ssh-copy-id: INFO: 1 key(s) remain to be installed -- if you are prompted now it is to install the new keys
Warning: Permanently added '[localhost]:10022' (ED25519) to the list of known hosts.
kent@localhost's password: 

Number of key(s) added: 1

Now try logging into the machine, with:   "ssh -p '10022' 'localhost'"
and check to make sure that only the key(s) you wanted were added.

ITINF25/lektion4
$ ITINF25/lektion4
$ ssh -p 10022 localhost
Warning: Permanently added '[localhost]:10022' (ED25519) to the list of known hosts.
Welcome to Ubuntu 24.04 LTS (GNU/Linux 6.8.0-79-generic x86_64)

 * Documentation:  https://help.ubuntu.com
 * Management:     https://landscape.canonical.com
 * Support:        https://ubuntu.com/pro

 System information as of Mon Sep 22 09:36:15 AM UTC 2025

  System load:  0.0                Processes:               115
  Usage of /:   34.6% of 16.07GB   Users logged in:         1
  Memory usage: 12%                IPv4 address for enp0s3: 10.0.2.15
  Swap usage:   0%


Expanded Security Maintenance for Applications is not enabled.

175 updates can be applied immediately.
1 of these updates is a standard security update.
To see these additional updates run: apt list --upgradable

Enable ESM Apps to receive additional future security updates.
See https://ubuntu.com/esm or run: sudo pro status


1 updates could not be installed automatically. For more details,
see /var/log/unattended-upgrades/unattended-upgrades.log

*** System restart required ***
Last login: Mon Sep 22 09:31:54 2025 from 10.0.2.2
0;kent@ubsembr: ~
kent@ubsembr:~$ 0;kent@ubsembr: ~
kent@ubsembr:~$ cat .ssh/authorized_keys 
ssh-ed25519 AAAAC3NzaC1lZDI1NTE5AAAAIOLcznpPy6Ahcjueq/d05zwsLyfYdwLR+8F+xSPI0lk9 kent@klad
0;kent@ubsembr: ~
kent@ubsembr:~$ exit
logout
Connection to localhost closed.
ITINF25/lektion4
$ rci
exit
exit

Script done on 2025-09-22 12:34:18+02:00 [COMMAND_EXIT_CODE="0"]
