Script started on 2025-09-22 14:35:20+02:00 [TERM="xterm-256color" TTY="/dev/pts/5" COLUMNS="65" LINES="11"]
ITINF25/lektion4
$ ssh s
erver-kent
Welcome to Ubuntu 24.04 LTS (GNU/Linux 6.8.0-79-generic x86_64)

 * Documentation:  https://help.ubuntu.com
 * Management:     https://landscape.canonical.com
 * Support:        https://ubuntu.com/pro

 System information as of Mon Sep 22 12:35:25 PM UTC 2025

  System load:  0.0                Processes:               122
  Usage of /:   34.6% of 16.07GB   Users logged in:         1
  Memory usage: 12%                IPv4 address for enp0s3: 10.0.2.15
  Swap usage:   0%


Expanded Security Maintenance for Applications is not enabled.

175 updates can be applied immediately.
1 of these updates is a standard security update.
To see these additional updates run: apt list --upgradable

Enable ESM Apps to receive additional future security updates.
See https://ubuntu.com/esm or run: sudo pro status


1 updates could not be installed automatically. For more details,
see /var/log/unattended-upgrades/unattended-upgrades.log

*** System restart required ***
Last login: Mon Sep 22 12:17:05 2025 from 10.0.2.2
0;kent@ubsembr: ~
kent@ubsembr:~$ 0;kent@ubsembr: ~
kent@ubsembr:~$ cd /etc/ssh/
0;kent@ubsembr: /etc/ssh
kent@ubsembr:/etc/ssh$ sudo cp sshd_c
onfig sshd)_
config.bak
[sudo] password for kent: 
0;kent@ubsembr: /etc/ssh
0;kent@ubsembr: /etc/ssh
0;kent@ubsembr: /etc/ssh
0;kent@ubsembr: /etc/ssh
0;kent@ubsembr: /etc/ssh
0;kent@ubsembr: /etc/ssh
kent@ubsembr:/etc/ssh$ diff sshd_
config sh
ssh

ssh_config                ssh_host_ecdsa_key.pub
ssh_config.d/             ssh_host_ed25519_key
sshd_config               ssh_host_ed25519_key.pub
sshd_config.bak           ssh_host_rsa_key
sshd_config.d/            ssh_host_rsa_key.pub
ssh_host_ecdsa_key        ssh_import_id
0;kent@ubsembr: /etc/ssh
kent@ubsembr:/etc/ssh$ diff sshd_config sshd_
config0;kent@ubsembr: /etc/ssh
kent@ubsembr:/etc/ssh$ diff sshd_config sshd_config.bak 
42c42
< PermitRootLogin no
---
> #PermitRootLogin prohibit-password
66c66
< PasswordAuthentication no
---
> #PasswordAuthentication yes
99c99
< X11Forwarding no
---
> X11Forwarding yes
0;kent@ubsembr: /etc/ssh
0;kent@ubsembr: /etc/ssh
0;kent@ubsembr: /etc/ssh
0;kent@ubsembr: /etc/ssh
0;kent@ubsembr: /etc/ssh
0;kent@ubsembr: /etc/ssh
0;kent@ubsembr: /etc/ssh
0;kent@ubsembr: /etc/ssh
0;kent@ubsembr: /etc/ssh
0;kent@ubsembr: /etc/ssh
0;kent@ubsembr: /etc/ssh
0;kent@ubsembr: /etc/ssh
0;kent@ubsembr: /etc/ssh
0;kent@ubsembr: /etc/ssh
0;kent@ubsembr: /etc/ssh
0;kent@ubsembr: /etc/ssh
0;kent@ubsembr: /etc/ssh
0;kent@ubsembr: /etc/ssh
0;kent@ubsembr: /etc/ssh
kent@ubsembr:/etc/ssh$ 0;kent@ubsembr: /etc/ssh
kent@ubsembr:/etc/ssh$ sssuddo sshd
sshd re-exec requires execution with an absolute path
0;kent@ubsembr: /etc/ssh
kent@ubsembr:/etc/ssh$ 0;kent@ubsembr: /etc/ssh
kent@ubsembr:/etc/ssh$ sudo sshd -t
0;kent@ubsembr: /etc/ssh
(reverse-i-search)`': s': sudo sshd -u': sudo sd': sudo': sudo
failed reverse-i-search)`sudoe': sud
d^C
0;kent@ubsembr: /etc/ssh
(reverse-i-search)`': s': sudo sshd -u': sudo sd': sudo': sudo ': sudo ^C
0;kent@ubsembr: /etc/ssh
kent@ubsembr:/etc/ssh$ sudo nano /etc/ssh//sshd
_config
>0;kent@ubsembr: /etc/sshssh/sshd_config [ Writing... ] [ Wrote 131 lines ]tegy used for options in the default sshd_config shipp># OpenSSH is to specify options with their default value where
kent@ubsembr:/etc/ssh$ sudo nano /etc/ssh/sshd_confisshd -t
/etc/ssh/sshd_config line 1: no argument after keyword "hddh"
/etc/ssh/sshd_config: terminating, 1 bad configuration options
0;kent@ubsembr: /etc/ssh
kent@ubsembr:/etc/ssh$ sudo sshd -nano /etc/ssh/sshd_config
*hddhs sshd was compiled with PATH=/usr/local/sbin:/usr/local/bi># The strategy used for options in the default sshd_config shipp># OpenSSH is to specify options with their default value where
>0;kent@ubsembr: /etc/sshssh/sshd_config [ Writing... ] [ Wrote 130 lines ]t leave them commented.  Uncommented options overr># This is the sshd server system-wide configuration file.  Seed# This is the sshd server system-wide configuration file.  See
kent@ubsembr:/etc/ssh$ exigt
logout
Connection to localhost closed.
ITINF25/lektion4
$ ITINF25/lektion4
$ ssh server-kent
Welcome to Ubuntu 24.04 LTS (GNU/Linux 6.8.0-79-generic x86_64)

 * Documentation:  https://help.ubuntu.com
 * Management:     https://landscape.canonical.com
 * Support:        https://ubuntu.com/pro

 System information as of Mon Sep 22 12:42:51 PM UTC 2025

  System load:  0.07               Processes:               123
  Usage of /:   34.6% of 16.07GB   Users logged in:         1
  Memory usage: 12%                IPv4 address for enp0s3: 10.0.2.15
  Swap usage:   0%


Expanded Security Maintenance for Applications is not enabled.

175 updates can be applied immediately.
1 of these updates is a standard security update.
To see these additional updates run: apt list --upgradable

Enable ESM Apps to receive additional future security updates.
See https://ubuntu.com/esm or run: sudo pro status


1 updates could not be installed automatically. For more details,
see /var/log/unattended-upgrades/unattended-upgrades.log

*** System restart required ***
Last login: Mon Sep 22 12:35:25 2025 from 10.0.2.2
0;kent@ubsembr: ~
kent@ubsembr:~$ 0;kent@ubsembr: ~
kent@ubsembr:~$ ls
0;kent@ubsembr: ~
kent@ubsembr:~$ sls
Command 'sls' not found, but there are 21 similar ones.
0;kent@ubsembr: ~
kent@ubsembr:~$ slsl
Command 'slsl' not found, did you mean:
  command 'slsh' from deb slsh (2.3.3-3)
Try: sudo apt install <deb name>
0;kent@ubsembr: ~
kent@ubsembr:~$ 0;kent@ubsembr: ~
0;kent@ubsembr: ~
0;kent@ubsembr: ~
0;kent@ubsembr: ~
kent@ubsembr:~$ exit
logout
Connection to localhost closed.
ITINF25/lektion4
$ ITINF25/lektion4
$ ssh server-kent ls
ITINF25/lektion4
$ ssh server-kent ls -aITINF25/lektion4
$ ssh server-kent ls -
.bash_history
.bash_logout
.bashrc
.cache
.lesshst
.local
.profile
.ssh
.sudo_as_admin_successful
ITINF25/lektion4
$ ssh server-kent ls -AITINF25/lektion4
$ ssh server-kent ls -hostname
ubsembr
ITINF25/lektion4
$ hostname
klad
ITINF25/lektion4
ssh server-kent hostnameITINF25/lektion4
$ ssh server-kent hostnamcat /etc/ssh/sshd_config
# This is the sshd server system-wide configuration file.  See
# sshd_config(5) for more information.

# This sshd was compiled with PATH=/usr/local/sbin:/usr/local/bin:/usr/sbin:/usr/bin:/sbin:/bin:/usr/games

# The strategy used for options in the default sshd_config shipped with
# OpenSSH is to specify options with their default value where
# possible, but leave them commented.  Uncommented options override the
# default value.

Include /etc/ssh/sshd_config.d/*.conf

# When systemd socket activation is used (the default), the socket
# configuration must be re-generated after changing Port, AddressFamily, or
# ListenAddress.
#
# For changes to take effect, run:
#
#   systemctl daemon-reload
#   systemctl restart ssh.socket
#
#Port 22
#AddressFamily any
#ListenAddress 0.0.0.0
#ListenAddress ::

#HostKey /etc/ssh/ssh_host_rsa_key
#HostKey /etc/ssh/ssh_host_ecdsa_key
#HostKey /etc/ssh/ssh_host_ed25519_key

# Ciphers and keying
#RekeyLimit default none

# Logging
#SyslogFacility AUTH
#LogLevel INFO

# Authentication:

#LoginGraceTime 2m
PermitRootLogin no
#StrictModes yes
#MaxAuthTries 6
#MaxSessions 10

#PubkeyAuthentication yes

# Expect .ssh/authorized_keys2 to be disregarded by default in future.
#AuthorizedKeysFile	.ssh/authorized_keys .ssh/authorized_keys2

#AuthorizedPrincipalsFile none

#AuthorizedKeysCommand none
#AuthorizedKeysCommandUser nobody

# For this to work you will also need host keys in /etc/ssh/ssh_known_hosts
#HostbasedAuthentication no
# Change to yes if you don't trust ~/.ssh/known_hosts for
# HostbasedAuthentication
#IgnoreUserKnownHosts no
# Don't read the user's ~/.rhosts and ~/.shosts files
#IgnoreRhosts yes

# To disable tunneled clear text passwords, change to no here!
PasswordAuthentication no
#PermitEmptyPasswords no

# Change to yes to enable challenge-response passwords (beware issues with
# some PAM modules and threads)
KbdInteractiveAuthentication no

# Kerberos options
#KerberosAuthentication no
#KerberosOrLocalPasswd yes
#KerberosTicketCleanup yes
#KerberosGetAFSToken no

# GSSAPI options
#GSSAPIAuthentication no
#GSSAPICleanupCredentials yes
#GSSAPIStrictAcceptorCheck yes
#GSSAPIKeyExchange no

# Set this to 'yes' to enable PAM authentication, account processing,
# and session processing. If this is enabled, PAM authentication will
# be allowed through the KbdInteractiveAuthentication and
# PasswordAuthentication.  Depending on your PAM configuration,
# PAM authentication via KbdInteractiveAuthentication may bypass
# the setting of "PermitRootLogin prohibit-password".
# If you just want the PAM account and session checks to run without
# PAM authentication, then enable this but set PasswordAuthentication
# and KbdInteractiveAuthentication to 'no'.
UsePAM yes

#AllowAgentForwarding yes
#AllowTcpForwarding yes
#GatewayPorts no
X11Forwarding no
#X11DisplayOffset 10
#X11UseLocalhost yes
#PermitTTY yes
PrintMotd no
#PrintLastLog yes
#TCPKeepAlive yes
#PermitUserEnvironment no
#Compression delayed
#ClientAliveInterval 0
#ClientAliveCountMax 3
#UseDNS no
#PidFile /run/sshd.pid
#MaxStartups 10:30:100
#PermitTunnel no
#ChrootDirectory none
#VersionAddendum none

# no default banner path
#Banner none

# Allow client to pass locale environment variables
AcceptEnv LANG LC_*

# override default of no subsystems
Subsystem	sftp	/usr/lib/openssh/sftp-server

# Example of overriding settings on a per-user basis
#Match User anoncvs
#	X11Forwarding no
#	AllowTcpForwarding no
#	PermitTTY no
#	ForceCommand cvs server
ITINF25/lektion4
$ ssh server-kent cat /etc/ssh/sshd_confi









sudo ITINF25/lektion4
$ ssh server-kent sudo cat /etc/ssh/sshd_confi
sudo: a terminal is required to read the password; either use the -S option to read from standard input or configure an askpass helper
sudo: a password is required
ITINF25/lektion4
$ ITINF25/lektion4
$ nano info.s info.s info.s info.s info.s
c info.so info.sd info.se info.s
ITINF25/lektion4
$ ITINF25/lektion4
$ uptime
 14:46:44 up  5:48,  1 user,  load average: 0.47, 0.71, 0.80
ITINF25/lektion4
$ ITINF25/lektion4
$ ITINF25/lektion4
$ chmod 707-+xinfo.sh
ITINF25/lektion4
$ ./if
nfo.sh ITINF25/lektion4
$ ./info.sh 
 14:48:51 up  5:50,  1 user,  load average: 0.58, 0.69, 0.78
klad
1: lo: <LOOPBACK,UP,LOWER_UP> mtu 65536 qdisc noqueue state UNKNOWN group default qlen 1000
    link/loopback 00:00:00:00:00:00 brd 00:00:00:00:00:00
    inet 127.0.0.1/8 scope host lo
       valid_lft forever preferred_lft forever
    inet6 ::1/128 scope host noprefixroute 
       valid_lft forever preferred_lft forever
2: wlp0s20f3: <BROADCAST,MULTICAST,UP,LOWER_UP> mtu 1500 qdisc noqueue state UP group default qlen 1000
    link/ether 78:af:08:69:72:2e brd ff:ff:ff:ff:ff:ff
    inet 172.20.207.198/21 brd 172.20.207.255 scope global dynamic noprefixroute wlp0s20f3
       valid_lft 22209sec preferred_lft 22209sec
    inet6 fe80::d4dc:f674:761d:48f2/64 scope link noprefixroute 
       valid_lft forever preferred_lft forever
3: virbr0: <NO-CARRIER,BROADCAST,MULTICAST,UP> mtu 1500 qdisc noqueue state DOWN group default qlen 1000
    link/ether 52:54:00:39:eb:65 brd ff:ff:ff:ff:ff:ff
    inet 192.168.122.1/24 brd 192.168.122.255 scope global virbr0
       valid_lft forever preferred_lft forever
4: tailscale0: <POINTOPOINT,MULTICAST,NOARP,UP,LOWER_UP> mtu 1280 qdisc fq_codel state UNKNOWN group default qlen 500
    link/none 
    inet6 fe80::4d40:a9c2:f8ce:e40a/64 scope link stable-privacy 
       valid_lft forever preferred_lft forever
5: docker0: <NO-CARRIER,BROADCAST,MULTICAST,UP> mtu 1500 qdisc noqueue state DOWN group default 
    link/ether f6:ac:bc:08:c9:7e brd ff:ff:ff:ff:ff:ff
    inet 172.17.0.1/16 brd 172.17.255.255 scope global docker0
       valid_lft forever preferred_lft forever
6: br-b83ffb830a25: <NO-CARRIER,BROADCAST,MULTICAST,UP> mtu 1500 qdisc noqueue state DOWN group default 
    link/ether 56:d0:ea:21:05:ff brd ff:ff:ff:ff:ff:ff
    inet 172.19.0.1/16 brd 172.19.255.255 scope global br-b83ffb830a25
       valid_lft forever preferred_lft forever
7: br-c2d213c508a3: <NO-CARRIER,BROADCAST,MULTICAST,UP> mtu 1500 qdisc noqueue state DOWN group default 
    link/ether 2e:69:37:61:dd:d5 brd ff:ff:ff:ff:ff:ff
    inet 172.18.0.1/16 brd 172.18.255.255 scope global br-c2d213c508a3
       valid_lft forever preferred_lft forever
ITINF25/lektion4
$ ./info.sh ^C
ITINF25/lektion4
$ ssh server-kent sudo cat /etc/ssh/sshd_configigssh/sshd_cot /etc/ssh/sshd_config
ITINF25/lektion4
$ ssh server-kent sudo cat /etc/ssh/sshd_confi< ./info.sh/home/kent.~/..ITINF25/lektion4
$ ssh server-kent < info.sh
Pseudo-terminal will not be allocated because stdin is not a terminal.
Welcome to Ubuntu 24.04 LTS (GNU/Linux 6.8.0-79-generic x86_64)

 * Documentation:  https://help.ubuntu.com
 * Management:     https://landscape.canonical.com
 * Support:        https://ubuntu.com/pro

 System information as of Mon Sep 22 12:50:51 PM UTC 2025

  System load:  0.0                Processes:               121
  Usage of /:   34.6% of 16.07GB   Users logged in:         1
  Memory usage: 12%                IPv4 address for enp0s3: 10.0.2.15
  Swap usage:   0%


Expanded Security Maintenance for Applications is not enabled.

175 updates can be applied immediately.
1 of these updates is a standard security update.
To see these additional updates run: apt list --upgradable

Enable ESM Apps to receive additional future security updates.
See https://ubuntu.com/esm or run: sudo pro status


1 updates could not be installed automatically. For more details,
see /var/log/unattended-upgrades/unattended-upgrades.log

*** System restart required ***
 12:50:51 up  4:01,  3 users,  load average: 0.00, 0.00, 0.00
ubsembr
1: lo: <LOOPBACK,UP,LOWER_UP> mtu 65536 qdisc noqueue state UNKNOWN group default qlen 1000
    link/loopback 00:00:00:00:00:00 brd 00:00:00:00:00:00
    inet 127.0.0.1/8 scope host lo
       valid_lft forever preferred_lft forever
    inet6 ::1/128 scope host noprefixroute 
       valid_lft forever preferred_lft forever
2: enp0s3: <BROADCAST,MULTICAST,UP,LOWER_UP> mtu 1500 qdisc pfifo_fast state UP group default qlen 1000
    link/ether 08:00:27:0a:a1:3f brd ff:ff:ff:ff:ff:ff
    inet 10.0.2.15/24 metric 100 brd 10.0.2.255 scope global dynamic enp0s3
       valid_lft 71943sec preferred_lft 71943sec
    inet6 fe80::a00:27ff:fe0a:a13f/64 scope link 
       valid_lft forever preferred_lft forever
ITINF25/lektion4
$ 
ITINF25/lektion4
$ 
exit

Script done on 2025-09-22 14:51:29+02:00 [COMMAND_EXIT_CODE="0"]
