Script started on 2025-04-29 09:09:02+02:00 [TERM="xterm-256color" TTY="/dev/pts/0" COLUMNS="64" LINES="10"]
DEVOPS24/lektion8
$ DEVOPS24/lektion8
$ xsel
Slaget vid Ran√§ngen (eller Slaget vid Rand√§ngen) var ett f√§ltslag i n√§rheten av G√∂teborg mellan dansk-norska och svenska trupper under slutskedet av Hannibalsfejden i augusti 1645. F√∂r att kunna bel√§gra G√∂teborg hade en dansk-norsk arm√© under bef√§l av Hannibal Sehested g√•tt √∂ver G√∂ta √§lv och n√§rmade sig staden, d√• svenska trupper under bef√§l av Lars Kagg f√∂rst sp√§rrade v√§gen vid Ran√§ngen s√∂der om S√§ve√•n, och d√§refter gick till motanfall. De h√•rt tr√§ngda dansk-norska trupperna tog sig tillbaka √∂ver √§lven till Hisingen vid L√§rje, och ytterligare strider uppstod med de f√∂rf√∂ljande svenskarna framf√∂rallt vid h√∂jderna sydv√§st om Bohus f√§stning.
\ No newline at end of selection
DEVOPS24/lektion8
$ xsel >DEVOPS24/lektion8
$ xsel > wiki.txt
DEVOPS24/lektion8
$ fold\\




$ DEVOPS24/lektion8
$ man cat
CAT(1)                      User Commands                      CAT(1)

NAME
       cat - concatenate files and print on the standard output

SYNOPSIS
       cat [OPTION]... [FILE]...

DESCRIPTION
       Concatenate FILE(s) to standard output.
 Manual page cat(1) line 1 (press h for help or q to quit)
       With no FILE, or when FILE is -, read standard input.

       -A, --show-all
              equivalent to -vET

       -b, --number-nonblank
              number nonempty output lines, overrides -n

       -e     equivalent to -vE
 ESESCOBpage cat(1) line 11 (press h for help or q to quit)
       -E, --show-endsne 12 (press h for help or q to quit)
              display $ at end of each linelp or q to quit)
 ESESCOBpage cat(1) line 14 (press h for help or q to quit)
       -n, --number line 15 (press h for help or q to quit)
              number all output linesfor help or q to quit)
 ESESCOBpage cat(1) line 17 (press h for help or q to quit)
       -s, --squeeze-blank8 (press h for help or q to quit)
              suppress repeated empty output lines to quit)
 ESESCOBpage cat(1) line 20 (press h for help or q to quit)
       -t     equivalent to -vTess h for help or q to quit)
 ESESCOBpage cat(1) line 22 (press h for help or q to quit)
       -T, --show-tabsne 23 (press h for help or q to quit)
>DEVOPS24/lektion8) line 24 (press h for help or q to quit)
$ cat -n twiki.txt 
     1	Slaget vid Ran√§ngen (eller Slaget
     2	vid Rand√§ngen) var ett f√§ltslag i
     3	n√§rheten av G√∂teborg mellan dansk-norska
     4	och svenska trupper under slutskedet av
     5	Hannibalsfejden i augusti 1645. F√∂r att
     6	kunna bel√§gra G√∂teborg hade en dansk-norsk
     7	arm√© under bef√§l av Hannibal Sehested g√•tt
     8	√∂ver G√∂ta √§lv och n√§rmade sig staden, d√•
     9	svenska trupper under bef√§l av Lars Kagg
    10	f√∂rst sp√§rrade v√§gen vid Ran√§ngen s√∂der
    11	om S√§ve√•n, och d√§refter gick till motanfall.
    12	De h√•rt tr√§ngda dansk-norska trupperna tog
    13	sig tillbaka √∂ver √§lven till Hisingen vid
    14	L√§rje, och ytterligare strider uppstod med
    15	de f√∂rf√∂ljande svenskarna framf√∂rallt vid
    16	h√∂jderna sydv√§st om Bohus f√§stning.
DEVOPS24/lektion8
$ DEVOPS24/lektion8
$ head wiki.txt 
Slaget vid Ran√§ngen (eller Slaget
vid Rand√§ngen) var ett f√§ltslag i
n√§rheten av G√∂teborg mellan dansk-norska
och svenska trupper under slutskedet av
Hannibalsfejden i augusti 1645. F√∂r att
kunna bel√§gra G√∂teborg hade en dansk-norsk
arm√© under bef√§l av Hannibal Sehested g√•tt
√∂ver G√∂ta √§lv och n√§rmade sig staden, d√•
svenska trupper under bef√§l av Lars Kagg
f√∂rst sp√§rrade v√§gen vid Ran√§ngen s√∂der
DEVOPS24/lektion8
$ DEVOPS24/lektion8
$ head wiki.txt-mn
Slaget vid Ran√§ngen (eller Slaget
vid Rand√§ngen) var ett f√§ltslag i
n√§rheten av G√∂teborg mellan dansk-norska
DEVOPS24/lektion8
$ head +-n+2DEVOPS24/lektion8
$ head -n+2wi
 wiki.txt 
Slaget vid Ran√§ngen (eller Slaget
vid Rand√§ngen) var ett f√§ltslag i
DEVOPS24/lektion8
$ head -n+2 wiki.txt-
Slaget vid Ran√§ngen (eller Slaget
vid Rand√§ngen) var ett f√§ltslag i
n√§rheten av G√∂teborg mellan dansk-norska
och svenska trupper under slutskedet av
Hannibalsfejden i augusti 1645. F√∂r att
kunna bel√§gra G√∂teborg hade en dansk-norsk
arm√© under bef√§l av Hannibal Sehested g√•tt
√∂ver G√∂ta √§lv och n√§rmade sig staden, d√•
svenska trupper under bef√§l av Lars Kagg
f√∂rst sp√§rrade v√§gen vid Ran√§ngen s√∂der
om S√§ve√•n, och d√§refter gick till motanfall.
De h√•rt tr√§ngda dansk-norska trupperna tog
sig tillbaka √∂ver √§lven till Hisingen vid
L√§rje, och ytterligare strider uppstod med
DEVOPS24/lektion8
$ DEVOPS24/lektion8
$ tail wiki.txt DEVOPS24/lektion8
$ tail wiki.txt 
arm√© under bef√§l av Hannibal Sehested g√•tt
√∂ver G√∂ta √§lv och n√§rmade sig staden, d√•
svenska trupper under bef√§l av Lars Kagg
f√∂rst sp√§rrade v√§gen vid Ran√§ngen s√∂der
om S√§ve√•n, och d√§refter gick till motanfall.
De h√•rt tr√§ngda dansk-norska trupperna tog
sig tillbaka √∂ver √§lven till Hisingen vid
L√§rje, och ytterligare strider uppstod med
de f√∂rf√∂ljande svenskarna framf√∂rallt vid
h√∂jderna sydv√§st om Bohus f√§stning.
DEVOPS24/lektion8
$ DEVOPS24/lektion8
$ tail -n +5 wiki.txt
tail -n +5 wiki.txt
Hannibalsfejden i augusti 1645. F√∂r att
kunna bel√§gra G√∂teborg hade en dansk-norsk
arm√© under bef√§l av Hannibal Sehested g√•tt
√∂ver G√∂ta √§lv och n√§rmade sig staden, d√•
svenska trupper under bef√§l av Lars Kagg
f√∂rst sp√§rrade v√§gen vid Ran√§ngen s√∂der
om S√§ve√•n, och d√§refter gick till motanfall.
De h√•rt tr√§ngda dansk-norska trupperna tog
sig tillbaka √∂ver √§lven till Hisingen vid
L√§rje, och ytterligare strider uppstod med
de f√∂rf√∂ljande svenskarna framf√∂rallt vid
h√∂jderna sydv√§st om Bohus f√§stning.
DEVOPS24/lektion8
$ DEVOPS24/lektion8
$ cat -n wiki.txt 
     1	Slaget vid Ran√§ngen (eller Slaget
     2	vid Rand√§ngen) var ett f√§ltslag i
     3	n√§rheten av G√∂teborg mellan dansk-norska
     4	och svenska trupper under slutskedet av
     5	Hannibalsfejden i augusti 1645. F√∂r att
     6	kunna bel√§gra G√∂teborg hade en dansk-norsk
     7	arm√© under bef√§l av Hannibal Sehested g√•tt
     8	√∂ver G√∂ta √§lv och n√§rmade sig staden, d√•
     9	svenska trupper under bef√§l av Lars Kagg
    10	f√∂rst sp√§rrade v√§gen vid Ran√§ngen s√∂der
    11	om S√§ve√•n, och d√§refter gick till motanfall.
    12	De h√•rt tr√§ngda dansk-norska trupperna tog
    13	sig tillbaka √∂ver √§lven till Hisingen vid
    14	L√§rje, och ytterligare strider uppstod med
    15	de f√∂rf√∂ljande svenskarna framf√∂rallt vid
    16	h√∂jderna sydv√§st om Bohus f√§stning.
DEVOPS24/lektion8
$ cat -n wiki.txt  > wiki.txt 
-radnr
DEVOPS24/lektion8
$ DEVOPS24/lektion8
$ sed ' +^ +-i wiki
.txt-radnr.txtE



sed: -e expression #1, char 1: unknown command: `^'
DEVOPS24/lektion8
$ sed -iE '^ +' wiki-radnr.txts##







sed: -e expression #1, char 6: unterminated `s' command
DEVOPS24/lektion8
$ sed -iE 's#^ +#' wiki-radnr.txt#DEVOPS24/lektion8
$ sed -iE 's#^ +##' wiki-radnr.txt
DEVOPS24/lektion8
$ sort wi
ki.txt DEVOPS24/lektion8
$ sort wiki.txt 
arm√© under bef√§l av Hannibal Sehested g√•tt
de f√∂rf√∂ljande svenskarna framf√∂rallt vid
De h√•rt tr√§ngda dansk-norska trupperna tog
f√∂rst sp√§rrade v√§gen vid Ran√§ngen s√∂der
Hannibalsfejden i augusti 1645. F√∂r att
h√∂jderna sydv√§st om Bohus f√§stning.
kunna bel√§gra G√∂teborg hade en dansk-norsk
L√§rje, och ytterligare strider uppstod med
n√§rheten av G√∂teborg mellan dansk-norska
och svenska trupper under slutskedet av
om S√§ve√•n, och d√§refter gick till motanfall.
√∂ver G√∂ta √§lv och n√§rmade sig staden, d√•
sig tillbaka √∂ver √§lven till Hisingen vid
Slaget vid Ran√§ngen (eller Slaget
svenska trupper under bef√§l av Lars Kagg
vid Rand√§ngen) var ett f√§ltslag i
DEVOPS24/lektion8
$ sort wiki.txt-radnr.txt DEVOPS24/lektion8
$ sort wiki-radnr.txt 
    10	f√∂rst sp√§rrade v√§gen vid Ran√§ngen s√∂der
    11	om S√§ve√•n, och d√§refter gick till motanfall.
    12	De h√•rt tr√§ngda dansk-norska trupperna tog
    13	sig tillbaka √∂ver √§lven till Hisingen vid
    14	L√§rje, och ytterligare strider uppstod med
    15	de f√∂rf√∂ljande svenskarna framf√∂rallt vid
    16	h√∂jderna sydv√§st om Bohus f√§stning.
     1	Slaget vid Ran√§ngen (eller Slaget
     2	vid Rand√§ngen) var ett f√§ltslag i
     3	n√§rheten av G√∂teborg mellan dansk-norska
     4	och svenska trupper under slutskedet av
     5	Hannibalsfejden i augusti 1645. F√∂r att
     6	kunna bel√§gra G√∂teborg hade en dansk-norsk
     7	arm√© under bef√§l av Hannibal Sehested g√•tt
     8	√∂ver G√∂ta √§lv och n√§rmade sig staden, d√•
     9	svenska trupper under bef√§l av Lars Kagg
DEVOPS24/lektion8
$ lDEVOPS24/lektion8
$ 
man sort
SORT(1)                     User Commands                     SORT(1)

NAME
       sort - sort lines of text files

SYNOPSIS
       sort [OPTION]... [FILE]...
       sort [OPTION]... --files0-from=F

DESCRIPTION
       Write sorted concatenation of all FILE(s) to standard output.

       With no FILE, or when FILE is -, read standard input.

       Mandatory  arguments  to  long options are mandatory for short
       options too.  Ordering options:

       -b, --ignore-leading-blanks
              ignore leading blanksh for help or q to quit)

       -d, --dictionary-order
              consider only blanks and alphanumeric characters

       -f, --ignore-case
              fold lower case to upper case characters

       -g, --general-numeric-sort
              compare according to general numerical value

       -i, --ignore-nonprinting
              consider only printable characters

       -M, --month-sort
              compare (unknown) < 'JAN' < ... < 'DEC'

       -h, --human-numeric-sort
M       -b, --ignore-leading-blanks h for help or q to quit)
MESESCOApage sort(1) line 18 (press h for help or q to quit)
M       options too.  Ordering options:or help or q to quit)
M       Mandatory  arguments  to  long options are mandatory for short
       -M, --month-sortne 15 (press h for help or q to quit)
              compare (unknown) < 'JAN' < ... < 'DEC'o quit)
 ESESCOBpage sort(1) line 17 (press h for help or q to quit)
       -h, --human-numeric-sortress h for help or q to quit)
              compare human readable numbers (e.g., 2K 1G)t)
 ESESCOBpage sort(1) line 20 (press h for help or q to quit)
       -n, --numeric-sort 21 (press h for help or q to quit)
              compare according to string numerical valueit)
 ESESCOBpage sort(1) line 23 (press h for help or q to quit)
       -R, --random-sorte 24 (press h for help or q to quit)
              shuffle, but group identical keys.  See shuf(1)
 ESESCOBpage sort(1) line 26 (press h for help or q to quit)
       --random-source=FILE7 (press h for help or q to quit)
              get random bytes from FILEr help or q to quit)
>DEVOPS24/lektion81) line 29 (press h for help or q to quit)
$ DEVOPS24/lektion8
$ man
man sort
SORT(1)                     User Commands                     SORT(1)

NAME
       sort - sort lines of text files

SYNOPSIS
       sort [OPTION]... [FILE]...
       sort [OPTION]... --files0-from=F

DESCRIPTION
       Write sorted concatenation of all FILE(s) to standard output.

       With no FILE, or when FILE is -, read standard input.

       Mandatory  arguments  to  long options are mandatory for short
       options too.  Ordering options:

       -b, --ignore-leading-blanks
SORT(1)                     User Commands                     SORT(1)

NAME
       sort - sort lines of text files

SYNOPSIS
       sort [OPTION]... [FILE]...
       sort [OPTION]... --files0-from=F

DESCRIPTION
       Write sorted concatenation of all FILE(s) to standard output.

       With no FILE, or when FILE is -, read standard input.

       Mandatory  arguments  to  long options are mandatory for short
       options too.  Ordering options:

       -b, --ignore-leading-blanks
SORT(1)                     User Commands                     SORT(1)

NAME
       sort - sort lines of text files

SYNOPSIS
       sort [OPTION]... [FILE]...
       sort [OPTION]... --files0-from=F

DESCRIPTION
       Write sorted concatenation of all FILE(s) to standard output.

       With no FILE, or when FILE is -, read standard input.

       Mandatory  arguments  to  long options are mandatory for short
       options too.  Ordering options:

       -b, --ignore-leading-blanks
...skipping...
       the field; both are origin 1, and the stop  position  defaults
       to the line's end.  If neither -t nor -b is in effect, charac‚Äê
       ters in a field are counted from the beginning of the  preced‚Äê
       ing  whitespace.   OPTS  is one or more single-letter ordering
       options [bdfgiMhnRrV], which override global ordering  options
       for  that key.  If no key is given, use the entire line as the
       key.  Use --debug to diagnose incorrect key usage.

       SIZE may be followed by the following multiplicative suffixes:
       %  1% of memory, b 1, K 1024 (default), and so on for M, G, T,
       P, E, Z, Y.

       *** WARNING *** The locale specified by  the  environment  af‚Äê
       fects  sort  order.   Set LC_ALL=C to get the traditional sort
       order that uses native byte values.

AUTHOR
       Written by Mike Haertel and Paul Eggert.
M       tion,  where F is a field number and C a character position in
M       KEYDEF is F[.C][OPTS][,F[.C][OPTS]] for start and  stop  posi‚Äê
MESESCOApage sort(1) line 120/161 86% (press h for help or q to quit)
/Manual page sort(1) line 119/161 86% (press h for help or q to quit)
AUTHOR
       Written by Mike Haertel and Paul Eggert.
/Manual page sort(1) line 122/161 87% (press h for help or q to quit)
REPORTING BUGS
       GNU coreutils online help: <https://www.gnu.org/software/core‚Äê
       utils/>
       Report   any   translation  bugs  to  <https://translationpro‚Äê
       ject.org/team/>

COPYRIGHT
       Copyright ¬©  2022  Free  Software  Foundation,  Inc.   License
M       SIZE may be followed by the following multiplicative suffixes:
MESESCOApage sort(1) line 130/161 91% (press h for help or q to quit)
M       key.  Use --debug to diagnose incorrect key usage. q to quit)
M       for  that key.  If no key is given, use the entire line as the
M       options [bdfgiMhnRrV], which override global ordering  options
M       ing  whitespace.   OPTS  is one or more single-letter ordering
M       ters in a field are counted from the beginning of the  preced‚Äê
M       to the line's end.  If neither -t nor -b is in effect, charac‚Äê
M       the field; both are origin 1, and the stop  position  defaults
M       tion,  where F is a field number and C a character position in
M       KEYDEF is F[.C][OPTS][,F[.C][OPTS]] for start and  stop  posi‚Äê
MESESCOApage sort(1) line 120/161 86% (press h for help or q to quit)
M              output version information and exit help or q to quit)
M       --version(1) line 118/161 85% (press h for help or q to quit)
MESESCOApage sort(1) line 117/161 84% (press h for help or q to quit)
M       --help display this help and exitess h for help or q to quit)
MESESCOApage sort(1) line 115/161 83% (press h for help or q to quit)
M              line delimiter is NUL, not newliner help or q to quit)
M       -z, --zero-terminated/161 82% (press h for help or q to quit)
MESESCOApage sort(1) line 112/161 81% (press h for help or q to quit)
M              only the first of an equal runh for help or q to quit)
M              with  -c, check for strict ordering; without -c, output
M       -u, --unique line 109/161 79% (press h for help or q to quit)
MESESCOApage sort(1) line 108/161 78% (press h for help or q to quit)
M              change the number of sorts run concurrently to N quit)
M       --parallel=N line 106/161 75% (press h for help or q to quit)
MESESCOApage sort(1) line 105/161 74% (press h for help or q to quit)
M              options specify multiple directorieshelp or q to quit)
M              use DIR for temporaries, not $TMPDIR or /tmp;  multiple
M       -T, --temporary-directory=DIR (press h for help or q to quit)
MESESCOApage sort(1) line 101/161 71% (press h for help or q to quit)
M              use SEP instead of non-blank to blank transition quit)
M       -t, --field-separator=SEP70% (press h for help or q to quit)
MESESCOApage sort(1) line 98/161 70% (press h for help or q to quit)
M              use SIZE for main memory bufferfor help or q to quit)
M       -S, --buffer-size=SIZE61 69% (press h for help or q to quit)
MESESCOApage sort(1) line 95/161 68% (press h for help or q to quit)
M              stabilize sort by disabling last-resort comparisonit)
M       -s, --stable line 93/161 67% (press h for help or q to quit)
MESESCOApage sort(1) line 92/161 66% (press h for help or q to quit)
M              write result to FILE instead of standard output quit)
M       -o, --output=FILE 90/161 65% (press h for help or q to quit)
MESESCOApage sort(1) line 89/161 65% (press h for help or q to quit)
M              merge already sorted files; do not sort or q to quit)
M       -m, --merge) line 87/161 63% (press h for help or q to quit)
MESESCOApage sort(1) line 86/161 63% (press h for help or q to quit)
M              sort via a key; KEYDEF gives location and typeo quit)
M       -k, --key=KEYDEFe 84/161 61% (press h for help or q to quit)
MESESCOApage sort(1) line 83/161 60% (press h for help or q to quit)
M              dard input 82/161 60% (press h for help or q to quit)
M              names  in  file F; If F is - then read names from stan‚Äê
M              read input from the files specified  by  NUL-terminated
M       --files0-from=Fne 79/161 58% (press h for help or q to quit)
MESESCOApage sort(1) line 78/161 57% (press h for help or q to quit)
M              about questionable usage to stderr help or q to quit)
M              annotate  the  part  of the line used to sort, and warn
M       --debugrt(1) line 75/161 55% (press h for help or q to quit)
MESESCOApage sort(1) line 74/161 54% (press h for help or q to quit)
M              PROG -dine 73/161 54% (press h for help or q to quit)
M              compress temporaries with PROG;  decompress  them  with
M       --compress-program=PROG1 52% (press h for help or q to quit)
MESESCOApage sort(1) line 70/161 52% (press h for help or q to quit)
M              like -c, but do not report first bad liner q to quit)
M       -C, --check=quiet, --check=silentss h for help or q to quit)
MESESCOApage sort(1) line 67/161 51% (press h for help or q to quit)
M              check for sorted input; do not sorthelp or q to quit)
M       -c, --check, --check=diagnose-first h for help or q to quit)
MESESCOApage sort(1) line 64/161 49% (press h for help or q to quit)
M              files line 63/161 49% (press h for help or q to quit)
M              merge  at most NMERGE inputs at once; for more use temp
M       --batch-size=NMERGE1/161 47% (press h for help or q to quit)
MESESCOApage sort(1) line 60/161 46% (press h for help or q to quit)
M       Other options:ine 59/161 46% (press h for help or q to quit)
MESESCOApage sort(1) line 58/161 45% (press h for help or q to quit)
M              natural sort of (version) numbers within textto quit)
M       -V, --version-sort56/161 44% (press h for help or q to quit)
MESESCOApage sort(1) line 55/161 44% (press h for help or q to quit)
M              meric -h, month -M, numeric -n, random -R, version -V
M              sort according to WORD: general-numeric  -g,  human-nu‚Äê
M       --sort=WORD) line 52/161 41% (press h for help or q to quit)
MESESCOApage sort(1) line 51/161 41% (press h for help or q to quit)
M              reverse the result of comparisonsr help or q to quit)
M       -r, --reverseline 49/161 39% (press h for help or q to quit)
MESESCOApage sort(1) line 48/161 39% (press h for help or q to quit)
M              get random bytes from FILEss h for help or q to quit)
M       --random-source=FILE/161 36% (press h for help or q to quit)
MESESCOApage sort(1) line 45/161 36% (press h for help or q to quit)
M              shuffle, but group identical keys.  See shuf(1) quit)
M       -R, --random-sort 43/161 35% (press h for help or q to quit)
MESESCOApage sort(1) line 42/161 34% (press h for help or q to quit)
M              compare according to string numerical valueq to quit)
M       -n, --numeric-sort40/161 34% (press h for help or q to quit)
MESESCOApage sort(1) line 39/161 34% (press h for help or q to quit)
M              compare human readable numbers (e.g., 2K 1G) to quit)
M       -h, --human-numeric-sort 32% (press h for help or q to quit)
MESESCOApage sort(1) line 36/161 32% (press h for help or q to quit)
M              compare (unknown) < 'JAN' < ... < 'DEC' or q to quit)
M       -M, --month-sorte 34/161 29% (press h for help or q to quit)
MESESCOApage sort(1) line 33/161 29% (press h for help or q to quit)
M              consider only printable characters help or q to quit)
M       -i, --ignore-nonprinting 28% (press h for help or q to quit)
MESESCOApage sort(1) line 30/161 27% (press h for help or q to quit)
M              compare according to general numerical value to quit)
M       -g, --general-numeric-sort7% (press h for help or q to quit)
MESESCOApage sort(1) line 27/161 26% (press h for help or q to quit)
M              fold lower case to upper case charactersor q to quit)
M       -f, --ignore-case 25/161 25% (press h for help or q to quit)
MESESCOApage sort(1) line 24/161 24% (press h for help or q to quit)
M              consider only blanks and alphanumeric charactersquit)
M       -d, --dictionary-order61 23% (press h for help or q to quit)
MESESCOApage sort(1) line 21/161 22% (press h for help or q to quit)
M              ignore leading blanks (press h for help or q to quit)
M       -b, --ignore-leading-blanks% (press h for help or q to quit)
MESESCOApage sort(1) line 18/161 20% (press h for help or q to quit)
M       options too.  Ordering options:ress h for help or q to quit)
M       Mandatory  arguments  to  long options are mandatory for short
MESESCOApage sort(1) line 15/161 18% (press h for help or q to quit)
M       With no FILE, or when FILE is -, read standard input.o quit)
MESESCOApage sort(1) line 13/161 18% (press h for help or q to quit)
M       Write sorted concatenation of all FILE(s) to standard output.
MDESCRIPTION sort(1) line 11/161 16% (press h for help or q to quit)
MESESCOApage sort(1) line 10/161 16% (press h for help or q to quit)
M       sort [OPTION]... --files0-from=Fss h for help or q to quit)
M       sort [OPTION]... [FILE]...% (press h for help or q to quit)
MSYNOPSISage sort(1) line 7/161 13% (press h for help or q to quit)
MESESCOApage sort(1) line 6/161 13% (press h for help or q to quit)
 ESESCOBpage sort(1) line 5/161 13% (press h for help or q to quit)
       -f, --ignore-casee 6/161 13% (press h for help or q to quit)
              fold lower case to upper case charactersor q to quit)
 ESESCOBpage sort(1) line 8/161 14% (press h for help or q to quit)
       -g, --general-numeric-sort4% (press h for help or q to quit)
              compare according to general numerical valueq to quit)
 ESESCOBpage sort(1) line 11/161 16% (press h for help or q to quit)
       -i, --ignore-nonprinting1 16% (press h for help or q to quit)
              consider only printable charactersr help or q to quit)
 ESESCOBpage sort(1) line 14/161 18% (press h for help or q to quit)
       -M, --month-sortne 15/161 18% (press h for help or q to quit)
              compare (unknown) < 'JAN' < ... < 'DEC'p or q to quit)
 ESESCOBpage sort(1) line 17/161 20% (press h for help or q to quit)
       -h, --human-numeric-sort1 20% (press h for help or q to quit)
              compare human readable numbers (e.g., 2K 1G)q to quit)
 ESESCOBpage sort(1) line 20/161 22% (press h for help or q to quit)
       -n, --numeric-sort 21/161 22% (press h for help or q to quit)
              compare according to string numerical value q to quit)
 ESESCOBpage sort(1) line 23/161 24% (press h for help or q to quit)
       -R, --random-sorte 24/161 24% (press h for help or q to quit)
              shuffle, but group identical keys.  See shuf(1)o quit)
 ESESCOBpage sort(1) line 26/161 26% (press h for help or q to quit)
       --random-source=FILE7/161 26% (press h for help or q to quit)
              get random bytes from FILEess h for help or q to quit)
 ESESCOBpage sort(1) line 29/161 27% (press h for help or q to quit)
       -r, --reverse line 30/161 27% (press h for help or q to quit)
              reverse the result of comparisonsor help or q to quit)
 ESESCOBpage sort(1) line 32/161 29% (press h for help or q to quit)
       --sort=WORD1) line 33/161 29% (press h for help or q to quit)
              sort according to WORD: general-numeric  -g,  human-nu‚Äê
              meric -h, month -M, numeric -n, random -R, version -V)
 ESESCOBpage sort(1) line 36/161 32% (press h for help or q to quit)
       -V, --version-sort 37/161 32% (press h for help or q to quit)
              natural sort of (version) numbers within text to quit)
 ESESCOBpage sort(1) line 39/161 34% (press h for help or q to quit)
       Other options:line 40/161 34% (press h for help or q to quit)
 ESESCOBpage sort(1) line 41/161 34% (press h for help or q to quit)
       --batch-size=NMERGE42/161 34% (press h for help or q to quit)
              merge  at most NMERGE inputs at once; for more use temp
              files) line 44/161 36% (press h for help or q to quit)
 ESESCOBpage sort(1) line 45/161 36% (press h for help or q to quit)
       -c, --check, --check=diagnose-firsts h for help or q to quit)
              check for sorted input; do not sort help or q to quit)
 ESESCOBpage sort(1) line 48/161 39% (press h for help or q to quit)
       -C, --check=quiet, --check=silentess h for help or q to quit)
              like -c, but do not report first bad lineor q to quit)
 ESESCOBpage sort(1) line 51/161 41% (press h for help or q to quit)
       --compress-program=PROG61 41% (press h for help or q to quit)
              compress temporaries with PROG;  decompress  them  with
              PROG -dline 54/161 43% (press h for help or q to quit)
 ESESCOBpage sort(1) line 55/161 44% (press h for help or q to quit)
       --debugort(1) line 56/161 44% (press h for help or q to quit)
              annotate  the  part  of the line used to sort, and warn
              about questionable usage to stderrr help or q to quit)
 ESESCOBpage sort(1) line 59/161 46% (press h for help or q to quit)
       --files0-from=Fine 60/161 46% (press h for help or q to quit)
              read input from the files specified  by  NUL-terminated
              names  in  file F; If F is - then read names from stan‚Äê
              dard inpute 63/161 49% (press h for help or q to quit)
 ESESCOBpage sort(1) line 64/161 49% (press h for help or q to quit)
       -k, --key=KEYDEFne 65/161 49% (press h for help or q to quit)
              sort via a key; KEYDEF gives location and typeto quit)
 ESESCOBpage sort(1) line 67/161 51% (press h for help or q to quit)
       -m, --merge1) line 68/161 51% (press h for help or q to quit)
              merge already sorted files; do not sortp or q to quit)
 ESESCOBpage sort(1) line 70/161 52% (press h for help or q to quit)
       -o, --output=FILEe 71/161 52% (press h for help or q to quit)
              write result to FILE instead of standard outputo quit)
 ESESCOBpage sort(1) line 73/161 54% (press h for help or q to quit)
       -s, --stable) line 74/161 54% (press h for help or q to quit)
              stabilize sort by disabling last-resort comparisonuit)
 ESESCOBpage sort(1) line 76/161 56% (press h for help or q to quit)
       -S, --buffer-size=SIZE161 56% (press h for help or q to quit)
              use SIZE for main memory buffer for help or q to quit)
 ESESCOBpage sort(1) line 79/161 58% (press h for help or q to quit)
       -t, --field-separator=SEP 58% (press h for help or q to quit)
              use SEP instead of non-blank to blank transition quit)
 ESESCOBpage sort(1) line 82/161 60% (press h for help or q to quit)
       -T, --temporary-directory=DIR (press h for help or q to quit)
              use DIR for temporaries, not $TMPDIR or /tmp;  multiple
              options specify multiple directorieshelp or q to quit)
 ESESCOBpage sort(1) line 86/161 63% (press h for help or q to quit)
       --parallel=N) line 87/161 63% (press h for help or q to quit)
              change the number of sorts run concurrently to N quit)
 ESESCOBpage sort(1) line 89/161 65% (press h for help or q to quit)
       -u, --unique) line 90/161 65% (press h for help or q to quit)
              with  -c, check for strict ordering; without -c, output
              only the first of an equal runh for help or q to quit)
 ESESCOBpage sort(1) line 93/161 67% (press h for help or q to quit)
       -z, --zero-terminated/161 67% (press h for help or q to quit)
              line delimiter is NUL, not newliner help or q to quit)
 ESESCOBpage sort(1) line 96/161 69% (press h for help or q to quit)
       --help display this help and exitess h for help or q to quit)
 ESESCOBpage sort(1) line 98/161 70% (press h for help or q to quit)
       --versiont(1) line 99/161 70% (press h for help or q to quit)
              output version information and exitr help or q to quit)
>DEVOPS24/lektion81) line 101/161 71% (press h for help or q to quit)
$ DEVOPS24/lektion8
$ sort wi
ki.txt 
arm√© under bef√§l av Hannibal Sehested g√•tt
de f√∂rf√∂ljande svenskarna framf√∂rallt vid
De h√•rt tr√§ngda dansk-norska trupperna tog
f√∂rst sp√§rrade v√§gen vid Ran√§ngen s√∂der
Hannibalsfejden i augusti 1645. F√∂r att
h√∂jderna sydv√§st om Bohus f√§stning.
kunna bel√§gra G√∂teborg hade en dansk-norsk
L√§rje, och ytterligare strider uppstod med
n√§rheten av G√∂teborg mellan dansk-norska
och svenska trupper under slutskedet av
om S√§ve√•n, och d√§refter gick till motanfall.
√∂ver G√∂ta √§lv och n√§rmade sig staden, d√•
sig tillbaka √∂ver √§lven till Hisingen vid
Slaget vid Ran√§ngen (eller Slaget
svenska trupper under bef√§l av Lars Kagg
vid Rand√§ngen) var ett f√§ltslag i
DEVOPS24/lektion8
$ sort wiki.txt-rDEVOPS24/lektion8
$ sort wiki-radnr.txt DEVOPS24/lektion8
$ sort wiki-radnr.txt 
    10	f√∂rst sp√§rrade v√§gen vid Ran√§ngen s√∂der
    11	om S√§ve√•n, och d√§refter gick till motanfall.
    12	De h√•rt tr√§ngda dansk-norska trupperna tog
    13	sig tillbaka √∂ver √§lven till Hisingen vid
    14	L√§rje, och ytterligare strider uppstod med
    15	de f√∂rf√∂ljande svenskarna framf√∂rallt vid
    16	h√∂jderna sydv√§st om Bohus f√§stning.
     1	Slaget vid Ran√§ngen (eller Slaget
     2	vid Rand√§ngen) var ett f√§ltslag i
     3	n√§rheten av G√∂teborg mellan dansk-norska
     4	och svenska trupper under slutskedet av
     5	Hannibalsfejden i augusti 1645. F√∂r att
     6	kunna bel√§gra G√∂teborg hade en dansk-norsk
     7	arm√© under bef√§l av Hannibal Sehested g√•tt
     8	√∂ver G√∂ta √§lv och n√§rmade sig staden, d√•
     9	svenska trupper under bef√§l av Lars Kagg
DEVOPS24/lektion8
$ sort wiki-radnr.txt-nDEVOPS24/lektion8
$ sort -n wiki-radnr.txt
     1	Slaget vid Ran√§ngen (eller Slaget
     2	vid Rand√§ngen) var ett f√§ltslag i
     3	n√§rheten av G√∂teborg mellan dansk-norska
     4	och svenska trupper under slutskedet av
     5	Hannibalsfejden i augusti 1645. F√∂r att
     6	kunna bel√§gra G√∂teborg hade en dansk-norsk
     7	arm√© under bef√§l av Hannibal Sehested g√•tt
     8	√∂ver G√∂ta √§lv och n√§rmade sig staden, d√•
     9	svenska trupper under bef√§l av Lars Kagg
    10	f√∂rst sp√§rrade v√§gen vid Ran√§ngen s√∂der
    11	om S√§ve√•n, och d√§refter gick till motanfall.
    12	De h√•rt tr√§ngda dansk-norska trupperna tog
    13	sig tillbaka √∂ver √§lven till Hisingen vid
    14	L√§rje, och ytterligare strider uppstod med
    15	de f√∂rf√∂ljande svenskarna framf√∂rallt vid
    16	h√∂jderna sydv√§st om Bohus f√§stning.
DEVOPS24/lektion8
$ 
DEVOPS24/lektion8
$ DEVOPS24/lektion8
$ cp wiki
.txt wik
i.txt¬¥-dublett
DEVOPS24/lektion8
$ DEVOPS24/lektion8
$ uniq wi
ki+
-dublett.txt 
Slaget vid Ran√§ngen (eller Slaget
Hannibalsfejden i augusti 1645. F√∂r att
vid Rand√§ngen) var ett f√§ltslag i
n√§rheten av G√∂teborg mellan dansk-norska
och svenska trupper under slutskedet av
Hannibalsfejden i augusti 1645. F√∂r att
kunna bel√§gra G√∂teborg hade en dansk-norsk
arm√© under bef√§l av Hannibal Sehested g√•tt
Hannibalsfejden i augusti 1645. F√∂r att
√∂ver G√∂ta √§lv och n√§rmade sig staden, d√•
svenska trupper under bef√§l av Lars Kagg
f√∂rst sp√§rrade v√§gen vid Ran√§ngen s√∂der
om S√§ve√•n, och d√§refter gick till motanfall.
De h√•rt tr√§ngda dansk-norska trupperna tog
Hannibalsfejden i augusti 1645. F√∂r att
sig tillbaka √∂ver √§lven till Hisingen vid
L√§rje, och ytterligare strider uppstod med
de f√∂rf√∂ljande svenskarna framf√∂rallt vid
h√∂jderna sydv√§st om Bohus f√§stning.
DEVOPS24/lektion8
$ DEVOPS24/lektion8
$ sort wiki
-
df
ublett.txt 
arm√© under bef√§l av Hannibal Sehested g√•tt
de f√∂rf√∂ljande svenskarna framf√∂rallt vid
De h√•rt tr√§ngda dansk-norska trupperna tog
f√∂rst sp√§rrade v√§gen vid Ran√§ngen s√∂der
Hannibalsfejden i augusti 1645. F√∂r att
Hannibalsfejden i augusti 1645. F√∂r att
Hannibalsfejden i augusti 1645. F√∂r att
Hannibalsfejden i augusti 1645. F√∂r att
h√∂jderna sydv√§st om Bohus f√§stning.
kunna bel√§gra G√∂teborg hade en dansk-norsk
L√§rje, och ytterligare strider uppstod med
n√§rheten av G√∂teborg mellan dansk-norska
och svenska trupper under slutskedet av
om S√§ve√•n, och d√§refter gick till motanfall.
√∂ver G√∂ta √§lv och n√§rmade sig staden, d√•
sig tillbaka √∂ver √§lven till Hisingen vid
Slaget vid Ran√§ngen (eller Slaget
svenska trupper under bef√§l av Lars Kagg
vid Rand√§ngen) var ett f√§ltslag i
DEVOPS24/lektion8
$ sort wiki-dublett.txt DEVOPS24/lektion8
$ sort wiki-dublett.txt | uniq
arm√© under bef√§l av Hannibal Sehested g√•tt
de f√∂rf√∂ljande svenskarna framf√∂rallt vid
De h√•rt tr√§ngda dansk-norska trupperna tog
f√∂rst sp√§rrade v√§gen vid Ran√§ngen s√∂der
Hannibalsfejden i augusti 1645. F√∂r att
h√∂jderna sydv√§st om Bohus f√§stning.
kunna bel√§gra G√∂teborg hade en dansk-norsk
L√§rje, och ytterligare strider uppstod med
n√§rheten av G√∂teborg mellan dansk-norska
och svenska trupper under slutskedet av
om S√§ve√•n, och d√§refter gick till motanfall.
√∂ver G√∂ta √§lv och n√§rmade sig staden, d√•
sig tillbaka √∂ver √§lven till Hisingen vid
Slaget vid Ran√§ngen (eller Slaget
svenska trupper under bef√§l av Lars Kagg
vid Rand√§ngen) var ett f√§ltslag i
DEVOPS24/lektion8
$ 
sort wiki-dublett.txt | uni| uniqqDEVOPS24/lektion8
$ sort wiki-dublett.txt | uniqq^C
DEVOPS24/lektion8
$ DEVOPS24/lektion8
$ man uniq
UNIQ(1)                     User Commands                     UNIQ(1)

NAME
       uniq - report or omit repeated lines

SYNOPSIS
       uniq [OPTION]... [INPUT [OUTPUT]]

DESCRIPTION
       Filter adjacent matching lines from INPUT (or standard input),
       writing to OUTPUT (or standard output).

       With no options, matching lines are merged to the first occur‚Äê
       rence.uniq(1) line 2 (press h for help or q to quit)
 ESESCOBpage uniq(1) line 3 (press h for help or q to quit)
       Mandatory  arguments  to  long options are mandatory for short
       options too.) line 5 (press h for help or q to quit)
 ESESCOBpage uniq(1) line 6 (press h for help or q to quit)
       -c, --count1) line 7 (press h for help or q to quit)
              prefix lines by the number of occurrencesuit)
 ESESCOBpage uniq(1) line 9 (press h for help or q to quit)
       -d, --repeatedline 10 (press h for help or q to quit)
              only print duplicate lines, one for each group
 ESESCOBpage uniq(1) line 12 (press h for help or q to quit)
       -D     print all duplicate linesor help or q to quit)
 ESESCOBpage uniq(1) line 14 (press h for help or q to quit)
       --all-repeated[=METHOD]press h for help or q to quit)
              like -D, but allow  separating  groups  with  an  empty
              line; METHOD={none(default),prepend,separate})
M       options too. line 18 (press h for help or q to quit)
              line; METHOD={none(default),prepend,separate})
 ESESCOBpage uniq(1) line 18 (press h for help or q to quit)
       -f, --skip-fields=N19 (press h for help or q to quit)
              avoid comparing the first N fieldsr q to quit)
 ESESCOBpage uniq(1) line 21 (press h for help or q to quit)
       --group[=METHOD]ne 22 (press h for help or q to quit)
              show  all  items, separating groups with an empty line;
              METHOD={separate(default),prepend,append,both}
 ESESCOBpage uniq(1) line 25 (press h for help or q to quit)
       -i, --ignore-casee 26 (press h for help or q to quit)
              ignore differences in case when comparingquit)
 ESESCOBpage uniq(1) line 28 (press h for help or q to quit)
       -s, --skip-chars=N 29 (press h for help or q to quit)
              avoid comparing the first N charactersto quit)
 ESESCOBpage uniq(1) line 31 (press h for help or q to quit)
       -u, --unique) line 32 (press h for help or q to quit)
              only print unique lines for help or q to quit)
 ESESCOBpage uniq(1) line 34 (press h for help or q to quit)
       -z, --zero-terminated (press h for help or q to quit)
              line delimiter is NUL, not newliner q to quit)
 ESESCOBpage uniq(1) line 37 (press h for help or q to quit)
       -w, --check-chars=N38 (press h for help or q to quit)
              compare no more than N characters in linesuit)
 ESESCOBpage uniq(1) line 40 (press h for help or q to quit)
       --help display this help and exitr help or q to quit)
 ESESCOBpage uniq(1) line 42 (press h for help or q to quit)
>DEVOPS24/lektion81) line 43 (press h for help or q to quit)
$ Tar bort^C
DEVOPS24/lektion8
$ 
sort wiki-dublett.txt | uniq -dDEVOPS24/lektion8
sort wiki-dublett.txt | uniq -d-d
Hannibalsfejden i augusti 1645. F√∂r att
DEVOPS24/lektion8
$ 
    sort wiki-dublett.txt | uniq -d

    sort wiki-dublett.txt | uniq -d
n
uniq: invalid option -- 'n'
Try 'uniq --help' for more information.
DEVOPS24/lektion8
$     sort wiki-dublett.txt | uniq -cDEVOPS24/lektion8
$     sort wiki-dublett.txt | uniq -c
      1 arm√© under bef√§l av Hannibal Sehested g√•tt
      1 de f√∂rf√∂ljande svenskarna framf√∂rallt vid
      1 De h√•rt tr√§ngda dansk-norska trupperna tog
      1 f√∂rst sp√§rrade v√§gen vid Ran√§ngen s√∂der
      4 Hannibalsfejden i augusti 1645. F√∂r att
      1 h√∂jderna sydv√§st om Bohus f√§stning.
      1 kunna bel√§gra G√∂teborg hade en dansk-norsk
      1 L√§rje, och ytterligare strider uppstod med
      1 n√§rheten av G√∂teborg mellan dansk-norska
      1 och svenska trupper under slutskedet av
      1 om S√§ve√•n, och d√§refter gick till motanfall.
      1 √∂ver G√∂ta √§lv och n√§rmade sig staden, d√•
      1 sig tillbaka √∂ver √§lven till Hisingen vid
      1 Slaget vid Ran√§ngen (eller Slaget
      1 svenska trupper under bef√§l av Lars Kagg
      1 vid Rand√§ngen) var ett f√§ltslag i
DEVOPS24/lektion8
$ DEVOPS24/lektion8
$ echo √§√'Ett Tva Tre' | cut IF-d' ' -f3
Tre
DEVOPS24/lektion8
$ ^C
DEVOPS24/lektion8
$ echo 'Ett Tva Tre' | cut -d' ' -f,,,






1,2
Ett,Tva
DEVOPS24/lektion8
$ echo 'Ett,Tva,Tre' | cut -d',' -f1,
Ett
DEVOPS24/lektion8
$ echo 'Ett,Tva,Tre' | cut -d',' -fDEVOPS24/lektion8
$ echo 'Ett,Tva,Tre' | cut -d',' -f   







Ett
DEVOPS24/lektion8
$ echo 'Ett Tva Tre' | cut -d' ' -f1,2
Ett Tva
DEVOPS24/lektion8
$ echo 'Ett Tva Tre' | cut -d' ' -f1,3DEVOPS24/lektion8
$ echo 'Ett Tva Tre' | cut -d' ' -f1,3
Ett Tre
DEVOPS24/lektion8
$ echo 'Ett Tva Tre' | cut -d' ' -f1,



















-e\t\t








 -f1,-f1, -f1, -f1, -f1,-f1,








2
Tva
DEVOPS24/lektion8
$ DEVOPS24/lektion8
$ man tr
TR(1)                       User Commands                       TR(1)

NAME
       tr - translate or delete characters

SYNOPSIS
       tr [OPTION]... STRING1 [STRING2]

DESCRIPTION
       Translate, squeeze, and/or delete characters from standard in‚Äê
       put, writing to standard output.  STRING1 and STRING2  specify
       arrays  of  characters  ARRAY1 and ARRAY2 that control the ac‚Äê
       tion. tr(1) line 1 (press h for help or q to quit)

       -c, -C, --complement
              use the complement of ARRAY1

       -d, --delete
              delete characters in ARRAY1, do not translate

       -s, --squeeze-repeats
              replace each sequence of a repeated character  that  is
              listed  in  the last specified ARRAY, with a single oc‚Äê
              currence of that character
 Manual page tr(1) line 13 (press h for help or q to quit)
       -t, --truncate-set1
              first truncate ARRAY1 to length of ARRAY2

       --help display this help and exit

       --version
              output version information and exit

       ARRAYs are specified as strings of characters.  Most represent
       themselves.  Interpreted sequences are:

>DEVOPS24/lektion8 line 25 (press h for help or q to quit)
$ echo ¬§P$PATH
/home/kent/bin:/home/kent/bin:/usr/local/bin:/usr/bin:/bin:/usr/local/games:/usr/games:/home/kent/.local/share/JetBrains/Toolbox/scripts:/home/kent/.vscode/extensions/ms-python.debugpy-2025.6.0-linux-x64/bundled/scripts/noConfigScripts:/home/kent/.config/Code/User/globalStorage/github.copilot-chat/debugCommand
DEVOPS24/lektion8
$     echo -- "$PATH" | tr ':' '#'
DEVOPS24/lektion8
$     echo -- "$PATH" | tr ':' '#'

    echo -- "$PATH" | tr ':' '#'


-- /home/kent/bin#/home/kent/bin#/usr/local/bin#/usr/bin#/bin#/usr/local/games#/usr/games#/home/kent/.local/share/JetBrains/Toolbox/scripts#/home/kent/.vscode/extensions/ms-python.debugpy-2025.6.0-linux-x64/bundled/scripts/noConfigScripts#/home/kent/.config/Code/User/globalStorage/github.copilot-chat/debugCommand
DEVOPS24/lektion8
$     echo -- "$PATH" | tr ':' '#'DEVOPS24/lektion8
$     echo -- "$PATH" | tr ':' '#'
-- /home/kent/bin#/home/kent/bin#/usr/local/bin#/usr/bin#/bin#/usr/local/games#/usr/games#/home/kent/.local/share/JetBrains/Toolbox/scripts#/home/kent/.vscode/extensions/ms-python.debugpy-2025.6.0-linux-x64/bundled/scripts/noConfigScripts#/home/kent/.config/Code/User/globalStorage/github.copilot-chat/debugCommand
DEVOPS24/lektion8
$     echo -- "$PATH" | tr ':' '#'






oDEVOPS24/lektion8
$ echo "$PATH" | tr ':' '#
/home/kent/bin#/home/kent/bin#/usr/local/bin#/usr/bin#/bin#/usr/local/games#/usr/games#/home/kent/.local/share/JetBrains/Toolbox/scripts#/home/kent/.vscode/extensions/ms-python.debugpy-2025.6.0-linux-x64/bundled/scripts/noConfigScripts#/home/kent/.config/Code/User/globalStorage/github.copilot-chat/debugCommand
DEVOPS24/lektion8
$ echo $PTAATHDEVOPS24/lektion8
$ echo $PATH
/home/kent/bin:/home/kent/bin:/usr/local/bin:/usr/bin:/bin:/usr/local/games:/usr/games:/home/kent/.local/share/JetBrains/Toolbox/scripts:/home/kent/.vscode/extensions/ms-python.debugpy-2025.6.0-linux-x64/bundled/scripts/noConfigScripts:/home/kent/.config/Code/User/globalStorage/github.copilot-chat/debugCommand
DEVOPS24/lektion8
$ echo $PAT"$PATH" | tr ':' '#'DEVOPS24/lektion8
$ echo "$PATH" | tr ':' '#'
/home/kent/bin#/home/kent/bin#/usr/local/bin#/usr/bin#/bin#/usr/local/games#/usr/games#/home/kent/.local/share/JetBrains/Toolbox/scripts#/home/kent/.vscode/extensions/ms-python.debugpy-2025.6.0-linux-x64/bundled/scripts/noConfigScripts#/home/kent/.config/Code/User/globalStorage/github.copilot-chat/debugCommand
DEVOPS24/lektion8
$ echo "$PATH" | tr ':' $'\n'
echo "$PATH" | tr ':' $'\n'DEVOPS24/lektion8
$ echo "$PATH" | tr ':' $'\n'
/home/kent/bin
/home/kent/bin
/usr/local/bin
/usr/bin
/bin
/usr/local/games
/usr/games
/home/kent/.local/share/JetBrains/Toolbox/scripts
/home/kent/.vscode/extensions/ms-python.debugpy-2025.6.0-linux-x64/bundled/scripts/noConfigScripts
/home/kent/.config/Code/User/globalStorage/github.copilot-chat/debugCommand
DEVOPS24/lektion8
$ DEVOPS24/lektion8
n√§rheten av G√∂teborg mellan' | rtr '√§√' 'a
naarheten av Ga∂teborg mellan
DEVOPS24/lektion8
$ echo 'n√§rheten av G√∂teborg mellan' | tr '√§' 'a√∂o
noorheten av Gooteborg mellan
DEVOPS24/lektion8
$ echo 'n√§rheten av G√∂teborg mellan' | tr '√§√∂' 'aonuDEVOPS24/lektion8
$ echo 'n√§rheten av G√∂teborg mellan' | tr 'n' 'u
u√§rheteu av G√∂teborg mellau
DEVOPS24/lektion8
$ echo 'n√§rheten av G√∂teborg mellan' | tr 'n' 'uhi
u√§rieteu av G√∂teborg mellau
DEVOPS24/lektion8
$ echo 'n√§rheten av G√∂teborg mellan' | tr 'nh' 'ui√∂^C
DEVOPS24/lektion8
$ DEVOPS24/lektion8
$ man tr
TR(1)                       User Commands                       TR(1)

NAME
       tr - translate or delete characters

SYNOPSIS
       tr [OPTION]... STRING1 [STRING2]

DESCRIPTION
       Translate, squeeze, and/or delete characters from standard in‚Äê
       put, writing to standard output.  STRING1 and STRING2  specify
       arrays  of  characters  ARRAY1 and ARRAY2 that control the ac‚Äê
       tion. tr(1) line 1 (press h for help or q to quit)

       -c, -C, --complement
              use the complement of ARRAY1

       -d, --delete
              delete characters in ARRAY1, do not translate

       -s, --squeeze-repeats
              replace each sequence of a repeated character  that  is
              listed  in  the last specified ARRAY, with a single oc‚Äê
              currence of that character
 Manual page tr(1) line 13 (press h for help or q to quit)
       -t, --truncate-set1
              first truncate ARRAY1 to length of ARRAY2

       --help display this help and exit

       --version
              output version information and exit

       ARRAYs are specified as strings of characters.  Most represent
       themselves.  Interpreted sequences are:

       \NNN   character with octal value NNN (1 to 3 octal digits)

       \\     backslash

       \a     audible BEL

       \b     backspace

       \f     form feed

       \n     new line

       \r     returnine 37 (press h for help or q to quit)

       \t     horizontal tab

       \v     vertical tab

       CHAR1-CHAR2
              all characters from CHAR1 to CHAR2 in ascending order

       [CHAR*]
              in ARRAY2, copies of CHAR until length of ARRAY1

       [CHAR*REPEAT]ine 49 (press h for help or q to quit)
              REPEAT copies of CHAR, REPEAT octal if starting with 0

       [:alnum:]
              all letters and digits

       [:alpha:]
              all letters

       [:blank:]
              all horizontal whitespace

       [:cntrl:]1) line 61 (press h for help or q to quit)
              all control characters

       [:digit:]
              all digits

       [:graph:]
              all printable characters, not including space

       [:lower:]
              all lower case letters

       [:print:]1) line 73 (press h for help or q to quit)
              all printable characters, including space

       [:punct:]
              all punctuation characters

       [:space:]
              all horizontal or vertical whitespace

       [:upper:]
              all upper case letters

       [:xdigit:]) line 85 (press h for help or q to quit)
              all hexadecimal digits

       [=CHAR=]
              all characters which are equivalent to CHAR

       Translation  occurs  if  -d  is not given and both STRING1 and
       STRING2 appear.  -t may be used only when translating.  ARRAY2
       is  extended to length of ARRAY1 by repeating its last charac‚Äê
       ter as necessary.  Excess characters of  ARRAY2  are  ignored.
       Character classes expand in unspecified order; while translat‚Äê
       ing, [:lower:] and [:upper:] may be used in pairs  to  specify
       case  conversion.  Squeezing occurs after translation or dele‚Äê
       tion.

BUGS
       Full support is available only for safe  single-byte  locales,
       in which every possible input byte represents a single charac‚Äê
       ter.  The C locale is safe in GNU systems, so  you  can  avoid
       this  issue  in  the  shell  by running LC_ALL=C tr instead of
       plain tr.

AUTHOR
       Written by Jim Meyering.
>DEVOPS24/lektion8 line 109 (press h for help or q to quit)
$ DEVOPS24/lektion8
$ LC_ALL=C
LC_ALL=sv?S_SE
bash: warning: setlocale: LC_ALL: cannot change locale (sv_SE): No such file or directory
DEVOPS24/lektion8
$ LC_ALL=sv_S






^C
DEVOPS24/lektion8
echo 'n√§rheten av G√∂teborg mellan' | tr 'nh' 'ui'DEVOPS24/lektion8
$ echo 'n√§rheten av G√∂teborg mellan' | tr 'nh' 'ui

u√§rieteu av G√∂teborg mellau
DEVOPS24/lektion8
$ echo 'n√§rheten av G√∂teborg mellan' | tr 'nh' 'ui-dDEVOPS24/lektion8
$ echo 'n√§rheten av G√∂teborg mellan' | tr -d √√§
nrheten av G∂teborg mellan
DEVOPS24/lektion8
$ echo 'n√§rheten av G√∂teborg mellan' | tr -d √ aDEVOPS24/lektion8
$ echo 'n√§rheten av G√∂teborg mellan' | tr -d a
n√§rheten v G√∂teborg melln
DEVOPS24/lektion8
$ echo 'n√§rheten av G√∂teborg mellan' | tr -d am
n√§rheten v G√∂teborg elln
DEVOPS24/lektion8
$ echo ";√∂ *\| greptr √√∂ o
oo
DEVOPS24/lektion8
$ DEVOPS24/lektion8
$ echo "√∂" | tr √∂ o
oo
DEVOPS24/lektion8
$ DEVOPS24/lektion8
$ ls
recordings  utanreg  wiki-dublett.txt  wiki-radnr.txt  wiki.txt
DEVOPS24/lektion8
$ cp wi
ki-radnr.txt x
DEVOPS24/lektion8
$ cat x
     1	Slaget vid Ran√§ngen (eller Slaget
     2	vid Rand√§ngen) var ett f√§ltslag i
     3	n√§rheten av G√∂teborg mellan dansk-norska
     4	och svenska trupper under slutskedet av
     5	Hannibalsfejden i augusti 1645. F√∂r att
     6	kunna bel√§gra G√∂teborg hade en dansk-norsk
     7	arm√© under bef√§l av Hannibal Sehested g√•tt
     8	√∂ver G√∂ta √§lv och n√§rmade sig staden, d√•
     9	svenska trupper under bef√§l av Lars Kagg
    10	f√∂rst sp√§rrade v√§gen vid Ran√§ngen s√∂der
    11	om S√§ve√•n, och d√§refter gick till motanfall.
    12	De h√•rt tr√§ngda dansk-norska trupperna tog
    13	sig tillbaka √∂ver √§lven till Hisingen vid
    14	L√§rje, och ytterligare strider uppstod med
    15	de f√∂rf√∂ljande svenskarna framf√∂rallt vid
    16	h√∂jderna sydv√§st om Bohus f√§stning.
DEVOPS24/lektion8
$ DEVOPS24/lektion8
$ sed √§√'s^/^// x
     1	Slaget vid Ran√§ngen (eller Slaget
     2	vid Rand√§ngen) var ett f√§ltslag i
     3	n√§rheten av G√∂teborg mellan dansk-norska
     4	och svenska trupper under slutskedet av
     5	Hannibalsfejden i augusti 1645. F√∂r att
     6	kunna bel√§gra G√∂teborg hade en dansk-norsk
     7	arm√© under bef√§l av Hannibal Sehested g√•tt
     8	√∂ver G√∂ta √§lv och n√§rmade sig staden, d√•
     9	svenska trupper under bef√§l av Lars Kagg
    10	f√∂rst sp√§rrade v√§gen vid Ran√§ngen s√∂der
    11	om S√§ve√•n, och d√§refter gick till motanfall.
    12	De h√•rt tr√§ngda dansk-norska trupperna tog
    13	sig tillbaka √∂ver √§lven till Hisingen vid
    14	L√§rje, och ytterligare strider uppstod med
    15	de f√∂rf√∂ljande svenskarna framf√∂rallt vid
    16	h√∂jderna sydv√§st om Bohus f√§stning.
DEVOPS24/lektion8
$ sed 's/^//'  +DEVOPS24/lektion8
$ sed 's/^ +//' 
     1	Slaget vid Ran√§ngen (eller Slaget
     2	vid Rand√§ngen) var ett f√§ltslag i
     3	n√§rheten av G√∂teborg mellan dansk-norska
     4	och svenska trupper under slutskedet av
     5	Hannibalsfejden i augusti 1645. F√∂r att
     6	kunna bel√§gra G√∂teborg hade en dansk-norsk
     7	arm√© under bef√§l av Hannibal Sehested g√•tt
     8	√∂ver G√∂ta √§lv och n√§rmade sig staden, d√•
     9	svenska trupper under bef√§l av Lars Kagg
    10	f√∂rst sp√§rrade v√§gen vid Ran√§ngen s√∂der
    11	om S√§ve√•n, och d√§refter gick till motanfall.
    12	De h√•rt tr√§ngda dansk-norska trupperna tog
    13	sig tillbaka √∂ver √§lven till Hisingen vid
    14	L√§rje, och ytterligare strider uppstod med
    15	de f√∂rf√∂ljande svenskarna framf√∂rallt vid
    16	h√∂jderna sydv√§st om Bohus f√§stning.
DEVOPS24/lektion8
$ sed 's/^ +//' -EDEVOPS24/lektion8
$ sed -E 's/^ +//' 
1	Slaget vid Ran√§ngen (eller Slaget
2	vid Rand√§ngen) var ett
