Script started on 2025-09-24 09:07:01+02:00 [TERM="xterm-256color" TTY="/dev/pts/0" COLUMNS="65" LINES="10"]
ITINF25/lektion5
$ git stash
No local changes to save
ITINF25/lektion5
$ ITINF25/lektion5
$ huhdudhudhdudhu




pwsh
=PowerShell 7.4.5

   A new PowerShell stable release is available: v7.5.1 
   Upgrade now, or check out the release page at:       
     https://aka.ms/PowerShell-Release?tag=v7.5.1       

PS /shared/kent/Documents/nackademin/linux1/l1-live/ITINF25/lektion5> echo $PROFILEex           exiexit
ITINF25/lektion5
$ ITINF25/lektion5
$ lman ls
LS(1)                    User Commands                    LS(1)

NAME
       ls - list directory contents

SYNOPSIS
       ls [OPTION]... [FILE]...

DESCRIPTION
 Manual page ls(1) line 1 (press h for help or q to quit)...skipping...
LS(1)                    User Commands                    LS(1)

NAME
       ls - list directory contents

SYNOPSIS
       ls [OPTION]... [FILE]...

DESCRIPTION
       List  information about the FILEs (the current directory
 Manual page ls(1) line 1 (press h for help or q to quit)...skipping...
LS(1)                    User Commands                    LS(1)

NAME
       ls - list directory contents

SYNOPSIS
       ls [OPTION]... [FILE]...

DESCRIPTION
       List  information about the FILEs (the current directory
       by default).  Sort entries  alphabetically  if  none  of
 Manual page ls(1) line 1 (press h for help or q to quit)...skipping...
LS(1)                    User Commands                    LS(1)

NAME
       ls - list directory contents

SYNOPSIS
       ls [OPTION]... [FILE]...

DESCRIPTION
       List  information about the FILEs (the current directory
       by default).  Sort entries  alphabetically  if  none  of
       -cftuvSUX nor --sort is specified.
 Manual page ls(1) line 1 (press h for help or q to quit)...skipping...
LS(1)                    User Commands                    LS(1)

NAME
       ls - list directory contents

SYNOPSIS
       ls [OPTION]... [FILE]...

DESCRIPTION
       List  information about the FILEs (the current directory
       by default).  Sort entries  alphabetically  if  none  of
       -cftuvSUX nor --sort is specified.

 Manual page ls(1) line 1 (press h for help or q to quit)...skipping...
LS(1)                    User Commands                    LS(1)

NAME
       ls - list directory contents

SYNOPSIS
       ls [OPTION]... [FILE]...

DESCRIPTION
       List  information about the FILEs (the current directory
       by default).  Sort entries  alphabetically  if  none  of
       -cftuvSUX nor --sort is specified.

       Mandatory  arguments  to  long options are mandatory for
 Manual page ls(1) line 1 (press h for help or q to quit)...skipping...
LS(1)                    User Commands                    LS(1)

NAME
       ls - list directory contents

SYNOPSIS
       ls [OPTION]... [FILE]...

DESCRIPTION
       List  information about the FILEs (the current directory
       by default).  Sort entries  alphabetically  if  none  of
       -cftuvSUX nor --sort is specified.

       Mandatory  arguments  to  long options are mandatory for
       short options too.
 Manual page ls(1) line 1 (press h for help or q to quit)...skipping...
LS(1)                    User Commands                    LS(1)

NAME
       ls - list directory contents

SYNOPSIS
       ls [OPTION]... [FILE]...

DESCRIPTION
       List  information about the FILEs (the current directory
       by default).  Sort entries  alphabetically  if  none  of
       -cftuvSUX nor --sort is specified.

       Mandatory  arguments  to  long options are mandatory for
       short options too.

 Manual page ls(1) line 1 (press h for help or q to quit)...skipping...
LS(1)                    User Commands                    LS(1)

NAME
       ls - list directory contents

SYNOPSIS
       ls [OPTION]... [FILE]...

DESCRIPTION
       List  information about the FILEs (the current directory
       by default).  Sort entries  alphabetically  if  none  of
       -cftuvSUX nor --sort is specified.

       Mandatory  arguments  to  long options are mandatory for
       short options too.

       -a, --all
              do not ignore entries starting with .

       -A, --almost-all 1 (press h for help or q to quit)
              do not list implied . and ..p or q to quit)
 ESESCOBpage ls(1) line 3 (press h for help or q to quit)
       --author(1) line 4 (press h for help or q to quit)
              with -l, print the author of each filequit)
 ESESCOBpage ls(1) line 6 (press h for help or q to quit)
       -b, --escapeline 7 (press h for help or q to quit)
              print C-style escapes for nongraphic characters
>ITINF25/lektion5) line 9 (press h for help or q to quit)
$ ls
recordings
ITINF25/lektion5
$ touch -hITINF25/lektion5
$ touch -h
touch: missing file operand
Try 'touch --help' for more information.
ITINF25/lektion5
$ ls
recordings
ITINF25/lektion5
$ touch -- -h
ITINF25/lektion5
$ ls
-h  recordings
ITINF25/lektion5
$ ls -l -hITINF25/lektion5
$ ls -l -h
total 4.0K
-rw-r--r-- 1 kent kent    0 Sep 24 10:23 -h
drwxr-xr-x 2 kent kent 4.0K Sep 24 09:07 recordings
ITINF25/lektion5
$ man ls
LS(1)                    User Commands                    LS(1)

NAME
       ls - list directory contents

SYNOPSIS
       ls [OPTION]... [FILE]...

DESCRIPTION
       List  information about the FILEs (the current directory
       by default).  Sort entries  alphabetically  if  none  of
       -cftuvSUX nor --sort is specified.

       Mandatory  arguments  to  long options are mandatory for
       short options too.

       -a, --all
              do not ignore entries starting with .

LS(1)                    User Commands                    LS(1)

NAME
       ls - list directory contents

SYNOPSIS
       ls [OPTION]... [FILE]...

DESCRIPTION
       List  information about the FILEs (the current directory
       by default).  Sort entries  alphabetically  if  none  of
       -cftuvSUX nor --sort is specified.

       Mandatory  arguments  to  long options are mandatory for
       short options too.

       -a, --all
              do not ignore entries starting with .

LS(1)                    User Commands                    LS(1)

NAME
       ls - list directory contents

SYNOPSIS
       ls [OPTION]... [FILE]...

DESCRIPTION
       List  information about the FILEs (the current directory
       by default).  Sort entries  alphabetically  if  none  of
       -cftuvSUX nor --sort is specified.

       Mandatory  arguments  to  long options are mandatory for
       short options too.

       -a, --all
              do not ignore entries starting with .

...skipping...
       -h, --human-readable
              with -l and -s, print sizes like 1K 234M 2G etc.

       --si   likewise, but use powers of 1000 not 1024

       -H, --dereference-command-line
              follow symbolic links listed on the command line

       --dereference-command-line-symlink-to-dir
              follow  each  command  line  symbolic  link  that
              points to a directory

       --hide=PATTERN
              do not list implied entries matching  shell  PATâ€
              TERN (overridden by -a or -A)

       --hyperlink[=WHEN]
              hyperlink file names WHEN

>ITINF25/lektion5) line 77 (press h for help or q to quit)
ls -l -s
total 4
-rw-r--r-- 1 kent kent    0 Sep 24 10:23 -h
drwxr-xr-x 2 kent kent 4096 Sep 24 09:07 recordings
ITINF25/lektion5
ls -l -hITINF25/lektion5
$ ls -l -h
total 4.0K
-rw-r--r-- 1 kent kent    0 Sep 24 10:23 -h
drwxr-xr-x 2 kent kent 4.0K Sep 24 09:07 recordings
ITINF25/lektion5
$ ls -l - -- -- -





ITINF25/lektion5
$ ls -l -- -h
-rw-r--r-- 1 kent kent 0 Sep 24 10:23 -h
ITINF25/lektion5
$ ITINF25/lektion5
$ read




ls
ls
-h  recordings
ITINF25/lektion5
$ ls +-1ITINF25/lektion5
$ ls -1
-h
recordings
ITINF25/lektion5
$ ls -lITINF25/lektion5
$ ls -l
total 4
-rw-r--r-- 1 kent kent    0 Sep 24 10:23 -h
drwxr-xr-x 2 kent kent 4096 Sep 24 09:07 recordings
ITINF25/lektion5
$ ls -t -r
recordings  -h
ITINF25/lektion5
$ ls -t -l 
total 4
drwxr-xr-x 2 kent kent 4096 Sep 24 09:07 recordings
-rw-r--r-- 1 kent kent    0 Sep 24 10:23 -h
ITINF25/lektion5
$ touch nyfil
ITINF25/lektion5
$ ITINF25/lektion5
ls -l -t -ril
total 4
drwxr-xr-x 2 kent kent 4096 Sep 24 09:07 recordings
-rw-r--r-- 1 kent kent    0 Sep 24 10:23 -h
-rw-r--r-- 1 kent kent    0 Sep 24 10:29 nyfil
ITINF25/lektion5
$ ls -l -t -






t


total 4
drwxr-xr-x 2 kent kent 4096 Sep 24 09:07 recordings
-rw-r--r-- 1 kent kent    0 Sep 24 10:23 -h
-rw-r--r-- 1 kent kent    0 Sep 24 10:29 nyfil
ITINF25/lektion5
$ ls -lt -t -r recordings/ITINF25/lektion5
$ ls -l -t -r recordings/
total 16
-rw-r--r-- 1 kent kent 12288 Sep 24 10:28 090655.txt
-rw-r--r-- 1 kent kent  4096 Sep 24 10:29 090655_timing.txt
ITINF25/lektion5
$ ls -l -t -r recordingstl







total 16
-rw-r--r-- 1 kent kent 12288 Sep 24 10:28 090655.txt
-rw-r--r-- 1 kent kent  4096 Sep 24 10:29 090655_timing.txt
ITINF25/lektion5
$ ls -t -l -r recordings/ -ITINF25/lektion5
$ ls -t -r recordings/ -
total 16
-rw-r--r-- 1 kent kent 12288 Sep 24 10:28 090655.txt
-rw-r--r-- 1 kent kent  4096 Sep 24 10:29 090655_timing.txt
ITINF25/lektion5
$ ls -t -r recordings/ -l
















total 16
-rw-r--r-- 1 kent kent 12288 Sep 24 10:28 090655.txt
-rw-r--r-- 1 kent kent  4096 Sep 24 10:29 090655_timing.txt
ITINF25/lektion5
$ ITINF25/lektion5
$ ls -/home/kent/
 bin	     Downloads	 Public       'VirtualBox VMs'
 bokforing   Dropbox	 Screenshots
 Desktop     Music	 Templates
 Documents   Pictures	 Videos
ITINF25/lektion5
$ ls ~
 bin	     Downloads	 Public       'VirtualBox VMs'
 bokforing   Dropbox	 Screenshots
 Desktop     Music	 Templates
 Documents   Pictures	 Videos
ITINF25/lektion5
$ ITINF25/lektion5
$ SAL=B408
ITINF25/lektion5
$ NUMMER=123
ITINF25/lektion5
$ echo Hej hopp
Hej hopp
ITINF25/lektion5
$ echo Hej hop

ITINF25/lektion5
$ echo Hej hopp jie jie jei jie eij ejie jie ei ejie iej
Hej hopp jie jie jei jie eij ejie jie ei ejie iej
ITINF25/lektion5
$ echo Vi sitter i sal $SA






B4098
Vi sitter i sal B408
ITINF25/lektion5
$ echo Vi sitter i sal B40$SALITINF25/lektion5
$ echo Vi sitter i sal $SAL
Vi sitter i sal B408
ITINF25/lektion5
$ echo Vi sitter i sal $SA













B408
Vi sitter i sal B408
ITINF25/lektion5
$ echo Vi sitter i sal B40$SAL
Vi sitter i sal B408
ITINF25/lektion5
$ SAL=B200
ITINF25/lektion5
echo Vi sitter i sal $SAL
Vi sitter i sal B200
ITINF25/lektion5
$ ITINF25/lektion5
$ touch banan_l.jphg nanbanan_s.jpg
ITINF25/lektion5
$ lsITINF25/lektion5
$ ls
banan_l.jpg  banan_s.jpg  -h  nyfil  recordings
ITINF25/lektion5
$ ftuk
frukt=banan
ITINF25/lektion5
$ rm $frulkkt
rm: cannot remove 'banan': No such file or directory
ITINF25/lektion5
$ rm $frukt_l.kjp[jpg
rm: cannot remove '.jpg': No such file or directory
ITINF25/lektion5
$ echo BILITINF25/lektion5
$ echo BI$BI
D$BIu$BI $BIh$BIa$BIr$BI $BIe$BIn$BI $BIs$BIn$BIa$BIb$BIb$BI $BI -n.... 
Du har en snabb ....
ITINF25/lektion5
$ echo Du har en snabb $BIL .... 
Du har en snabb ....
ITINF25/lektion5
$ 
ITINF25/lektion5
$ BIL=Toyota
ITINF25/lektion5
echo Du har en snabb $BIL .... 
Du har en snabb Toyota ....
ITINF25/lektion5
$ BIL=
ITINF25/lektion5
echo Du har en snabb $BIL .... 
Du har en snabb ....
ITINF25/lektion5
$ ITINF25/lektion5
$ ls
banan_l.jpg  banan_s.jpg  -h  nyfil  recordings
ITINF25/lektion5
$ echo $FRUKT

ITINF25/lektion5
$ echo $FRUKfrukt
banan
ITINF25/lektion5
$ rm ${fukrrukt

rm: cannot remove 'banan': No such file or directory
ITINF25/lektion5
$ rm ${frukt}_l.jpg ${frukt}_ s.jp







-












removed 'banan_l.jpg'
removed 'banan_s.jpg'
ITINF25/lektion5
$ touch apelsin_l.jpg
ITINF25/lektion5
$ touch apelsin_l.jp.jps.jp
ITINF25/lektion5
$ ITINF25/lektion5
$ frukt=apelsin"apelsinapelsin








ITINF25/lektion5
rm -v ${frukt}_l.jpg ${frukt}_s.jpg
removed 'apelsin_l.jpg'
removed 'apelsin_s.jpg'
ITINF25/lektion5
$ ITINF25/lektion5
$ ps -e
    PID TTY          TIME CMD
      1 ?        00:00:01 systemd
      2 ?        00:00:00 kthreadd
      3 ?        00:00:00 rcu_gp
      4 ?        00:00:00 rcu_par_gp
      5 ?        00:00:00 slub_flushwq
      6 ?        00:00:00 netns
      8 ?        00:00:00 kworker/0:0H-events_highpri
     10 ?        00:00:00 mm_percpu_wq
     11 ?        00:00:00 rcu_tasks_kthread
     12 ?        00:00:00 rcu_tasks_rude_kthread
     13 ?        00:00:00 rcu_tasks_trace_kthread
     14 ?        00:00:01 ksoftirqd/0
     15 ?        00:00:14 rcu_preempt
     16 ?        00:00:00 migration/0
     18 ?        00:00:00 cpuhp/0
     19 ?        00:00:00 cpuhp/1
     20 ?        00:00:00 migration/1
     21 ?        00:00:00 ksoftirqd/1
     23 ?        00:00:00 kworker/1:0H-events_highpri
     24 ?        00:00:00 cpuhp/2
     25 ?        00:00:00 migration/2
     26 ?        00:00:01 ksoftirqd/2
     28 ?        00:00:00 kworker/2:0H-events_highpri
     29 ?        00:00:00 cpuhp/3
     30 ?        00:00:00 migration/3
     31 ?        00:00:00 ksoftirqd/3
     32 ?        00:00:00 kworker/3:0-mm_percpu_wq
     33 ?        00:00:00 kworker/3:0H-events_highpri
     34 ?        00:00:00 cpuhp/4
     35 ?        00:00:00 migration/4
     36 ?        00:00:02 ksoftirqd/4
     38 ?        00:00:00 kworker/4:0H-events_highpri
     39 ?        00:00:00 cpuhp/5
     40 ?        00:00:00 migration/5
     41 ?        00:00:00 ksoftirqd/5
     43 ?        00:00:00 kworker/5:0H-events_highpri
     44 ?        00:00:00 cpuhp/6
     45 ?        00:00:00 migration/6
     46 ?        00:00:01 ksoftirqd/6
     48 ?        00:00:00 kworker/6:0H-events_highpri
     49 ?        00:00:00 cpuhp/7
     50 ?        00:00:01 migration/7
     51 ?        00:00:00 ksoftirqd/7
     53 ?        00:00:00 kworker/7:0H-events_highpri
     54 ?        00:00:00 cpuhp/8
     55 ?        00:00:01 migration/8
     56 ?        00:00:00 ksoftirqd/8
     58 ?        00:00:00 kworker/8:0H-events_highpri
     59 ?        00:00:00 cpuhp/9
     60 ?        00:00:01 migration/9
     61 ?        00:00:00 ksoftirqd/9
     63 ?        00:00:00 kworker/9:0H-events_highpri
     64 ?        00:00:00 cpuhp/10
     65 ?        00:00:01 migration/10
     66 ?        00:00:00 ksoftirqd/10
     68 ?        00:00:00 kworker/10:0H-events_highpri
     69 ?        00:00:00 cpuhp/11
     70 ?        00:00:01 migration/11
     71 ?        00:00:00 ksoftirqd/11
     73 ?        00:00:00 kworker/11:0H-events_highpri
     81 ?        00:00:39 kworker/u24:7-kcryptd/253:0
     84 ?        00:00:00 kdevtmpfs
     85 ?        00:00:00 inet_frag_wq
     86 ?        00:00:00 kauditd
     87 ?        00:00:00 khungtaskd
     88 ?        00:00:00 oom_reaper
     89 ?        00:00:00 writeback
     90 ?        00:00:06 kcompactd0
     91 ?        00:00:00 ksmd
     92 ?        00:00:00 khugepaged
     93 ?        00:00:00 kintegrityd
     94 ?        00:00:00 kblockd
     95 ?        00:00:00 blkcg_punt_bio
     96 ?        00:00:00 tpm_dev_wq
     97 ?        00:00:00 edac-poller
     98 ?        00:00:00 devfreq_wq
    102 ?        00:00:09 kworker/7:1-events
    107 ?        00:00:00 kworker/5:1-events
    110 ?        00:00:00 kworker/0:1H-events_highpri
    111 ?        00:01:03 kswapd0
    117 ?        00:00:00 kthrotld
    119 ?        00:00:00 irq/124-pciehp
    120 ?        00:00:00 irq/125-pciehp
    121 ?        00:00:00 acpi_thermal_pm
    122 ?        00:00:00 hwrng
    123 ?        00:00:00 hfi-updates
    125 ?        00:00:00 mld
    126 ?        00:00:00 ipv6_addrconf
    131 ?        00:00:00 kstrp
    136 ?        00:00:00 zswap-shrink
    186 ?        00:00:00 kworker/6:1H-events_highpri
    199 ?        00:00:00 kworker/1:1H-kblockd
    200 ?        00:00:00 kworker/2:1H-events_highpri
    201 ?        00:00:00 kworker/9:1H-events_highpri
    202 ?        00:00:00 kworker/5:1H-kblockd
    203 ?        00:00:01 kworker/7:1H-events_highpri
    205 ?        00:00:00 kworker/10:1H-kblockd
    206 ?        00:00:01 kworker/8:1H-events_highpri
    228 ?        00:00:00 kworker/11:1H-kblockd
    236 ?        00:00:00 kworker/3:1H-kblockd
    237 ?        00:00:01 kworker/4:1H-events_highpri
    240 ?        00:00:00 cryptd
    295 ?        00:00:00 kworker/11:2-events
    326 ?        00:00:00 nvme-wq
    327 ?        00:00:00 nvme-reset-wq
    328 ?        00:00:00 nvme-delete-wq
    334 ?        00:00:00 irq/161-ELAN050B:00
    338 ?        00:00:00 card0-crtc0
    339 ?        00:00:00 card0-crtc1
    340 ?        00:00:00 card0-crtc2
    341 ?        00:00:00 card0-crtc3
    353 ?        00:00:00 md
    363 ?        00:00:00 raid5wq
    620 ?        00:00:00 kdmflush/253:0
    621 ?        00:00:00 kcryptd_io/253:
    622 ?        00:00:00 kcryptd/253:0
    624 ?        00:00:04 dmcrypt_write/253:0
   1170 ?        00:00:00 jbd2/dm-0-8
   1171 ?        00:00:00 ext4-rsv-conver
   1231 ?        00:00:00 systemd-journal
   1246 ?        00:00:00 systemd-udevd
   1250 ?        00:00:00 rpciod
   1251 ?        00:00:00 xprtiod
   1336 ?        00:00:00 kworker/9:2-events
   1436 ?        00:00:00 watchdogd
   1440 ?        00:00:00 irq/175-mei_me
   1444 ?        00:00:00 cfg80211
   1465 ?        00:00:06 irq/177-iwlwifi:default_queue
   1466 ?        00:00:01 irq/178-iwlwifi:queue_1
   1469 ?        00:00:02 irq/179-iwlwifi:queue_2
   1473 ?        00:00:04 irq/180-iwlwifi:queue_3
   1477 ?        00:00:03 irq/181-iwlwifi:queue_4
   1482 ?        00:00:01 irq/182-iwlwifi:queue_5
   1483 ?        00:00:03 irq/183-iwlwifi:queue_6
   1486 ?        00:00:01 irq/184-iwlwifi:queue_7
   1487 ?        00:00:02 irq/185-iwlwifi:queue_8
   1488 ?        00:00:01 irq/186-iwlwifi:queue_9
   1489 ?        00:00:01 irq/187-iwlwifi:queue_10
   1491 ?        00:00:01 irq/188-iwlwifi:queue_11
   1492 ?        00:00:01 irq/189-iwlwifi:queue_12
   1495 ?        00:00:00 irq/190-iwlwifi:exception
   1524 ?        00:00:00 irq/191-AudioDSP
   1617 ?        00:00:00 jbd2/nvme0n1p5-8
   1618 ?        00:00:00 ext4-rsv-conver
   1743 ?        00:00:00 kdmflush/253:1
   1744 ?        00:00:00 kcryptd_io/253:
   1745 ?        00:00:00 kcryptd/253:1
   1746 ?        00:00:02 dmcrypt_write/253:1
   1754 ?        00:00:02 jbd2/dm-1-8
   1755 ?        00:00:00 ext4-rsv-conver
   1791 ?        00:00:00 rpcbind
   1792 ?        00:00:00 systemd-timesyn
   1797 ?        00:00:00 blkmapd
   1798 ?        00:00:00 rpc.idmapd
   1799 ?        00:00:00 nfsdcld
   1805 ?        00:00:00 accounts-daemon
   1810 ?        00:01:57 avahi-daemon
   1813 ?        00:00:00 bluetoothd
   1815 ?        00:00:00 cron
   1817 ?        00:00:02 dbus-daemon
   1821 ?        00:00:00 low-memory-moni
   1825 ?        00:00:00 polkitd
   1828 ?        00:00:00 power-profiles-
   1832 ?        00:00:00 smartd
   1835 ?        00:00:00 switcheroo-cont
   1838 ?        00:00:00 systemd-logind
   1839 ?        00:00:00 systemd-machine
   1840 ?        00:00:00 udisksd
   1842 ?        00:00:00 avahi-daemon
   1911 ?        00:00:00 psimon
   1916 ?        00:00:02 NetworkManager
   1925 ?        00:00:00 wpa_supplicant
   1941 ?        00:00:00 ModemManager
   1944 ?        00:00:00 boltd
   1969 ?        00:00:00 cupsd
   1981 ?        00:00:08 tailscaled
   1987 ?        00:00:07 containerd
   2001 ?        00:00:00 sshd
   2032 ?        00:00:00 gdm3
   2336 ?        00:00:00 iprt-VBoxWQueue
   2342 ?        00:00:00 rtkit-daemon
   2345 ?        00:00:00 iprt-VBoxTscThread
   2612 ?        00:00:00 krfcommd
   2639 ?        00:00:00 dnsmasq
   2640 ?        00:00:00 dnsmasq
   2652 ?        00:00:00 upowerd
   2752 ?        00:00:00 colord
   2993 ?        00:00:34 kworker/u24:14-kcryptd/253:0
   3160 ?        00:00:00 cups-browsed
   3162 ?        00:00:00 dockerd
   3183 ?        00:00:00 rpc.statd
   3185 ?        00:00:00 rpc.mountd
   3214 ?        00:00:00 lockd
   3475 ?        00:00:00 nfsd
   3476 ?        00:00:00 nfsd
   3477 ?        00:00:00 nfsd
   3478 ?        00:00:00 nfsd
   3479 ?        00:00:00 nfsd
   3481 ?        00:00:00 nfsd
   3482 ?        00:00:00 nfsd
   3483 ?        00:00:00 nfsd
   3764 ?        00:00:00 exim4
   3860 ?        00:00:00 gdm-session-wor
   3873 ?        00:00:00 systemd
   3874 ?        00:00:00 (sd-pam)
   3906 ?        00:00:07 pipewire
   3908 ?        00:00:00 wireplumber
   3910 ?        00:00:07 pipewire-pulse
   3916 ?        00:00:00 gnome-keyring-d
   3917 ?        00:43:36 dropbox
   3918 ?        00:00:00 dbus-daemon
   3927 ?        00:00:00 gvfsd
   3933 ?        00:00:00 gvfsd-fuse
   3985 ?        00:00:02 tracker-miner-f
   3997 tty2     00:00:00 gdm-wayland-ses
   4003 tty2     00:00:00 gnome-session-b
   4036 ?        00:00:00 gvfs-udisks2-vo
   4054 ?        00:00:00 gcr-ssh-agent
   4056 ?        00:00:00 gnome-session-c
   4059 ?        00:00:00 ssh-agent
   4067 ?        00:00:00 gnome-session-b
   4072 ?        00:00:00 gvfs-gphoto2-vo
   4080 ?        00:00:00 gvfs-mtp-volume
   4086 ?        00:00:00 gvfs-goa-volume
   4090 ?        00:00:00 goa-daemon
   4107 ?        00:07:13 gnome-shell
   4108 ?        00:00:00 at-spi-bus-laun
   4114 ?        00:00:03 dbus-daemon
   4129 ?        00:00:00 goa-identity-se
   4135 ?        00:00:00 gvfs-afc-volume
   4166 ?        00:00:00 xdg-permission-
   4295 ?        00:00:00 gnome-shell-cal
   4302 ?        00:00:00 evolution-sourc
   4307 ?        00:00:02 geoclue
   4331 ?        00:00:00 gvfsd-metadata
   4336 ?        00:00:00 evolution-calen
   4350 ?        00:00:00 evolution-addre
   4358 ?        00:00:00 gjs
   4360 ?        00:00:00 at-spi2-registr
   4382 ?        00:00:00 sh
   4383 ?        00:00:00 gsd-a11y-settin
   4386 ?        00:00:00 ibus-daemon
   4387 ?        00:00:00 gsd-color
   4388 ?        00:00:00 gsd-datetime
   4390 ?        00:00:00 gsd-housekeepin
   4393 ?        00:00:00 gsd-keyboard
   4399 ?        00:00:00 gsd-media-keys
   4401 ?        00:00:00 gsd-power
   4406 ?        00:00:00 gsd-print-notif
   4408 ?        00:00:00 gsd-rfkill
   4409 ?        00:00:00 gsd-screensaver
   4413 ?        00:00:00 gsd-sharing
   4414 ?        00:00:00 evolution-alarm
   4417 ?        00:00:00 gsd-smartcard
   4418 ?        00:00:00 gsd-sound
   4419 ?        00:00:00 gsd-usb-protect
   4423 ?        00:00:00 gsd-wacom
   4425 ?        00:00:00 blueman-applet
   4460 ?        00:00:24 gnome-software
   4462 ?        00:00:00 gsd-disk-utilit
   4500 ?        00:00:00 ibus-dconf
   4501 ?        00:00:00 ibus-extension-
   4507 ?        00:00:00 ibus-portal
   4509 ?        00:00:00 dconf-service
   4511 ?        00:00:00 gjs
   4544 ?        00:00:00 gsd-printer
   4607 ?        00:00:00 ibus-engine-sim
   4637 ?        00:00:00 xdg-desktop-por
   4654 ?        00:00:00 xdg-document-po
   4659 ?        00:00:00 fusermount3
   4668 ?        00:00:00 xdg-desktop-por
   4789 ?        00:00:00 uuidd
   4833 ?        00:00:00 obexd
   4835 ?        00:00:06 blueman-tray
   4852 ?        00:00:00 xdg-desktop-por
   4858 ?        00:00:00 xdg-desktop-por
   5012 ?        00:01:35 chrome
   5017 ?        00:00:00 cat
   5018 ?        00:00:00 cat
   5020 ?        00:00:00 chrome_crashpad
   5022 ?        00:00:00 chrome_crashpad
   5028 ?        00:00:00 chrome
   5029 ?        00:00:00 chrome
   5031 ?        00:00:00 chrome
   5075 ?        00:02:12 chrome
   5080 ?        00:01:24 Xwayland
   5081 ?        00:00:13 chrome
   5113 ?        00:00:00 chrome
   5129 ?        00:00:00 gsd-xsettings
   5180 ?        00:00:00 ibus-x11
   5241 ?        00:00:05 chrome
   5248 ?        00:00:00 chrome
   5257 ?        00:00:14 chrome
   5304 ?        00:00:00 chrome
   5331 ?        00:00:00 gnome-browser-c
   5363 ?        00:00:00 chrome
   5390 ?        00:00:08 chrome
   5475 ?        00:00:04 chrome
   5616 ?        00:02:15 chrome
   5717 ?        00:00:00 gnome-calendar
   5768 ?        00:00:00 gvfsd-trash
   5853 ?        00:00:26 code
   5863 ?        00:00:00 code
   5864 ?        00:00:00 code
   5866 ?        00:00:00 code
   5881 ?        00:00:00 chrome_crashpad
   5899 ?        00:04:27 code
   5908 ?        00:00:00 code
   5953 ?        00:03:22 code
   6204 ?        00:00:03 code
   6205 ?        00:00:05 code
   6224 ?        00:00:24 code
   6236 ?        00:00:22 code
   6278 pts/0    00:00:00 bash
   6633 ?        00:00:00 ssh-agent
   6916 pts/1    00:00:00 autocommit
   7091 pts/0    00:00:00 script
   7092 pts/2    00:00:00 bash_noprofile_
   7093 pts/2    00:00:00 bash
   7416 ?        00:00:01 chrome
   9456 ?        00:00:01 fwupd
  28061 ?        00:00:00 kworker/1:0-mm_percpu_wq
  31483 ?        00:00:00 chrome
  40209 ?        00:00:00 kworker/2:2-events
  45842 ?        00:00:00 kworker/11:0
  46759 ?        00:00:00 kworker/6:1-events
  49116 ?        00:00:00 kworker/8:1-events
  55798 ?        00:00:08 kworker/u25:2-rb_allocator
  60697 ?        00:00:00 kworker/5:0
  62100 ?        00:00:00 kworker/4:1-events
  63563 ?        00:00:00 kworker/1:2
  66738 ?        00:00:02 kworker/u24:9-kcryptd/253:0
  66739 ?        00:00:00 kworker/u24:10-i915
  66825 ?        00:00:07 kworker/u25:4-i915_flip
  67725 ?        00:00:00 kworker/4:0-events
  70682 ?        00:00:06 kworker/u25:3-hci0
  74080 ?        00:00:00 kworker/10:0-events
  76549 ?        00:00:01 kworker/u24:4-kcryptd/253:0
  76905 ?        00:00:00 kworker/2:0-events
  77560 ?        00:00:00 kworker/0:0-events
  79554 ?        00:00:00 kworker/9:1-events
  79917 ?        00:00:00 kworker/7:2-mm_percpu_wq
  80510 ?        00:00:00 kworker/8:0
  81047 ?        00:00:00 kworker/0:2-events
  82922 ?        00:00:00 kworker/u25:0-rb_allocator
  83043 ?        00:00:00 kworker/u24:0-kcryptd/253:0
  84174 ?        00:00:00 kworker/10:2-events
  84451 ?        00:00:00 kworker/3:2
  84640 ?        00:00:00 kworker/u24:1-kcryptd/253:1
  84766 ?        00:00:00 kworker/6:2-events
  85229 ?        00:00:00 kworker/u24:2-kcryptd/253:0
  85790 ?        00:00:00 kworker/2:1
  85951 ?        00:00:00 kworker/u24:3-i915
  86403 ?        00:00:00 kworker/u25:1-hci0
  86456 ?        00:00:00 kworker/0:1-events
  86834 ?        00:00:00 kworker/4:2-mm_percpu_wq
  87067 ?        00:00:00 kworker/10:1-events
  87637 ?        00:00:00 kworker/7:0-events
  87649 pts/1    00:00:00 sleep
  87679 ?        00:00:00 sh
  87680 ?        00:00:00 cpuUsage.sh
  87686 ?        00:00:00 sleep
  87687 pts/2    00:00:00 ps
ITINF25/lektion5
ITINF25/lektion5
$ echo $ $P $I $D $
PID 7093
ITINF25/lektion5
$ ps -e | less
    PID TTY          TIME CMD
      1 ?        00:00:01 systemd
      2 ?        00:00:00 kthreadd
      3 ?        00:00:00 rcu_gp
      4 ?        00:00:00 rcu_par_gp
      5 ?        00:00:00 slub_flushwq
      6 ?        00:00:00 netns
      8 ?        00:00:00 kworker/0:0H-events_highpri
     10 ?        00:00:00 mm_percpu_wq
     11 ?        00:00:00 rcu_tasks_kthread
     12 ?        00:00:00 rcu_tasks_rude_kthread
     13 ?        00:00:00 rcu_tasks_trace_kthread
     14 ?        00:00:01 ksoftirqd/0
     15 ?        00:00:14 rcu_preempt
     16 ?        00:00:00 migration/0
     18 ?        00:00:00 cpuhp/0
     19 ?        00:00:00 cpuhp/1
     20 ?        00:00:00 migration/1
     21 ?        00:00:00 ksoftirqd/1
    PID TTY          TIME CMD
      1 ?        00:00:01 systemd
      2 ?        00:00:00 kthreadd
      3 ?        00:00:00 rcu_gp
      4 ?        00:00:00 rcu_par_gp
      5 ?        00:00:00 slub_flushwq
      6 ?        00:00:00 netns
      8 ?        00:00:00 kworker/0:0H-events_highpri
     10 ?        00:00:00 mm_percpu_wq
     11 ?        00:00:00 rcu_tasks_kthread
     12 ?        00:00:00 rcu_tasks_rude_kthread
     13 ?        00:00:00 rcu_tasks_trace_kthread
     14 ?        00:00:01 ksoftirqd/0
     15 ?        00:00:14 rcu_preempt
     16 ?        00:00:00 migration/0
     18 ?        00:00:00 cpuhp/0
     19 ?        00:00:00 cpuhp/1
     20 ?        00:00:00 migration/1
     21 ?        00:00:00 ksoftirqd/1
    PID TTY          TIME CMD
      1 ?        00:00:01 systemd
      2 ?        00:00:00 kthreadd
      3 ?        00:00:00 rcu_gp
      4 ?        00:00:00 rcu_par_gp
      5 ?        00:00:00 slub_flushwq
      6 ?        00:00:00 netns
      8 ?        00:00:00 kworker/0:0H-events_highpri
     10 ?        00:00:00 mm_percpu_wq
     11 ?        00:00:00 rcu_tasks_kthread
     12 ?        00:00:00 rcu_tasks_rude_kthread
     13 ?        00:00:00 rcu_tasks_trace_kthread
     14 ?        00:00:01 ksoftirqd/0
     15 ?        00:00:14 rcu_preempt
     16 ?        00:00:00 migration/0
     18 ?        00:00:00 cpuhp/0
     19 ?        00:00:00 cpuhp/1
     20 ?        00:00:00 migration/1
     21 ?        00:00:00 ksoftirqd/1
...skipping...
   7093 pts/2    00:00:00 bash
   7416 ?        00:00:01 chrome
   9456 ?        00:00:01 fwupd
  28061 ?        00:00:00 kworker/1:0-events
  31483 ?        00:00:00 chrome
  45842 ?        00:00:00 kworker/11:0
  46759 ?        00:00:00 kworker/6:1-events
  49116 ?        00:00:00 kworker/8:1-events
  55798 ?        00:00:08 kworker/u25:2-i915_flip
  60697 ?        00:00:00 kworker/5:0
  62100 ?        00:00:00 kworker/4:1-events
  63563 ?        00:00:00 kworker/1:2
  66738 ?        00:00:02 kworker/u24:9-kcryptd/253:0
  66739 ?        00:00:01 kworker/u24:10-kcryptd/253:1
  66825 ?        00:00:08 kworker/u25:4-hci0
  67725 ?        00:00:00 kworker/4:0-events
  70682 ?        00:00:06 kworker/u25:3+i915_flip
  74080 ?        00:00:00 kworker/10:0-events
  76549 ?        00:00:01 kworker/u24:4-kcryptd/253:0
>ITINF25/lektion5
$ ls
-h  nyfil  recordings
ITINF25/lektion5
$ ITINF25/lektion5
$ env
SHELL=/shared/kent/Documents/nackademin/linux1/l1-live/.profiles/educator/bash_noprofile_norc
SESSION_MANAGER=local/klad:@/tmp/.ICE-unix/4067,unix/klad:/tmp/.ICE-unix/4067
QT_ACCESSIBILITY=1
COLORTERM=truecolor
VSCODE_DEBUGPY_ADAPTER_ENDPOINTS=/home/kent/.vscode/extensions/ms-python.debugpy-2025.6.0-linux-x64/.noConfigDebugAdapterEndpoints/endpoint-11a5171076b8c09c.txt
SSH_AGENT_LAUNCHER=openssh
XDG_MENU_PREFIX=gnome-
TERM_PROGRAM_VERSION=1.104.1
GNOME_DESKTOP_SESSION_ID=this-is-deprecated
NODE_OPTIONS= --disable-warning=ExperimentalWarning --disable-warning=ExperimentalWarning
SSH_AUTH_SOCK=/run/user/1000/keyring/ssh
PYDEVD_DISABLE_FILE_VALIDATION=1
XMODIFIERS=@im=ibus
DESKTOP_SESSION=gnome
EDITOR=nano
GTK_MODULES=gail:atk-bridge
PWD=/shared/kent/Documents/nackademin/linux1/l1-live/ITINF25/lektion5
XDG_SESSION_DESKTOP=gnome
LOGNAME=kent
XDG_SESSION_TYPE=wayland
SYSTEMD_EXEC_PID=4107
BUNDLED_DEBUGPY_PATH=/home/kent/.vscode/extensions/ms-python.debugpy-2025.6.0-linux-x64/bundled/libs/debugpy
XAUTHORITY=/run/user/1000/.mutter-Xwaylandauth.0S5MD3
VSCODE_GIT_ASKPASS_NODE=/usr/share/code/code
IM_CONFIG_CHECK_ENV=1
UNISONBACKUPDIR=/shared/kent/Dropbox/.backups/Unison
GJS_DEBUG_TOPICS=JS ERROR;JS LOG
GDM_LANG=en_US.UTF-8
HOME=/home/kent
USERNAME=kent
IM_CONFIG_PHASE=1
LANG=en_US.UTF-8
XDG_CURRENT_DESKTOP=GNOME
STARSHIP_SHELL=bash
WAYLAND_DISPLAY=wayland-0
GIT_ASKPASS=/usr/share/code/resources/app/extensions/git/dist/askpass.sh
PROMPT_COMMAND=___set_bash_prompt
INVOCATION_ID=180d8fb8d59542f9a8738b1cf29eddbd
QTWEBENGINE_DICTIONARIES_PATH=/usr/share/hunspell-bdic/
MANAGERPID=3873
CHROME_DESKTOP=code.desktop
STARSHIP_SESSION_KEY=2963021836173951
GJS_DEBUG_OUTPUT=stderr
NVM_DIR=/home/kent/.nvm
VSCODE_GIT_ASKPASS_EXTRA_ARGS=
GNOME_SETUP_DISPLAY=:1
CHEZMOI_DIFF_COMMAND=code --diff
XDG_SESSION_CLASS=user
TERM=xterm-256color
VSCODE_NONCE=9b654ffe-1648-4774-8788-e91107887c24
LIBVIRT_DEFAULT_URI=qemu:///system
USER=kent
VSCODE_GIT_IPC_HANDLE=/run/user/1000/vscode-git-7bb8d30c57.sock
DISPLAY=:0
SHLVL=3
QT_IM_MODULE=ibus
XDG_RUNTIME_DIR=/run/user/1000
BASETESTS_DEBUG=true
VSCODE_GIT_ASKPASS_MAIN=/usr/share/code/resources/app/extensions/git/dist/askpass-main.js
JOURNAL_STREAM=8:40169
XDG_DATA_DIRS=/usr/share/gnome:/home/kent/.local/share/flatpak/exports/share:/var/lib/flatpak/exports/share:/usr/local/share/:/usr/share/
GDK_BACKEND=x11
PATH=/home/kent/bin:/home/kent/bin:/usr/local/bin:/usr/bin:/bin:/usr/local/games:/usr/games:/home/kent/.local/share/JetBrains/Toolbox/scripts:/home/kent/.vscode/extensions/ms-python.debugpy-2025.6.0-linux-x64/bundled/scripts/noConfigScripts
GDMSESSION=gnome
ORIGINAL_XDG_CURRENT_DESKTOP=GNOME
DBUS_SESSION_BUS_ADDRESS=unix:path=/run/user/1000/bus
GIO_LAUNCHED_DESKTOP_FILE_PID=5853
GIO_LAUNCHED_DESKTOP_FILE=/usr/share/applications/code.desktop
OLDPWD=/shared/kent/Documents/nackademin/linux1/l1-live
TERM_PROGRAM=vscode
BASH_FUNC____set_bash_prompt%%=() {  local prompt=$(___rel_path);
 if ((${#prompt} > 13)); then
 prompt+="\n";
 else
 if ((${#prompt} > 0)); then
 prompt+=" ";
 fi;
 fi;
 local color_blue="$(tput setaf 12)";
 local color_reset="$(tput sgr0)";
 prompt="\[${color_blue}\]${prompt}\[${color_reset}\]\$ ";
 PS1=$prompt
}
BASH_FUNC____rel_path%%=() {  local prompt;
 local root;
 root="$(git rev-parse --show-toplevel 2> /dev/null)";
 if [[ $? == 0 ]]; then
 prompt="${PWD#"$root"}";
 prompt="${prompt#/}";
 else
 prompt="${PWD/"$HOME"/\~}";
 fi;
 echo -n "$prompt"
}
_=/usr/bin/env
ITINF25/lektion5
$ 
printenvITINF25/lektion5
$ printenv
SHELL=/shared/kent/Documents/nackademin/linux1/l1-live/.profiles/educator/bash_noprofile_norc
SESSION_MANAGER=local/klad:@/tmp/.ICE-unix/4067,unix/klad:/tmp/.ICE-unix/4067
QT_ACCESSIBILITY=1
COLORTERM=truecolor
VSCODE_DEBUGPY_ADAPTER_ENDPOINTS=/home/kent/.vscode/extensions/ms-python.debugpy-2025.6.0-linux-x64/.noConfigDebugAdapterEndpoints/endpoint-11a5171076b8c09c.txt
SSH_AGENT_LAUNCHER=openssh
XDG_MENU_PREFIX=gnome-
TERM_PROGRAM_VERSION=1.104.1
GNOME_DESKTOP_SESSION_ID=this-is-deprecated
NODE_OPTIONS= --disable-warning=ExperimentalWarning --disable-warning=ExperimentalWarning
SSH_AUTH_SOCK=/run/user/1000/keyring/ssh
PYDEVD_DISABLE_FILE_VALIDATION=1
XMODIFIERS=@im=ibus
DESKTOP_SESSION=gnome
EDITOR=nano
GTK_MODULES=gail:atk-bridge
PWD=/shared/kent/Documents/nackademin/linux1/l1-live/ITINF25/lektion5
XDG_SESSION_DESKTOP=gnome
LOGNAME=kent
XDG_SESSION_TYPE=wayland
SYSTEMD_EXEC_PID=4107
BUNDLED_DEBUGPY_PATH=/home/kent/.vscode/extensions/ms-python.debugpy-2025.6.0-linux-x64/bundled/libs/debugpy
XAUTHORITY=/run/user/1000/.mutter-Xwaylandauth.0S5MD3
VSCODE_GIT_ASKPASS_NODE=/usr/share/code/code
IM_CONFIG_CHECK_ENV=1
UNISONBACKUPDIR=/shared/kent/Dropbox/.backups/Unison
GJS_DEBUG_TOPICS=JS ERROR;JS LOG
GDM_LANG=en_US.UTF-8
HOME=/home/kent
USERNAME=kent
IM_CONFIG_PHASE=1
LANG=en_US.UTF-8
XDG_CURRENT_DESKTOP=GNOME
STARSHIP_SHELL=bash
WAYLAND_DISPLAY=wayland-0
GIT_ASKPASS=/usr/share/code/resources/app/extensions/git/dist/askpass.sh
PROMPT_COMMAND=___set_bash_prompt
INVOCATION_ID=180d8fb8d59542f9a8738b1cf29eddbd
QTWEBENGINE_DICTIONARIES_PATH=/usr/share/hunspell-bdic/
MANAGERPID=3873
CHROME_DESKTOP=code.desktop
STARSHIP_SESSION_KEY=2963021836173951
GJS_DEBUG_OUTPUT=stderr
NVM_DIR=/home/kent/.nvm
VSCODE_GIT_ASKPASS_EXTRA_ARGS=
GNOME_SETUP_DISPLAY=:1
CHEZMOI_DIFF_COMMAND=code --diff
XDG_SESSION_CLASS=user
TERM=xterm-256color
VSCODE_NONCE=9b654ffe-1648-4774-8788-e91107887c24
LIBVIRT_DEFAULT_URI=qemu:///system
USER=kent
VSCODE_GIT_IPC_HANDLE=/run/user/1000/vscode-git-7bb8d30c57.sock
DISPLAY=:0
SHLVL=3
QT_IM_MODULE=ibus
XDG_RUNTIME_DIR=/run/user/1000
BASETESTS_DEBUG=true
VSCODE_GIT_ASKPASS_MAIN=/usr/share/code/resources/app/extensions/git/dist/askpass-main.js
JOURNAL_STREAM=8:40169
XDG_DATA_DIRS=/usr/share/gnome:/home/kent/.local/share/flatpak/exports/share:/var/lib/flatpak/exports/share:/usr/local/share/:/usr/share/
GDK_BACKEND=x11
PATH=/home/kent/bin:/home/kent/bin:/usr/local/bin:/usr/bin:/bin:/usr/local/games:/usr/games:/home/kent/.local/share/JetBrains/Toolbox/scripts:/home/kent/.vscode/extensions/ms-python.debugpy-2025.6.0-linux-x64/bundled/scripts/noConfigScripts
GDMSESSION=gnome
ORIGINAL_XDG_CURRENT_DESKTOP=GNOME
DBUS_SESSION_BUS_ADDRESS=unix:path=/run/user/1000/bus
GIO_LAUNCHED_DESKTOP_FILE_PID=5853
GIO_LAUNCHED_DESKTOP_FILE=/usr/share/applications/code.desktop
OLDPWD=/shared/kent/Documents/nackademin/linux1/l1-live
TERM_PROGRAM=vscode
BASH_FUNC____set_bash_prompt%%=() {  local prompt=$(___rel_path);
 if ((${#prompt} > 13)); then
 prompt+="\n";
 else
 if ((${#prompt} > 0)); then
 prompt+=" ";
 fi;
 fi;
 local color_blue="$(tput setaf 12)";
 local color_reset="$(tput sgr0)";
 prompt="\[${color_blue}\]${prompt}\[${color_reset}\]\$ ";
 PS1=$prompt
}
BASH_FUNC____rel_path%%=() {  local prompt;
 local root;
 root="$(git rev-parse --show-toplevel 2> /dev/null)";
 if [[ $? == 0 ]]; then
 prompt="${PWD#"$root"}";
 prompt="${prompt#/}";
 else
 prompt="${PWD/"$HOME"/\~}";
 fi;
 echo -n "$prompt"
}
_=/usr/bin/printenv
ITINF25/lektion5
$ 
ITINF25/lektion5
$ MININST1="Bra inst'lllÃ¤llningÃ






ITINF25/lektion5
$ echo Â$M

$MACHTYPE    $MAILCHECK   $MANAGERPID  $MININST1
ITINF25/lektion5
$ echo $MININST1 
Bra instÃ¤llning
ITINF25/lektion5
$ printenv | less
SHELL=/shared/kent/Documents/nackademin/linux1/l1-live/.profiles/educator/bash_noprofile_norc
SESSION_MANAGER=local/klad:@/tmp/.ICE-unix/4067,unix/klad:/tmp/.ICE-unix/4067
QT_ACCESSIBILITY=1
COLORTERM=truecolor
VSCODE_DEBUGPY_ADAPTER_ENDPOINTS=/home/kent/.vscode/extensions/ms-python.debugpy-2025.6.0-linux-x64/.noConfigDebugAdapterEndpoints/endpoint-11a5171076b8c09c.txt
SSH_AGENT_LAUNCHER=openssh
XDG_MENU_PREFIX=gnome-
TERM_PROGRAM_VERSION=1.104.1
GNOME_DESKTOP_SESSION_ID=this-is-deprecated
NODE_OPTIONS= --disable-warning=ExperimentalWarning --disable-warning=ExperimentalWarning
SSH_AUTH_SOCK=/run/user/1000/keyring/ssh
PYDEVD_DISABLE_FILE_VALIDATION=1
XMODIFIERS=@im=ibus
DESKTOP_SESSION=gnome
SHELL=/shared/kent/Documents/nackademin/linux1/l1-live/.profiles/educator/bash_noprofile_norc
SESSION_MANAGER=local/klad:@/tmp/.ICE-unix/4067,unix/klad:/tmp/.ICE-unix/4067
QT_ACCESSIBILITY=1
COLORTERM=truecolor
VSCODE_DEBUGPY_ADAPTER_ENDPOINTS=/home/kent/.vscode/extensions/ms-python.debugpy-2025.6.0-linux-x64/.noConfigDebugAdapterEndpoints/endpoint-11a5171076b8c09c.txt
SSH_AGENT_LAUNCHER=openssh
XDG_MENU_PREFIX=gnome-
TERM_PROGRAM_VERSION=1.104.1
GNOME_DESKTOP_SESSION_ID=this-is-deprecated
NODE_OPTIONS= --disable-warning=ExperimentalWarning --disable-warning=ExperimentalWarning
SSH_AUTH_SOCK=/run/user/1000/keyring/ssh
PYDEVD_DISABLE_FILE_VALIDATION=1
XMODIFIERS=@im=ibus
DESKTOP_SESSION=gnome
SHELL=/shared/kent/Documents/nackademin/linux1/l1-live/.profiles/educator/bash_noprofile_norc
SESSION_MANAGER=local/klad:@/tmp/.ICE-unix/4067,unix/klad:/tmp/.ICE-unix/4067
QT_ACCESSIBILITY=1
COLORTERM=truecolor
VSCODE_DEBUGPY_ADAPTER_ENDPOINTS=/home/kent/.vscode/extensions/ms-python.debugpy-2025.6.0-linux-x64/.noConfigDebugAdapterEndpoints/endpoint-11a5171076b8c09c.txt
SSH_AGENT_LAUNCHER=openssh
XDG_MENU_PREFIX=gnome-
TERM_PROGRAM_VERSION=1.104.1
GNOME_DESKTOP_SESSION_ID=this-is-deprecated
NODE_OPTIONS= --disable-warning=ExperimentalWarning --disable-warning=ExperimentalWarning
SSH_AUTH_SOCK=/run/user/1000/keyring/ssh
PYDEVD_DISABLE_FILE_VALIDATION=1
XMODIFIERS=@im=ibus
DESKTOP_SESSION=gnome
>ITINF25/lektion5  (press RETURN)
$ export MIN
MIN$MINSINSTMININST








ITINF25/lektion5
printenv | lessT1
SHELL=/shared/kent/Documents/nackademin/linux1/l1-live/.profiles/educator/bash_noprofile_norc
SESSION_MANAGER=local/klad:@/tmp/.ICE-unix/4067,unix/klad:/tmp/.ICE-unix/4067
QT_ACCESSIBILITY=1
COLORTERM=truecolor
VSCODE_DEBUGPY_ADAPTER_ENDPOINTS=/home/kent/.vscode/extensions/ms-python.debugpy-2025.6.0-linux-x64/.noConfigDebugAdapterEndpoints/endpoint-11a5171076b8c09c.txt
SSH_AGENT_LAUNCHER=openssh
XDG_MENU_PREFIX=gnome-
TERM_PROGRAM_VERSION=1.104.1
GNOME_DESKTOP_SESSION_ID=this-is-deprecated
NODE_OPTIONS= --disable-warning=ExperimentalWarning --disable-warning=ExperimentalWarning
SSH_AUTH_SOCK=/run/user/1000/keyring/ssh
PYDEVD_DISABLE_FILE_VALIDATION=1
XMODIFIERS=@im=ibus
DESKTOP_SESSION=gnome
SHELL=/shared/kent/Documents/nackademin/linux1/l1-live/.profiles/educator/bash_noprofile_norc
SESSION_MANAGER=local/klad:@/tmp/.ICE-unix/4067,unix/klad:/tmp/.ICE-unix/4067
QT_ACCESSIBILITY=1
COLORTERM=truecolor
VSCODE_DEBUGPY_ADAPTER_ENDPOINTS=/home/kent/.vscode/extensions/ms-python.debugpy-2025.6.0-linux-x64/.noConfigDebugAdapterEndpoints/endpoint-11a5171076b8c09c.txt
SSH_AGENT_LAUNCHER=openssh
XDG_MENU_PREFIX=gnome-
TERM_PROGRAM_VERSION=1.104.1
GNOME_DESKTOP_SESSION_ID=this-is-deprecated
NODE_OPTIONS= --disable-warning=ExperimentalWarning --disable-warning=ExperimentalWarning
SSH_AUTH_SOCK=/run/user/1000/keyring/ssh
PYDEVD_DISABLE_FILE_VALIDATION=1
XMODIFIERS=@im=ibus
DESKTOP_SESSION=gnome
SHELL=/shared/kent/Documents/nackademin/linux1/l1-live/.profiles/educator/bash_noprofile_norc
SESSION_MANAGER=local/klad:@/tmp/.ICE-unix/4067,unix/klad:/tmp/.ICE-unix/4067
QT_ACCESSIBILITY=1
COLORTERM=truecolor
VSCODE_DEBUGPY_ADAPTER_ENDPOINTS=/home/kent/.vscode/extensions/ms-python.debugpy-2025.6.0-linux-x64/.noConfigDebugAdapterEndpoints/endpoint-11a5171076b8c09c.txt
SSH_AGENT_LAUNCHER=openssh
XDG_MENU_PREFIX=gnome-
TERM_PROGRAM_VERSION=1.104.1
GNOME_DESKTOP_SESSION_ID=this-is-deprecated
NODE_OPTIONS= --disable-warning=ExperimentalWarning --disable-warning=ExperimentalWarning
SSH_AUTH_SOCK=/run/user/1000/keyring/ssh
PYDEVD_DISABLE_FILE_VALIDATION=1
XMODIFIERS=@im=ibus
DESKTOP_SESSION=gnome
...skipping...
MININST1=Bra instÃ¤llning
DISPLAY=:0
SHLVL=3
QT_IM_MODULE=ibus
XDG_RUNTIME_DIR=/run/user/1000
BASETESTS_DEBUG=true
VSCODE_GIT_ASKPASS_MAIN=/usr/share/code/resources/app/extensions/git/dist/askpass-main.js
JOURNAL_STREAM=8:40169
XDG_DATA_DIRS=/usr/share/gnome:/home/kent/.local/share/flatpak/exports/share:/var/lib/flatpak/exports/share:/usr/local/share/:/usr/share/
GDK_BACKEND=x11
PATH=/home/kent/bin:/home/kent/bin:/usr/local/bin:/usr/bin:/bin:/usr/local/games:/usr/games:/home/kent/.local/share/JetBrains/Toolbox/scripts:/home/kent/.vscode/extensions/ms-python.debugpy-2025.6.0-linux-x64/bundled/scripts/noConfigScripts
GDMSESSION=gnome
ORIGINAL_XDG_CURRENT_DESKTOP=GNOME
>ITINF25/lektion5
$ ITINF25/lektion5
$ ls
-h  nyfil  recordings
ITINF25/lektion5
$ bas





echo $SAL
B200
ITINF25/lektion5
$ bash

l1-live/ITINF25/lektion5 on î‚  250924 [$] 
â¯ echo $SAL


l1-live/ITINF25/lektion5 on î‚  250924 [$] 
â¯ echo $PBASHPID
94307

l1-live/ITINF25/lektion5 on î‚  250924 [$!] 
â¯ echo $
l1-live/ITINF25/lektion5 on î‚  250924 [$!] 
â¯ echo $MININST1 
Bra instÃ¤llning

l1-live/ITINF25/lektion5 on î‚  250924 [$] 
âbash 

l1-live/ITINF25/lektion5 on î‚  250924 [$] 
echo $MININST1
Bra instÃ¤llning

l1-live/ITINF25/lektion5 on î‚  250924 [$] 
âecho $BASHPID
95782

l1-live/ITINF25/lektion5 on î‚  250924 [$] 
â¯ exit
exit

l1-live/ITINF25/lektion5 on î‚  250924 [$!] took 28s 
echo $MININST1BASHPID
94307

l1-live/ITINF25/lektion5 on î‚  250924 [$!] 
â¯ exit
exit
ITINF25/lektion5
bashecho $BASHPID
7093
ITINF25/lektion5
$ 
ITINF25/lektion5
$ eexpor

Y=777







Y=777pY=77oY=77rY=77tY=77 Y=77Y=77Y=77Y=77Y=77Y=77Y=777



















bash

l1-live/ITINF25/lektion5 on î‚  250924 [$] 
â¯ echo $Y
777

l1-live/ITINF25/lektion5 on î‚  250924 [$] 
â¯ echo $BASJPIHPID
97664

l1-live/ITINF25/lektion5 on î‚  250924 [$] 
â¯ exit
exit
ITINF25/lektion5
echo $BASHPID
7093
ITINF25/lektion5
$ echo $Y

ITINF25/lektion5
$ ITINF25/lektion5
$ Y=Hejsan
ITINF25/lektion5
Y=777 basHPID
















l1-live/ITINF25/lektion5 on î‚  250924 [$] 
â¯ echo $Y
777

l1-live/ITINF25/lektion5 on î‚  250924 [$] 
â¯ exit
exit
ITINF25/lektion5
$ echo $Y
Hejsan
ITINF25/lektion5
$ ITINF25/lektion5
$ nano mittskript
>ITINF25/lektion5e: mittskript [ Writing... ] [ Wrote 4 lines ]   Y Yes        
$ ITINF25/lektion5
$ ls
-h  mittskript	nyfil  recordings
ITINF25/lektion5
$ ITINF25/lektion5
$ mittskript.ba
bash: mittskript: command not found
ITINF25/lektion5
$ ./mittskriptITINF25/lektion5
$ ./mittskript
bash: ./mittskript: Permission denied
ITINF25/lektion5
$ ./mittskripl./mittskrips./mittskrip ./mittskrip-./mittskripl./mittskrip ./mittskrip
-rw-r--r-- 1 kent kent 29 Sep 24 12:42 ./mittskript
ITINF25/lektion5
$ 
sudo


chmod 744 mittskript 
ITINF25/lektion5
ls -l ./mittskriptITINF25/lektion5
$ ls -l ./mittskript
-rwxr--r-- 1 kent kent 29 Sep 24 12:42 ./mittskript
ITINF25/lektion5
$ ./mittskript 
Det funkar
ITINF25/lektion5
$ ./mittskript.bass




ln mittskript mittskript.sh
ITINF25/lektion5
$ ITINF25/lektion5
./mittskript ITINF25/lektion5
$ ./mittskript 
a: b:
ITINF25/lektion5
$ ./mittskript ITINF25/lektion5
$ ./mittskript 
a: AINNEHALL b:
ITINF25/lektion5
$ ./mittskript ITINF25/lektion5
$ ./mittskript 
a:  b: 
ITINF25/lektion5
$ ./mittskript ITINF25/lektion5
$ ./mittskript








VAR_A=astuff VAR_B=bstuff 






a: astuff b: bstuff
ITINF25/lektion5
$ echo $VAR_A

ITINF25/lektion5
$ ITINF25/lektion5
$ VAR=kat_A=hund
ITINF25/lektion5
$ 

./mittskript 
a:  b: 
ITINF25/lektion5
$ export VAR_A
ITINF25/lektion5
./mittskript A
a: hund b: 
ITINF25/lektion5
$ ITINF25/lektion5
$ ./mittskript 
a: hund b: 
ITINF25/lektion5
$ VAR_B=katt ./mittskript 
a: hund b: katt
ITINF25/lektion5
$ echo $VAR_A
hund
ITINF25/lektion5
$ echo $VAR_B

ITINF25/lektion5
VAR_B=katt ITINF25/lektion5
$ VAR_B=katt ./mittskript 
a: hund b: katt
ITINF25/lektion5
$ VAR_B=katt ./mittskript





































a: hund b: katt
ITINF25/lektion5
$ echo $VAR_A
hund
ITINF25/lektion5
$ ITINF25/lektion5
VAR_B=katt ./mittskriptVAR_A=drake




a: drake b: katt
ITINF25/lektion5
$ echo $VAR_A
hund
ITINF25/lektion5
$ echo $VAR_A
hund
ITINF25/lektion5
$ ITINF25/lektion5
$ echo $VAR_B

ITINF25/lektion5
$ ./mittskript ITINF25/lektion5
$ ./mittskript 
a: hund b: 
ITINF25/lektion5
$ 
export VAR_B=orm
ITINF25/lektion5
./mittskript B=orm
a: hund b: orm
ITINF25/lektion5
$ unset VAR_B
ITINF25/lektion5
./mittskript 
a: hund b: 
ITINF25/lektion5
$ ITINF25/lektion5
$ echo $LANG
en_US.UTF-8
ITINF25/lektion5
$ man mals
LS(1)                    User Commands                    LS(1)

NAME
       ls - list directory contents

SYNOPSIS
       ls [OPTION]... [FILE]...

DESCRIPTION
       List  information about the FILEs (the current directory
       by default).  Sort entries  alphabetically  if  none  of
       -cftuvSUX nor --sort is specified.

       Mandatory  arguments  to  long options are mandatory for
>ITINF25/lektion5) line 1 (press h for help or q to quit)
$ LANG_BACKUP
















$LANG
ITINF25/lektion5
$ echo $LANG_BACKUP 
en_US.UTF-8
ITINF25/lektion5
$ ITINF25/lektion5
$ LANG=sv_SE.UTF-8
ITINF25/lektion5
$ printenv | less
SHELL=/shared/kent/Documents/nackademin/linux1/l1-live/.profiles/educator/bash_noprofile_norc
SESSION_MANAGER=local/klad:@/tmp/.ICE-unix/4067,unix/klad:/tmp/.ICE-unix/4067
QT_ACCESSIBILITY=1
COLORTERM=truecolor
VSCODE_DEBUGPY_ADAPTER_ENDPOINTS=/home/kent/.vscode/extensions/ms-python.debugpy-2025.6.0-linux-x64/.noConfigDebugAdapterEndpoints/endpoint-11a5171076b8c09c.txt
SSH_AGENT_LAUNCHER=openssh
XDG_MENU_PREFIX=gnome-
TERM_PROGRAM_VERSION=1.104.1
GNOME_DESKTOP_SESSION_ID=this-is-deprecated
SHELL=/shared/kent/Documents/nackademin/linux1/l1-live/.profiles/educator/bash_noprofile_norc
SESSION_MANAGER=local/klad:@/tmp/.ICE-unix/4067,unix/klad:/tmp/.ICE-unix/4067
QT_ACCESSIBILITY=1
COLORTERM=truecolor
VSCODE_DEBUGPY_ADAPTER_ENDPOINTS=/home/kent/.vscode/extensions/ms-python.debugpy-2025.6.0-linux-x64/.noConfigDebugAdapterEndpoints/endpoint-11a5171076b8c09c.txt
SSH_AGENT_LAUNCHER=openssh
XDG_MENU_PREFIX=gnome-
TERM_PROGRAM_VERSION=1.104.1
GNOME_DESKTOP_SESSION_ID=this-is-deprecated
NODE_OPTIONS= --disable-warning=ExperimentalWarning --disable-warSHELL=/shared/kent/Documents/nackademin/linux1/l1-live/.profiles/educator/bash_noprofile_norc
SESSION_MANAGER=local/klad:@/tmp/.ICE-unix/4067,unix/klad:/tmp/.ICE-unix/4067
QT_ACCESSIBILITY=1
COLORTERM=truecolor
VSCODE_DEBUGPY_ADAPTER_ENDPOINTS=/home/kent/.vscode/extensions/ms-python.debugpy-2025.6.0-linux-x64/.noConfigDebugAdapterEndpoints/endpoint-11a5171076b8c09c.txt
SSH_AGENT_LAUNCHER=openssh
XDG_MENU_PREFIX=gnome-
TERM_PROGRAM_VERSION=1.104.1
GNOME_DESKTOP_SESSION_ID=this-is-deprecated
NODE_OPTIONS= --disable-warning=ExperimentalWarning --disable-war...skipping...
GDM_LANG=en_US.UTF-8
HOME=/home/kent
USERNAME=kent
IM_CONFIG_PHASE=1
LANG=sv_SE.UTF-8
XDG_CURRENT_DESKTOP=GNOME
STARSHIP_SHELL=bash
WAYLAND_DISPLAY=wayland-0
GIT_ASKPASS=/usr/share/code/resources/app/extensions/git/dist/askpass.sh
PROMPT_COMMAND=___set_bash_prompt
INVOCATION_ID=180d8fb8d59542f9a8738b1cf29eddbd
QTWEBENGINE_DICTIONARIES_PATH=/usr/share/hunspell-bdic/
MANAGERPID=3873
CHROME_DESKTOP=code.desktop
STARSHIP_SESSION_KEY=2963021836173951
GJS_DEBUG_OUTPUT=stderr
NVM_DIR=/home/kent/.nvm
>ITINF25/lektion5
$ ITINF25/lektion5
$ man man
man: can't set the locale; make sure $LC_* and $LANG are correct
MAN(1)                 Manual pager utils                MAN(1)

NAME
       man - an interface to the system reference manuals

SYNOPSIS
       man [man options] [[section] page ...] ...
       man -k [apropos options] regexp ...
       man -K [man options] [section] term ...
       man -f [whatis options] page ...
       man -l [man options] file ...
       man -w|-W [man options] page ...

DESCRIPTION
>ITINF25/lektion51) line 1 (press h for help or q to quit)
$ ITINF25/lektion5
$ ssh ser

serbever-kent
Welcome to Ubuntu 24.04 LTS (GNU/Linux 6.8.0-79-generic x86_64)

 * Documentation:  https://help.ubuntu.com
 * Management:     https://landscape.canonical.com
 * Support:        https://ubuntu.com/pro

 System information as of Wed Sep 24 11:01:03 AM UTC 2025

  System load:  0.45               Processes:               127
  Usage of /:   34.7% of 16.07GB   Users logged in:         1
  Memory usage: 21%                IPv4 address for enp0s3: 10.0.2.15
  Swap usage:   0%


Expanded Security Maintenance for Applications is not enabled.

197 updates can be applied immediately.
23 of these updates are standard security updates.
To see these additional updates run: apt list --upgradable

Enable ESM Apps to receive additional future security updates.
See https://ubuntu.com/esm or run: sudo pro status


1 updates could not be installed automatically. For more details,
see /var/log/unattended-upgrades/unattended-upgrades.log

*** System restart required ***
Last login: Mon Sep 22 12:59:41 2025 from 10.0.2.2
0;kent@ubsembr: ~
kent@ubsembr:~$ 0;kent@ubsembr: ~
kent@ubsembr:~$ man man
man: can't resolve man7/groff_man.7
MAN(1)                 Manual pager utils                MAN(1)

NAME
       man - an interface to the system reference manuals

SYNOPSIS
       man [man options] [[section] page ...] ...
       man -k [apropos options] regexp ...
       man -K [man options] [section] term ...
       man -f [whatis options] page ...
       man -l [man options] file ...
       man -w|-W [man options] page ...

DESCRIPTION
>0;kent@ubsembr: ~) line 1 (press h for help or q to quit)
kent@ubsembr:~$ 0;kent@ubsembr: ~
kent@ubsembr:~$ LANG_=sv_SE.UTF-8
0;kent@ubsembr: ~
kent@ubsembr:~$ man man
man: can't set the locale; make sure $LC_* and $LANG are correct
man: can't resolve man7/groff_man.7
MAN(1)                 Manual pager utils                MAN(1)

NAME
       man - an interface to the system reference manuals

SYNOPSIS
       man [man options] [[section] page ...] ...
       man -k [apropos options] regexp ...
       man -K [man options] [section] term ...
       man -f [whatis options] page ...
       man -l [man options] file ...
       man -w|-W [man options] page ...

DESCRIPTION
>0;kent@ubsembr: ~) line 1 (press h for help or q to quit)
0;kent@ubsembr: ~
0;kent@ubsembr: ~
0;kent@ubsembr: ~
0;kent@ubsembr: ~
0;kent@ubsembr: ~
kent@ubsembr:~$ tpouch anannatskript
0;kent@ubsembr: ~
kent@ubsembr:~$ exit
logout
Connection to localhost closed.
ITINF25/lektion5
$ ITINF25/lektion5
$ touch annatskript
ITINF25/lektion5
$ bash annatskript 
ANNAT SKRIPT
ITINF25/lektion5
$ ./nannatskript
bash: ./annatskript: Permission denied
ITINF25/lektion5
$ ITINF25/lektion5
$ asbash annatskript 
ANNAT SKRIPT
ITINF25/lektion5
$ ITINF25/lektion5
$ 1=2
bash: 1=2: command not found
ITINF25/lektion5
$ 1==A=
ITINF25/lektion5
$ ITINF25/lektion5
$ touch fin fil
ITINF25/lektion5
$ ls
-h  annatskript  fil  fin  mittskript  nyfil  recordings
ITINF25/lektion5
$ ltouch fin filITINF25/lektion5
$ touch fin fil"'



{
ITINF25/lektion5
$ ls
-h	     fil   fin	       nyfil	   {fin
annatskript  fil}  mittskript  recordings
ITINF25/lektion5
$ ltouch {fin fil}ITINF25/lektion5
$ touch {fin fil"f






"
ITINF25/lektion5
$ ls
 -h	       fil    fin	 mittskript   recordings
 annatskript   fil}  'fin fil'	 nyfil	      {fin
ITINF25/lektion5
$ rm -- fin fil
ITINF25/lektion5
lsrm -- fin fil
 -h	       fil}	  mittskript   recordings
 annatskript  'fin fil'   nyfil        {fin
ITINF25/lektion5
$ lrm -- fin fil'ITINF25/lektion5
$ rm -- 'fin fil
ITINF25/lektion5
lsrm -- 'fin fil'
-h  annatskript  fil}  mittskript  nyfil  recordings  {fin
ITINF25/lektion5
$ ITINF25/lektion5
$ echo $BIL

ITINF25/lektion5
lsecho $BIL






BIL=Ford
ITINF25/lektion5
$ echo $BILITINF25/lektion5
$ echo $BIL
Ford
ITINF25/lektion5
$ echo $BIF$BIi$BIn$BI $BIb$BIi$BIl$BI>$BI $BI$BI$BI:$BI $BI

Fin bil: Ford
ITINF25/lektion5
$ BIL=-h
ITINF25/lektion5
echo Fin bil: $BIL
Fin bil: -h
ITINF25/lektion5
$ BIL=-n
ITINF25/lektion5
echo Fin bil: $BILITINF25/lektion5
$ echo Fin bil: $BIL
Fin bil: -n
ITINF25/lektion5
ITINF25/lektion5$BI
$ man echo
man: can't set the locale; make sure $LC_* and $LANG are correct
ECHO(1)                  User Commands                  ECHO(1)

NAME
       echo - display a line of text

SYNOPSIS
       echo [SHORT-OPTION]... [STRING]...
       echo LONG-OPTION

DESCRIPTION
       Echo the STRING(s) to standard output.

       -n     do not output the trailing newline

>ITINF25/lektion5(1) line 1 (press h for help or q to quit)
echo Fin bil: $BILITINF25/lektion5
$ echo Fin bil: $BIL
Fin bil: -n
ITINF25/lektion5
$ echo Fin bil: $BI$BIL 










Fin bilITINF25/lektion5
$ echo -n Fin bil
Fin bilITINF25/lektion5
$BILho -n Fin bil









"







"
-n Fin bil
ITINF25/lektion5
$ echo $BIL
ITINF25/lektion5
$ echo $BI"$BI"
ITINF25/lektion5
$ echo "$BIL-"$BIL-"$BIL "$BIL
-- -n
ITINF25/lektion5
$ echo -- "$BIL$BI
-- -n
ITINF25/lektion5
$ ITINF25/lektion5
$ echo "BI$BI"
ITINF25/lektion5
BIL=hej"$BIL"
ITINF25/lektion5
echo "$BIL"
hej
ITINF25/lektion5
$ echo "$BIL jeeiie
hej jeeiie
ITINF25/lektion5
$ ITINF25/lektion5
$ echo "$BIL jeeiie"  ^C
ITINF25/lektion5
$ echo "$BIL jeeiie'










'
$BIL jeeiie
ITINF25/lektion5
$ ITINF25/lektion5
$ \
ls
-h  annatskript  fil}  mittskript  nyfil  recordings  {fin
ITINF25/lektion5
$ touch 'mycket bra fil'
ITINF25/lektion5
$ ITINF25/lektion5
$ ls
 -h	       fil}	   'mycket bra fil'   recordings
 annatskript   mittskript   nyfil	      {fin
ITINF25/lektion5
$ rm "mycket bra fil

   ^C
ITINF25/lektion5
$ rm 'mycket bra fil'  ^C
ITINF25/lektion5
$ rm mycket\ bra\ fil\ bra\ fil
ITINF25/lektion5
$ ls
-h  annatskript  fil}  mittskript  nyfil  recordings  {fin
ITINF25/lektion5
$ ITINF25/lektion5
$ touche-i-search)`':t': rm mycket\ bra\ fio': touch 'mycket bra filu': touc': touch': touch
ITINF25/lektion5
$ ls
 -h	       fil}	   'mycket bra fil'   recordings
 annatskript   mittskript   nyfil	      {fin
ITINF25/lektion5
$ rm m

mittskript      mycket bra fil  
ITINF25/lektion5
$ rm mycket\ bra\ fil 
ITINF25/lektion5
$ ls
-h  annatskript  fil}  mittskript  nyfil  recordings  {fin
ITINF25/lektion5
$ ITINF25/lektion5
$ sl
ITINF25/lektion5 D   |=|____|_|_/~~\  /~~\  /~~\ ____Y_|__|_|_    ||    || |_| |_||     _| \_____AH  |__-| [___] |   =| |H__/__|_____/[][]~\_| |   -| |I_____I [][] []  D   |=|____|_| /~~\  /~~\  /~~\ ____Y_|__|_|=O=====O=====O |   H  |  |     |   | ||_| |_||     _||/ |   |-I_____I [][] []  D   |=|____|___/ =| o |=-~~\  /~~\  /~~\  /~~\ ____Y_|__|_|/-=|___|=    ||    ||    ||    |_____/~\___/ |_\_/      \O=====O=====O=====O_/      \_/ \|(_)---  |   H\_/ |   | =|___ ___|      _
$ slITINF25/lektion5
$ sl
ITINF25/lektion5 D   |=|____|_|_/~~\  /~~\  /~~\ ____Y_|__|_|_    ||    || |_| |_||     _| \_____AH  |__-| [___] |   =| |H__/__|_____/[][]~\_| |   -| |I_____I [][] []  D   |=|____|_| /~~\  /~~\  /~~\ ____Y_|__|_|=O=====O=====O |   H  |  |     |   | ||_| |_||     _||/ |   |-I_____I [][] []  D   |=|____|___/ =| o |=-~~\  /~~\  /~~\  /~~\ ____Y_|__|_|/-=|___|=    ||    ||    ||    |_____/~\___/ |_\_/      \O=====O=====O=====O_/      \_/ \|(_)---  |   H\_/ |   | =|___ ___|      _
$ ITINF25/lektion5
$ ls
-h  annatskript  fil}  mittskript  nyfil  recordings  {fin
ITINF25/lektion5
$ ITINF25/lektion5
$ puff(
 {  e c h o  D U  A N R O P A D E  P U F F ; 



ITINF25/lektion5
$ puff
DU ANROPADE PUFF
ITINF25/lektion5
$ ITINF25/lektion5
$ sl*() {   echo "[  ]-[  ]-[  ] <-- SL";



ITINF25/lektion5
$ sl
[  ]-[  ]-[  ] <-- SL
ITINF25/lektion5
$ helpITINF25/lektion5
$ help cd
cd: cd [-L|[-P [-e]] [-@]] [dir]
    Change the shell working directory.
    
    Change the current directory to DIR.  The default DIR is the value of the
    HOME shell variable. If DIR is "-", it is converted to $OLDPWD.
    
    The variable CDPATH defines the search path for the directory containing
    DIR.  Alternative directory names in CDPATH are separated by a colon (:).
    A null directory name is the same as the current directory.  If DIR begins
    with a slash (/), then CDPATH is not used.
    
    If the directory is not found, and the shell option `cdable_vars' is set,
    the word is assumed to be  a variable name.  If that variable has a value,
    its value is used for DIR.
    
    Options:
      -L	force symbolic links to be followed: resolve symbolic
    		links in DIR after processing instances of `..'
      -P	use the physical directory structure without following
    		symbolic links: resolve symbolic links in DIR before
    		processing instances of `..'
      -e	if the -P option is supplied, and the current working
    		directory cannot be determined successfully, exit with
    		a non-zero status
      -@	on systems that support it, present a file with extended
    		attributes as a directory containing the file attributes
    
    The default is to follow symbolic links, as if `-L' were specified.
    `..' is processed by removing the immediately previous pathname component
    back to a slash or the beginning of DIR.
    
    Exit Status:
    Returns 0 if the directory is changed, and if $PWD is set successfully when
    -P is used; non-zero otherwise.
ITINF25/lektion5
$ ITINF25/lektion5
$ builtin
ITINF25/lektion5
$ man
help builtinITINF25/lektion5
$ help builtin
builtin: builtin [shell-builtin [arg ...]]
    Execute shell builtins.
    
    Execute SHELL-BUILTIN with arguments ARGs without performing command
    lookup.  This is useful when you wish to reimplement a shell builtin
    as a shell function, but need to execute the builtin within the function.
    
    Exit Status:
    Returns the exit status of SHELL-BUILTIN, or false if SHELL-BUILTIN is
    not a shell builtin.
ITINF25/lektion5
$ help builtins
bash: help: no help topics match `builtins'.  Try `help help' or `man -k builtins' or `info builtins'.
ITINF25/lektion5
$ ITINF25/lektion5
$ help 

annatskript  {fin         mittskript   recordings/
fil}         -h           nyfil        
ITINF25/lektion5
$ helpITINF25/lektion5
$ ls
-h	  annatskript  mittskript  recordings
TODO.txt  fil}	       nyfil	   {fin
ITINF25/lektion5
$ ITINF25/lektion5
$ mkdir kat
ITINF25/lektion5
$ help mkdir
bash: help: no help topics match `mkdir'.  Try `help help' or `man -k mkdir' or `info mkdir'.
ITINF25/lektion5
$ cd kat/ITINF25/lektion5
$ cd kat/
ITINF25/lektion5/kat
$ ls
ITINF25/lektion5/kat
$ exi

cd ..
ITINF25/lektion5
$ ITINF25/lektion5
$ echo Â¤P$PATH
/home/kent/bin:/home/kent/bin:/usr/local/bin:/usr/bin:/bin:/usr/local/games:/usr/games:/home/kent/.local/share/JetBrains/Toolbox/scripts:/home/kent/.vscode/extensions/ms-python.debugpy-2025.6.0-linux-x64/bundled/scripts/noConfigScripts
ITINF25/lektion5
$ ITINF25/lektion5
$ ls bin
ls: cannot access 'bin': No such file or directory
ITINF25/lektion5
$ ls ~/binITINF25/lektion5
$ ls ~/bin
chezmoi-sync  gh-stats		    gh-unarchive
gh-archive    gh-sync-organization  json_sort_layer1
ITINF25/lektion5
$ ITINF25/lektion5
$ hej
bash: hej: command not found
ITINF25/lektion5
$ ssh server-ubuntu
ssh: Could not resolve hostname server-ubuntu: Name or service not known
ITINF25/lektion5
$ ssh server-ubuntkent
Welcome to Ubuntu 24.04 LTS (GNU/Linux 6.8.0-79-generic x86_64)

 * Documentation:  https://help.ubuntu.com
 * Management:     https://landscape.canonical.com
 * Support:        https://ubuntu.com/pro

 System information as of Wed Sep 24 11:44:57 AM UTC 2025

  System load:  0.0                Processes:               119
  Usage of /:   34.7% of 16.07GB   Users logged in:         1
  Memory usage: 12%                IPv4 address for enp0s3: 10.0.2.15
  Swap usage:   0%


Expanded Security Maintenance for Applications is not enabled.

175 updates can be applied immediately.
1 of these updates is a standard security update.
To see these additional updates run: apt list --upgradable

Enable ESM Apps to receive additional future security updates.
See https://ubuntu.com/esm or run: sudo pro status


1 updates could not be installed automatically. For more details,
see /var/log/unattended-upgrades/unattended-upgrades.log

*** System restart required ***
Last login: Wed Sep 24 11:01:03 2025 from 10.0.2.2
0;kent@ubsembr: ~
kent@ubsembr:~$ 0;kent@ubsembr: ~
kent@ubsembr:~$ lsl
Command 'sl' not found, but can be installed with:
sudo apt install sl
0;kent@ubsembr: ~
kent@ubsembr:~$ exit
logout
Connection to localhost closed.
ITINF25/lektion5
hejsh server-kenubuntu
bash: hej: command not found
ITINF25/lektion5
$ ITINF25/lektion5
$ command_not_found_handle() {  e c h o  $ 1 " " " $ 2 "  " $ 3 " ; 

ITINF25/lektion5
$ hej
hej  
ITINF25/lektion5
$ hecommand_not_found_handle() { echo "$1" "$2" "$3"; HÃ¶rru!







ITINF25/lektion5
hejommand_not_found_handle() { echo "HÃ¶rru!" "$1" "$2" "$3"; }
HÃ¶rru! hej  
ITINF25/lektion5
$ apt-fil









(reverse-i-search)`':s': ssh server-kens': ssh server-ken
$ iled reverse-i-search)`ssj': s
Welcome to Ubuntu 24.04 LTS (GNU/Linux 6.8.0-79-generic x86_64)

 * Documentation:  https://help.ubuntu.com
 * Management:     https://landscape.canonical.com
 * Support:        https://ubuntu.com/pro

 System information as of Wed Sep 24 11:47:45 AM UTC 2025

  System load:  0.01               Processes:               118
  Usage of /:   34.7% of 16.07GB   Users logged in:         1
  Memory usage: 13%                IPv4 address for enp0s3: 10.0.2.15
  Swap usage:   0%


Expanded Security Maintenance for Applications is not enabled.

175 updates can be applied immediately.
1 of these updates is a standard security update.
To see these additional updates run: apt list --upgradable

Enable ESM Apps to receive additional future security updates.
See https://ubuntu.com/esm or run: sudo pro status


1 updates could not be installed automatically. For more details,
see /var/log/unattended-upgrades/unattended-upgrades.log

*** System restart required ***
Last login: Wed Sep 24 11:44:57 2025 from 10.0.2.2
0;kent@ubsembr: ~
kent@ubsembr:~$ 0;kent@ubsembr: ~
kent@ubsembr:~$ sl
Command 'sl' not found, but can be installed with:
sudo apt install sl
0;kent@ubsembr: ~
kent@ubsembr:~$ echo Â$comm

and_not_found_handle

0;kent@ubsembr: ~
kent@ubsembr:~$ printenv | less
SHELL=/bin/bash
PWD=/home/kent
LOGNAME=kent
XDG_SESSION_TYPE=tty
HOME=/home/kent
LANG=en_US.UTF-8
SHELL=/bin/bashound_handle=01;36:mh=00:pi=40;33:so=01;35:do=01;35:bd=40;33;01:cd=40;33;01:or=40;31;01:mi=00:su=37;41:sg=30;43:ca=00:tw=30;42:ow=34;42:st=37;44:ex=01;32:*.tar=01;31:*.tgz=01;31:*.arc=01;31:*.arj=01;31:*.taz=01;31:*.lha=01;31:*.lz4=01;31:*.lzh=01;31:*.lzma=01;31:*.tlz=01;31:*.txz=01;31:*.tzo=01;31:*.t7z=01;31:*.zip=01;31:*.z=01;31:*.dz=01;31:*.gz=01;31:*.lrz=01;31:*.lz=01;31:*.lzo=01;31:*.xz=01;31:*.zst=01;31:*.tzst=01;31:*.bz2=01;31:*.bz=01;31:*.tbz=01;31:*.tbz2=01;31:*.tz=01;31:*.deb=01;31:*.rpm=01;:
PWD=/home/kent
LOGNAME=kent
XDG_SESSION_TYPE=tty
HOME=/home/kent
LANG=en_US.UTF-8
LS_COLORS=rs=0:di=01;34:ln=01;36:mh=00:pi=40;33:so=01;35:do=01;35:bd=40;33;01:cd=40;33;01:or=40;31;01:mi=00:su=37;41:sg=30;43:ca=00:tw=30;42:ow=34;42:st=37;44:ex=01;32:*.tar=01;31:*.tgz=01;31:*.arc=01;31:*.arj=01;31:*.taz=01;31:*.lha=01;31:*.lz4=01;31:*.lzh=01;31:*.lzma=01;31:*.tlz=01;31:*.txz=01;31:*.tzo=01;31:*.t7z=01;31:*.zip=01;31:*.z=01;31:*.dz=01;31:*.gz=01;31:*.lrz=01;31:*.lz=01;31:*.lzo=01;31:*.xz=01;31:*.zst=01;31:*.tzst=01;31:*.bz2=01;31:*.bz=01;31:*.tbz=01;31:*.tbz2=01;31:*.tz=01;31:*.deb=01;31:*.rpm=01;SHELL=/bin/bash
PWD=/home/kent
LOGNAME=kent
XDG_SESSION_TYPE=tty
HOME=/home/kent
LANG=en_US.UTF-8
:*.mpc=00;36:*.ogg=00;36:*.ra=00;36:*.wav=00;36:*.oga=00;36:*.opus=00;36:*.spx=00;36:*.xspf=00;36:*~=00;90:*#=00;90:*.bak=00;90:*.crdownload=00;90:*.dpkg-dist=00;90:*.dpkg-new=00;90:*.dpkg-old=00;90:*.dpkg-tmp=00;90:*.old=00;90:*.orig=00;90:*.part=00;90:*.rej=00;90:*.rpmnew=00;90:*.rpmorig=00;90:*.rpmsave=00;90:*.swp=00;90:*.tmp=00;90:*.ucf-dist=00;90:*.ucf-new=00;90:*.ucf-old=00;90:01;35:*.svg=01;35:*.svgz=01;35:*.mng=01;35:*.pcx=01;35:*.mov=01;35:*.mpg=01;35:*.mpeg=01;35:*.m2v=01;35:*.mkv=01;35:*.webm=01;35:*.webp=01;35:*.ogm=01;35:*.mp4=01;35:*.m4v=01;35:*.mp4v=01;35:*.vob=01;35:*.qt=01;35:*.nuv=01;35:*.wmv=01;35:*.asf=01;35:*.rm=01;35:*.rmvb=01;35:*.flc=01;35:*.avi=01;35:*.fli=01;35:*.flv=01;35:*.gl=01;35:*.dl=01;35:*.xcf=01;35:*.xwd=01;35:*.yuv=01;35:*.cgm=01;35:*.emf=01;35:*.ogv=01;35:*.ogx=01;35:*.aac=00;36:*.au=00;36:*.flac=00;36:*.m4a=00;36:*.mid=00;36:*.midi=00;36:*.mka=00;36:*.mp3=00;36:
SSH_CONNECTION=10.0.2.2 34906 10.0.2.15 22
LESSCLOSE=/usr/bin/lesspipe %s %s
XDG_SESSION_CLASS=user
TERM=xterm-256color
LESSOPEN=| /usr/bin/lesspipe %s
USER=kent
SHLVL=1
XDG_SESSION_ID=75
XDG_RUNTIME_DIR=/run/user/1000
SSH_CLIENT=10.0.2.2 34906 22
XDG_DATA_DIRS=/usr/local/share:/usr/share:/var/lib/snapd/desktop
PATH=/usr/local/sbin:/usr/local/bin:/usr/sbin:/usr/bin:/sbin:/bin:/usr/games:/usr/local/games:/snap/bin
DBUS_SESSION_BUS_ADDRESS=unix:path=/run/user/1000/bus
SSH_TTY=/dev/pts/0
_=/usr/bin/printenv
(END)
(END)
>0;kent@ubsembr: ~
kent@ubsembr:~$ printenv | les

SHELL=/bin/bash
PWD=/home/kent
LOGNAME=kent
XDG_SESSION_TYPE=tty
HOME=/home/kent
LANG=en_US.UTF-8
SHELL=/bin/bashdi=01;34:ln=01;36:mh=00:pi=40;33:so=01;35:do=01;35:bd=40;33;01:cd=40;33;01:or=40;31;01:mi=00:su=37;41:sg=30;43:ca=00:tw=30;42:ow=34;42:st=37;44:ex=01;32:*.tar=01;31:*.tgz=01;31:*.arc=01;31:*.arj=01;31:*.taz=01;31:*.lha=01;31:*.lz4=01;31:*.lzh=01;31:*.lzma=01;31:*.tlz=01;31:*.txz=01;31:*.tzo=01;31:*.t7z=01;31:*.zip=01;31:*.z=01;31:*.dz=01;31:*.gz=01;31:*.lrz=01;31:*.lz=01;31:*.lzo=01;31:*.xz=01;31:*.zst=01;31:*.tzst=01;31:*.bz2=01;31:*.bz=01;31:*.tbz=01;31:*.tbz2=01;31:*.tz=01;31:*.deb=01;31:*.rpm=01;:
PWD=/home/kent
LOGNAME=kent
XDG_SESSION_TYPE=tty
HOME=/home/kent
LANG=en_US.UTF-8
LS_COLORS=rs=0:di=01;34:ln=01;36:mh=00:pi=40;33:so=01;35:do=01;35:bd=40;33;01:cd=40;33;01:or=40;31;01:mi=00:su=37;41:sg=30;43:ca=00:tw=30;42:ow=34;42:st=37;44:ex=01;32:*.tar=01;31:*.tgz=01;31:*.arc=01;31:*.arj=01;31:*.taz=01;31:*.lha=01;31:*.lz4=01;31:*.lzh=01;31:*.lzma=01;31:*.tlz=01;31:*.txz=01;31:*.tzo=01;31:*.t7z=01;31:*.zip=01;31:*.z=01;31:*.dz=01;31:*.gz=01;31:*.lrz=01;31:*.lz=01;31:*.lzo=01;31:*.xz=01;31:*.zst=01;31:*.tzst=01;31:*.bz2=01;31:*.bz=01;31:*.tbz=01;31:*.tbz2=01;31:*.tz=01;31:*.deb=01;31:*.rpm=01;SHELL=/bin/bash
PWD=/home/kent
LOGNAME=kent
XDG_SESSION_TYPE=tty
HOME=/home/kent
LANG=en_US.UTF-8
>0;kent@ubsembr: ~ (press RETURN)mh=00:pi=40;33:so=01;35:do=01;35:bd=40;33;01:cd=40;33;01:or=40;31;01:mi=00:su=37;41:sg=30;43:ca=00:tw=30;42:ow=34;42:st=37;44:ex=01;32:*.tar=01;31:*.tgz=01;31:*.arc=01;31:*.arj=01;31:*.taz=01;31:*.lha=01;31:*.lz4=01;31:*.lzh=01;31:*.lzma=01;31:*.tlz=01;31:*.txz=01;31:*.tzo=01;31:*.t7z=01;31:*.zip=01;31:*.z=01;31:*.dz=01;31:*.gz=01;31:*.lrz=01;31:*.lz=01;31:*.lzo=01;31:*.xz=01;31:*.zst=01;31:*.tzst=01;31:*.bz2=01;31:*.bz=01;31:*.tbz=01;31:*.tbz2=01;31:*.tz=01;31:*.deb=01;31:*.rpm=01;
kent@ubsembr:~$ export -f $command_not_found_handle$command_not_found_handlcommand_not_found_handl
0;kent@ubsembr: ~
nv | lessprint$ export -f command_not_found_handle
SHELL=/bin/bash
PWD=/home/kent
LOGNAME=kent
XDG_SESSION_TYPE=tty
HOME=/home/kent
LANG=en_US.UTF-8
SHELL=/bin/bashdi=01;34:ln=01;36:mh=00:pi=40;33:so=01;35:do=01;35:bd=40;33;01:cd=40;33;01:or=40;31;01:mi=00:su=37;41:sg=30;43:ca=00:tw=30;42:ow=34;42:st=37;44:ex=01;32:*.tar=01;31:*.tgz=01;31:*.arc=01;31:*.arj=01;31:*.taz=01;31:*.lha=01;31:*.lz4=01;31:*.lzh=01;31:*.lzma=01;31:*.tlz=01;31:*.txz=01;31:*.tzo=01;31:*.t7z=01;31:*.zip=01;31:*.z=01;31:*.dz=01;31:*.gz=01;31:*.lrz=01;31:*.lz=01;31:*.lzo=01;31:*.xz=01;31:*.zst=01;31:*.tzst=01;31:*.bz2=01;31:*.bz=01;31:*.tbz=01;31:*.tbz2=01;31:*.tz=01;31:*.deb=01;31:*.rpm=01;:
PWD=/home/kent
LOGNAME=kent
XDG_SESSION_TYPE=tty
HOME=/home/kent
LANG=en_US.UTF-8
LS_COLORS=rs=0:di=01;34:ln=01;36:mh=00:pi=40;33:so=01;35:do=01;35:bd=40;33;01:cd=40;33;01:or=40;31;01:mi=00:su=37;41:sg=30;43:ca=00:tw=30;42:ow=34;42:st=37;44:ex=01;32:*.tar=01;31:*.tgz=01;31:*.arc=01;31:*.arj=01;31:*.taz=01;31:*.lha=01;31:*.lz4=01;31:*.lzh=01;31:*.lzma=01;31:*.tlz=01;31:*.txz=01;31:*.tzo=01;31:*.t7z=01;31:*.zip=01;31:*.z=01;31:*.dz=01;31:*.gz=01;31:*.lrz=01;31:*.lz=01;31:*.lzo=01;31:*.xz=01;31:*.zst=01;31:*.tzst=01;31:*.bz2=01;31:*.bz=01;31:*.tbz=01;31:*.tbz2=01;31:*.tz=01;31:*.deb=01;31:*.rpm=01;SHELL=/bin/bash
PWD=/home/kent
LOGNAME=kent
XDG_SESSION_TYPE=tty
HOME=/home/kent
LANG=en_US.UTF-8
LS_COLORS=rs=0:di=01;34:ln=01;36:mh=00:pi=40;33:so=01;35:do=01;35:bd=40;33;01:cd=40;33;01:or=40;31;01:mi=00:su=37;41:sg=30;43:ca=00:tw=30;42:ow=34;42:st=37;44:ex=01;32:*.tar=01;31:*.tgz=01;31:*.arc=01;31:*.arj=01;31:*.taz=01;31:*.lha=01;31:*.lz4=01;31:*.lzh=01;31:*.lzma=01;31:*.tlz=01;31:*.txz=01;31:*.tzo=01;31:*.t7z=01;31:*.zip=01;31:*.z=01;31:*.dz=01;31:*.gz=01;31:*.lrz=01;31:*.lz=01;31:*.lzo=01;31:*.xz=01;31:*.zst=01;31:*.tzst=01;31:*.bz2=01;31:*.bz=01;31:*.tbz=01;31:*.tbz2=01;31:*.tz=01;31:*.deb=01;31:*.rpm=01;...skipping...
BASH_FUNC_command_not_found_handle%%=() {  if [ -x /usr/lib/command-not-found ]; then
 /usr/lib/command-not-found -- "$1";
 return $?;
 else
 if [ -x /usr/share/command-not-found/command-not-found ]; then
 /usr/share/command-not-found/command-not-found -- "$1";
 return $?;
 else
 printf "%s: command not found\n" "$1" 1>&2;
 return 127;
 fi;
 fi
}
>0;kent@ubsembr: ~
kent@ubsembr:~$ 0;kent@ubsembr: ~
kent@ubsembr:~$ which ls
/usr/bin/ls
0;kent@ubsembr: ~
kent@ubsembr:~$ echo $PATH
/usr/local/sbin:/usr/local/bin:/usr/sbin:/usr/bin:/sbin:/bin:/usr/games:/usr/local/games:/snap/bin
0;kent@ubsembr: ~
kent@ubsembr:~$ which cd0;kent@ubsembr: ~
kent@ubsembr:~$ which cd
0;kent@ubsembr: ~
kent@ubsembr:~$ 0;kent@ubsembr: ~
kent@ubsembr:~$ alias
alias alert='notify-send --urgency=low -i "$([ $? = 0 ] && echo terminal || echo error)" "$(history|tail -n1|sed -e '\''s/^\s*[0-9]\+\s*//;s/[;&|]\s*alert$//'\'')"'
alias egrep='egrep --color=auto'
alias fgrep='fgrep --color=auto'
alias grep='grep --color=auto'
alias l='ls -CF'
alias la='ls -A'
alias ll='ls -alF'
alias ls='ls --color=auto'
0;kent@ubsembr: ~
kent@ubsembr:~$ ll
total 56
drwxr-x--- 5 kent kent 4096 Sep 24 11:49 ./
drwxr-xr-x 3 root root 4096 Aug 31 19:12 ../
-rw-rw-r-- 1 kent kent    0 Sep 24 11:02 annatskript
-rw------- 1 kent kent  935 Sep 24 11:45 .bash_history
-rw-r--r-- 1 kent kent  220 Mar 31  2024 .bash_logout
-rw-r--r-- 1 kent kent 3771 Mar 31  2024 .bashrc
drwx------ 2 kent kent 4096 Aug 31 19:12 .cache/
-rwxr-xr-x 1 kent kent   40 Sep 22 12:56 info2*
-rwxr-xr-x 1 kent kent   40 Sep 22 12:57 info3*
-rwxr-xr-x 1 kent kent   40 Sep 22 12:56 info.sh*
-rw------- 1 kent kent   75 Sep 24 11:49 .lesshst
drwxrwxr-x 3 kent kent 4096 Sep 22 09:26 .local/
-rw-r--r-- 1 kent kent  807 Mar 31  2024 .profile
drwx------ 2 kent kent 4096 Sep 22 09:36 .ssh/
-rw-r--r-- 1 kent kent    0 Aug 31 19:13 .sudo_as_admin_successful
-rwxr-xr-x 1 kent kent   50 Sep 22 13:00 superinfo.sh*
0;kent@ubsembr: ~
kent@ubsembr:~$ 0;kent@ubsembr: ~
kent@ubsembr:~$ ll
total 56
drwxr-x--- 5 kent kent 4096 Sep 24 11:49 ./
drwxr-xr-x 3 root root 4096 Aug 31 19:12 ../
-rw-rw-r-- 1 kent kent    0 Sep 24 11:02 annatskript
-rw------- 1 kent kent  935 Sep 24 11:45 .bash_history
-rw-r--r-- 1 kent kent  220 Mar 31  2024 .bash_logout
-rw-r--r-- 1 kent kent 3771 Mar 31  2024 .bashrc
drwx------ 2 kent kent 4096 Aug 31 19:12 .cache/
-rwxr-xr-x 1 kent kent   40 Sep 22 12:56 info2*
-rwxr-xr-x 1 kent kent   40 Sep 22 12:57 info3*
-rwxr-xr-x 1 kent kent   40 Sep 22 12:56 info.sh*
-rw------- 1 kent kent   75 Sep 24 11:49 .lesshst
drwxrwxr-x 3 kent kent 4096 Sep 22 09:26 .local/
-rw-r--r-- 1 kent kent  807 Mar 31  2024 .profile
drwx------ 2 kent kent 4096 Sep 22 09:36 .ssh/
-rw-r--r-- 1 kent kent    0 Aug 31 19:13 .sudo_as_admin_successful
-rwxr-xr-x 1 kent kent   50 Sep 22 13:00 superinfo.sh*
0;kent@ubsembr: ~
kent@ubsembr:~$ 0;kent@ubsembr: ~
kent@ubsembr:~$ ll
total 56
drwxr-x--- 5 kent kent 4096 Sep 24 11:49 ./
drwxr-xr-x 3 root root 4096 Aug 31 19:12 ../
-rw-rw-r-- 1 kent kent    0 Sep 24 11:02 annatskript
-rw------- 1 kent kent  935 Sep 24 11:45 .bash_history
-rw-r--r-- 1 kent kent  220 Mar 31  2024 .bash_logout
-rw-r--r-- 1 kent kent 3771 Mar 31  2024 .bashrc
drwx------ 2 kent kent 4096 Aug 31 19:12 .cache/
-rwxr-xr-x 1 kent kent   40 Sep 22 12:56 info2*
-rwxr-xr-x 1 kent kent   40 Sep 22 12:57 info3*
-rwxr-xr-x 1 kent kent   40 Sep 22 12:56 info.sh*
-rw------- 1 kent kent   75 Sep 24 11:49 .lesshst
drwxrwxr-x 3 kent kent 4096 Sep 22 09:26 .local/
-rw-r--r-- 1 kent kent  807 Mar 31  2024 .profile
drwx------ 2 kent kent 4096 Sep 22 09:36 .ssh/
-rw-r--r-- 1 kent kent    0 Aug 31 19:13 .sudo_as_admin_successful
-rwxr-xr-x 1 kent kent   50 Sep 22 13:00 superinfo.sh*
0;kent@ubsembr: ~
kent@ubsembr:~$ ls -l0;kent@ubsembr: ~
kent@ubsembr:~$ ls -l
total 16
-rw-rw-r-- 1 kent kent  0 Sep 24 11:02 annatskript
-rwxr-xr-x 1 kent kent 40 Sep 22 12:56 info2
-rwxr-xr-x 1 kent kent 40 Sep 22 12:57 info3
-rwxr-xr-x 1 kent kent 40 Sep 22 12:56 info.sh
-rwxr-xr-x 1 kent kent 50 Sep 22 13:00 superinfo.sh
0;kent@ubsembr: ~
kent@ubsembr:~$ alias
alias alert='notify-send --urgency=low -i "$([ $? = 0 ] && echo terminal || echo error)" "$(history|tail -n1|sed -e '\''s/^\s*[0-9]\+\s*//;s/[;&|]\s*alert$//'\'')"'
alias egrep='egrep --color=auto'
alias fgrep='fgrep --color=auto'
alias grep='grep --color=auto'
alias l='ls -CF'
alias la='ls -A'
alias ll='ls -alF'
alias ls='ls --color=auto'
0;kent@ubsembr: ~
kent@ubsembr:~$ 0;kent@ubsembr: ~
kent@ubsembr:~$ man ls
LS(1)                    User Commands                    LS(1)

NAME
       ls - list directory contents

SYNOPSIS
       ls [OPTION]... [FILE]...

DESCRIPTION
       List  information about the FILEs (the current directory
       by default).  Sort entries  alphabetically  if  none  of
       -cftuvSUX nor --sort is specified.

       Mandatory  arguments  to  long options are mandatory for
LS(1)                    User Commands                    LS(1)

NAME
       ls - list directory contents

SYNOPSIS
       ls [OPTION]... [FILE]...

DESCRIPTION
       List  information about the FILEs (the current directory
       by default).  Sort entries  alphabetically  if  none  of
       -cftuvSUX nor --sort is specified.

       Mandatory  arguments  to  long options are mandatory for
LS(1)                    User Commands                    LS(1)

NAME
       ls - list directory contents

SYNOPSIS
       ls [OPTION]... [FILE]...

DESCRIPTION
       List  information about the FILEs (the current directory
       by default).  Sort entries  alphabetically  if  none  of
       -cftuvSUX nor --sort is specified.

       Mandatory  arguments  to  long options are mandatory for
...skipping...
       -F, --classify[=WHEN]
              append indicator (one of */=>@|) to entries WHEN

       --file-type
              likewise, except do not append '*'

       --format=WORD
              across -x, commas -m,  horizontal  -x,  long  -l,
              single-column -1, verbose -l, vertical -C

       --full-time
              like -l --time-style=full-iso

       -g     like -l, but do not list owner
>0;kent@ubsembr: ~ line 54 (press h for help or q to quit)
kent@ubsembr:~$ 0;kent@ubsembr: ~
kent@ubsembr:~$ ls -l
total 16
-rw-rw-r-- 1 kent kent  0 Sep 24 11:02 annatskript
-rwxr-xr-x 1 kent kent 40 Sep 22 12:56 info2
-rwxr-xr-x 1 kent kent 40 Sep 22 12:57 info3
-rwxr-xr-x 1 kent kent 40 Sep 22 12:56 info.sh
-rwxr-xr-x 1 kent kent 50 Sep 22 13:00 superinfo.sh
0;kent@ubsembr: ~
kent@ubsembr:~$ ls -Fl
total 16
-rw-rw-r-- 1 kent kent  0 Sep 24 11:02 annatskript
-rwxr-xr-x 1 kent kent 40 Sep 22 12:56 info2*
-rwxr-xr-x 1 kent kent 40 Sep 22 12:57 info3*
-rwxr-xr-x 1 kent kent 40 Sep 22 12:56 info.sh*
-rwxr-xr-x 1 kent kent 50 Sep 22 13:00 superinfo.sh*
0;kent@ubsembr: ~
kent@ubsembr:~$ 0;kent@ubsembr: ~
kent@ubsembr:~$ mkdir minkatt
0;kent@ubsembr: ~
kent@ubsembr:~$ ls -l
total 20
-rw-rw-r-- 1 kent kent    0 Sep 24 11:02 annatskript
-rwxr-xr-x 1 kent kent   40 Sep 22 12:56 info2
-rwxr-xr-x 1 kent kent   40 Sep 22 12:57 info3
-rwxr-xr-x 1 kent kent   40 Sep 22 12:56 info.sh
drwxrwxr-x 2 kent kent 4096 Sep 24 11:53 minkatt
-rwxr-xr-x 1 kent kent   50 Sep 22 13:00 superinfo.sh
0;kent@ubsembr: ~
kent@ubsembr:~$ ls -F
annatskript  info2*  info3*  info.sh*  minkatt/  superinfo.sh*
0;kent@ubsembr: ~
kent@ubsembr:~$ ls -l -l
total 20
-rw-rw-r-- 1 kent kent    0 Sep 24 11:02 annatskript
-rwxr-xr-x 1 kent kent   40 Sep 22 12:56 info2*
-rwxr-xr-x 1 kent kent   40 Sep 22 12:57 info3*
-rwxr-xr-x 1 kent kent   40 Sep 22 12:56 info.sh*
drwxrwxr-x 2 kent kent 4096 Sep 24 11:53 minkatt/
-rwxr-xr-x 1 kent kent   50 Sep 22 13:00 superinfo.sh*
0;kent@ubsembr: ~
kent@ubsembr:~$ 0;kent@ubsembr: ~
kent@ubsembr:~$ less .bashr~/.bashrc 
# ~/.bashrc: executed by bash(1) for non-login shells.
# see /usr/share/doc/bash/examples/startup-files (in the package bash-doc)
# for examples

# If not running interactively, don't do anything
case $- in
    *i*) ;;
      *) return;;
esac

# don't put duplicate lines or lines starting with space in the history.
# See bash(1) for more options
HISTCONTROL=ignoreboth

# append to the history file, don't overwrite it
shopt -s histappend

# for setting history length see HISTSIZE and HISTFILESIZE in bash(1)
HISTSIZE=1000
HISTFILESIZE=2000

# check the window size after each command and, if necessary,
# update the values of LINES and COLUMNS.
shopt -s checkwinsize

# If set, the pattern "**" used in a pathname expansion context will
# match all files and zero or more directories and subdirectories.
#shopt -s globstar

# make less more friendly for non-text input files, see lesspipe(1)
[ -x /usr/bin/lesspipe ] && eval "$(SHELL=/bin/sh lesspipe)"

# set variable identifying the chroot you work in (used in the prompt below)
if [ -z "${debian_chroot:-}" ] && [ -r /etc/debian_chroot ]; then
    debian_chroot=$(cat /etc/debian_chroot)
fi

# set a fancy prompt (non-color, unless we know we "want" color)
case "$TERM" in
    xterm-color|*-256color) color_prompt=yes;;
esac

# uncomment for a colored prompt, if the terminal has the capability; turned
# off by default to not distract the user: the focus in a terminal window
# should be on the output of commands, not on the prompt
#force_color_prompt=yes

if [ -n "$force_color_prompt" ]; then
    if [ -x /usr/bin/tput ] && tput setaf 1 >&/dev/null; then
        # We have color support; assume it's compliant with Ecma-48
        # (ISO/IEC-6429). (Lack of such support is extremely rare, and such
        # a case would tend to support setf rather than setaf.)
        color_prompt=yes
    else
        color_prompt=
    fi
fi

if [ "$color_prompt" = yes ]; then
    PS1='${debian_chroot:+($debian_chroot)}\[\033[01;32m\]\u@\h\[\033[00m\]:\[\033[01;34m\]\w\[\033[00m\]\$ '
else
    PS1='${debian_chroot:+($debian_chroot)}\u@\h:\w\$ '
fi
unset color_prompt force_color_prompt

# If this is an xterm set the title to user@host:dir
case "$TERM" in
xterm*|rxvt*)
    PS1="\[\e]0;${debian_chroot:+($debian_chroot)}\u@\h: \w\a\]$PS1"
    ;;
*)
    ;;
esac

# enable color support of ls and also add handy aliases
if [ -x /usr/bin/dircolors ]; then
    test -r ~/.dircolors && eval "$(dircolors -b ~/.dircolors)" || eval "$(dircolors -b)"
    alias ls='ls --color=auto'
    #alias dir='dir --color=auto'
    #alias vdir='vdir --color=auto'

    alias grep='grep --color=auto'
    alias fgrep='fgrep --color=auto'
    alias egrep='egrep --color=auto'
fiSESCOB
 ESESCOB
# colored GCC warnings and errors
;32:locus=01:quote=01'ror=01;31:warning=01;35:note=01;36:caret=01:
 ESESCOB
# some more ls aliases
alias ll='ls -alF'
alias la='ls -A'
alias l='ls -CF'
M    #alias vdir='vdir --color=auto'
M    #alias dir='dir --color=auto'
M    alias ls='ls --color=auto'
M| eval "$(dircolors -b)"
 ESESCOBt -r ~/.dircolors && eval "$(dircolors -b ~/.dircolors)" |
# some more ls aliases
alias ll='ls -alF'
alias la='ls -A'
alias l='ls -CF'
 ESESCOB
# Add an "alert" alias for long running commands.  Use like so:
#   sleep 10; alert
]\+\s*//;s/[;&|]\s*alert$//'\'')"'|tail -n1|sed -e '\''s/^\s*[0-9:
 ESESCOB
# Alias definitions.
M;32:locus=01:quote=01'll your additions into a separate file lik:
>0;kent@ubsembr: ~
kent@ubsembr:~$ 0;kent@ubsembr: ~
kent@ubsembr:~$ long
Command 'long' not found, did you mean:
  command 'kong' from snap kong (2.0.4)
  command 'kong' from snap kong (0.13.1)
See 'snap info <snapname>' for additional versions.
0;kent@ubsembr: ~
kent@ubsembr:~$ 0;kent@ubsembr: ~
kent@ubsembr:~$ alias long='-l
l-ls-l -l

0;kent@ubsembr: ~
kent@ubsembr:~$ long
total 20
-rw-rw-r-- 1 kent kent    0 Sep 24 11:02 annatskript
-rwxr-xr-x 1 kent kent   40 Sep 22 12:56 info2
-rwxr-xr-x 1 kent kent   40 Sep 22 12:57 info3
-rwxr-xr-x 1 kent kent   40 Sep 22 12:56 info.sh
drwxrwxr-x 2 kent kent 4096 Sep 24 11:53 minkatt
-rwxr-xr-x 1 kent kent   50 Sep 22 13:00 superinfo.sh
0;kent@ubsembr: ~
kent@ubsembr:~$ long -F
total 20
-rw-rw-r-- 1 kent kent    0 Sep 24 11:02 annatskript
-rwxr-xr-x 1 kent kent   40 Sep 22 12:56 info2*
-rwxr-xr-x 1 kent kent   40 Sep 22 12:57 info3*
-rwxr-xr-x 1 kent kent   40 Sep 22 12:56 info.sh*
drwxrwxr-x 2 kent kent 4096 Sep 24 11:53 minkatt/
-rwxr-xr-x 1 kent kent   50 Sep 22 13:00 superinfo.sh*
0;kent@ubsembr: ~
kent@ubsembr:~$ long -F -a
total 60
drwxr-x--- 6 kent kent 4096 Sep 24 11:55 ./
drwxr-xr-x 3 root root 4096 Aug 31 19:12 ../
-rw-rw-r-- 1 kent kent    0 Sep 24 11:02 annatskript
-rw------- 1 kent kent  935 Sep 24 11:45 .bash_history
-rw-r--r-- 1 kent kent  220 Mar 31  2024 .bash_logout
-rw-r--r-- 1 kent kent 3771 Mar 31  2024 .bashrc
drwx------ 2 kent kent 4096 Aug 31 19:12 .cache/
-rwxr-xr-x 1 kent kent   40 Sep 22 12:56 info2*
-rwxr-xr-x 1 kent kent   40 Sep 22 12:57 info3*
-rwxr-xr-x 1 kent kent   40 Sep 22 12:56 info.sh*
-rw------- 1 kent kent   71 Sep 24 11:55 .lesshst
drwxrwxr-x 3 kent kent 4096 Sep 22 09:26 .local/
drwxrwxr-x 2 kent kent 4096 Sep 24 11:53 minkatt/
-rw-r--r-- 1 kent kent  807 Mar 31  2024 .profile
drwx------ 2 kent kent 4096 Sep 22 09:36 .ssh/
-rw-r--r-- 1 kent kent    0 Aug 31 19:13 .sudo_as_admin_successful
-rwxr-xr-x 1 kent kent   50 Sep 22 13:00 superinfo.sh*
0;kent@ubsembr: ~
kent@ubsembr:~$ 0;kent@ubsembr: ~
kent@ubsembr:~$ exit
logout
Connection to localhost closed.
ITINF25/lektion5
$ ITINF25/lektion5
$ nano sourcamieami


>ITINF25/lektion5e: sourceamig [ Writing... ] [ Wrote 4 lines ]
$ c
chmod +xsourceamig
ITINF25/lektion5
$ ls -l sourceamig 
-rwxr-xr-x 1 kent kent 22 Sep 24 13:59 sourceamig
ITINF25/lektion5
chmod +xwourceamig






ITINF25/lektion5
ls -l sourceamig amig
-rwxr-xr-x 1 kent kent 22 Sep 24 13:59 sourceamig
ITINF25/lektion5
$ ITINF25/lektion5
$ ./sourceamig 
ITINF25/lektion5
$ ./sourceamig ITINF25/lektion5
$ ./sourceamig 
NU KORS JAG
ITINF25/lektion5
$ w
echo $X

ITINF25/lektion5
./sourceamig ITINF25/lektion5
$ ./sourceamig 
NU KORS JAG
ITINF25/lektion5
echo $Xrceamig 

ITINF25/lektion5
$ ITINF25/lektion5
$ source sourceamig 
NU KORS JAG
ITINF25/lektion5
$ echo $X
12345
ITINF25/lektion5
$ help source
source: source filename [arguments]
    Execute commands from a file in the current shell.
    
    Read and execute commands from FILENAME in the current shell.  The
    entries in $PATH are used to find the directory containing FILENAME.
    If any ARGUMENTS are supplied, they become the positional parameters
    when FILENAME is executed.
    
    Exit Status:
    Returns the status of the last command executed in FILENAME; fails if
    FILENAME cannot be read.
ITINF25/lektion5
$ ITINF25/lektion5
$ ss
source ~/.bashr
c

l1-live/ITINF25/lektion5 on î‚  250924 [$] 
â¯ ssse-i-search)`':s': source ~/.bashrs': ssh server-kenh': ssh
Welcome to Ubuntu 24.04 LTS (GNU/Linux 6.8.0-79-generic x86_64)

 * Documentation:  https://help.ubuntu.com
 * Management:     https://landscape.canonical.com
 * Support:        https://ubuntu.com/pro

 System information as of Wed Sep 24 12:04:07 PM UTC 2025

  System load:  0.0                Processes:               116
  Usage of /:   34.7% of 16.07GB   Users logged in:         1
  Memory usage: 13%                IPv4 address for enp0s3: 10.0.2.15
  Swap usage:   0%


Expanded Security Maintenance for Applications is not enabled.

175 updates can be applied immediately.
1 of these updates is a standard security update.
To see these additional updates run: apt list --upgradable

Enable ESM Apps to receive additional future security updates.
See https://ubuntu.com/esm or run: sudo pro status


1 updates could not be installed automatically. For more details,
see /var/log/unattended-upgrades/unattended-upgrades.log

*** System restart required ***
Last login: Wed Sep 24 11:47:45 2025 from 10.0.2.2
0;kent@ubsembr: ~
kent@ubsembr:~$ 0;kent@ubsembr: ~
0;kent@ubsembr: ~
0;kent@ubsembr: ~
0;kent@ubsembr: ~
0;kent@ubsembr: ~
0;kent@ubsembr: ~
kent@ubsembr:~$ nano ~/.bashrc 
8ISTCONTROL=ignorebothlines or lines starting with space in the ># See bash(1) for more options    
8
8 append to the history file, don't overwrite it
8hopt -s histappend
8
# for setting history length see HISTSIZE and HISTFILESIZE in ba>8
8ISTSIZE=1000
8ISTFILESIZE=2000

# check the window size after each command and, if necessary,
# update the values of LINES and COLUMNS.
shopt -s checkwinsize

# If set, the pattern "**" used in a pathname expansion context >
# match all files and zero or more directories and subdirectorie>
#shopt -s globstar

# make less more friendly for non-text input files, see lesspipe>
[ -x /usr/bin/lesspipe ] && eval "$(SHELL=/bin/sh lesspipe)"

# set variable identifying the chroot you work in (used in the p>
if [ -z "${debian_chroot:-}" ] && [ -r /etc/debian_chroot ]; then
debian_chroot=$(cat /etc/debian_chroot)
fi

# set a fancy prompt (non-color, unless we know we "want" color)
case "$TERM" in
xterm-color|*-256color) color_prompt=yes;;
esac

# uncomment for a colored prompt, if the terminal has the capabi>
# off by default to not distract the user: the focus in a termin>
# should be on the output of commands, not on the prompt
#force_color_prompt=yes

if [ -n "$force_color_prompt" ]; then
if [ -x /usr/bin/tput ] && tput setaf 1 >&/dev/null; then
 # We have color support; assume it's compliant with Ecma>
 # (ISO/IEC-6429). (Lack of such support is extremely rar>
 # a case would tend to support setf rather than setaf.)
color_prompt=yes
else
color_prompt=
fi
fi

if [ "$color_prompt" = yes ]; then
PS1='${debian_chroot:+($debian_chroot)}\[\033[01;32m\]\u@\h\>
else
PS1='${debian_chroot:+($debian_chroot)}\u@\h:\w\$ '
fi
unset color_prompt force_color_prompt

# If this is an xterm set the title to user@host:dir
case "$TERM" in
xterm*|rxvt*)
PS1="\[\e]0;${debian_chroot:+($debian_chroot)}\u@\h: \w\a\]$>
;;
*)
;;
esac

# enable color support of ls and also add handy aliases
if [ -x /usr/bin/dircolors ]; then
test -r ~/.dircolors && eval "$(dircolors -b ~/.dircolors)" >
alias ls='ls --color=auto'
 #alias dir='dir --color=auto'
 #alias vdir='vdir --color=auto'

alias grep='grep --color=auto'
alias fgrep='fgrep --color=auto'
alias egrep='egrep --color=auto'
fi

# colored GCC warnings and errors
#export GCC_COLORS='error=01;31:warning=01;35:note=01;36:caret=0>

# some more ls aliases
alias ll='ls -alF'
alias la='ls -A'
alias l='ls -CF'

# Add an "alert" alias for long running commands.  Use like so:
#   sleep 10; alert
alias alert='notify-send --urgency=low -i "$([ $? = 0 ] && echo >

# Alias definitions.
# You may want to put all your additions into a separate file li>
# ~/.bash_aliases, instead of adding them here directly.
# See /usr/share/doc/bash-doc/examples in the bash-doc package.

if [ -f ~/.bash_aliases ]; then
. ~/.bash_aliases
fi

# enable programmable completion features (you don't need to ena>
# this, if it's already enabled in /etc/bash.bashrc and /etc/pro>
# sources /etc/bash.bashrc).
if ! shopt -oq posix; then
if [ -f /usr/share/bash-completion/bash_completion ]; then
. /usr/share/bash-completion/bash_completion
elif [ -f /etc/bash_completion ]; then
. /etc/bash_completion
fi
fi
M# You may want to put all your additions into a separate file li>M# Alias definitions.
if [ -f /usr/share/bash-completion/bash_completion ]; then
. /usr/share/bash-completion/bash_completion
elif [ -f /etc/bash_completion ]; then
. /etc/bash_completion
fi
fi
*
alias  tuut=sl
>0;kent@ubsembr: ~: /home/kent/.bashrc [ Writing... ] [ Wrote 120 lines ]
kent@ubsembr:~$ sl
Command 'sl' not found, but can be installed with:
sudo apt install sl
0;kent@ubsembr: ~
kent@ubsembr:~$ sudo apt install lsl
[sudo] password for kent: 
Reading package lists... Done
Building dependency tree... Done
Reading state information... Done
The following NEW packages will be installed:
  sl
0 upgraded, 1 newly installed, 0 to remove and 170 not upgraded.
Need to get 12.7 kB of archives.
After this operation, 60.4 kB of additional disk space will be used.
Get:1 http://se.archive.ubuntu.com/ubuntu noble/universe amd64 sl amd64 5.02-1 [12.7 kB]
Fetched 12.7 kB in 0s (127 kB/s)

Selecting previously unselected package sl.
(Reading database ... 122149 files and directories currently installed.)
Preparing to unpack .../archives/sl_5.02-1_amd64.deb ...
Progress: [  0%] [...........................................] 87Progress: [ 20%] [########...................................] 8Unpacking sl (5.02-1) ...
Progress: [ 40%] [#################..........................] 8Setting up sl (5.02-1) ...
Progress: [ 60%] [#########################..................] 87Progress: [ 80%] [##################################.........] 8Processing triggers for man-db (2.12.0-4build2) ...

Scanning processes...                                            
Scanning candidates...                                           
Scanning linux images...                                         

Pending kernel upgrade!
Running kernel version:
  6.8.0-79-generic
Diagnostics:
  The currently running kernel version is not the expected
kernel version 6.8.0-84-generic.

Restarting the system to load the new kernel will not be handled
automatically, so you should consider rebooting.

Restarting services...

Service restarts being deferred:
 /etc/needrestart/restart.d/dbus.service
 systemctl restart systemd-logind.service
 systemctl restart unattended-upgrades.service

No containers need to be restarted.

User sessions running outdated binaries:
 kent @ session #1: login[805]
 kent @ user manager service: systemd[930]

No VM guests are running outdated hypervisor (qemu) binaries on
 this host.
0;kent@ubsembr: ~
kent@ubsembr:~$ 0;kent@ubsembr: ~
kent@ubsembr:~$ sudo apt install slnano ~/.bashrc 
8ISTCONTROL=ignorebothlines or lines starting with space in the ># See bash(1) for more options    
8
8 append to the history file, don't overwrite it
8hopt -s histappend
8
# for setting history length see HISTSIZE and HISTFILESIZE in ba>8
8ISTSIZE=1000
8ISTFILESIZE=2000

# check the window size after each command and, if necessary,
# update the values of LINES and COLUMNS.
shopt -s checkwinsize

# If set, the pattern "**" used in a pathname expansion context >
# match all files and zero or more directories and subdirectorie>
#shopt -s globstar

# make less more friendly for non-text input files, see lesspipe>
[ -x /usr/bin/lesspipe ] && eval "$(SHELL=/bin/sh lesspipe)"

# set variable identifying the chroot you work in (used in the p>
if [ -z "${debian_chroot:-}" ] && [ -r /etc/debian_chroot ]; then
debian_chroot=$(cat /etc/debian_chroot)
fi

# set a fancy prompt (non-color, unless we know we "want" color)
case "$TERM" in
xterm-color|*-256color) color_prompt=yes;;
esac

# uncomment for a colored prompt, if the terminal has the capabi>
# off by default to not distract the user: the focus in a termin>
# should be on the output of commands, not on the prompt
#force_color_prompt=yes

if [ -n "$force_color_prompt" ]; then
if [ -x /usr/bin/tput ] && tput setaf 1 >&/dev/null; then
 # We have color support; assume it's compliant with Ecma>
 # (ISO/IEC-6429). (Lack of such support is extremely rar>
 # a case would tend to support setf rather than setaf.)
color_prompt=yes
else
color_prompt=
fi
fi

if [ "$color_prompt" = yes ]; then
PS1='${debian_chroot:+($debian_chroot)}\[\033[01;32m\]\u@\h\>
else
PS1='${debian_chroot:+($debian_chroot)}\u@\h:\w\$ '
fi
unset color_prompt force_color_prompt

# If this is an xterm set the title to user@host:dir
case "$TERM" in
xterm*|rxvt*)
PS1="\[\e]0;${debian_chroot:+($debian_chroot)}\u@\h: \w\a\]$>
;;
*)
;;
esac

# enable color support of ls and also add handy aliases
if [ -x /usr/bin/dircolors ]; then
test -r ~/.dircolors && eval "$(dircolors -b ~/.dircolors)" >
alias ls='ls --color=auto'
 #alias dir='dir --color=auto'
 #alias vdir='vdir --color=auto'

alias grep='grep --color=auto'
alias fgrep='fgrep --color=auto'
alias egrep='egrep --color=auto'
fi

# colored GCC warnings and errors
#export GCC_COLORS='error=01;31:warning=01;35:note=01;36:caret=0>

# some more ls aliases
alias ll='ls -alF'
alias la='ls -A'
alias l='ls -CF'

# Add an "alert" alias for long running commands.  Use like so:
#   sleep 10; alert
alias alert='notify-send --urgency=low -i "$([ $? = 0 ] && echo >

# Alias definitions.
# You may want to put all your additions into a separate file li>
# ~/.bash_aliases, instead of adding them here directly.
# See /usr/share/doc/bash-doc/examples in the bash-doc package.

if [ -f ~/.bash_aliases ]; then
. ~/.bash_aliases
fi

# enable programmable completion features (you don't need to ena>
# this, if it's already enabled in /etc/bash.bashrc and /etc/pro>
# sources /etc/bash.bashrc).
if ! shopt -oq posix; then
if [ -f /usr/share/bash-completion/bash_completion ]; then
. /usr/share/bash-completion/bash_completion
elif [ -f /etc/bash_completion ]; then
. /etc/bash_completion
fi
fi

alias tuut=sl

>0;kent@ubsembr: ~
kent@ubsembr:~$ 
0;kent@ubsembr: ~
kent@ubsembr:~$ lalias
alias alert='notify-send --urgency=low -i "$([ $? = 0 ] && echo terminal || echo error)" "$(history|tail -n1|sed -e '\''s/^\s*[0-9]\+\s*//;s/[;&|]\s*alert$//'\'')"'
alias egrep='egrep --color=auto'
alias fgrep='fgrep --color=auto'
alias grep='grep --color=auto'
alias l='ls -CF'
alias la='ls -A'
alias ll='ls -alF'
alias ls='ls --color=auto'
0;kent@ubsembr: ~
kent@ubsembr:~$ tuut
Command 'tuut' not found, did you mean:
  command 'tput' from deb ncurses-bin (6.4+20231209-1)
  command 'ttut' from deb tcm (2.20+TSQD-7)
Try: sudo apt install <deb name>
0;kent@ubsembr: ~
kent@ubsembr:~$ source ~/.bashrc 0;kent@ubsembr: ~
kent@ubsembr:~$ source ~/.bashrc 
0;kent@ubsembr: ~
kent@ubsembr:~$ alias
alias alert='notify-send --urgency=low -i "$([ $? = 0 ] && echo terminal || echo error)" "$(history|tail -n1|sed -e '\''s/^\s*[0-9]\+\s*//;s/[;&|]\s*alert$//'\'')"'
alias egrep='egrep --color=auto'
alias fgrep='fgrep --color=auto'
alias grep='grep --color=auto'
alias l='ls -CF'
alias la='ls -A'
alias ll='ls -alF'
alias ls='ls --color=auto'
alias tuut='sl'
0;kent@ubsembr: ~
kent@ubsembr:~$ tuut
0;kent@ubsembr: ~D   |=|____|_|_/~~\  /~~\  /~~\ ____Y_|__|_|_    ||    || |_| |_||     _| \_____AH  |__-| [___] |   =| |H__/__|_____/[][]~\_| |   -| |I_____I [][] []  D   |=|____|_| /~~\  /~~\  /~~\ ____Y_|__|_|=O=====O=====O |   H  |  |     |   | ||_| |_||     _||/ |   |-I_____I [][] []  D   |=|____|___/ =| o |=-~~\  /~~\  /~~\  /~~\ ____Y_|__|_|/-=|___|=    ||    ||    ||    |_____/~\___/ |_\_/      \O=====O=====O=====O_/      \_/ \|(_)---  |   H\_/ |   | =|___ ___|      _  | |
kent@ubsembr:~$ 0;kent@ubsembr: ~
kent@ubsembr:~$ nano .bashprofile 
8f [ -n "$BASH_VERSION" ]; then # include .bashrc if it existsask# for ssh logins, install and configure the libpam-umask package.#umask 022
8f [ -f "$HOME/.bashrc" ]; then
8 "$HOME/.bashrc"
8i
8i
8
8 set PATH so it includes user's private bin if it exists
8f [ -d "$HOME/bin" ] ; then
PATH="$HOME/bin:$PATH"
fi

# set PATH so it includes user's private bin if it exists
if [ -d "$HOME/.local/bin" ] ; then
PATH="$HOME/.local/bin:$PATH"
fi
>0;kent@ubsembr: ~ install and configure the libpam-umask package.M# the default umask is set in /etc/profile; for setting the umask   
kent@ubsembr:~$ PS1=">>> 


>>> ls
annatskript  info2  info3  info.sh  minkatt  superinfo.sh
>>> 
logout
Connection to localhost closed.

l1-live/ITINF25/lektion5 on î‚  250924 [$] took 6m10s 
â
+'Kalle\nLotta\nOve\nMayanke'Kalle\nLotta\nOve\nMayank 'Kalle\nLotta\nOve\nMayank'Kalle\nLotta\nOve\nMayank'Kalle\nLotta\nOve\nMayank'Kalle\nLotta\nOve\nMayank-'Kalle\nLotta\nOve\nMayanke'Kalle\nLotta\nOve\nMayank 'Kalle\nLotta\nOve\nMayank
l1-live/ITINF25/lektion5 on î‚  250924 [$] took 6m10s 
â¯ echo -e 'Kalle\nLotta\nOve\nMayank
Kalle
Lotta
Ove
Mayank

l1-live/ITINF25/lektion5 on î‚  250924 [$] 
â¯ echo -e 'Kalle\nLotta\nOve\nMayank' *| soertrt -R
Lotta
Mayank
Ove
Kalle

l1-live/ITINF25/lektion5 on î‚  250924 [$] 
â¯ exit
exit

Script done on 2025-09-24 14:15:10+02:00 [COMMAND_EXIT_CODE="0"]
