Script started on 2025-05-06 09:06:40+02:00 [TERM="xterm-256color" TTY="/dev/pts/2" COLUMNS="98" LINES="10"]
DEVOPS24/lektion11
$ DEVOPS24/lektion11
$ ssh ubs
e
Welcome to Ubuntu 24.04 LTS (GNU/Linux 6.8.0-58-generic x86_64)

 * Documentation:  https://help.ubuntu.com
 * Management:     https://landscape.canonical.com
 * Support:        https://ubuntu.com/pro

 System information as of Tue May  6 07:07:05 AM UTC 2025

  System load:  0.16               Processes:               111
  Usage of /:   18.5% of 38.04GB   Users logged in:         0
  Memory usage: 4%                 IPv4 address for enp0s3: 10.0.2.15
  Swap usage:   0%

 * Strictly confined Kubernetes makes edge and IoT secure. Learn how MicroK8s
   just raised the bar for easy, resilient and secure K8s cluster deployment.

   https://ubuntu.com/engage/secure-kubernetes-at-the-edge

Expanded Security Maintenance for Applications is not enabled.

182 updates can be applied immediately.
12 of these updates are standard security updates.
To see these additional updates run: apt list --upgradable

Enable ESM Apps to receive additional future security updates.
See https://ubuntu.com/esm or run: sudo pro status


Last login: Tue May  6 04:45:12 2025 from 10.0.2.2
0;user@ubse: ~
user@ubse:~$ 0;user@ubse: ~
0;user@ubse: ~
0;user@ubse: ~
0;user@ubse: ~
0;user@ubse: ~
0;user@ubse: ~
user@ubse:~$ less /etc/pas
swd
root:x:0:0:root:/root:/bin/bash
daemon:x:1:1:daemon:/usr/sbin:/usr/sbin/nologin
bin:x:2:2:bin:/bin:/usr/sbin/nologin
sys:x:3:3:sys:/dev:/usr/sbin/nologin
sync:x:4:65534:sync:/bin:/bin/sync
games:x:5:60:games:/usr/games:/usr/sbin/nologin
man:x:6:12:man:/var/cache/man:/usr/sbin/nologin
lp:x:7:7:lp:/var/spool/lpd:/usr/sbin/nologin
mail:x:8:8:mail:/var/mail:/usr/sbin/nologin
news:x:9:9:news:/var/spool/news:/usr/sbin/nologin
uucp:x:10:10:uucp:/var/spool/uucp:/usr/sbin/nologin
proxy:x:13:13:proxy:/bin:/usr/sbin/nologin
www-data:x:33:33:www-data:/var/www:/usr/sbin/nologin
backup:x:34:34:backup:/var/backups:/usr/sbin/nologin
list:x:38:38:Mailing List Manager:/var/list:/usr/sbin/nologin
irc:x:39:39:ircd:/run/ircd:/usr/sbin/nologin
_apt:x:42:65534::/nonexistent:/usr/sbin/nologin
nobody:x:65534:65534:nobody:/nonexistent:/usr/sbin/nologin
systemd-network:x:998:998:systemd Network Management:/:/usr/sbin/nologin
 ESESCOAswd
nESESCOBtimesync:x:997:997:systemd Time Synchronization:/:/usr/sbin/nologi:
dhcpcd:x:100:65534:DHCP Client Daemon,,,:/usr/lib/dhcpcd:/bin/false
messagebus:x:101:102::/nonexistent:/usr/sbin/nologin
systemd-resolve:x:992:992:systemd Resolver:/:/usr/sbin/nologin
pollinate:x:102:1::/var/cache/pollinate:/bin/false
polkitd:x:991:991:User for polkitd:/:/usr/sbin/nologin
syslog:x:103:104::/nonexistent:/usr/sbin/nologin
uuidd:x:104:105::/run/uuidd:/usr/sbin/nologin
tcpdump:x:105:107::/nonexistent:/usr/sbin/nologin
tss:x:106:108:TPM software stack,,,:/var/lib/tpm:/bin/false
landscape:x:107:109::/var/lib/landscape:/usr/sbin/nologin
loginCOBfresh:x:989:989:Firmware update daemon:/var/lib/fwupd:/usr/sbin/no:
usbmux:x:108:46:usbmux daemon,,,:/var/lib/usbmux:/usr/sbin/nologin
sshd:x:109:65534::/run/sshd:/usr/sbin/nologin
user:x:1000:1000:Firstname Lastname:/home/user:/bin/bash
other:x:1001:1001:,,,:/home/other:/bin/bash
green:x:1004:1004:Greeny Greensson,,,:/home/green:/bin/bash
bert:x:1006:1006:Bert Bertsson,,,:/home/bert:/bin/bash
 ESESCOB
 ESESCOB
Msystemd-network:x:998:998:systemd Network Management:/:/usr/sbin/nologingi
Mnobody:x:65534:65534:nobody:/nonexistent:/usr/sbin/nologin
M_apt:x:42:65534::/nonexistent:/usr/sbin/nologin
Mirc:x:39:39:ircd:/run/ircd:/usr/sbin/nologin
Mlist:x:38:38:Mailing List Manager:/var/list:/usr/sbin/nologin
Mbackup:x:34:34:backup:/var/backups:/usr/sbin/nologin
Mwww-data:x:33:33:www-data:/var/www:/usr/sbin/nologin
Mproxy:x:13:13:proxy:/bin:/usr/sbin/nologin
Muucp:x:10:10:uucp:/var/spool/uucp:/usr/sbin/nologin
Mnews:x:9:9:news:/var/spool/news:/usr/sbin/nologin
Mmail:x:8:8:mail:/var/mail:/usr/sbin/nologin
Mlp:x:7:7:lp:/var/spool/lpd:/usr/sbin/nologin
Mman:x:6:12:man:/var/cache/man:/usr/sbin/nologin
Mgames:x:5:60:games:/usr/games:/usr/sbin/nologin
Msync:x:4:65534:sync:/bin:/bin/sync
Msys:x:3:3:sys:/dev:/usr/sbin/nologin
Mbin:x:2:2:bin:/bin:/usr/sbin/nologin
Mdaemon:x:1:1:daemon:/usr/sbin:/usr/sbin/nologin
Mroot:x:0:0:root:/root:/bin/bash
 ESESCOA
 ESESCOA
nESESCOBtimesync:x:997:997:systemd Time Synchronization:/:/usr/sbin/nologi:
dhcpcd:x:100:65534:DHCP Client Daemon,,,:/usr/lib/dhcpcd:/bin/false
messagebus:x:101:102::/nonexistent:/usr/sbin/nologin
systemd-resolve:x:992:992:systemd Resolver:/:/usr/sbin/nologin
pollinate:x:102:1::/var/cache/pollinate:/bin/false
polkitd:x:991:991:User for polkitd:/:/usr/sbin/nologin
syslog:x:103:104::/nonexistent:/usr/sbin/nologin
uuidd:x:104:105::/run/uuidd:/usr/sbin/nologin
tcpdump:x:105:107::/nonexistent:/usr/sbin/nologin
tss:x:106:108:TPM software stack,,,:/var/lib/tpm:/bin/false
landscape:x:107:109::/var/lib/landscape:/usr/sbin/nologin
loginCOBfresh:x:989:989:Firmware update daemon:/var/lib/fwupd:/usr/sbin/no:
usbmux:x:108:46:usbmux daemon,,,:/var/lib/usbmux:/usr/sbin/nologin
sshd:x:109:65534::/run/sshd:/usr/sbin/nologin
user:x:1000:1000:Firstname Lastname:/home/user:/bin/bash
other:x:1001:1001:,,,:/home/other:/bin/bash
green:x:1004:1004:Greeny Greensson,,,:/home/green:/bin/bash
bert:x:1006:1006:Bert Bertsson,,,:/home/bert:/bin/bash
 ESESCOB
 ESESCOB
 ESESCOB
 ESESCOB
>0;user@ubse: ~
user@ubse:~$ less /etc/passwsh
adow
/etc/shadow: Permission denied
0;user@ubse: ~
user@ubse:~$ ls -l /etc/sh
adow
-rw-r----- 1 root shadow 1262 Apr 17 08:18 /etc/shadow
0;user@ubse: ~
user@ubse:~$ ls -l /etc/shadopas
swd
-rw-r--r-- 1 root root 1950 Apr 17 08:18 /etc/passwd
0;user@ubse: ~
user@ubse:~$ sudop l less /etc/pas
swd0;user@ubse: ~
user@ubse:~$ sudo less /etc/passwd
[sudo] password for user: 
root:x:0:0:root:/root:/bin/bash
daemon:x:1:1:daemon:/usr/sbin:/usr/sbin/nologin
bin:x:2:2:bin:/bin:/usr/sbin/nologin
sys:x:3:3:sys:/dev:/usr/sbin/nologin
sync:x:4:65534:sync:/bin:/bin/sync
games:x:5:60:games:/usr/games:/usr/sbin/nologin
man:x:6:12:man:/var/cache/man:/usr/sbin/nologin
lp:x:7:7:lp:/var/spool/lpd:/usr/sbin/nologin
mail:x:8:8:mail:/var/mail:/usr/sbin/nologin
news:x:9:9:news:/var/spool/news:/usr/sbin/nologin
uucp:x:10:10:uucp:/var/spool/uucp:/usr/sbin/nologin
proxy:x:13:13:proxy:/bin:/usr/sbin/nologin
www-data:x:33:33:www-data:/var/www:/usr/sbin/nologin
backup:x:34:34:backup:/var/backups:/usr/sbin/nologin
list:x:38:38:Mailing List Manager:/var/list:/usr/sbin/nologin
irc:x:39:39:ircd:/run/ircd:/usr/sbin/nologin
_apt:x:42:65534::/nonexistent:/usr/sbin/nologin
nobody:x:65534:65534:nobody:/nonexistent:/usr/sbin/nologin
systemd-network:x:998:998:systemd Network Management:/:/usr/sbin/nologin
>0;user@ubse: ~
user@ubse:~$ sudo less /etc/passwsh
a
dow0;user@ubse: ~
user@ubse:~$ sudo less /etc/shadow
root:*:19836:0:99999:7:::
daemon:*:19836:0:99999:7:::
bin:*:19836:0:99999:7:::
sys:*:19836:0:99999:7:::
sync:*:19836:0:99999:7:::
games:*:19836:0:99999:7:::
man:*:19836:0:99999:7:::
lp:*:19836:0:99999:7:::
mail:*:19836:0:99999:7:::
news:*:19836:0:99999:7:::
uucp:*:19836:0:99999:7:::
proxy:*:19836:0:99999:7:::
www-data:*:19836:0:99999:7:::
backup:*:19836:0:99999:7:::
list:*:19836:0:99999:7:::
irc:*:19836:0:99999:7:::
_apt:*:19836:0:99999:7:::
nobody:*:19836:0:99999:7:::
systemd-network:!*:19836::::::
systemd-timesync:!*:19836::::::
dhcpcd:!:19836::::::
messagebus:!:19836::::::
systemd-resolve:!*:19836::::::
pollinate:!:19836::::::
polkitd:!*:19836::::::
syslog:!:19836::::::
uuidd:!:19836::::::
tcpdump:!:19836::::::
tss:!:19836::::::
landscape:!:19836::::::
fwupd-refresh:!*:19836::::::
usbmux:!:20188::::::
sshd:!:20188::::::
I0XYYrqBPaW/htblCEt0uilFG/kldrakwaAh1:20188:0:99999:7:::TBE1edsb6iomM4JrLy:
XUYo1:20188:0:99999:7:::8uB4ebGAxI0$gB0nTKGdk1nuZrZ8I4xJAR06RteWry58Ck.ZM4:
McaoC:20189:0:99999:7:::rKemW7CRi11$qdrR3KwyrH0gfW7kEHoc9izp8hZgjbwcoiPO1v:
97u8:20195:0:99999:7:::j7l.oR3i7V/$9o.oUWctxPIXVxw28.abUJfureIxddE7xil0VkR:
 ESESCOB
 ESESCOB
Mmessagebus:!:19836::::::
Mdhcpcd:!:19836::::::
97u8:20195:0:99999:7:::j7l.oR3i7V/$9o.oUWctxPIXVxw28.abUJfureIxddE7xil0VkR:
 ESESCOB
 ESESCOB
>0;user@ubse: ~
user@ubse:~$ 0;user@ubse: ~
user@ubse:~$ man usermod
USERMOD(8)             System Management Commands             USERMOD(8)

NAME
       usermod - modify a user account

SYNOPSIS

       usermod [options] LOGIN

DESCRIPTION
       The usermod command modifies the system account files.

OPTIONS
       The options which apply to the usermod command are:

       -a, --append
           Add the user to the supplementary group(s). Use only with the
           -G option.

USERMOD(8)             System Management Commands             USERMOD(8)

NAME
       usermod - modify a user account

SYNOPSIS

       usermod [options] LOGIN

DESCRIPTION
       The usermod command modifies the system account files.

OPTIONS
       The options which apply to the usermod command are:

       -a, --append
           Add the user to the supplementary group(s). Use only with the
           -G option.

USERMOD(8)             System Management Commands             USERMOD(8)

NAME
       usermod - modify a user account

SYNOPSIS

       usermod [options] LOGIN

DESCRIPTION
       The usermod command modifies the system account files.

OPTIONS
       The options which apply to the usermod command are:

       -a, --append
           Add the user to the supplementary group(s). Use only with the
           -G option.

...skipping...
       -e, --expiredate EXPIRE_DATE
           The date on which the user account will be disabled. The date
           is specified in the format YYYY-MM-DD. Integers as input are
           interpreted as days after 1970-01-01.

           An input of -1 or an empty string will blank the account
           expiration field in the shadow password file. The account
           will remain available with no date limit.

           This option requires a /etc/shadow file. A /etc/shadow entry
           will be created if there were none.

       -f, --inactive INACTIVE
           defines the number of days after the password exceeded its
           maximum age during which the user may still login by
           immediately replacing the password. This grace period before
           the account becomes inactive is stored in the shadow password
           file. An input of 0 will disable an expired password with no
           delay. An input of -1 will blank the respective field in the
>0;user@ubse: ~ermod(8) line 36 (press h for help or q to quit)
user@ubse:~$ less /etc/gr

groff/  group   group-  grub.d/ 
0;user@ubse: ~
user@ubse:~$ less /etc/gr
groff/  group   group-  grub.d/ 
0;user@ubse: ~
user@ubse:~$ less /etc/gro
u
p0;user@ubse: ~
user@ubse:~$ less /etc/group
root:x:0:
daemon:x:1:
bin:x:2:
sys:x:3:
adm:x:4:syslog,user
tty:x:5:
disk:x:6:
lp:x:7:
mail:x:8:
news:x:9:
uucp:x:10:
man:x:12:
proxy:x:13:
kmem:x:15:
dialout:x:20:
fax:x:21:
voice:x:22:
cdrom:x:24:user
floppy:x:25:
tape:x:26:
sudo:x:27:user
audio:x:29:
dip:x:30:user
www-data:x:33:
backup:x:34:
operator:x:37:
list:x:38:
irc:x:39:
src:x:40:
shadow:x:42:
utmp:x:43:
video:x:44:
sasl:x:45:
plugdev:x:46:user
staff:x:50:
games:x:60:
users:x:100:other,green,bert
nogroup:x:65534:
systemd-journal:x:999:
systemd-network:x:998:
systemd-timesync:x:997:
input:x:996:
sgx:x:995:
kvm:x:994:
render:x:993:
lxd:x:101:user
messagebus:x:102:
systemd-resolve:x:992:
_ssh:x:103:
polkitd:x:991:
crontab:x:990:
syslog:x:104:
uuidd:x:105:
rdma:x:106:
tcpdump:x:107:
tss:x:108:
landscape:x:109:
fwupd-refresh:x:989:
user:x:1000:
other:x:1001:
shared:x:1002:
tomgrupp:x:1003:
green:x:1004:
marketing:x:1005:green
bert:x:1006:
finance:x:1007:bert
(END)
(END)
Mmessagebus:x:102:
Mlxd:x:101:user
Mrender:x:993:
Mkvm:x:994:
Msgx:x:995:
Minput:x:996:
Msystemd-timesync:x:997:
Msystemd-network:x:998:
Msystemd-journal:x:999:
Mnogroup:x:65534:
Musers:x:100:other,green,bert
>0;user@ubse: ~
user@ubse:~$ less /etc/grou /etc/grou /etc/grou /etc/grou /etc/grou

g /etc/grour /etc/groue /etc/group /etc/grou /etc/groug /etc/grour /etc/groue /etc/groue /etc/groun /etc/grou
users:x:100:other,green,bert
green:x:1004:
marketing:x:1005:green
0;user@ubse: ~
user@ubse:~$ grep green /etc/groupas
swd
green:x:1004:1004:Greeny Greensson,,,:/home/green:/bin/bash
0;user@ubse: ~
user@ubse:~$ grep green /etc/passwgroupasswgroush
ado /etc/gshado /etc/gshado /etc/gshado /etc/gshado /etc/gshado/etc/gshado /etc/gshado /etc/gshado /etc/gshado /etc/gshado





s /etc/gshadou /etc/gshadod /etc/gshadoo /etc/gshado /etc/gshadol /etc/gshadoe /etc/gshados /etc/gshados /etc/gshado0;user@ubse: ~
user@ubse:~$ sudo less /etc/gshado
[sudo] password for user: 
root:*::
daemon:*::
bin:*::
sys:*::
adm:*::syslog,user
tty:*::
disk:*::
lp:*::
mail:*::
news:*::
uucp:*::
man:*::
proxy:*::
kmem:*::
dialout:*::
fax:*::
voice:*::
cdrom:*::user
floppy:*::
tape:*::adow
sudo:*::user
audio:*::
dip:*::user
www-data:*::
backup:*::
operator:*::
list:*::
irc:*::
src:*::
shadow:*::
utmp:*::
video:*::
sasl:*::
plugdev:*::user
staff:*::
games:*::
users:*::other,green,bert
nogroup:*::
systemd-journal:!*::
systemd-network:!*::
systemd-timesync:!*::
input:!*::
sgx:!*::
kvm:!*::
render:!*::
lxd:!::user
messagebus:!::
systemd-resolve:!*::
_ssh:!::
polkitd:!*::
crontab:!*::
syslog:!::
uuidd:!::
rdma:!::
tcpdump:!::
tss:!::
landscape:!::
Mnogroup:*::
Musers:*::other,green,bert
Mgames:*::
Mstaff:*::
Mplugdev:*::user
Msasl:*::
Mvideo:*::
Mutmp:*::
Mshadow:*::
Msrc:*::
Mirc:*::
Mlist:*::
Moperator:*::
Mbackup:*::
Mwww-data:*::
Mdip:*::user
Maudio:*::
Msudo:*::user
Mtape:*::
Mfloppy:*::
nogroup:*::
systemd-journal:!*::
systemd-network:!*::
systemd-timesync:!*::
input:!*::
sgx:!*::
kvm:!*::
render:!*::
lxd:!::user
messagebus:!::
systemd-resolve:!*::
_ssh:!::
polkitd:!*::
crontab:!*::
syslog:!::
uuidd:!::
rdma:!::
tcpdump:!::
tss:!::B
landscape:!::
fwupd-refresh:!*::
user:!::
other:!::
shared:!::
tomgrupp:!::
green:!::
marketing:!::green
bert:!::
finance:!::bert
 ESESCOB
 ESESCOB
Mmessagebus:!::
Mlxd:!::user
Mrender:!*::
Mkvm:!*::
Msgx:!*::
Minput:!*::
Msystemd-timesync:!*::
Msystemd-network:!*::
Msystemd-journal:!*::
Mnogroup:*::
Musers:*::other,green,bert
Mgames:*::
Mstaff:*::
Mplugdev:*::user
Msasl:*::
Mvideo:*::
Mutmp:*::
Mshadow:*::
Msrc:*::
Mirc:*::
Mlist:*::
Moperator:*::
Mbackup:*::
Mwww-data:*::
Mdip:*::user
Maudio:*::
Msudo:*::user
Mtape:*::
Mfloppy:*::
Mcdrom:*::user
Mvoice:*::
Mfax:*::
Mdialout:*::
Mkmem:*::
Mproxy:*::
Mman:*::
Muucp:*::
Mnews:*::
Mmail:*::
Mlp:*::A
Mdisk:*::
Mtty:*::
backup:*::
operator:*::
list:*::
irc:*::B
src:*::B
shadow:*::
utmp:*::
video:*::
sasl:*::
plugdev:*::user
staff:*::
games:*::
users:*::other,green,bert
nogroup:*::
systemd-journal:!*::
systemd-network:!*::
systemd-timesync:!*::
input:!*::
sgx:!*::
kvm:!*::
render:!*::
lxd:!::user
messagebus:!::
systemd-resolve:!*::
_ssh:!::
polkitd:!*::
crontab:!*::
syslog:!::
uuidd:!::
rdma:!::
tcpdump:!::
tss:!::B
landscape:!::
fwupd-refresh:!*::
user:!::
other:!::
shared:!::
tomgrupp:!::
green:!::
marketing:!::green
bert:!::
finance:!::bert
 ESESCOB
 ESESCOB
>0;user@ubse: ~
lesspaseen /etc/passwgroupc/gshadow
swd
root:x:0:0:root:/root:/bin/bash
daemon:x:1:1:daemon:/usr/sbin:/usr/sbin/nologin
bin:x:2:2:bin:/bin:/usr/sbin/nologin
sys:x:3:3:sys:/dev:/usr/sbin/nologin
sync:x:4:65534:sync:/bin:/bin/sync
games:x:5:60:games:/usr/games:/usr/sbin/nologin
man:x:6:12:man:/var/cache/man:/usr/sbin/nologin
lp:x:7:7:lp:/var/spool/lpd:/usr/sbin/nologin
mail:x:8:8:mail:/var/mail:/usr/sbin/nologin
news:x:9:9:news:/var/spool/news:/usr/sbin/nologin
uucp:x:10:10:uucp:/var/spool/uucp:/usr/sbin/nologin
proxy:x:13:13:proxy:/bin:/usr/sbin/nologin
www-data:x:33:33:www-data:/var/www:/usr/sbin/nologin
backup:x:34:34:backup:/var/backups:/usr/sbin/nologin
list:x:38:38:Mailing List Manager:/var/list:/usr/sbin/nologin
irc:x:39:39:ircd:/run/ircd:/usr/sbin/nologin
_apt:x:42:65534::/nonexistent:/usr/sbin/nologin
nobody:x:65534:65534:nobody:/nonexistent:/usr/sbin/nologin
systemd-network:x:998:998:systemd Network Management:/:/usr/sbin/nologin
nESESCOBtimesync:x:997:997:systemd Time Synchronization:/:/usr/sbin/nologi:
dhcpcd:x:100:65534:DHCP Client Daemon,,,:/usr/lib/dhcpcd:/bin/false
messagebus:x:101:102::/nonexistent:/usr/sbin/nologin
systemd-resolve:x:992:992:systemd Resolver:/:/usr/sbin/nologin
pollinate:x:102:1::/var/cache/pollinate:/bin/false
polkitd:x:991:991:User for polkitd:/:/usr/sbin/nologin
Mman:x:6:12:man:/var/cache/man:/usr/sbin/nologin
Mgames:x:5:60:games:/usr/games:/usr/sbin/nologin
Msync:x:4:65534:sync:/bin:/bin/sync
Msys:x:3:3:sys:/dev:/usr/sbin/nologin
Mbin:x:2:2:bin:/bin:/usr/sbin/nologin
Mdaemon:x:1:1:daemon:/usr/sbin:/usr/sbin/nologin
Mroot:x:0:0:root:/root:/bin/bash
 ESESCOA
nESESCOBtimesync:x:997:997:systemd Time Synchronization:/:/usr/sbin/nologi:
dhcpcd:x:100:65534:DHCP Client Daemon,,,:/usr/lib/dhcpcd:/bin/false
messagebus:x:101:102::/nonexistent:/usr/sbin/nologin
systemd-resolve:x:992:992:systemd Resolver:/:/usr/sbin/nologin
pollinate:x:102:1::/var/cache/pollinate:/bin/false
polkitd:x:991:991:User for polkitd:/:/usr/sbin/nologin
syslog:x:103:104::/nonexistent:/usr/sbin/nologin
uuidd:x:104:105::/run/uuidd:/usr/sbin/nologin
tcpdump:x:105:107::/nonexistent:/usr/sbin/nologin
tss:x:106:108:TPM software stack,,,:/var/lib/tpm:/bin/false
landscape:x:107:109::/var/lib/landscape:/usr/sbin/nologin
loginCOBfresh:x:989:989:Firmware update daemon:/var/lib/fwupd:/usr/sbin/no:
usbmux:x:108:46:usbmux daemon,,,:/var/lib/usbmux:/usr/sbin/nologin
sshd:x:109:65534::/run/sshd:/usr/sbin/nologin
user:x:1000:1000:Firstname Lastname:/home/user:/bin/bash
other:x:1001:1001:,,,:/home/other:/bin/bash
green:x:1004:1004:Greeny Greensson,,,:/home/green:/bin/bash
bert:x:1006:1006:Bert Bertsson,,,:/home/bert:/bin/bash
 ESESCOB
 ESESCOB
 ESESCOB
>0;user@ubse: ~
user@ubse:~$ less /etc/passwd
root:x:0:0:root:/root:/bin/bash
daemon:x:1:1:daemon:/usr/sbin:/usr/sbin/nologin
bin:x:2:2:bin:/bin:/usr/sbin/nologin
sys:x:3:3:sys:/dev:/usr/sbin/nologin
sync:x:4:65534:sync:/bin:/bin/sync
games:x:5:60:games:/usr/games:/usr/sbin/nologin
man:x:6:12:man:/var/cache/man:/usr/sbin/nologin
lp:x:7:7:lp:/var/spool/lpd:/usr/sbin/nologin
mail:x:8:8:mail:/var/mail:/usr/sbin/nologin
news:x:9:9:news:/var/spool/news:/usr/sbin/nologin
uucp:x:10:10:uucp:/var/spool/uucp:/usr/sbin/nologin
proxy:x:13:13:proxy:/bin:/usr/sbin/nologin
www-data:x:33:33:www-data:/var/www:/usr/sbin/nologin
backup:x:34:34:backup:/var/backups:/usr/sbin/nologin
list:x:38:38:Mailing List Manager:/var/list:/usr/sbin/nologin
irc:x:39:39:ircd:/run/ircd:/usr/sbin/nologin
_apt:x:42:65534::/nonexistent:/usr/sbin/nologin
nobody:x:65534:65534:nobody:/nonexistent:/usr/sbin/nologin
systemd-network:x:998:998:systemd Network Management:/:/usr/sbin/nologin
>0;user@ubse: ~
user@ubse:~$ 0;user@ubse: ~
user@ubse:~$ ps -e
    PID TTY          TIME CMD
      1 ?        00:00:00 systemd
      2 ?        00:00:00 kthreadd
      3 ?        00:00:00 pool_workqueue_release
      4 ?        00:00:00 kworker/R-rcu_g
      5 ?        00:00:00 kworker/R-rcu_p
      6 ?        00:00:00 kworker/R-slub_
      7 ?        00:00:00 kworker/R-netns
     10 ?        00:00:00 kworker/0:0H-events_highpri
     11 ?        00:00:00 kworker/u4:0-efi_rts_wq
     12 ?        00:00:00 kworker/R-mm_pe
     13 ?        00:00:00 rcu_tasks_kthread
     14 ?        00:00:00 rcu_tasks_rude_kthread
     15 ?        00:00:00 rcu_tasks_trace_kthread
     16 ?        00:00:00 ksoftirqd/0
     17 ?        00:00:00 rcu_preempt
     18 ?        00:00:00 migration/0
     19 ?        00:00:00 idle_inject/0
     20 ?        00:00:00 cpuhp/0
     21 ?        00:00:00 cpuhp/1
     22 ?        00:00:00 idle_inject/1
     23 ?        00:00:00 migration/1
     24 ?        00:00:00 ksoftirqd/1
     29 ?        00:00:00 kdevtmpfs
     30 ?        00:00:00 kworker/R-inet_
     32 ?        00:00:00 kauditd
     33 ?        00:00:00 khungtaskd
     34 ?        00:00:00 oom_reaper
     36 ?        00:00:00 kworker/R-write
     37 ?        00:00:00 kcompactd0
     38 ?        00:00:00 ksmd
     40 ?        00:00:00 khugepaged
     41 ?        00:00:00 kworker/R-kinte
     42 ?        00:00:00 kworker/R-kbloc
     43 ?        00:00:00 kworker/R-blkcg
     44 ?        00:00:00 irq/9-acpi
     45 ?        00:00:00 kworker/R-tpm_d
     46 ?        00:00:00 kworker/R-ata_s
     47 ?        00:00:00 kworker/R-md
     48 ?        00:00:00 kworker/R-md_bi
     49 ?        00:00:00 kworker/R-edac-
     50 ?        00:00:00 kworker/u4:1-ext4-rsv-conversion
     51 ?        00:00:00 kworker/R-devfr
     52 ?        00:00:00 watchdogd
     53 ?        00:00:00 kworker/u6:1-events_power_efficient
     54 ?        00:00:00 kworker/1:1H-kblockd
     55 ?        00:00:00 kswapd0
     56 ?        00:00:00 ecryptfs-kthread
     57 ?        00:00:00 kworker/R-kthro
     58 ?        00:00:00 kworker/R-acpi_
     60 ?        00:00:00 scsi_eh_0
     61 ?        00:00:00 kworker/R-scsi_
     62 ?        00:00:00 scsi_eh_1
     63 ?        00:00:00 kworker/R-scsi_
     67 ?        00:00:00 kworker/R-mld
     68 ?        00:00:00 kworker/R-ipv6_
     75 ?        00:00:00 kworker/R-kstrp
     77 ?        00:00:00 kworker/u7:0
     78 ?        00:00:00 kworker/u8:0
     79 ?        00:00:00 kworker/u9:0
     84 ?        00:00:00 kworker/R-crypt
     95 ?        00:00:00 kworker/R-charg
    121 ?        00:00:00 kworker/0:1H-kblockd
    164 ?        00:00:00 scsi_eh_2
    165 ?        00:00:00 kworker/R-scsi_
    197 ?        00:00:00 kworker/R-raid5
    222 ?        00:00:00 kworker/1:2H-kblockd
    240 ?        00:00:00 jbd2/sda2-8
    241 ?        00:00:00 kworker/R-ext4-
    327 ?        00:00:00 systemd-journal
    334 ?        00:00:00 kworker/R-kmpat
    335 ?        00:00:00 kworker/R-kmpat
    342 ?        00:00:00 multipathd
    371 ?        00:00:01 systemd-udevd
    383 ?        00:00:00 psimon
    449 ?        00:00:00 irq/18-vmwgfx
    450 ?        00:00:00 kworker/R-ttm
    565 ?        00:00:00 systemd-resolve
    578 ?        00:00:00 systemd-timesyn
    732 ?        00:00:00 systemd-network
    753 ?        00:00:00 kworker/R-cfg80
    754 ?        00:00:00 systemd-logind
    755 ?        00:00:00 dbus-daemon
    771 ?        00:00:00 polkitd
    788 ?        00:00:00 udisksd
    821 ?        00:00:00 unattended-upgr
    823 ?        00:00:00 rsyslogd
    844 ?        00:00:00 ModemManager
    948 ?        00:00:00 cron
    956 tty1     00:00:00 agetty
    985 ?        00:00:00 sshd
   1202 ?        00:00:10 kworker/1:0-mm_percpu_wq
   1215 ?        00:00:00 kworker/u5:0-events_power_efficient
   1242 ?        00:00:00 sshd
   1245 ?        00:00:00 psimon
   1247 ?        00:00:00 systemd
   1249 ?        00:00:00 (sd-pam)
   1336 ?        00:00:00 sshd
   1337 pts/0    00:00:00 bash
   1381 ?        00:00:00 kworker/u5:1-events_unbound
   1407 ?        00:00:00 fwupd
   1414 ?        00:00:00 upowerd
   1423 ?        00:00:01 kworker/0:0-events
   1424 ?        00:00:00 sshd
   1479 ?        00:00:00 sshd
   1480 pts/1    00:00:00 bash
   1575 ?        00:00:00 kworker/u6:2-events_power_efficient
   1621 ?        00:00:00 kworker/u5:2-events_power_efficient
   1624 ?        00:00:01 kworker/0:1-mm_percpu_wq
   1641 ?        00:00:00 kworker/1:3-cgroup_destroy
   1661 ?        00:00:00 kworker/u6:0-events_unbound
   1722 ?        00:00:00 kworker/u5:3-events_unbound
   1749 ?        00:00:00 kworker/0:2
   1752 ?        00:00:00 kworker/u6:3-events_power_efficient
   1773 ?        00:00:00 kworker/1:1-cgroup_destroy
   1774 pts/0    00:00:00 ps
0;user@ubse: ~
user@ubse:~$ ps -ea
    PID TTY          TIME CMD
      1 ?        00:00:00 systemd
      2 ?        00:00:00 kthreadd
      3 ?        00:00:00 pool_workqueue_release
      4 ?        00:00:00 kworker/R-rcu_g
      5 ?        00:00:00 kworker/R-rcu_p
      6 ?        00:00:00 kworker/R-slub_
      7 ?        00:00:00 kworker/R-netns
     10 ?        00:00:00 kworker/0:0H-events_highpri
     11 ?        00:00:00 kworker/u4:0-efi_rts_wq
     12 ?        00:00:00 kworker/R-mm_pe
     13 ?        00:00:00 rcu_tasks_kthread
     14 ?        00:00:00 rcu_tasks_rude_kthread
     15 ?        00:00:00 rcu_tasks_trace_kthread
     16 ?        00:00:00 ksoftirqd/0
     17 ?        00:00:00 rcu_preempt
     18 ?        00:00:00 migration/0
     19 ?        00:00:00 idle_inject/0
     20 ?        00:00:00 cpuhp/0
     21 ?        00:00:00 cpuhp/1
     22 ?        00:00:00 idle_inject/1
     23 ?        00:00:00 migration/1
     24 ?        00:00:00 ksoftirqd/1
     29 ?        00:00:00 kdevtmpfs
     30 ?        00:00:00 kworker/R-inet_
     32 ?        00:00:00 kauditd
     33 ?        00:00:00 khungtaskd
     34 ?        00:00:00 oom_reaper
     36 ?        00:00:00 kworker/R-write
     37 ?        00:00:00 kcompactd0
     38 ?        00:00:00 ksmd
     40 ?        00:00:00 khugepaged
     41 ?        00:00:00 kworker/R-kinte
     42 ?        00:00:00 kworker/R-kbloc
     43 ?        00:00:00 kworker/R-blkcg
     44 ?        00:00:00 irq/9-acpi
     45 ?        00:00:00 kworker/R-tpm_d
     46 ?        00:00:00 kworker/R-ata_s
     47 ?        00:00:00 kworker/R-md
     48 ?        00:00:00 kworker/R-md_bi
     49 ?        00:00:00 kworker/R-edac-
     50 ?        00:00:00 kworker/u4:1-ext4-rsv-conversion
     51 ?        00:00:00 kworker/R-devfr
     52 ?        00:00:00 watchdogd
     53 ?        00:00:00 kworker/u6:1-events_power_efficient
     54 ?        00:00:00 kworker/1:1H-kblockd
     55 ?        00:00:00 kswapd0
     56 ?        00:00:00 ecryptfs-kthread
     57 ?        00:00:00 kworker/R-kthro
     58 ?        00:00:00 kworker/R-acpi_
     60 ?        00:00:00 scsi_eh_0
     61 ?        00:00:00 kworker/R-scsi_
     62 ?        00:00:00 scsi_eh_1
     63 ?        00:00:00 kworker/R-scsi_
     67 ?        00:00:00 kworker/R-mld
     68 ?        00:00:00 kworker/R-ipv6_
     75 ?        00:00:00 kworker/R-kstrp
     77 ?        00:00:00 kworker/u7:0
     78 ?        00:00:00 kworker/u8:0
     79 ?        00:00:00 kworker/u9:0
     84 ?        00:00:00 kworker/R-crypt
     95 ?        00:00:00 kworker/R-charg
    121 ?        00:00:00 kworker/0:1H-kblockd
    164 ?        00:00:00 scsi_eh_2
    165 ?        00:00:00 kworker/R-scsi_
    197 ?        00:00:00 kworker/R-raid5
    222 ?        00:00:00 kworker/1:2H-kblockd
    240 ?        00:00:00 jbd2/sda2-8
    241 ?        00:00:00 kworker/R-ext4-
    327 ?        00:00:00 systemd-journal
    334 ?        00:00:00 kworker/R-kmpat
    335 ?        00:00:00 kworker/R-kmpat
    342 ?        00:00:00 multipathd
    371 ?        00:00:01 systemd-udevd
    383 ?        00:00:00 psimon
    449 ?        00:00:00 irq/18-vmwgfx
    450 ?        00:00:00 kworker/R-ttm
    565 ?        00:00:00 systemd-resolve
    578 ?        00:00:00 systemd-timesyn
    732 ?        00:00:00 systemd-network
    753 ?        00:00:00 kworker/R-cfg80
    754 ?        00:00:00 systemd-logind
    755 ?        00:00:00 dbus-daemon
    771 ?        00:00:00 polkitd
    788 ?        00:00:00 udisksd
    821 ?        00:00:00 unattended-upgr
    823 ?        00:00:00 rsyslogd
    844 ?        00:00:00 ModemManager
    948 ?        00:00:00 cron
    956 tty1     00:00:00 agetty
    985 ?        00:00:00 sshd
   1202 ?        00:00:10 kworker/1:0-events
   1215 ?        00:00:00 kworker/u5:0-events_power_efficient
   1242 ?        00:00:00 sshd
   1245 ?        00:00:00 psimon
   1247 ?        00:00:00 systemd
   1249 ?        00:00:00 (sd-pam)
   1336 ?        00:00:00 sshd
   1337 pts/0    00:00:00 bash
   1381 ?        00:00:00 kworker/u5:1-events_unbound
   1407 ?        00:00:00 fwupd
   1414 ?        00:00:00 upowerd
   1423 ?        00:00:01 kworker/0:0-events
   1424 ?        00:00:00 sshd
   1479 ?        00:00:00 sshd
   1480 pts/1    00:00:00 bash
   1575 ?        00:00:00 kworker/u6:2-events_power_efficient
   1621 ?        00:00:00 kworker/u5:2-events_power_efficient
   1624 ?        00:00:01 kworker/0:1-mm_percpu_wq
   1641 ?        00:00:00 kworker/1:3-cgroup_destroy
   1661 ?        00:00:00 kworker/u6:0-flush-8:0
   1722 ?        00:00:00 kworker/u5:3-events_unbound
   1749 ?        00:00:00 kworker/0:2
   1752 ?        00:00:00 kworker/u6:3-events_power_efficient
   1773 ?        00:00:00 kworker/1:1-cgroup_destroy
   1777 ?        00:00:00 (udev-worker)
   1778 ?        00:00:00 (udev-worker)
   1779 pts/0    00:00:00 ps
0;user@ubse: ~
user@ubse:~$ ps -e














sudo 0;user@ubse: ~
user@ubse:~$ sudo ps -e
    PID TTY          TIME CMD
      1 ?        00:00:00 systemd
      2 ?        00:00:00 kthreadd
      3 ?        00:00:00 pool_workqueue_release
      4 ?        00:00:00 kworker/R-rcu_g
      5 ?        00:00:00 kworker/R-rcu_p
      6 ?        00:00:00 kworker/R-slub_
      7 ?        00:00:00 kworker/R-netns
     10 ?        00:00:00 kworker/0:0H-events_highpri
     11 ?        00:00:00 kworker/u4:0-efi_rts_wq
     12 ?        00:00:00 kworker/R-mm_pe
     13 ?        00:00:00 rcu_tasks_kthread
     14 ?        00:00:00 rcu_tasks_rude_kthread
     15 ?        00:00:00 rcu_tasks_trace_kthread
     16 ?        00:00:00 ksoftirqd/0
     17 ?        00:00:00 rcu_preempt
     18 ?        00:00:00 migration/0
     19 ?        00:00:00 idle_inject/0
     20 ?        00:00:00 cpuhp/0
     21 ?        00:00:00 cpuhp/1
     22 ?        00:00:00 idle_inject/1
     23 ?        00:00:00 migration/1
     24 ?        00:00:00 ksoftirqd/1
     29 ?        00:00:00 kdevtmpfs
     30 ?        00:00:00 kworker/R-inet_
     32 ?        00:00:00 kauditd
     33 ?        00:00:00 khungtaskd
     34 ?        00:00:00 oom_reaper
     36 ?        00:00:00 kworker/R-write
     37 ?        00:00:00 kcompactd0
     38 ?        00:00:00 ksmd
     40 ?        00:00:00 khugepaged
     41 ?        00:00:00 kworker/R-kinte
     42 ?        00:00:00 kworker/R-kbloc
     43 ?        00:00:00 kworker/R-blkcg
     44 ?        00:00:00 irq/9-acpi
     45 ?        00:00:00 kworker/R-tpm_d
     46 ?        00:00:00 kworker/R-ata_s
     47 ?        00:00:00 kworker/R-md
     48 ?        00:00:00 kworker/R-md_bi
     49 ?        00:00:00 kworker/R-edac-
     50 ?        00:00:00 kworker/u4:1-ext4-rsv-conversion
     51 ?        00:00:00 kworker/R-devfr
     52 ?        00:00:00 watchdogd
     53 ?        00:00:00 kworker/u6:1-events_power_efficient
     54 ?        00:00:00 kworker/1:1H-kblockd
     55 ?        00:00:00 kswapd0
     56 ?        00:00:00 ecryptfs-kthread
     57 ?        00:00:00 kworker/R-kthro
     58 ?        00:00:00 kworker/R-acpi_
     60 ?        00:00:00 scsi_eh_0
     61 ?        00:00:00 kworker/R-scsi_
     62 ?        00:00:00 scsi_eh_1
     63 ?        00:00:00 kworker/R-scsi_
     67 ?        00:00:00 kworker/R-mld
     68 ?        00:00:00 kworker/R-ipv6_
     75 ?        00:00:00 kworker/R-kstrp
     77 ?        00:00:00 kworker/u7:0
     78 ?        00:00:00 kworker/u8:0
     79 ?        00:00:00 kworker/u9:0
     84 ?        00:00:00 kworker/R-crypt
     95 ?        00:00:00 kworker/R-charg
    121 ?        00:00:00 kworker/0:1H-kblockd
    164 ?        00:00:00 scsi_eh_2
    165 ?        00:00:00 kworker/R-scsi_
    197 ?        00:00:00 kworker/R-raid5
    222 ?        00:00:00 kworker/1:2H-kblockd
    240 ?        00:00:00 jbd2/sda2-8
    241 ?        00:00:00 kworker/R-ext4-
    327 ?        00:00:00 systemd-journal
    334 ?        00:00:00 kworker/R-kmpat
    335 ?        00:00:00 kworker/R-kmpat
    342 ?        00:00:00 multipathd
    371 ?        00:00:01 systemd-udevd
    383 ?        00:00:00 psimon
    449 ?        00:00:00 irq/18-vmwgfx
    450 ?        00:00:00 kworker/R-ttm
    565 ?        00:00:00 systemd-resolve
    578 ?        00:00:00 systemd-timesyn
    732 ?        00:00:00 systemd-network
    753 ?        00:00:00 kworker/R-cfg80
    754 ?        00:00:00 systemd-logind
    755 ?        00:00:00 dbus-daemon
    771 ?        00:00:00 polkitd
    788 ?        00:00:00 udisksd
    821 ?        00:00:00 unattended-upgr
    823 ?        00:00:00 rsyslogd
    844 ?        00:00:00 ModemManager
    948 ?        00:00:00 cron
    956 tty1     00:00:00 agetty
    985 ?        00:00:00 sshd
   1202 ?        00:00:10 kworker/1:0-events
   1215 ?        00:00:00 kworker/u5:0-events_power_efficient
   1242 ?        00:00:00 sshd
   1245 ?        00:00:00 psimon
   1247 ?        00:00:00 systemd
   1249 ?        00:00:00 (sd-pam)
   1336 ?        00:00:00 sshd
   1337 pts/0    00:00:00 bash
   1381 ?        00:00:00 kworker/u5:1-events_unbound
   1407 ?        00:00:00 fwupd
   1414 ?        00:00:00 upowerd
   1423 ?        00:00:01 kworker/0:0-events
   1424 ?        00:00:00 sshd
   1479 ?        00:00:00 sshd
   1480 pts/1    00:00:00 bash
   1575 ?        00:00:00 kworker/u6:2-events_unbound
   1621 ?        00:00:00 kworker/u5:2-events_power_efficient
   1624 ?        00:00:01 kworker/0:1-mm_percpu_wq
   1641 ?        00:00:00 kworker/1:3-cgroup_destroy
   1661 ?        00:00:00 kworker/u6:0-events_unbound
   1722 ?        00:00:00 kworker/u5:3-events_power_efficient
   1749 ?        00:00:00 kworker/0:2
   1752 ?        00:00:00 kworker/u6:3-events_power_efficient
   1773 ?        00:00:00 kworker/1:1-cgroup_destroy
   1781 pts/0    00:00:00 sudo
   1782 pts/2    00:00:00 sudo
   1783 pts/2    00:00:00 ps
0;user@ubse: ~
user@ubse:~$ 0;user@ubse: ~
user@ubse:~$ man ps
PS(1)                         User Commands                        PS(1)

NAME
       ps - report a snapshot of the current processes.

SYNOPSIS
       ps [options]

DESCRIPTION
       ps displays information about a selection of the active
       processes.  If you want a repetitive update of the selection and
       the displayed information, use top instead.

       This version of ps accepts several kinds of options:

       1   UNIX  options, which may be grouped and must be preceded by a
           dash.
       2   BSD options, which may be grouped and must not be used with a
           dash.
       3   GNU long options, which are preceded by two dashes.
 ESESCOBpage ps(1) line 2 (press h for help or q to quit)
       Options of different types may be freely mixed, but conflicts can
       appear.   There  are   some   synonymous   options,   which   are
       functionally   identical,  due  to  the  many  standards  and  ps
       implementations that this ps is compatible with.t)
 ESESCOBpage ps(1) line 7 (press h for help or q to quit)
       By default, ps selects all processes with the same effective user
       ID (euid=EUID) as the current user and associated with  the  same
       terminal  as  the invoker.  It displays the process ID (pid=PID),
       the  terminal  associated  with  the  process  (tname=TTY),   the
       cumulated  CPU  time in [DD-]hh:mm:ss format (time=TIME), and the
       executable name (ucmd=CMD).  Output is unsorted by default.
 ESESCOBpage ps(1) line 14 (press h for help or q to quit)
       The use of BSD-style options will add process  state  (stat=STAT)
       to  the  default display and show the command args (args=COMMAND)
       instead of the executable name.  You can override this  with  the
       PS_FORMAT  environment  variable.   The  use of BSD-style options
       will also change the process selection to  include  processes  on
       other  terminals  (TTYs) that are owned by you; alternately, this
       may be described as setting the selection to be the  set  of  all
       processes  filtered  to exclude processes owned by other users or
       not on a terminal.  These effects are not considered when options
       are  described  as  being  "identical"  below,  so  -M  will   be
       considered identical to Z and so on.p or q to quit)
 ESESCOBpage ps(1) line 26 (press h for help or q to quit)
       Except   as   described  below,  process  selection  options  are
       additive.  The default  selection  is  discarded,  and  then  the
       selected  processes  are  added  to  the  set  of processes to be
       displayed.  A process will thus be shown if it meets any  of  the
       given selection criteria.s h for help or q to quit)
 ESESCOBpage ps(1) line 32 (press h for help or q to quit)
EXAMPLESpage ps(1) line 33 (press h for help or q to quit)
       To see every process on the system using standard syntax:
          ps -e(1) line 35 (press h for help or q to quit)
          ps -ef1) line 36 (press h for help or q to quit)
          ps -eF1) line 37 (press h for help or q to quit)
          ps -ely) line 38 (press h for help or q to quit)
 ESESCOBpage ps(1) line 39 (press h for help or q to quit)
       To see every process on the system using BSD syntax:
          ps ax(1) line 41 (press h for help or q to quit)
          ps axu1) line 42 (press h for help or q to quit)
 ESESCOBpage ps(1) line 43 (press h for help or q to quit)
       To print a process tree:ss h for help or q to quit)
          ps -ejH) line 45 (press h for help or q to quit)
          ps axjf) line 46 (press h for help or q to quit)
 ESESCOBpage ps(1) line 47 (press h for help or q to quit)
       To get info about threads: h for help or q to quit)
          ps -eLf) line 49 (press h for help or q to quit)
          ps axms) line 50 (press h for help or q to quit)
 ESESCOBpage ps(1) line 51 (press h for help or q to quit)
       To get security info:press h for help or q to quit)
          ps -eo euser,ruser,suser,fuser,f,comm,labelquit)
          ps axZ1) line 54 (press h for help or q to quit)
          ps -eM1) line 55 (press h for help or q to quit)
 ESESCOBpage ps(1) line 56 (press h for help or q to quit)
       To see every process running as root (real & effective ID) in
       user format:line 58 (press h for help or q to quit)
          ps -U root -u root uess h for help or q to quit)
 ESESCOBpage ps(1) line 60 (press h for help or q to quit)
       To see every process with a user-defined format:it)
          ps -eo pid,tid,class,rtprio,ni,pri,psr,pcpu,stat,wchan:14,comm
          ps axo stat,euid,ruid,tty,tpgid,sess,pgrp,ppid,pid,pcpu,comm
          ps -Ao pid,tt,user,fname,tmout,f,wchanq to quit)
 ESESCOBpage ps(1) line 65 (press h for help or q to quit)
       Print only the process IDs of syslogd:or q to quit)
>0;user@ubse: ~(1) line 67 (press h for help or q to quit)
user@ubse:~$ man ps
PS(1)                         User Commands                        PS(1)

NAME
       ps - report a snapshot of the current processes.

SYNOPSIS
       ps [options]

DESCRIPTION
       ps displays information about a selection of the active
       processes.  If you want a repetitive update of the selection and
       the displayed information, use top instead.

       This version of ps accepts several kinds of options:

       1   UNIX  options, which may be grouped and must be preceded by a
           dash.
       2   BSD options, which may be grouped and must not be used with a
           dash.
PS(1)                         User Commands                        PS(1)

NAME
       ps - report a snapshot of the current processes.

SYNOPSIS
       ps [options]

DESCRIPTION
       ps displays information about a selection of the active
       processes.  If you want a repetitive update of the selection and
       the displayed information, use top instead.

       This version of ps accepts several kinds of options:

       1   UNIX  options, which may be grouped and must be preceded by a
           dash.
       2   BSD options, which may be grouped and must not be used with a
           dash.
PS(1)                         User Commands                        PS(1)

NAME
       ps - report a snapshot of the current processes.

SYNOPSIS
       ps [options]

DESCRIPTION
       ps displays information about a selection of the active
       processes.  If you want a repetitive update of the selection and
       the displayed information, use top instead.

       This version of ps accepts several kinds of options:

       1   UNIX  options, which may be grouped and must be preceded by a
           dash.
       2   BSD options, which may be grouped and must not be used with a
           dash.
...skipping...s(1) line 1 (press h for help or q to quit)
       By default, ps selects all processes with the same effective user
       ID (euid=EUID) as the current user and associated with  the  same
       terminal  as  the invoker.  It displays the process ID (pid=PID),
       the  terminal  associated  with  the  process  (tname=TTY),   the
       cumulated  CPU  time in [DD-]hh:mm:ss format (time=TIME), and the
       executable name (ucmd=CMD).  Output is unsorted by default.

       The use of BSD-style options will add process  state  (stat=STAT)
       to  the  default display and show the command args (args=COMMAND)
       instead of the executable name.  You can override this  with  the
       PS_FORMAT  environment  variable.   The  use of BSD-style options
       will also change the process selection to  include  processes  on
       other  terminals  (TTYs) that are owned by you; alternately, this
       may be described as setting the selection to be the  set  of  all
       processes  filtered  to exclude processes owned by other users or
       not on a terminal.  These effects are not considered when options
       are  described  as  being  "identical"  below,  so  -M  will   be
       considered identical to Z and so on.

       Except   as   described  below,  process  selection  options  are
       additive.  The default  selection  is  discarded,  and  then  the
       selected  processes  are  added  to  the  set  of processes to be
       displayed.  A process will thus be shown if it meets any  of  the
       given selection criteria.

EXAMPLES
       To see every process on the system using standard syntax:
          ps -e
          ps -ef
          ps -eF
          ps -ely

       To see every process on the system using BSD syntax:
...skipping...s(1) line 41 (press h for help or q to quit)
          ps -eo euser,ruser,suser,fuser,f,comm,label
          ps axZ
          ps -eM

       To see every process running as root (real & effective ID) in
       user format:
          ps -U root -u root u

       To see every process with a user-defined format:
          ps -eo pid,tid,class,rtprio,ni,pri,psr,pcpu,stat,wchan:14,comm
          ps axo stat,euid,ruid,tty,tpgid,sess,pgrp,ppid,pid,pcpu,comm
          ps -Ao pid,tt,user,fname,tmout,f,wchan

       Print only the process IDs of syslogd:
          ps -C syslogd -o pid=

       Print only the name of PID 42:
          ps -q 42 -o comm=

>0;user@ubse: ~(1) line 72 (press h for help or q to quit)
user@ubse:~$ 0;user@ubse: ~
user@ubse:~$ sudsudo ps -e -u root
    PID TTY          TIME CMD
      1 ?        00:00:00 systemd
      2 ?        00:00:00 kthreadd
      3 ?        00:00:00 pool_workqueue_release
      4 ?        00:00:00 kworker/R-rcu_g
      5 ?        00:00:00 kworker/R-rcu_p
      6 ?        00:00:00 kworker/R-slub_
      7 ?        00:00:00 kworker/R-netns
     10 ?        00:00:00 kworker/0:0H-events_highpri
     11 ?        00:00:00 kworker/u4:0-efi_rts_wq
     12 ?        00:00:00 kworker/R-mm_pe
     13 ?        00:00:00 rcu_tasks_kthread
     14 ?        00:00:00 rcu_tasks_rude_kthread
     15 ?        00:00:00 rcu_tasks_trace_kthread
     16 ?        00:00:00 ksoftirqd/0
     17 ?        00:00:00 rcu_preempt
     18 ?        00:00:00 migration/0
     19 ?        00:00:00 idle_inject/0
     20 ?        00:00:00 cpuhp/0
     21 ?        00:00:00 cpuhp/1
     22 ?        00:00:00 idle_inject/1
     23 ?        00:00:00 migration/1
     24 ?        00:00:00 ksoftirqd/1
     29 ?        00:00:00 kdevtmpfs
     30 ?        00:00:00 kworker/R-inet_
     32 ?        00:00:00 kauditd
     33 ?        00:00:00 khungtaskd
     34 ?        00:00:00 oom_reaper
     36 ?        00:00:00 kworker/R-write
     37 ?        00:00:00 kcompactd0
     38 ?        00:00:00 ksmd
     40 ?        00:00:00 khugepaged
     41 ?        00:00:00 kworker/R-kinte
     42 ?        00:00:00 kworker/R-kbloc
     43 ?        00:00:00 kworker/R-blkcg
     44 ?        00:00:00 irq/9-acpi
     45 ?        00:00:00 kworker/R-tpm_d
     46 ?        00:00:00 kworker/R-ata_s
     47 ?        00:00:00 kworker/R-md
     48 ?        00:00:00 kworker/R-md_bi
     49 ?        00:00:00 kworker/R-edac-
     50 ?        00:00:00 kworker/u4:1-ext4-rsv-conversion
     51 ?        00:00:00 kworker/R-devfr
     52 ?        00:00:00 watchdogd
     53 ?        00:00:00 kworker/u6:1-events_power_efficient
     54 ?        00:00:00 kworker/1:1H-kblockd
     55 ?        00:00:00 kswapd0
     56 ?        00:00:00 ecryptfs-kthread
     57 ?        00:00:00 kworker/R-kthro
     58 ?        00:00:00 kworker/R-acpi_
     60 ?        00:00:00 scsi_eh_0
     61 ?        00:00:00 kworker/R-scsi_
     62 ?        00:00:00 scsi_eh_1
     63 ?        00:00:00 kworker/R-scsi_
     67 ?        00:00:00 kworker/R-mld
     68 ?        00:00:00 kworker/R-ipv6_
     75 ?        00:00:00 kworker/R-kstrp
     77 ?        00:00:00 kworker/u7:0
     78 ?        00:00:00 kworker/u8:0
     79 ?        00:00:00 kworker/u9:0
     84 ?        00:00:00 kworker/R-crypt
     95 ?        00:00:00 kworker/R-charg
    121 ?        00:00:00 kworker/0:1H-kblockd
    164 ?        00:00:00 scsi_eh_2
    165 ?        00:00:00 kworker/R-scsi_
    197 ?        00:00:00 kworker/R-raid5
    222 ?        00:00:00 kworker/1:2H-kblockd
    240 ?        00:00:00 jbd2/sda2-8
    241 ?        00:00:00 kworker/R-ext4-
    327 ?        00:00:00 systemd-journal
    334 ?        00:00:00 kworker/R-kmpat
    335 ?        00:00:00 kworker/R-kmpat
    342 ?        00:00:00 multipathd
    371 ?        00:00:01 systemd-udevd
    383 ?        00:00:00 psimon
    449 ?        00:00:00 irq/18-vmwgfx
    450 ?        00:00:00 kworker/R-ttm
    565 ?        00:00:00 systemd-resolve
    578 ?        00:00:00 systemd-timesyn
    732 ?        00:00:00 systemd-network
    753 ?        00:00:00 kworker/R-cfg80
    754 ?        00:00:00 systemd-logind
    755 ?        00:00:00 dbus-daemon
    771 ?        00:00:00 polkitd
    788 ?        00:00:00 udisksd
    821 ?        00:00:00 unattended-upgr
    823 ?        00:00:00 rsyslogd
    844 ?        00:00:00 ModemManager
    948 ?        00:00:00 cron
    956 tty1     00:00:00 agetty
    985 ?        00:00:00 sshd
   1202 ?        00:00:10 kworker/1:0-events
   1242 ?        00:00:00 sshd
   1245 ?        00:00:00 psimon
   1247 ?        00:00:00 systemd
   1249 ?        00:00:00 (sd-pam)
   1336 ?        00:00:00 sshd
   1337 pts/0    00:00:00 bash
   1381 ?        00:00:00 kworker/u5:1-events_unbound
   1407 ?        00:00:00 fwupd
   1414 ?        00:00:00 upowerd
   1423 ?        00:00:02 kworker/0:0-events
   1424 ?        00:00:00 sshd
   1479 ?        00:00:00 sshd
   1480 pts/1    00:00:00 bash
   1575 ?        00:00:00 kworker/u6:2-events_power_efficient
   1621 ?        00:00:00 kworker/u5:2-events_power_efficient
   1624 ?        00:00:01 kworker/0:1-mm_percpu_wq
   1641 ?        00:00:00 kworker/1:3-cgroup_destroy
   1661 ?        00:00:00 kworker/u6:0-events_unbound
   1722 ?        00:00:00 kworker/u5:3-events_power_efficient
   1749 ?        00:00:00 kworker/0:2
   1752 ?        00:00:00 kworker/u6:3-events_power_efficient
   1773 ?        00:00:00 kworker/1:1-cgroup_destroy
   1814 pts/0    00:00:00 sudo
   1815 pts/2    00:00:00 sudo
   1816 pts/2    00:00:00 ps
0;user@ubse: ~
user@ubse:~$ sudo ps -e -u roogreen0;user@ubse: ~
user@ubse:~$ sudo ps -e -u green
    PID TTY          TIME CMD
      1 ?        00:00:00 systemd
      2 ?        00:00:00 kthreadd
      3 ?        00:00:00 pool_workqueue_release
      4 ?        00:00:00 kworker/R-rcu_g
      5 ?        00:00:00 kworker/R-rcu_p
      6 ?        00:00:00 kworker/R-slub_
      7 ?        00:00:00 kworker/R-netns
     10 ?        00:00:00 kworker/0:0H-events_highpri
     11 ?        00:00:00 kworker/u4:0-efi_rts_wq
     12 ?        00:00:00 kworker/R-mm_pe
     13 ?        00:00:00 rcu_tasks_kthread
     14 ?        00:00:00 rcu_tasks_rude_kthread
     15 ?        00:00:00 rcu_tasks_trace_kthread
     16 ?        00:00:00 ksoftirqd/0
     17 ?        00:00:00 rcu_preempt
     18 ?        00:00:00 migration/0
     19 ?        00:00:00 idle_inject/0
     20 ?        00:00:00 cpuhp/0
     21 ?        00:00:00 cpuhp/1
     22 ?        00:00:00 idle_inject/1
     23 ?        00:00:00 migration/1
     24 ?        00:00:00 ksoftirqd/1
     29 ?        00:00:00 kdevtmpfs
     30 ?        00:00:00 kworker/R-inet_
     32 ?        00:00:00 kauditd
     33 ?        00:00:00 khungtaskd
     34 ?        00:00:00 oom_reaper
     36 ?        00:00:00 kworker/R-write
     37 ?        00:00:00 kcompactd0
     38 ?        00:00:00 ksmd
     40 ?        00:00:00 khugepaged
     41 ?        00:00:00 kworker/R-kinte
     42 ?        00:00:00 kworker/R-kbloc
     43 ?        00:00:00 kworker/R-blkcg
     44 ?        00:00:00 irq/9-acpi
     45 ?        00:00:00 kworker/R-tpm_d
     46 ?        00:00:00 kworker/R-ata_s
     47 ?        00:00:00 kworker/R-md
     48 ?        00:00:00 kworker/R-md_bi
     49 ?        00:00:00 kworker/R-edac-
     50 ?        00:00:00 kworker/u4:1-ext4-rsv-conversion
     51 ?        00:00:00 kworker/R-devfr
     52 ?        00:00:00 watchdogd
     53 ?        00:00:00 kworker/u6:1-events_power_efficient
     54 ?        00:00:00 kworker/1:1H-kblockd
     55 ?        00:00:00 kswapd0
     56 ?        00:00:00 ecryptfs-kthread
     57 ?        00:00:00 kworker/R-kthro
     58 ?        00:00:00 kworker/R-acpi_
     60 ?        00:00:00 scsi_eh_0
     61 ?        00:00:00 kworker/R-scsi_
     62 ?        00:00:00 scsi_eh_1
     63 ?        00:00:00 kworker/R-scsi_
     67 ?        00:00:00 kworker/R-mld
     68 ?        00:00:00 kworker/R-ipv6_
     75 ?        00:00:00 kworker/R-kstrp
     77 ?        00:00:00 kworker/u7:0
     78 ?        00:00:00 kworker/u8:0
     79 ?        00:00:00 kworker/u9:0
     84 ?        00:00:00 kworker/R-crypt
     95 ?        00:00:00 kworker/R-charg
    121 ?        00:00:00 kworker/0:1H-kblockd
    164 ?        00:00:00 scsi_eh_2
    165 ?        00:00:00 kworker/R-scsi_
    197 ?        00:00:00 kworker/R-raid5
    222 ?        00:00:00 kworker/1:2H-kblockd
    240 ?        00:00:00 jbd2/sda2-8
    241 ?        00:00:00 kworker/R-ext4-
    327 ?        00:00:00 systemd-journal
    334 ?        00:00:00 kworker/R-kmpat
    335 ?        00:00:00 kworker/R-kmpat
    342 ?        00:00:00 multipathd
    371 ?        00:00:01 systemd-udevd
    383 ?        00:00:00 psimon
    449 ?        00:00:00 irq/18-vmwgfx
    450 ?        00:00:00 kworker/R-ttm
    565 ?        00:00:00 systemd-resolve
    578 ?        00:00:00 systemd-timesyn
    732 ?        00:00:00 systemd-network
    753 ?        00:00:00 kworker/R-cfg80
    754 ?        00:00:00 systemd-logind
    755 ?        00:00:00 dbus-daemon
    771 ?        00:00:00 polkitd
    788 ?        00:00:00 udisksd
    821 ?        00:00:00 unattended-upgr
    823 ?        00:00:00 rsyslogd
    844 ?        00:00:00 ModemManager
    948 ?        00:00:00 cron
    956 tty1     00:00:00 agetty
    985 ?        00:00:00 sshd
   1202 ?        00:00:10 kworker/1:0-events
   1242 ?        00:00:00 sshd
   1245 ?        00:00:00 psimon
   1247 ?        00:00:00 systemd
   1249 ?        00:00:00 (sd-pam)
   1336 ?        00:00:00 sshd
   1337 pts/0    00:00:00 bash
   1381 ?        00:00:00 kworker/u5:1-events_unbound
   1407 ?        00:00:00 fwupd
   1414 ?        00:00:00 upowerd
   1423 ?        00:00:02 kworker/0:0-events
   1424 ?        00:00:00 sshd
   1479 ?        00:00:00 sshd
   1480 pts/1    00:00:00 bash
   1575 ?        00:00:00 kworker/u6:2-events_unbound
   1621 ?        00:00:00 kworker/u5:2-events_power_efficient
   1624 ?        00:00:01 kworker/0:1-mm_percpu_wq
   1641 ?        00:00:00 kworker/1:3-cgroup_destroy
   1661 ?        00:00:00 kworker/u6:0-events_unbound
   1722 ?        00:00:00 kworker/u5:3-events_power_efficient
   1749 ?        00:00:00 kworker/0:2
   1752 ?        00:00:00 kworker/u6:3-events_power_efficient
   1773 ?        00:00:00 kworker/1:1-cgroup_destroy
   1819 pts/0    00:00:00 sudo
   1820 pts/2    00:00:00 sudo
   1821 pts/2    00:00:00 ps
0;user@ubse: ~
user@ubse:~$ 0;user@ubse: ~
user@ubse:~$ cut -d: /-f1 /etc/p[aas
swd
root
daemon
bin
sys
sync
games
man
lp
mail
news
uucp
proxy
www-data
backup
list
irc
_apt
nobody
systemd-network
systemd-timesync
dhcpcd
messagebus
systemd-resolve
pollinate
polkitd
syslog
uuidd
tcpdump
tss
landscape
fwupd-refresh
usbmux
sshd
user
other
green
bert
0;user@ubse: ~
user@ubse:~$ cut -d: -f1 /etc/passwd0;user@ubse: ~
user@ubse:~$ cut -d: -f1 /etc/passwd  ^C
0;user@ubse: ~
user@ubse:~$ awk -F: '{ print $1 }


^C
0;user@ubse: ~
user@ubse:~$ awk -F: '{ print $1 }' /etc/pas
swd
root
daemon
bin
sys
sync
games
man
lp
mail
news
uucp
proxy
www-data
backup
list
irc
_apt
nobody
systemd-network
systemd-timesync
dhcpcd
messagebus
systemd-resolve
pollinate
polkitd
syslog
uuidd
tcpdump
tss
landscape
fwupd-refresh
usbmux
sshd
user
other
green
bert
0;user@ubse: ~
user@ubse:~$ 0;user@ubse: ~
user@ubse:~$ sudo -i
0;root@ubse: ~
root@ubse:~# adduser user
info: Adding user `user1' ...
info: Selecting UID/GID from range 1000 to 59999 ...
info: Adding new group `user1' (1008) ...
info: Adding new user `user1' (1008) with group `user1 (1008)' ...
info: Creating home directory `/home/user1' ...
info: Copying files from `/etc/skel' ...
New password: 
Retype new password: 
passwd: password updated successfully
Changing the user information for user1
Enter the new value, or press ENTER for the default
	Full Name []: 
	Room Number []: 
	Work Phone []: 
	Home Phone []: 
	Other []: 
Is the information correct? [Y/n] 
info: Adding new user `user1' to supplemental / extra groups `users' ...
info: Adding user `user1' to group `users' ...
0;root@ubse: ~
root@ubse:~# adduser user0;root@ubse: ~
root@ubse:~# man useradd
USERADD(8)             System Management Commands             USERADD(8)

NAME
       useradd - create a new user or update default new user
       information

SYNOPSIS

       useradd [options] LOGIN

       useradd -D

       useradd -D [options]

DESCRIPTION
       useradd is a low level utility for adding users. On Debian,
       administrators should usually use adduser(8) instead.

       When invoked without the -D option, the useradd command creates a
       new user account using the values specified on the command line
       plus the default values from the system. Depending on command
       line options, the useradd command will update system files and
       may also create the new user's home directory and copy initial
       files.useradd(8) line 5 (press h for help or q to quit)
 ESESCOBpage useradd(8) line 6 (press h for help or q to quit)
       By default, a group will also be created for the new user (see
       -g, -N, -U, and USERGROUPS_ENAB).for help or q to quit)
 ESESCOBpage useradd(8) line 9 (press h for help or q to quit)
OPTIONSBpage useradd(8) line 10 (press h for help or q to quit)
       The options which apply to the useradd command are:quit)
 ESESCOBpage useradd(8) line 12 (press h for help or q to quit)
       --badnameradd(8) line 13 (press h for help or q to quit)
           Allow names that do not conform to standards.o quit)
 ESESCOBpage useradd(8) line 15 (press h for help or q to quit)
       -b, --base-dir BASE_DIR6 (press h for help or q to quit)
           The default base directory for the system if -d HOME_DIR is
           not specified.  BASE_DIR is concatenated with the account
           name to define the home directory.help or q to quit)
 ESESCOBpage useradd(8) line 20 (press h for help or q to quit)
           If this option is not specified, useradd will use the base
           directory specified by the HOME variable in to quit)
           /etc/default/useradd, or /home by default.q to quit)
 ESESCOBpage useradd(8) line 24 (press h for help or q to quit)
       -c, --comment COMMENT 25 (press h for help or q to quit)
           Any text string. It is generally a short description of the
           account, and is currently used as the field for the user's
           full name.8) line 28 (press h for help or q to quit)
 ESESCOBpage useradd(8) line 29 (press h for help or q to quit)
       -d, --home-dir HOME_DIR0 (press h for help or q to quit)
           The new user will be created using HOME_DIR as the value for
           the user's login directory. The default is to append the
           LOGIN name to BASE_DIR and use that as the login directory
           name. If the directory HOME_DIR does not exist, then it will
           be created unless the -M option is specified.o quit)
 ESESCOBpage useradd(8) line 36 (press h for help or q to quit)
       -D, --defaults8) line 37 (press h for help or q to quit)
           See below, the subsection "Changing the default values".
 ESESCOBpage useradd(8) line 39 (press h for help or q to quit)
       -e, --expiredate EXPIRE_DATEess h for help or q to quit)
           The date on which the user account will be disabled. The date
           is specified in the format YYYY-MM-DD. or q to quit)
 ESESCOBpage useradd(8) line 43 (press h for help or q to quit)
           If not specified, useradd will use the default expiry date
           specified by the EXPIRE variable in /etc/default/useradd, or
           an empty string (no expiry) by default.or q to quit)
 ESESCOBpage useradd(8) line 47 (press h for help or q to quit)
       -f, --inactive INACTIVE8 (press h for help or q to quit)
           defines the number of days after the password exceeded its
           maximum age where the user is expected to replace this
           password. The value is stored in the shadow password file. An
           input of 0 will disable an expired password with no delay. An
           input of -1 will blank the respective field in the shadow
           password file. See shadow(5)for more information.it)
 ESESCOBpage useradd(8) line 55 (press h for help or q to quit)
           If not specified, useradd will use the default inactivity
           period specified by the INACTIVE variable into quit)
           /etc/default/useradd, or -1 by default.or q to quit)
 ESESCOBpage useradd(8) line 59 (press h for help or q to quit)
       -F, --add-subids-for-systemress h for help or q to quit)
           Update /etc/subuid and /etc/subgid even when creating a
           system account with -r option.for help or q to quit)
 ESESCOBpage useradd(8) line 63 (press h for help or q to quit)
       -g, --gid GROUP) line 64 (press h for help or q to quit)
           The name or the number of the user's primary group. The group
           name must exist. A group number must refer to an already
           existing group.ne 67 (press h for help or q to quit)
 ESESCOBpage useradd(8) line 68 (press h for help or q to quit)
           If not specified, the behavior of useradd will depend on the
           USERGROUPS_ENAB variable in /etc/login.defs. If this variable
           is set to yes (or -U/--user-group is specified on the command
           line), a group will be created for the user, with the same
           name as her loginname. If the variable is set to no (or
           -N/--no-user-group is specified on the command line), useradd
           will set the primary group of the new user to the value
           specified by the GROUP variable in /etc/default/useradd, or
           100 by default.ne 77 (press h for help or q to quit)
 ESESCOBpage useradd(8) line 78 (press h for help or q to quit)
       -G, --groups GROUP1[,GROUP2,...[,GROUPN]]] or q to quit)
           A list of supplementary groups which the user is also a
           member of. Each group is separated from the next by a comma,
           with no intervening whitespace. The groups are subject to the
           same restrictions as the group given with the -g option. The
           default is for the user to belong only to the initial group.
 ESESCOBpage useradd(8) line 85 (press h for help or q to quit)
       -h, --helpadd(8) line 86 (press h for help or q to quit)
           Display help message and exit.for help or q to quit)
 ESESCOBpage useradd(8) line 88 (press h for help or q to quit)
       -k, --skel SKEL_DIRne 89 (press h for help or q to quit)
           The skeleton directory, which contains files and directories
           to be copied in the user's home directory, when the home
           directory is created by useradd.r help or q to quit)
 ESESCOBpage useradd(8) line 93 (press h for help or q to quit)
           This option is only valid if the -m (or --create-home) option
           is specified.line 95 (press h for help or q to quit)
 ESESCOBpage useradd(8) line 96 (press h for help or q to quit)
           If this option is not set, the skeleton directory is defined
           by the SKEL variable in /etc/default/useradd or, by default,
           /etc/skel.8) line 99 (press h for help or q to quit)
 ESESCOBpage useradd(8) line 100 (press h for help or q to quit)
           If possible, the ACLs and extended attributes are copied.
 ESESCOBpage useradd(8) line 102 (press h for help or q to quit)
       -K, --key KEY=VALUEne 103 (press h for help or q to quit)
           Overrides /etc/login.defs defaults (UID_MIN, UID_MAX, UMASK,
           PASS_MAX_DAYS and others).ss h for help or q to quit)
 ESESCOBpage useradd(8) line 106 (press h for help or q to quit)
           Example: -K PASS_MAX_DAYS =-1 can be used when creating an
MESESCOApage useradd(8) line 108 (press h for help or q to quit)
M           Display help message and exit.for help or q to quit)
M       -h, --helpdd(8) line 106 (press h for help or q to quit)
           PASS_MAX_DAYS and others).ss h for help or q to quit)
 ESESCOBpage useradd(8) line 106 (press h for help or q to quit)
           Example: -K PASS_MAX_DAYS =-1 can be used when creating an
           account to turn off password aging. Multiple -K options can
           be specified, e.g.: -K UID_MIN =100 -K  UID_MAX=499t)
 ESESCOBpage useradd(8) line 110 (press h for help or q to quit)
           For the compatibility with previous Debian's useradd, the -O
           option is also supported.ess h for help or q to quit)
 ESESCOBpage useradd(8) line 113 (press h for help or q to quit)
       -l, --no-log-initline 114 (press h for help or q to quit)
           Do not add the user to the lastlog and faillog databases.
 ESESCOBpage useradd(8) line 116 (press h for help or q to quit)
           By default, the user's entries in the lastlog and faillog
           databases are reset to avoid reusing the entry from a
           previously deleted user.ress h for help or q to quit)
 ESESCOBpage useradd(8) line 120 (press h for help or q to quit)
           If this option is not specified, useradd will also consult
           the variable LOG_INIT in the /etc/default/useradd if set to
           no the user will not be added to the lastlog and faillog
           databases.8) line 124 (press h for help or q to quit)
 ESESCOBpage useradd(8) line 125 (press h for help or q to quit)
       -m, --create-homeline 126 (press h for help or q to quit)
           Create the user's home directory if it does not exist. The
           files and directories contained in the skeleton directory
           (which can be defined with the -k option) will be copied to
           the home directory.30 (press h for help or q to quit)
 ESESCOBpage useradd(8) line 131 (press h for help or q to quit)
           By default, if this option is not specified and CREATE_HOME
           is not enabled, no home directories are created.quit)
 ESESCOBpage useradd(8) line 134 (press h for help or q to quit)
           The directory where the user's home directory is created must
           exist and have proper SELinux context and permissions.
           Otherwise the user's home directory cannot be created or
           accessed.(8) line 138 (press h for help or q to quit)
 ESESCOBpage useradd(8) line 139 (press h for help or q to quit)
       -M, --no-create-homee 140 (press h for help or q to quit)
           Do not create the user's home directory, even if the system
           wide setting from /etc/login.defs (CREATE_HOME) is set to
           yes.eradd(8) line 143 (press h for help or q to quit)
 ESESCOBpage useradd(8) line 144 (press h for help or q to quit)
MESESCOApage useradd(8) line 145 (press h for help or q to quit)
 ESESCOBpage useradd(8) line 144 (press h for help or q to quit)
       -N, --no-user-groupne 145 (press h for help or q to quit)
           Do not create a group with the same name as the user, but add
           the user to the group specified by the -g option or by the
           GROUP variable in /etc/default/useradd. or q to quit)
 ESESCOBpage useradd(8) line 149 (press h for help or q to quit)
           The default behavior (if the -g, -N, and -U options are not
           specified) is defined by the USERGROUPS_ENAB variable in
           /etc/login.defs.e 152 (press h for help or q to quit)
 ESESCOBpage useradd(8) line 153 (press h for help or q to quit)
       -o, --non-unique line 154 (press h for help or q to quit)
           allows the creation of an account with an already existing
           UID.eradd(8) line 156 (press h for help or q to quit)
 ESESCOBpage useradd(8) line 157 (press h for help or q to quit)
           This option is only valid in combination with the -u option.
           As a user identity serves as key to map between users on one
           hand and permissions, file ownerships and other aspects that
           determine the system's behavior on the other hand, more than
           one login name will access the account of the given UID.
 ESESCOBpage useradd(8) line 163 (press h for help or q to quit)
       -p, --password PASSWORD64 (press h for help or q to quit)
           defines an initial password for the account. PASSWORD is
           expected to be encrypted, as returned by crypt (3). Within a
           shell script, this option allows to create efficiently
           batches of users. 168 (press h for help or q to quit)
 ESESCOBpage useradd(8) line 169 (press h for help or q to quit)
           Without this option, the new account will be locked and with
           no password defined, i.e. a single exclamation mark in the
           respective field of /etc/shadow. This is a state where the
           user won't be able to access the account or to define a
           password himself. 174 (press h for help or q to quit)
 ESESCOBpage useradd(8) line 175 (press h for help or q to quit)
           Note:Avoid this option on the command line because the
           password (or encrypted password) will be visible by users
           listing the processes.(press h for help or q to quit)
 ESESCOBpage useradd(8) line 179 (press h for help or q to quit)
           You should make sure the password respects the system's
           password policy.e 181 (press h for help or q to quit)
 ESESCOBpage useradd(8) line 182 (press h for help or q to quit)
       -r, --systemd(8) line 183 (press h for help or q to quit)
           Create a system account.ress h for help or q to quit)
 ESESCOBpage useradd(8) line 185 (press h for help or q to quit)
           System users will be created with no aging information in
           /etc/shadow, and their numeric identifiers are chosen in the
           SYS_UID_MIN-SYS_UID_MAX range, defined in /etc/login.defs,
           instead of UID_MIN-UID_MAX (and their GID counterparts for
           the creation of groups).ress h for help or q to quit)
 ESESCOBpage useradd(8) line 191 (press h for help or q to quit)
           Note that useradd will not create a home directory for such a
           user, regardless of the default setting in /etc/login.defs
           (CREATE_HOME). You have to specify the -m options if you want
           a home directory for a system account to be created.)
 ESESCOBpage useradd(8) line 196 (press h for help or q to quit)
           Note that this option will not update /etc/subuid and
           /etc/subgid. You have to specify the -F options if you want
           to update the files for a system account to be created.
 ESESCOBpage useradd(8) line 200 (press h for help or q to quit)
       -R, --root CHROOT_DIR 201 (press h for help or q to quit)
           Apply changes in the CHROOT_DIR directory and use the
           configuration files from the CHROOT_DIR directory. Only
           absolute paths are supported.h for help or q to quit)
 ESESCOBpage useradd(8) line 205 (press h for help or q to quit)
       -P, --prefix PREFIX_DIR06 (press h for help or q to quit)
           Apply changes to configuration files under the roott)
           filesystem found under the directory PREFIX_DIR. This option
M           instead of UID_MIN-UID_MAX (and their GID counterparts for
M           SYS_UID_MIN-SYS_UID_MAX range, defined in /etc/login.defs,
M           /etc/shadow, and their numeric identifiers are chosen in the
M           System users will be created with no aging information in
MESESCOApage useradd(8) line 205 (press h for help or q to quit)
           absolute paths are supported.h for help or q to quit)
 ESESCOBpage useradd(8) line 205 (press h for help or q to quit)
       -P, --prefix PREFIX_DIR06 (press h for help or q to quit)
           Apply changes to configuration files under the roott)
           filesystem found under the directory PREFIX_DIR. This option
           does not chroot and is intended for preparing a quit)
           cross-compilation target. Some limitations: NIS and LDAP
           users/groups are not verified. PAM authentication is using
           the host files. No SELINUX support.help or q to quit)
 ESESCOBpage useradd(8) line 213 (press h for help or q to quit)
       -s, --shell SHELLline 214 (press h for help or q to quit)
           sets the path to the user's login shell. Without this option,
           the system will use the SHELL variable specified int)
           /etc/default/useradd, or, if that is as well not set, the
           field for the login shell in /etc/passwd remains empty.
 ESESCOBpage useradd(8) line 219 (press h for help or q to quit)
       -u, --uid UID(8) line 220 (press h for help or q to quit)
           The numerical value of the user's ID. This value must be
           unique, unless the -o option is used. The value must be
           non-negative. The default is to use the smallest ID value
           greater than or equal to UID_MIN and greater than every other
           user.radd(8) line 225 (press h for help or q to quit)
 ESESCOBpage useradd(8) line 226 (press h for help or q to quit)
           See also the -r option and the UID_MAX description.t)
 ESESCOBpage useradd(8) line 228 (press h for help or q to quit)
       -U, --user-group line 229 (press h for help or q to quit)
           Create a group with the same name as the user, and add the
           user to this group.31 (press h for help or q to quit)
 ESESCOBpage useradd(8) line 232 (press h for help or q to quit)
>0;root@ubse: ~eradd(8) line 233 (press h for help or q to quit)
root@ubse:~# useradd user2
0;root@ubse: ~
root@ubse:~# grep user2 /etc/pas
swd /etc/gr
o
up
/etc/passwd:user2:x:1009:1009::/home/user2:/bin/sh
/etc/group:user2:x:1009:
0;root@ubse: ~
 lls /home//etc/passwd /etc/groupwd /etc/group
bert  green  other  user  user1
0;root@ubse: ~
root@ubse:~# ls 
0;root@ubse: ~
root@ubse:~# 
ls -l /home/
total 20
drwxr-x--- 3 bert  bert  4096 Apr 17 07:38 bert
drwxr-x--- 2 green green 4096 Apr 16 22:41 green
drwxr-x--- 2 other other 4096 Apr 10 16:51 other
drwxr-x--- 7 user  user  4096 May  6 07:41 user
drwxr-x--- 2 user1 user1 4096 May  6 07:45 user1
0;root@ubse: ~
root@ubse:~# mkdir /home/user2
0;root@ubse: ~
root@ubse:~# chmod --reference=/home/bert/
 /home/us
er2# 
0;root@ubse: ~
root@ubse:~# ls -l /home/u
sed /home/user






drwxr-xr-x 2 root root 4096 May  6 07:53 /home/user2
0;root@ubse: ~
# chmod --reference=/home/bert /home/user2










0;root@ubse: ~
ls -ldbse:~# chmod --reference=/home/bert /home/user2
drwxr-x--- 2 root root 4096 May  6 07:53 /home/user2
0;root@ubse: ~
root@ubse:~# chwoown user2:user2 /home/kus
er2
0;root@ubse: ~
root@ubse:~# ls -l /hpo
o
ome/0;root@ubse: ~
root@ubse:~# ls -l /home/
total 24
drwxr-x--- 3 bert  bert  4096 Apr 17 07:38 bert
drwxr-x--- 2 green green 4096 Apr 16 22:41 green
drwxr-x--- 2 other other 4096 Apr 10 16:51 other
drwxr-x--- 7 user  user  4096 May  6 07:41 user
drwxr-x--- 2 user1 user1 4096 May  6 07:45 user1
drwxr-x--- 2 user2 user2 4096 May  6 07:53 user2
0;root@ubse: ~
0;root@ubse: ~ /etc/passwd /etc/group/etc/passwd /etc/grou
root@ubse:~# gre
















 /etc/sh
adow /etc/gshadow
/etc/passwd:user2:x:1009:1009::/home/user2:/bin/sh
/etc/group:user2:x:1009:
/etc/shadow:user2:!:20214:0:99999:7:::
/etc/gshadow:user2:!::
0;root@ubse: ~
root@ubse:~# passwd
New password: 
Retype new password: 
Sorry, passwords do not match.
passwd: Authentication token manipulation error
passwd: password unchanged
0;root@ubse: ~
root@ubse:~# ^C
0;root@ubse: ~
root@ubse:~# ss
Netid             State              Recv-Q             Send-Q                                                          Local Address:Port                              Peer Address:Port               Process               
u_dgr             ESTAB              0                  0                                                                           * 7640                                         * 7641                                     
u_dgr             ESTAB              0                  0                                                                           * 7109                                         * 3417                                     
u_str             ESTAB              0                  0                                                                           * 11507                                        * 0                                        
u_dgr             ESTAB              0                  0                                                                           * 6889                                         * 3419                                     
u_str             ESTAB              0                  0                                                 /run/dbus/system_bus_socket 7111                                         * 7110                                     
u_str             ESTAB              0                  0                                                                           * 7595                                         * 6793                                     
u_str             ESTAB              0                  0                                                 /run/systemd/journal/stdout 6267                                         * 5629                                     
u_dgr             ESTAB              0                  0                                                                           * 7641                                         * 7640                                     
u_str             ESTAB              0                  0                                                 /run/dbus/system_bus_socket 7746                                         * 6904                                     
u_str             ESTAB              0                  0                                                 /run/systemd/journal/stdout 7679                                         * 6846                                     
u_str             ESTAB              0                  0                                                 /run/systemd/journal/stdout 6793                                         * 7595                                     
u_str             ESTAB              0                  0                                                                           * 7156                                         * 7157                                     
u_dgr             ESTAB              0                  0                                                                           * 7642                                         * 7643                                     
u_str             ESTAB              0                  0                                                                           * 5629                                         * 6267                                     
u_dgr             ESTAB              0                  0                                                                           * 7643                                         * 7642                                     
u_dgr             ESTAB              0                  0                                                                           * 3676                                         * 3419                                     
u_str             ESTAB              0                  0                                                                           * 6846                                         * 7679                                     
u_dgr             ESTAB              0                  0                                                                           * 7613                                         * 3419                                     
u_str             ESTAB              0                  0                                                                           * 7110                                         * 7111                                     
u_str             ESTAB              0                  0                                                 /run/dbus/system_bus_socket 7743                                         * 7637                                     
u_str             ESTAB              0                  0                                                                           * 7031                                         * 7895                                     
u_str             ESTAB              0                  0                                                                           * 6968                                         * 7856                                     
u_str             ESTAB              0                  0                                                 /run/dbus/system_bus_socket 6999                                         * 6998                                     
u_str             ESTAB              0                  0                                                 /run/systemd/journal/stdout 8217                                         * 8182                                     
u_str             ESTAB              0                  0                                                 /run/systemd/journal/stdout 7929                                         * 7050                                     
u_dgr             ESTAB              0                  0                                                                           * 8187                                         * 3417                                     
u_str             ESTAB              0                  0                                                                           * 6998                                         * 6999                                     
u_str             ESTAB              0                  0                                                 /run/dbus/system_bus_socket 11480                                        * 11479                                    
u_str             ESTAB              0                  0                                                                           * 7050                                         * 7929                                     
u_str             ESTAB              0                  0                                                 /run/dbus/system_bus_socket 6954                                         * 6953                                     
u_str             ESTAB              0                  0                                                 /run/systemd/journal/stdout 7895                                         * 7031                                     
u_str             ESTAB              0                  0                                                                           * 11479                                        * 11480                                    
u_str             ESTAB              0                  0                                                                           * 8182                                         * 8217                                     
u_str             ESTAB              0                  0                                                 /run/systemd/journal/stdout 7856                                         * 6968                                     
u_dgr             ESTAB              0                  0                                                                           * 6381                                         * 6382                                     
u_str             ESTAB              0                  0                                                                           * 11637                                        * 11636                                    
u_dgr             ESTAB              0                  0                                                                           * 9110                                         * 9109                                     
u_str             ESTAB              0                  0                                                 /run/systemd/journal/stdout 3723                                         * 4335                                     
u_dgr             ESTAB              0                  0                                                                           * 9109                                         * 9110                                     
u_str             ESTAB              0                  0                                                 /run/dbus/system_bus_socket 9117                                         * 9112                                     
u_dgr             ESTAB              0                  0                                                                           * 4418                                         * 4417                                     
u_str             ESTAB              0                  0                                                                           * 12654                                        * 12653                                    
u_str             ESTAB              0                  0                                                                           * 4335                                         * 3723                                     
u_dgr             ESTAB              0                  0                                                                           * 9078                                         * 3417                                     
u_str             ESTAB              0                  0                                                                           * 6265                                         * 6268                                     
u_dgr             ESTAB              0                  0                                                                           * 11531                                        * 3417                                     
u_dgr             ESTAB              0                  0                                                                           * 6380                                         * 6379                                     
u_dgr             ESTAB              0                  0                                                                           * 6460                                         * 3419                                     
u_str             ESTAB              0                  0                                                                           * 4376                                         * 3856                                     
u_dgr             ESTAB              0                  0                                                                           * 4413                                         * 3419                                     
u_str             ESTAB              0                  0                                                 /run/dbus/system_bus_socket 7742                                         * 6811                                     
u_dgr             ESTAB              0                  0                                                                           * 12649                                        * 3417                                     
u_dgr             ESTAB              0                  0                                                                           * 4417                                         * 4418                                     
u_str             ESTAB              0                  0                                                 /run/dbus/system_bus_socket 7741                                         * 6810                                     
u_dgr             ESTAB              0                  0                                                                           * 4269                                         * 3390                                     
u_str             ESTAB              0                  0                                                                           * 11636                                        * 11637                                    
u_dgr             ESTAB              0                  0                                                                           * 9027                                         * 3417                                     
u_str             ESTAB              0                  0                                                 /run/systemd/journal/stdout 10191                                        * 9069                                     
u_dgr             ESTAB              0                  0                                                                           * 6379                                         * 6380                                     
u_str             ESTAB              0                  0                                                                           * 7738                                         * 7739                                     
u_dgr             ESTAB              0                  0                                                                           * 7737                                         * 3417                                     
u_dgr             ESTAB              0                  0                                                                           * 6382                                         * 6381                                     
u_str             ESTAB              0                  0                                                                           * 9069                                         * 10191                                    
u_str             ESTAB              0                  0                                                                           * 12653                                        * 12654                                    
u_str             ESTAB              0                  0                                                 /run/systemd/journal/stdout 7690                                         * 7689                                     
u_str             ESTAB              0                  0                                                 /run/systemd/journal/stdout 6268                                         * 6265                                     
u_dgr             ESTAB              0                  0                                                                           * 9086                                         * 3419                                     
u_str             ESTAB              0                  0                                                                           * 9005                                         * 0                                        
u_dgr             ESTAB              0                  0                                                                           * 6373                                         * 3419                                     
u_dgr             ESTAB              0                  0                                                         /run/systemd/notify 3390                                         * 0                                        
u_str             ESTAB              0                  0                                                 /run/systemd/journal/stdout 3856                                         * 4376                                     
u_str             ESTAB              0                  0                                                 /run/systemd/journal/stdout 11483                                        * 10515                                    
u_str             ESTAB              0                  0                                                                           * 7162                                         * 7161                                     
u_str             ESTAB              0                  0                                                                           * 11306                                        * 11307                                    
u_dgr             ESTAB              0                  0                                                /run/systemd/journal/dev-log 3417                                         * 0                                        
u_str             ESTAB              0                  0                                                 /run/systemd/journal/stdout 7953                                         * 7952                                     
u_dgr             ESTAB              0                  0                                                 /run/systemd/journal/socket 3419                                         * 0                                        
u_str             ESTAB              0                  0                                                 /run/dbus/system_bus_socket 7038                                         * 7918                                     
u_dgr             ESTAB              0                  0                                                                           * 3391                                         * 3392                                     
u_str             ESTAB              0                  0                                                                           * 7161                                         * 7162                                     
u_str             ESTAB              0                  0                                                 /run/dbus/system_bus_socket 11488                                        * 10524                                    
u_str             ESTAB              0                  0                                                 /run/dbus/system_bus_socket 7157                                         * 7156                                     
u_str             ESTAB              0                  0                                                                           * 8329                                         * 9369                                     
u_dgr             ESTAB              0                  0                                                                           * 3392                                         * 3391                                     
u_dgr             ESTAB              0                  0                                                                           * 7926                                         * 3417                                     
u_str             ESTAB              0                  0                                                                           * 10524                                        * 11488                                    
u_str             ESTAB              0                  0                                                                           * 7918                                         * 7038                                     
u_str             ESTAB              0                  0                                                                           * 10488                                        * 11478                                    
u_str             ESTAB              0                  0                                                                           * 7739                                         * 7738                                     
u_str             ESTAB              0                  0                                                                           * 10515                                        * 11483                                    
u_str             ESTAB              0                  0                                                 /run/systemd/journal/stdout 11478                                        * 10488                                    
u_str             ESTAB              0                  0                                                                           * 7689                                         * 7690                                     
u_str             ESTAB              0                  0                                                                           * 11307                                        * 11306                                    
u_str             ESTAB              0                  0                                                 /run/systemd/journal/stdout 9369                                         * 8329                                     
u_dgr             ESTAB              0                  0                                                                           * 7975                                         * 3417                                     
u_str             ESTAB              0                  0                                                                           * 7952                                         * 7953                                     
u_str             ESTAB              0                  0                       @e4dba937de764b38/bus/systemd-resolve/bus-api-resolve 6810                                         * 7741                                     
u_str             ESTAB              0                  0                       @565652338306d4a8/bus/systemd-network/bus-api-network 7637                                         * 7743                                     
u_str             ESTAB              0                  0                                @48b464a10a5bb157/bus/systemd/bus-api-system 6953                                         * 6954                                     
u_str             ESTAB              0                  0                                 @af31ae7e22954f28/bus/systemd-logind/system 6904                                         * 7746                                     
u_str             ESTAB              0                  0                       @32fc22a8a854dbf/bus/systemd-timesyn/bus-api-timesync 6811                                         * 7742                                     
u_str             ESTAB              0                  0                                    @52cb7ea1b3bb4e03/bus/systemd/bus-system 9112                                         * 9117                                     
icmp6             UNCONN             0                  0                                                                    *%enp0s3:ipv6-icmp                                    *:*                                        
tcp               ESTAB              0                  0                                                          [::ffff:10.0.2.15]:ssh                          [::ffff:10.0.2.2]:37046                                    
tcp               ESTAB              0                  0                                                          [::ffff:10.0.2.15]:ssh                          [::ffff:10.0.2.2]:41914                                    
0;root@ubse: ~
root@ubse:~# 0;root@ubse: ~
root@ubse:~# spasswdgrep user2 /etc/passwd /etc/group /etc/shadow /etc/gshadow
/etc/passwd:user2:x:1009:1009::/home/user2:/bin/sh
/etc/group:user2:x:1009:
/etc/shadow:user2:!:20214:0:99999:7:::
/etc/gshadow:user2:!::
0;root@ubse: ~
ssot@ubse:~# grep user2 /etc/passwd /etc/group /etc/shadow /etc/gshadow
passwd user2
New password: 
Retype new password: 
passwd: password updated successfully
0;root@ubse: ~
root@ubse:~# passwd usergrep user2 /etc/passwd /etc/group /etc/shadow /etc/gshadow
/etc/passwd:user2:x:1009:1009::/home/user2:/bin/sh
/etc/group:user2:x:1009:
/etc/shadow:user2:$y$j9T$Yg65iVK/yZmML0aBizGIa.$.QpfBuwbzAvABs1J96QWSd6EeV3i.9fgSDDnCuFnScC:20214:0:99999:7:::
/etc/gshadow:user2:!::
0;root@ubse: ~
root@ubse:~# su user2
$ 
0;root@ubse: ~
root@ubse:~# exit
logout
0;user@ubse: ~
user@ubse:~$ su user2
Password: 
$ ^^id
uid=1009(user2) gid=1009(user2) groups=1009(user2)
$ cd
$ pwd
/home/user2
$ touch enfil
$ echo $HSSHELL
/bin/sh
$ echo hej svejs^[[D^[[D^[[D^[[D^[[D^[[D^[[D^[[D^[[D^[[D^[[D^[[D^[[D^[[D^[[D
hej svejs
$ ^[[A^[[A^[[B^[[B
sh: 7: : not found
$ ls /etc/							
adduser.conf		issue.net	     rc1.d
alternatives		kernel		     rc2.d
apparmor		landscape	     rc3.d
apparmor.d		ldap		     rc4.d
apport			ld.so.cache	     rc5.d
apt			ld.so.conf	     rc6.d
bash.bashrc		ld.so.conf.d	     rcS.d
bash_completion		legal		     resolv.conf
bash_completion.d	libaudit.conf	     rmt
bindresvport.blacklist	libblockdev	     rpc
binfmt.d		libibverbs.d	     rsyslog.conf
byobu			libnl-3		     rsyslog.d
ca-certificates		locale.alias	     screenrc
ca-certificates.conf	locale.conf	     security
cloud			locale.gen	     selinux
console-setup		localtime	     sensors3.conf
credstore		logcheck	     sensors.d
credstore.encrypted	login.defs	     services
cron.d			logrotate.conf	     sgml
cron.daily		logrotate.d	     shadow
cron.hourly		lsb-release	     shadow-
cron.monthly		lvm		     shells
crontab			machine-id	     skel
cron.weekly		magic		     sos
cron.yearly		magic.mime	     ssh
cryptsetup-initramfs	manpath.config	     ssl
crypttab		mdadm		     subgid
dbus-1			mime.types	     subgid-
debconf.conf		mke2fs.conf	     subuid
debian_version		ModemManager	     subuid-
default			modprobe.d	     sudo.conf
deluser.conf		modules		     sudoers
depmod.d		modules-load.d	     sudoers.d
dhcp			mtab		     sudo_logsrvd.conf
dhcpcd.conf		multipath	     supercat
dictionaries-common	multipath.conf	     sysctl.conf
dpkg			nanorc		     sysctl.d
e2scrub.conf		needrestart	     sysstat
emacs			netconfig	     systemd
environment		netplan		     terminfo
ethertypes		network		     thermald
fonts			networkd-dispatcher  timezone
fstab			networks	     tmpfiles.d
fuse.conf		newt		     ubuntu-advantage
fwupd			nftables.conf	     ucf.conf
gai.conf		nsswitch.conf	     udev
gnutls			opt		     udisks2
groff			os-release	     ufw
group			overlayroot.conf     update-manager
group-			PackageKit	     update-motd.d
grub.d			pam.conf	     update-notifier
gshadow			pam.d		     UPower
gshadow-		passwd		     usb_modeswitch.conf
gss			passwd-		     usb_modeswitch.d
hdparm.conf		perl		     vconsole.conf
host.conf		pki		     vim
hostname		plymouth	     vmware-tools
hosts			pm		     vtrgb
hosts.allow		polkit-1	     wgetrc
hosts.deny		pollinate	     X11
init.d			profile		     xattr.conf
initramfs-tools		profile.d	     xdg
inputrc			protocols	     xml
iproute2		python3		     zsh_command_not_found
iscsi			python3.12
issue			rc0.d
$ ^^bash
user2@ubse:~$ user2@ubse:~$ ijei eiejieje






exit
exit
$ exit
0;user@ubse: ~
user@ubse:~$ sudo nano /etc/pas
swd
[sudo] password for user: 
8rc:x:39:39:ircd:/run/ircd:/usr/sbin/nologin/usr/sbin/nologin      /etc/passwd                             
8apt:x:42:65534::/nonexistent:/usr/sbin/nologin
8obody:x:65534:65534:nobody:/nonexistent:/usr/sbin/nologin
8ystemd-network:x:998:998:systemd Network Management:/:/usr/sbin/nologin
systemd-timesync:x:997:997:systemd Time Synchronization:/:/usr/sbin/nolog>8
dhcpcd:x:100:65534:DHCP Client Daemon,,,:/usr/lib/dhcpcd:/bin/false
messagebus:x:101:102::/nonexistent:/usr/sbin/nologin
systemd-resolve:x:992:992:systemd Resolver:/:/usr/sbin/nologin
pollinate:x:102:1::/var/cache/pollinate:/bin/false
polkitd:x:991:991:User for polkitd:/:/usr/sbin/nologin
syslog:x:103:104::/nonexistent:/usr/sbin/nologin
uuidd:x:104:105::/run/uuidd:/usr/sbin/nologin
tcpdump:x:105:107::/nonexistent:/usr/sbin/nologin
tss:x:106:108:TPM software stack,,,:/var/lib/tpm:/bin/false
landscape:x:107:109::/var/lib/landscape:/usr/sbin/nologin
fwupd-refresh:x:989:989:Firmware update daemon:/var/lib/fwupd:/usr/sbin/n>
usbmux:x:108:46:usbmux daemon,,,:/var/lib/usbmux:/usr/sbin/nologin
sshd:x:109:65534::/run/sshd:/usr/sbin/nologin
user:x:1000:1000:Firstname Lastname:/home/user:/bin/bash
other:x:1001:1001:,,,:/home/other:/bin/bash
green:x:1004:1004:Greeny Greensson,,,:/home/green:/bin/bash
bert:x:1006:1006:Bert Bertsson,,,:/home/bert:/bin/bash
user1:x:1008:1008:,,,:/home/user1:/bin/bash
user2:x:1009:1009::/home/user2:/bin/sh
>0;user@ubse: ~ite: /etc/passwd [ Writing... ] [ Wrote 39 lines ]          Y Yes
user@ubse:~$ su user2
Password: 
user2@ubse:/home/user$ echo $SHELL
/bin/bash
user2@ubse:/home/user$ exit
exit
0;user@ubse: ~
 user2i userdo nano /etc/passwd' /etc/passwd

sudo less /etc/sh
adow
root:*:19836:0:99999:7:::
daemon:*:19836:0:99999:7:::
bin:*:19836:0:99999:7:::
sys:*:19836:0:99999:7:::
sync:*:19836:0:99999:7:::
games:*:19836:0:99999:7:::
man:*:19836:0:99999:7:::
lp:*:19836:0:99999:7:::
mail:*:19836:0:99999:7:::
news:*:19836:0:99999:7:::
uucp:*:19836:0:99999:7:::
proxy:*:19836:0:99999:7:::
www-data:*:19836:0:99999:7:::
backup:*:19836:0:99999:7:::
list:*:19836:0:99999:7:::
irc:*:19836:0:99999:7:::
_apt:*:19836:0:99999:7:::
nobody:*:19836:0:99999:7:::
systemd-network:!*:19836::::::
systemd-timesync:!*:19836::::::
dhcpcd:!:19836::::::
messagebus:!:19836::::::
systemd-resolve:!*:19836::::::
pollinate:!:19836::::::
polkitd:!*:19836::::::
syslog:!:19836::::::
uuidd:!:19836::::::
tcpdump:!:19836::::::
tss:!:19836::::::
landscape:!:19836::::::
fwupd-refresh:!*:19836::::::
usbmux:!:20188::::::
sshd:!:20188::::::
user:$6$peoYmruTDhfCI5cH$eFaltwH1e3JA7poeNOabccOenAQrG36TBE1edsb6iomM4JrLyI0XYYrqBPaW/htblCEt0uilFG/kldrakwaAh1:20188:0:99999:7:::
other:$y$j9T$aTLSCUjtgM98uB4ebGAxI0$gB0nTKGdk1nuZrZ8I4xJAR06RteWry58Ck.ZM4XUYo1:20188:0:99999:7:::
McaoC:20189:0:99999:7:::rKemW7CRi11$qdrR3KwyrH0gfW7kEHoc9izp8hZgjbwcoiPO1v:
bert:$y$j9T$hWXMRgTKIYgj7l.oR3i7V/$9o.oUWctxPIXVxw28.abUJfureIxddE7xil0VkR97u8:20195:0:99999:7:::
user1:$y$j9T$Fi1RSoGhNzmGPhbsL8n.s1$SZX5SURokLcEHivwjXl3OotSRA67E4VXD46BoCs79S5:20214:0:99999:7:::
user2:$y$j9T$Yg65iVK/yZmML0aBizGIa.$.QpfBuwbzAvABs1J96QWSd6EeV3i.9fgSDDnCuFnScC:20214:0:99999:7:::
(END)
>0;user@ubse: ~
user@ubse:~$ 0;user@ubse: ~
user@ubse:~$ less /etc/pas
swd
root:x:0:0:root:/root:/bin/bash
daemon:x:1:1:daemon:/usr/sbin:/usr/sbin/nologin
bin:x:2:2:bin:/bin:/usr/sbin/nologin
sys:x:3:3:sys:/dev:/usr/sbin/nologin
sync:x:4:65534:sync:/bin:/bin/sync
games:x:5:60:games:/usr/games:/usr/sbin/nologin
man:x:6:12:man:/var/cache/man:/usr/sbin/nologin
lp:x:7:7:lp:/var/spool/lpd:/usr/sbin/nologin
mail:x:8:8:mail:/var/mail:/usr/sbin/nologin
news:x:9:9:news:/var/spool/news:/usr/sbin/nologin
uucp:x:10:10:uucp:/var/spool/uucp:/usr/sbin/nologin
proxy:x:13:13:proxy:/bin:/usr/sbin/nologin
www-data:x:33:33:www-data:/var/www:/usr/sbin/nologin
backup:x:34:34:backup:/var/backups:/usr/sbin/nologin
list:x:38:38:Mailing List Manager:/var/list:/usr/sbin/nologin
irc:x:39:39:ircd:/run/ircd:/usr/sbin/nologin
_apt:x:42:65534::/nonexistent:/usr/sbin/nologin
nobody:x:65534:65534:nobody:/nonexistent:/usr/sbin/nologin
systemd-network:x:998:998:systemd Network Management:/:/usr/sbin/nologin
systemd-timesync:x:997:997:systemd Time Synchronization:/:/usr/sbin/nologin
dhcpcd:x:100:65534:DHCP Client Daemon,,,:/usr/lib/dhcpcd:/bin/false
messagebus:x:101:102::/nonexistent:/usr/sbin/nologin
systemd-resolve:x:992:992:systemd Resolver:/:/usr/sbin/nologin
pollinate:x:102:1::/var/cache/pollinate:/bin/false
polkitd:x:991:991:User for polkitd:/:/usr/sbin/nologin
syslog:x:103:104::/nonexistent:/usr/sbin/nologin
uuidd:x:104:105::/run/uuidd:/usr/sbin/nologin
tcpdump:x:105:107::/nonexistent:/usr/sbin/nologin
tss:x:106:108:TPM software stack,,,:/var/lib/tpm:/bin/false
landscape:x:107:109::/var/lib/landscape:/usr/sbin/nologin
fwupd-refresh:x:989:989:Firmware update daemon:/var/lib/fwupd:/usr/sbin/nologin
usbmux:x:108:46:usbmux daemon,,,:/var/lib/usbmux:/usr/sbin/nologin
sshd:x:109:65534::/run/sshd:/usr/sbin/nologin
user:x:1000:1000:Firstname Lastname:/home/user:/bin/bash
other:x:1001:1001:,,,:/home/other:/bin/bash
green:x:1004:1004:Greeny Greensson,,,:/home/green:/bin/bash
bert:x:1006:1006:Bert Bertsson,,,:/home/bert:/bin/bash
user1:x:1008:1008:,,,:/home/user1:/bin/bash
user2:x:1009:1009::/home/user2:/bin/bash
(END)
(END)
>0;user@ubse: ~
user@ubse:~$ less /etc/passwgr
ou
p
root:x:0:
daemon:x:1:
bin:x:2:
sys:x:3:
adm:x:4:syslog,user
tty:x:5:
disk:x:6:
lp:x:7:
mail:x:8:
news:x:9:
uucp:x:10:
man:x:12:
proxy:x:13:
kmem:x:15:
dialout:x:20:
fax:x:21:
voice:x:22:
cdrom:x:24:user
floppy:x:25:
tape:x:26:
sudo:x:27:user
audio:x:29:
dip:x:30:user
www-data:x:33:
backup:x:34:
operator:x:37:
list:x:38:
irc:x:39:
src:x:40:
shadow:x:42:
utmp:x:43:
video:x:44:
sasl:x:45:
plugdev:x:46:user
staff:x:50:
games:x:60:
users:x:100:other,green,bert,user1
nogroup:x:65534:
systemd-journal:x:999:
systemd-network:x:998:
systemd-timesync:x:997:
input:x:996:
sgx:x:995:
kvm:x:994:
render:x:993:
lxd:x:101:user
messagebus:x:102:
systemd-resolve:x:992:
_ssh:x:103:
polkitd:x:991:
crontab:x:990:
syslog:x:104:
uuidd:x:105:
rdma:x:106:
tcpdump:x:107:
tss:x:108:
landscape:x:109:
fwupd-refresh:x:989:
user:x:1000:
other:x:1001:
shared:x:1002:
tomgrupp:x:1003:
green:x:1004:
marketing:x:1005:green
bert:x:1006:
finance:x:1007:bert
user1:x:1008:
user2:x:1009:
(END)
(END)
>0;user@ubse: ~
user@ubse:~$ less /etc/groush
a
do


sudo 
root:*:19836:0:99999:7:::
daemon:*:19836:0:99999:7:::
bin:*:19836:0:99999:7:::
sys:*:19836:0:99999:7:::
sync:*:19836:0:99999:7:::
games:*:19836:0:99999:7:::
man:*:19836:0:99999:7:::
lp:*:19836:0:99999:7:::
mail:*:19836:0:99999:7:::
news:*:19836:0:99999:7:::
uucp:*:19836:0:99999:7:::
proxy:*:19836:0:99999:7:::
www-data:*:19836:0:99999:7:::
backup:*:19836:0:99999:7:::
list:*:19836:0:99999:7:::
irc:*:19836:0:99999:7:::
_apt:*:19836:0:99999:7:::
nobody:*:19836:0:99999:7:::
systemd-network:!*:19836::::::
systemd-timesync:!*:19836::::::
dhcpcd:!:19836::::::
messagebus:!:19836::::::
systemd-resolve:!*:19836::::::
pollinate:!:19836::::::
polkitd:!*:19836::::::
syslog:!:19836::::::
uuidd:!:19836::::::
tcpdump:!:19836::::::
tss:!:19836::::::
landscape:!:19836::::::
fwupd-refresh:!*:19836::::::
usbmux:!:20188::::::
sshd:!:20188::::::
user:$6$peoYmruTDhfCI5cH$eFaltwH1e3JA7poeNOabccOenAQrG36TBE1edsb6iomM4JrLyI0XYYrqBPaW/htblCEt0uilFG/kldrakwaAh1:20188:0:99999:7:::
other:$y$j9T$aTLSCUjtgM98uB4ebGAxI0$gB0nTKGdk1nuZrZ8I4xJAR06RteWry58Ck.ZM4XUYo1:20188:0:99999:7:::
McaoC:20189:0:99999:7:::rKemW7CRi11$qdrR3KwyrH0gfW7kEHoc9izp8hZgjbwcoiPO1v:
bert:$y$j9T$hWXMRgTKIYgj7l.oR3i7V/$9o.oUWctxPIXVxw28.abUJfureIxddE7xil0VkR97u8:20195:0:99999:7:::
user1:$y$j9T$Fi1RSoGhNzmGPhbsL8n.s1$SZX5SURokLcEHivwjXl3OotSRA67E4VXD46BoCs79S5:20214:0:99999:7:::
user2:$y$j9T$Yg65iVK/yZmML0aBizGIa.$.QpfBuwbzAvABs1J96QWSd6EeV3i.9fgSDDnCuFnScC:20214:0:99999:7:::
(END)
(END)
>0;user@ubse: ~
user@ubse:~$ md65s
u

emd5sucmd5suhmd5suomd5su md5su-md5sunmd5su md5su'md5su'md5su md5sugurka|md5su md5su






1cf02b8eacd57c92e9df0a1a3eaa8946  -
0;user@ubse: ~
sudo less /etc/shadow'gurka' | md5sum
root:*:19836:0:99999:7:::
daemon:*:19836:0:99999:7:::
bin:*:19836:0:99999:7:::
sys:*:19836:0:99999:7:::
sync:*:19836:0:99999:7:::
games:*:19836:0:99999:7:::
man:*:19836:0:99999:7:::
lp:*:19836:0:99999:7:::
mail:*:19836:0:99999:7:::
news:*:19836:0:99999:7:::
uucp:*:19836:0:99999:7:::
proxy:*:19836:0:99999:7:::
www-data:*:19836:0:99999:7:::
backup:*:19836:0:99999:7:::
list:*:19836:0:99999:7:::
irc:*:19836:0:99999:7:::
_apt:*:19836:0:99999:7:::
nobody:*:19836:0:99999:7:::
systemd-network:!*:19836::::::
systemd-timesync:!*:19836::::::
dhcpcd:!:19836::::::
messagebus:!:19836::::::
systemd-resolve:!*:19836::::::
pollinate:!:19836::::::
polkitd:!*:19836::::::
syslog:!:19836::::::
uuidd:!:19836::::::
tcpdump:!:19836::::::
tss:!:19836::::::
landscape:!:19836::::::
fwupd-refresh:!*:19836::::::
usbmux:!:20188::::::
sshd:!:20188::::::
user:$6$peoYmruTDhfCI5cH$eFaltwH1e3JA7poeNOabccOenAQrG36TBE1edsb6iomM4JrLyI0XYYrqBPaW/htblCEt0uilFG/kldrakwaAh1:20188:0:99999:7:::
other:$y$j9T$aTLSCUjtgM98uB4ebGAxI0$gB0nTKGdk1nuZrZ8I4xJAR06RteWry58Ck.ZM4XUYo1:20188:0:99999:7:::
McaoC:20189:0:99999:7:::rKemW7CRi11$qdrR3KwyrH0gfW7kEHoc9izp8hZgjbwcoiPO1v:
bert:$y$j9T$hWXMRgTKIYgj7l.oR3i7V/$9o.oUWctxPIXVxw28.abUJfureIxddE7xil0VkR97u8:20195:0:99999:7:::
user1:$y$j9T$Fi1RSoGhNzmGPhbsL8n.s1$SZX5SURokLcEHivwjXl3OotSRA67E4VXD46BoCs79S5:20214:0:99999:7:::
user2:$y$j9T$Yg65iVK/yZmML0aBizGIa.$.QpfBuwbzAvABs1J96QWSd6EeV3i.9fgSDDnCuFnScC:20214:0:99999:7:::
(END)
>0;user@ubse: ~
echo -n 'gurka' | md5sumittsaltdow





fe1b2e6ab075b15b5bb1845cb9da272c  -
0;user@ubse: ~
sudo less /etc/shadow'gurkamittsalt' | md5sum
root:*:19836:0:99999:7:::
daemon:*:19836:0:99999:7:::
bin:*:19836:0:99999:7:::
sys:*:19836:0:99999:7:::
sync:*:19836:0:99999:7:::
games:*:19836:0:99999:7:::
man:*:19836:0:99999:7:::
lp:*:19836:0:99999:7:::
mail:*:19836:0:99999:7:::
news:*:19836:0:99999:7:::
uucp:*:19836:0:99999:7:::
proxy:*:19836:0:99999:7:::
www-data:*:19836:0:99999:7:::
backup:*:19836:0:99999:7:::
list:*:19836:0:99999:7:::
irc:*:19836:0:99999:7:::
_apt:*:19836:0:99999:7:::
nobody:*:19836:0:99999:7:::
systemd-network:!*:19836::::::
systemd-timesync:!*:19836::::::
dhcpcd:!:19836::::::
messagebus:!:19836::::::
systemd-resolve:!*:19836::::::
pollinate:!:19836::::::
polkitd:!*:19836::::::
syslog:!:19836::::::
uuidd:!:19836::::::
tcpdump:!:19836::::::
tss:!:19836::::::
landscape:!:19836::::::
fwupd-refresh:!*:19836::::::
usbmux:!:20188::::::
sshd:!:20188::::::
user:$6$peoYmruTDhfCI5cH$eFaltwH1e3JA7poeNOabccOenAQrG36TBE1edsb6iomM4JrLyI0XYYrqBPaW/htblCEt0uilFG/kldrakwaAh1:20188:0:99999:7:::
other:$y$j9T$aTLSCUjtgM98uB4ebGAxI0$gB0nTKGdk1nuZrZ8I4xJAR06RteWry58Ck.ZM4XUYo1:20188:0:99999:7:::
McaoC:20189:0:99999:7:::rKemW7CRi11$qdrR3KwyrH0gfW7kEHoc9izp8hZgjbwcoiPO1v:
bert:$y$j9T$hWXMRgTKIYgj7l.oR3i7V/$9o.oUWctxPIXVxw28.abUJfureIxddE7xil0VkR97u8:20195:0:99999:7:::
user1:$y$j9T$Fi1RSoGhNzmGPhbsL8n.s1$SZX5SURokLcEHivwjXl3OotSRA67E4VXD46BoCs79S5:20214:0:99999:7:::
user2:$y$j9T$Yg65iVK/yZmML0aBizGIa.$.QpfBuwbzAvABs1J96QWSd6EeV3i.9fgSDDnCuFnScC:20214:0:99999:7:::
(END)
>0;user@ubse: ~
user@ubse:~$ 0;user@ubse: ~
(reverse-i-search)`': u': sudo less /etc/shados': su userr': grep -oE '[^/]{2,}+' /usr/share/hunspell/sv_SE.dic | grep '...' | sort -R
reverse-i-search)`usr': grep -oE '[^/]{2,}+' /usr/share/hunspell/sv_SE.dic | grep '...' | sort -r
failed reverse-i-search)`usre': grep -oE '[^/]{2,}+' /usr/share/hunspell/sv_SE.dic
r': grep -oE '[^/]{2,}+' /usr/share/hunspell/s
e': ls -l usersfil ,}+' /usr/share/hunspell/sv_SE.dic e/hunspell/sv_SE.dic | grep '...' | sort -R 
0;user@ubse: ~a': useradd fod': userad
user@ubse:~$ usera













man useradd 
USERADD(8)             System Management Commands             USERADD(8)

NAME
       useradd - create a new user or update default new user
       information

SYNOPSIS

       useradd [options] LOGIN

       useradd -D

       useradd -D [options]

DESCRIPTION
       useradd is a low level utility for adding users. On Debian,
       administrators should usually use adduser(8) instead.

       When invoked without the -D option, the useradd command creates a
       new user account using the values specified on the command line
       plus the default values from the system. Depending on command
       line options, the useradd command will update system files and
       may also create the new user's home directory and copy initial
       files.useradd(8) line 5 (press h for help or q to quit)
 ESESCOBpage useradd(8) line 6 (press h for help or q to quit)
       By default, a group will also be created for the new user (see
       -g, -N, -U, and USERGROUPS_ENAB).for help or q to quit)
 ESESCOBpage useradd(8) line 9 (press h for help or q to quit)
OPTIONSBpage useradd(8) line 10 (press h for help or q to quit)
       The options which apply to the useradd command are:quit)
 ESESCOBpage useradd(8) line 12 (press h for help or q to quit)
       --badnameradd(8) line 13 (press h for help or q to quit)
           Allow names that do not conform to standards.o quit)
 ESESCOBpage useradd(8) line 15 (press h for help or q to quit)
       -b, --base-dir BASE_DIR6 (press h for help or q to quit)
           The default base directory for the system if -d HOME_DIR is
           not specified.  BASE_DIR is concatenated with the account
           name to define the home directory.help or q to quit)
 ESESCOBpage useradd(8) line 20 (press h for help or q to quit)
           If this option is not specified, useradd will use the base
           directory specified by the HOME variable in to quit)
           /etc/default/useradd, or /home by default.q to quit)
 ESESCOBpage useradd(8) line 24 (press h for help or q to quit)
       -c, --comment COMMENT 25 (press h for help or q to quit)
           Any text string. It is generally a short description of the
           account, and is currently used as the field for the user's
           full name.8) line 28 (press h for help or q to quit)
 ESESCOBpage useradd(8) line 29 (press h for help or q to quit)
       -d, --home-dir HOME_DIR0 (press h for help or q to quit)
           The new user will be created using HOME_DIR as the value for
           the user's login directory. The default is to append the
           LOGIN name to BASE_DIR and use that as the login directory
           name. If the directory HOME_DIR does not exist, then it will
           be created unless the -M option is specified.o quit)
 ESESCOBpage useradd(8) line 36 (press h for help or q to quit)
       -D, --defaults8) line 37 (press h for help or q to quit)
           See below, the subsection "Changing the default values".
 ESESCOBpage useradd(8) line 39 (press h for help or q to quit)
       -e, --expiredate EXPIRE_DATEess h for help or q to quit)
           The date on which the user account will be disabled. The date
           is specified in the format YYYY-MM-DD. or q to quit)
 ESESCOBpage useradd(8) line 43 (press h for help or q to quit)
           If not specified, useradd will use the default expiry date
           specified by the EXPIRE variable in /etc/default/useradd, or
           an empty string (no expiry) by default.or q to quit)
 ESESCOBpage useradd(8) line 47 (press h for help or q to quit)
       -f, --inactive INACTIVE8 (press h for help or q to quit)
           defines the number of days after the password exceeded its
           maximum age where the user is expected to replace this
           password. The value is stored in the shadow password file. An
           input of 0 will disable an expired password with no delay. An
           input of -1 will blank the respective field in the shadow
           password file. See shadow(5)for more information.it)
 ESESCOBpage useradd(8) line 55 (press h for help or q to quit)
           If not specified, useradd will use the default inactivity
           period specified by the INACTIVE variable into quit)
           /etc/default/useradd, or -1 by default.or q to quit)
 ESESCOBpage useradd(8) line 59 (press h for help or q to quit)
       -F, --add-subids-for-systemress h for help or q to quit)
           Update /etc/subuid and /etc/subgid even when creating a
           system account with -r option.for help or q to quit)
 ESESCOBpage useradd(8) line 63 (press h for help or q to quit)
       -g, --gid GROUP) line 64 (press h for help or q to quit)
           The name or the number of the user's primary group. The group
           name must exist. A group number must refer to an already
           existing group.ne 67 (press h for help or q to quit)
 ESESCOBpage useradd(8) line 68 (press h for help or q to quit)
           If not specified, the behavior of useradd will depend on the
           USERGROUPS_ENAB variable in /etc/login.defs. If this variable
           is set to yes (or -U/--user-group is specified on the command
           line), a group will be created for the user, with the same
           name as her loginname. If the variable is set to no (or
           -N/--no-user-group is specified on the command line), useradd
           will set the primary group of the new user to the value
           specified by the GROUP variable in /etc/default/useradd, or
           100 by default.ne 77 (press h for help or q to quit)
 ESESCOBpage useradd(8) line 78 (press h for help or q to quit)
       -G, --groups GROUP1[,GROUP2,...[,GROUPN]]] or q to quit)
           A list of supplementary groups which the user is also a
           member of. Each group is separated from the next by a comma,
           with no intervening whitespace. The groups are subject to the
           same restrictions as the group given with the -g option. The
           default is for the user to belong only to the initial group.
 ESESCOBpage useradd(8) line 85 (press h for help or q to quit)
       -h, --helpadd(8) line 86 (press h for help or q to quit)
           Display help message and exit.for help or q to quit)
 ESESCOBpage useradd(8) line 88 (press h for help or q to quit)
       -k, --skel SKEL_DIRne 89 (press h for help or q to quit)
           The skeleton directory, which contains files and directories
           to be copied in the user's home directory, when the home
           directory is created by useradd.r help or q to quit)
 ESESCOBpage useradd(8) line 93 (press h for help or q to quit)
           This option is only valid if the -m (or --create-home) option
           is specified.line 95 (press h for help or q to quit)
 ESESCOBpage useradd(8) line 96 (press h for help or q to quit)
           If this option is not set, the skeleton directory is defined
           by the SKEL variable in /etc/default/useradd or, by default,
           /etc/skel.8) line 99 (press h for help or q to quit)
 ESESCOBpage useradd(8) line 100 (press h for help or q to quit)
           If possible, the ACLs and extended attributes are copied.
 ESESCOBpage useradd(8) line 102 (press h for help or q to quit)
       -K, --key KEY=VALUEne 103 (press h for help or q to quit)
           Overrides /etc/login.defs defaults (UID_MIN, UID_MAX, UMASK,
           PASS_MAX_DAYS and others).ss h for help or q to quit)
 ESESCOBpage useradd(8) line 106 (press h for help or q to quit)
           Example: -K PASS_MAX_DAYS =-1 can be used when creating an
           account to turn off password aging. Multiple -K options can
           be specified, e.g.: -K UID_MIN =100 -K  UID_MAX=499t)
 ESESCOBpage useradd(8) line 110 (press h for help or q to quit)
           For the compatibility with previous Debian's useradd, the -O
           option is also supported.ess h for help or q to quit)
 ESESCOBpage useradd(8) line 113 (press h for help or q to quit)
       -l, --no-log-initline 114 (press h for help or q to quit)
           Do not add the user to the lastlog and faillog databases.
 ESESCOBpage useradd(8) line 116 (press h for help or q to quit)
           By default, the user's entries in the lastlog and faillog
           databases are reset to avoid reusing the entry from a
           previously deleted user.ress h for help or q to quit)
 ESESCOBpage useradd(8) line 120 (press h for help or q to quit)
           If this option is not specified, useradd will also consult
           the variable LOG_INIT in the /etc/default/useradd if set to
           no the user will not be added to the lastlog and faillog
           databases.8) line 124 (press h for help or q to quit)
 ESESCOBpage useradd(8) line 125 (press h for help or q to quit)
       -m, --create-homeline 126 (press h for help or q to quit)
           Create the user's home directory if it does not exist. The
           files and directories contained in the skeleton directory
           (which can be defined with the -k option) will be copied to
           the home directory.30 (press h for help or q to quit)
 ESESCOBpage useradd(8) line 131 (press h for help or q to quit)
           By default, if this option is not specified and CREATE_HOME
           is not enabled, no home directories are created.quit)
 ESESCOBpage useradd(8) line 134 (press h for help or q to quit)
           The directory where the user's home directory is created must
           exist and have proper SELinux context and permissions.
           Otherwise the user's home directory cannot be created or
           accessed.(8) line 138 (press h for help or q to quit)
 ESESCOBpage useradd(8) line 139 (press h for help or q to quit)
       -M, --no-create-homee 140 (press h for help or q to quit)
           Do not create the user's home directory, even if the system
           wide setting from /etc/login.defs (CREATE_HOME) is set to
           yes.eradd(8) line 143 (press h for help or q to quit)
 ESESCOBpage useradd(8) line 144 (press h for help or q to quit)
       -N, --no-user-groupne 145 (press h for help or q to quit)
           Do not create a group with the same name as the user, but add
           the user to the group specified by the -g option or by the
           GROUP variable in /etc/default/useradd. or q to quit)
 ESESCOBpage useradd(8) line 149 (press h for help or q to quit)
           The default behavior (if the -g, -N, and -U options are not
           specified) is defined by the USERGROUPS_ENAB variable in
           /etc/login.defs.e 152 (press h for help or q to quit)
 ESESCOBpage useradd(8) line 153 (press h for help or q to quit)
       -o, --non-unique line 154 (press h for help or q to quit)
M           The directory where the user's home directory is created must
MESESCOApage useradd(8) line 154 (press h for help or q to quit)
M           is not enabled, no home directories are created.uit)
M           By default, if this option is not specified and CREATE_HOME
MESESCOApage useradd(8) line 151 (press h for help or q to quit)
M           the home directory.0 (press h for help or q to quit)
M           (which can be defined with the -k option) will be copied to
M           files and directories contained in the skeleton directory
M           Create the user's home directory if it does not exist. The
M       -m, --create-homeine 146 (press h for help or q to quit)
MESESCOApage useradd(8) line 145 (press h for help or q to quit)
M           databases.) line 144 (press h for help or q to quit)
M           no the user will not be added to the lastlog and faillog
M           the variable LOG_INIT in the /etc/default/useradd if set to
M           If this option is not specified, useradd will also consult
MESESCOApage useradd(8) line 140 (press h for help or q to quit)
M           previously deleted user.ess h for help or q to quit)
M           databases are reset to avoid reusing the entry from a
M           By default, the user's entries in the lastlog and faillog
MESESCOApage useradd(8) line 136 (press h for help or q to quit)
M           Do not add the user to the lastlog and faillog databases.
M       -l, --no-log-initine 134 (press h for help or q to quit)
MESESCOApage useradd(8) line 133 (press h for help or q to quit)
M           option is also supported.ss h for help or q to quit)
M           For the compatibility with previous Debian's useradd, the -O
MESESCOApage useradd(8) line 130 (press h for help or q to quit)
M           be specified, e.g.: -K UID_MIN =100 -K  UID_MAX=499)
M           account to turn off password aging. Multiple -K options can
M           Example: -K PASS_MAX_DAYS =-1 can be used when creating an
MESESCOApage useradd(8) line 126 (press h for help or q to quit)
M           PASS_MAX_DAYS and others).s h for help or q to quit)
M           Overrides /etc/login.defs defaults (UID_MIN, UID_MAX, UMASK,
M       -K, --key KEY=VALUEe 123 (press h for help or q to quit)
MESESCOApage useradd(8) line 122 (press h for help or q to quit)
M           If possible, the ACLs and extended attributes are copied.
MESESCOApage useradd(8) line 120 (press h for help or q to quit)
M           /etc/skel.) line 119 (press h for help or q to quit)
M           by the SKEL variable in /etc/default/useradd or, by default,
M           If this option is not set, the skeleton directory is defined
MESESCOApage useradd(8) line 116 (press h for help or q to quit)
M           is specified.ine 115 (press h for help or q to quit)
M           This option is only valid if the -m (or --create-home) option
MESESCOApage useradd(8) line 113 (press h for help or q to quit)
M           directory is created by useradd.r help or q to quit)
M           to be copied in the user's home directory, when the home
M           The skeleton directory, which contains files and directories
M       -k, --skel SKEL_DIRe 109 (press h for help or q to quit)
MESESCOApage useradd(8) line 108 (press h for help or q to quit)
M           Display help message and exit.for help or q to quit)
M       -h, --helpdd(8) line 106 (press h for help or q to quit)
MESESCOApage useradd(8) line 105 (press h for help or q to quit)
M           default is for the user to belong only to the initial group.
M           same restrictions as the group given with the -g option. The
M           with no intervening whitespace. The groups are subject to the
M           member of. Each group is separated from the next by a comma,
M           A list of supplementary groups which the user is also a
M       -G, --groups GROUP1[,GROUP2,...[,GROUPN]]]or q to quit)
MESESCOApage useradd(8) line 98 (press h for help or q to quit)
M           100 by default.e 97 (press h for help or q to quit)
M           specified by the GROUP variable in /etc/default/useradd, or
M           will set the primary group of the new user to the value
M           -N/--no-user-group is specified on the command line), useradd
M           name as her loginname. If the variable is set to no (or
M           line), a group will be created for the user, with the same
M           is set to yes (or -U/--user-group is specified on the command
M           USERGROUPS_ENAB variable in /etc/login.defs. If this variable
M           If not specified, the behavior of useradd will depend on the
MESESCOApage useradd(8) line 88 (press h for help or q to quit)
M           existing group.e 87 (press h for help or q to quit)
M           name must exist. A group number must refer to an already
M           The name or the number of the user's primary group. The group
M       -g, --gid GROUP line 84 (press h for help or q to quit)
MESESCOApage useradd(8) line 83 (press h for help or q to quit)
M           system account with -r option.or help or q to quit)
M           Update /etc/subuid and /etc/subgid even when creating a
M       -F, --add-subids-for-systemess h for help or q to quit)
MESESCOApage useradd(8) line 79 (press h for help or q to quit)
M           /etc/default/useradd, or -1 by default.r q to quit)
M           period specified by the INACTIVE variable ino quit)
M           If not specified, useradd will use the default inactivity
MESESCOApage useradd(8) line 75 (press h for help or q to quit)
M           password file. See shadow(5)for more information.t)
M           input of -1 will blank the respective field in the shadow
M           input of 0 will disable an expired password with no delay. An
M           password. The value is stored in the shadow password file. An
M           maximum age where the user is expected to replace this
M           defines the number of days after the password exceeded its
M       -f, --inactive INACTIVE (press h for help or q to quit)
MESESCOApage useradd(8) line 67 (press h for help or q to quit)
M           an empty string (no expiry) by default.r q to quit)
M           specified by the EXPIRE variable in /etc/default/useradd, or
M           If not specified, useradd will use the default expiry date
MESESCOApage useradd(8) line 63 (press h for help or q to quit)
M           is specified in the format YYYY-MM-DD.or q to quit)
M           The date on which the user account will be disabled. The date
M       -e, --expiredate EXPIRE_DATEss h for help or q to quit)
MESESCOApage useradd(8) line 59 (press h for help or q to quit)
M           See below, the subsection "Changing the default values".
M       -D, --defaults) line 57 (press h for help or q to quit)
MESESCOApage useradd(8) line 56 (press h for help or q to quit)
M           be created unless the -M option is specified. quit)
M           name. If the directory HOME_DIR does not exist, then it will
M           LOGIN name to BASE_DIR and use that as the login directory
M           the user's login directory. The default is to append the
M           The new user will be created using HOME_DIR as the value for
M       -d, --home-dir HOME_DIR (press h for help or q to quit)
MESESCOApage useradd(8) line 49 (press h for help or q to quit)
M           full name.) line 48 (press h for help or q to quit)
M           account, and is currently used as the field for the user's
M           Any text string. It is generally a short description of the
M       -c, --comment COMMENT45 (press h for help or q to quit)
MESESCOApage useradd(8) line 44 (press h for help or q to quit)
M           /etc/default/useradd, or /home by default. to quit)
M           directory specified by the HOME variable into quit)
M           If this option is not specified, useradd will use the base
MESESCOApage useradd(8) line 40 (press h for help or q to quit)
M           name to define the home directory.elp or q to quit)
M           not specified.  BASE_DIR is concatenated with the account
M           The default base directory for the system if -d HOME_DIR is
M       -b, --base-dir BASE_DIR (press h for help or q to quit)
MESESCOApage useradd(8) line 35 (press h for help or q to quit)
M           Allow names that do not conform to standards. quit)
M       --badnameadd(8) line 33 (press h for help or q to quit)
M       When invoked without the -D option, the useradd command creates a
M
M       administrators should usually use adduser(8) instead.
M       useradd is a low level utility for adding users. On Debian,
MDESCRIPTION
M
M       useradd -D [options]
M
M       useradd -D
M
M       useradd [options] LOGIN
M
MSYNOPSIS
M
M       information
M       useradd - create a new user or update default new user
MNAME
M
MUSERADD(8)             System Management Commands             USERADD(8)
USERADD(8)             System Management Commands             USERADD(8)

NAME
       useradd - create a new user or update default new user
       information

SYNOPSIS

       useradd [options] LOGIN

       useradd -D

       useradd -D [options]

DESCRIPTION
       useradd is a low level utility for adding users. On Debian,
       administrators should usually use adduser(8) instead.

       When invoked without the -D option, the useradd command creates a
USERADD(8)             System Management Commands             USERADD(8)

NAME
       useradd - create a new user or update default new user
       information

SYNOPSIS

       useradd [options] LOGIN

       useradd -D

       useradd -D [options]

DESCRIPTION
       useradd is a low level utility for adding users. On Debian,
       administrators should usually use adduser(8) instead.

       When invoked without the -D option, the useradd command creates a
...skipping...
           shell script, this option allows to create efficiently
           batches of users.

           Without this option, the new account will be locked and with
           no password defined, i.e. a single exclamation mark in the
           respective field of /etc/shadow. This is a state where the
           user won't be able to access the account or to define a
           password himself.

           Note:Avoid this option on the command line because the
           password (or encrypted password) will be visible by users
           listing the processes.

           You should make sure the password respects the system's
           password policy.

       -r, --system
           Create a system account.

...skipping...seradd(8) line 186 (press h for help or q to quit)
       -s, --shell SHELL
           sets the path to the user's login shell. Without this option,
           the system will use the SHELL variable specified in
           /etc/default/useradd, or, if that is as well not set, the
           field for the login shell in /etc/passwd remains empty.

       -u, --uid UID
           The numerical value of the user's ID. This value must be
           unique, unless the -o option is used. The value must be
           non-negative. The default is to use the smallest ID value
           greater than or equal to UID_MIN and greater than every other
           user.

           See also the -r option and the UID_MAX description.

       -U, --user-group
           Create a group with the same name as the user, and add the
           user to this group.

>0;user@ubse: ~eradd(8) line 233 (press h for help or q to quit)
user@ubse:~$ useradd -m -s /bin/bash smooth
useradd: Permission denied.
useradd: cannot lock /etc/passwd; try again later.
0;user@ubse: ~
user@ubse:~$ sudo !!
sudo useradd -m -s /bin/bash smooth
0;user@ubse: ~
user@ubse:~$ ls /home/
bert  green  other  smooth  user  user1  user2
0;user@ubse: ~
user@ubse:~$ ls /home /home- /homel /home
total 28
drwxr-x--- 3 bert   bert   4096 Apr 17 07:38 bert
drwxr-x--- 2 green  green  4096 Apr 16 22:41 green
drwxr-x--- 2 other  other  4096 Apr 10 16:51 other
drwxr-x--- 2 smooth smooth 4096 May  6 08:18 smooth
drwxr-x--- 7 user   user   4096 May  6 08:17 user
drwxr-x--- 2 user1  user1  4096 May  6 07:45 user1
drwxr-x--- 2 user2  user2  4096 May  6 08:00 user2
0;user@ubse: ~
user@ubse:~$ 0;user@ubse: ~
user@ubse:~$ grep smooth /etc/passwd
smooth:x:1010:1010::/home/smooth:/bin/bash
0;user@ubse: ~
user@ubse:~$ passwd smoo
th
passwd: You may not view or modify password information for smooth.
0;user@ubse: ~
user@ubse:~$ sudo !!
sudo passwd smooth
New password: 
Retype new password: 
passwd: password updated successfully
0;user@ubse: ~
user@ubse:~$ su smooth0;user@ubse: ~
user@ubse:~$ su smooth
Password: 
0;smooth@ubse: /home/user
smooth@ubse:/home/user$ 
0;smooth@ubse: /home/user
smooth@ubse:/home/user$ 
0;smooth@ubse: /home/user
smooth@ubse:/home/user$ 
0;smooth@ubse: /home/user
smooth@ubse:/home/user$ 
0;smooth@ubse: /home/user
smooth@ubse:/home/user$ 
0;smooth@ubse: /home/user
smooth@ubse:/home/user$ cd
0;smooth@ubse: ~
smooth@ubse:~$ pwd
/home/smooth
0;smooth@ubse: ~
smooth@ubse:~$ touch enfil
0;smooth@ubse: ~
smooth@ubse:~$ 
exit
0;user@ubse: ~
passwd smootsudo  smoot0;user@ubse: ~
0;user@ubse: ~rch)`': u': su smoots': sudo useradd -m -s /bin/base': sudo user': sudo usera': sudo userad': sudo userad
user@ubse:~$ sudo usera

    ^C
0;user@ubse: ~
user@ubse:~$ man uwseradd
USERADD(8)             System Management Commands             USERADD(8)

NAME
       useradd - create a new user or update default new user
       information

SYNOPSIS

       useradd [options] LOGIN

       useradd -D

       useradd -D [options]

DESCRIPTION
       useradd is a low level utility for adding users. On Debian,
       administrators should usually use adduser(8) instead.

       When invoked without the -D option, the useradd command creates a
USERADD(8)             System Management Commands             USERADD(8)

NAME
       useradd - create a new user or update default new user
       information

SYNOPSIS

       useradd [options] LOGIN

       useradd -D

       useradd -D [options]

DESCRIPTION
       useradd is a low level utility for adding users. On Debian,
       administrators should usually use adduser(8) instead.

       When invoked without the -D option, the useradd command creates a
USERADD(8)             System Management Commands             USERADD(8)

NAME
       useradd - create a new user or update default new user
       information

SYNOPSIS

       useradd [options] LOGIN

       useradd -D

       useradd -D [options]

DESCRIPTION
       useradd is a low level utility for adding users. On Debian,
       administrators should usually use adduser(8) instead.

       When invoked without the -D option, the useradd command creates a
...skipping...
           defines the number of days after the password exceeded its
           maximum age where the user is expected to replace this
           password. The value is stored in the shadow password file. An
           input of 0 will disable an expired password with no delay. An
           input of -1 will blank the respective field in the shadow
           password file. See shadow(5)for more information.

           If not specified, useradd will use the default inactivity
           period specified by the INACTIVE variable in
           /etc/default/useradd, or -1 by default.

       -F, --add-subids-for-system
           Update /etc/subuid and /etc/subgid even when creating a
           system account with -r option.

       -g, --gid GROUP
           The name or the number of the user's primary group. The group
           name must exist. A group number must refer to an already
           existing group.
M       -f, --inactive INACTIVE (press h for help or q to quit)
MESESCOApage useradd(8) line 67 (press h for help or q to quit)
M           an empty string (no expiry) by default.r q to quit)
M           specified by the EXPIRE variable in /etc/default/useradd, or
       -g, --gid GROUP) line 64 (press h for help or q to quit)
           The name or the number of the user's primary group. The group
           name must exist. A group number must refer to an already
           existing group.
/Manual page useradd(8) line 68 (press h for help or q to quit)
           If not specified, the behavior of useradd will depend on the
           USERGROUPS_ENAB variable in /etc/login.defs. If this variable
           is set to yes (or -U/--user-group is specified on the command
           line), a group will be created for the user, with the same
...skipping...seradd(8) line 73 (press h for help or q to quit)
           PASS_MAX_DAYS and others).

           Example: -K PASS_MAX_DAYS =-1 can be used when creating an
           account to turn off password aging. Multiple -K options can
           be specified, e.g.: -K UID_MIN =100 -K  UID_MAX=499

           For the compatibility with previous Debian's useradd, the -O
           option is also supported.

       -l, --no-log-init
           Do not add the user to the lastlog and faillog databases.

           By default, the user's entries in the lastlog and faillog
           databases are reset to avoid reusing the entry from a
           previously deleted user.

           If this option is not specified, useradd will also consult
           the variable LOG_INIT in the /etc/default/useradd if set to
           no the user will not be added to the lastlog and faillog
           databases.8) line 124 (press h for help or q to quit)

       -m, --create-homeline 126 (press h for help or q to quit)
...skipping...seradd(8) line 127 (press h for help or q to quit)
       -p, --password PASSWORD
           defines an initial password for the account. PASSWORD is
           expected to be encrypted, as returned by crypt (3). Within a
           shell script, this option allows to create efficiently
           batches of users.

           Without this option, the new account will be locked and with
           no password defined, i.e. a single exclamation mark in the
           respective field of /etc/shadow. This is a state where the
           user won't be able to access the account or to define a
           password himself.

           Note:Avoid this option on the command line because the
           password (or encrypted password) will be visible by users
           listing the processes.

           You should make sure the password respects the system's
           password policy.

>0;user@ubse: ~eradd(8) line 183 (press h for help or q to quit)
user@ubse:~$ man 5 ccrypt
CRYPT(5)                   File Formats Manual                  CRYPT(5)

NAME
       crypt  storage format for hashed passphrases and available hash
       ing methods

DESCRIPTION
       The  hashing methods implemented by crypt(3) are designed only to
       process user passphrases for storage and authentication; they are
       not suitable for use as general-purpose cryptographic hashes.

       Passphrase hashing is not a replacement for  strong  passphrases.
       It  is  always possible for an attacker with access to the hashed
       passphrases to guess and check  possible  cleartext  passphrases.
       However,  with a strong hashing method, guessing will be too slow
       for the attacker to discover a strong passphrase.

       All of the hashing methods use a salt to perturb the hash func
       tion, so that the  same  passphrase  may  produce  many  possible
       hashes.   Newer  methods  accept  longer  salt strings.  The salt
       should be chosen at random for each user.  Salt defeats a  number
       of attacks:

       1.   It  is  not possible to hash a passphrase once and then test
            it against each account's stored hash; the hash  calculation
            must be repeated for each account.

       2.   It is not possible to tell whether two accounts use the same
            passphrase without successfully guessing one of the phrases.

       3.   Tables  of precalculated hashes of commonly used passphrases
            must have an entry for each possible salt, which makes  them
            impractically large.

       All of the hashing methods are also deliberately engineered to be
       slow;  they  use  many  iterations of an underlying cryptographic
       primitive to increase the cost of each guess.  The newer  hashing
       methods  allow the number of iterations to be adjusted, using the
       CPU time cost parameter to  crypt_gensalt(3).   This  makes  it
       possible to keep the hash slow as hardware improves.

FORMAT OF HASHED PASSPHRASES
       All of the hashing methods supported by crypt(3) produce a hashed
       passphrase  which  consists  of four components: prefix, options,
       salt, and hash.  The prefix controls which hashing method  is  to
       be   used,   and   is   the   appropriate   string   to  pass  to
       crypt_gensalt(3) to select that method.  The contents of options,
       salt, and hash are up to the method.  Depending  on  the  method,
       the prefix and options components may be empty.

       The  setting argument to crypt(3) must begin with the first three
       components of a valid hashed passphrase, but anything after  that
       is  ignored.   This  makes  authentication simple: hash the input
       passphrase using the stored passphrase as the setting,  and  then
       compare the result to the stored passphrase.

       Hashed  passphrases  are  always entirely printable ASCII, and do
       not contain any whitespace or the characters :, ;, *,  !,
       or  \.   (These  characters  are used as delimiters and special
       markers in the passwd(5) and shadow(5) files.)to quit)
 ESESCOBpage crypt(5) line 42 (press h for help or q to quit)
       The syntax of each component of a hashed passphrase is up to  the
       hashing  method.   $ characters usually delimit components, and
       the salt and hash are usually encoded as  numerals  in  base  64.
       The  details of this base-64 encoding vary among hashing methods.
       The common base64 encoding specified by RFC 4648 is usually not
       used. crypt(5) line 48 (press h for help or q to quit)
 ESESCOBpage crypt(5) line 49 (press h for help or q to quit)
AVAILABLE HASHING METHODSe 50 (press h for help or q to quit)
       This is a list of all the hashing methods supported by  crypt(3),
       in  decreasing  order of strength.  Many of the older methods are
       now considered too weak to use for new passphrases.   The  hashed
       passphrase  format is expressed with extended regular expressions
       (see regex(7)) and does not show the division  into  prefix,  op
       tions, salt, and hash. (press h for help or q to quit)
 ESESCOBpage crypt(5) line 57 (press h for help or q to quit)
   yescrypte crypt(5) line 58 (press h for help or q to quit)
       yescrypt  is a scalable passphrase hashing scheme designed by So
       lar Designer, which is based on Colin Percival's scrypt.   Recom
       mended for new hashes. (press h for help or q to quit)
 ESESCOBpage crypt(5) line 62 (press h for help or q to quit)
       Prefixcrypt(5) line 63 (press h for help or q to quit)
           "$y$"pt(5) line 64 (press h for help or q to quit)
 ESESCOBpage crypt(5) line 65 (press h for help or q to quit)
       Hashed passphrase formatpress h for help or q to quit)
           \$y\$[./A-Za-z0-9]+\$[./A-Za-z0-9]{,86}\$[./A-Za-z0-9]{43}
 ESESCOBpage crypt(5) line 68 (press h for help or q to quit)
       Maximum passphrase lengthress h for help or q to quit)
           unlimited) line 70 (press h for help or q to quit)
 ESESCOBpage crypt(5) line 71 (press h for help or q to quit)
       Hash sizept(5) line 72 (press h for help or q to quit)
           256 bits5) line 73 (press h for help or q to quit)
 ESESCOBpage crypt(5) line 74 (press h for help or q to quit)
       Salt sizept(5) line 75 (press h for help or q to quit)
           up to 512 (128+ recommended) bitselp or q to quit)
 ESESCOBpage crypt(5) line 77 (press h for help or q to quit)
       CPU time cost parameter(press h for help or q to quit)
           1 to 11 (logarithmic)ress h for help or q to quit)
 ESESCOBpage crypt(5) line 80 (press h for help or q to quit)
   gost-yescryptpt(5) line 81 (press h for help or q to quit)
       gost-yescrypt uses the output from the yescrypt hashing method in
       place  of  a  hmac message.  Thus, the yescrypt crypto properties
       are superseded by the GOST R 34.11-2012 (Streebog) hash  function
       with a 256 bit digest.  This hashing method is useful in applica
       tions that need modern passphrase hashing methods, but require to
       rely  on  the  cryptographic  properties of GOST algorithms.  The
       GOST R 34.11-2012 (Streebog) hash function has been published  by
       the IETF as RFC 6986.  Recommended for new hashes.uit)
 ESESCOBpage crypt(5) line 90 (press h for help or q to quit)
       Prefixcrypt(5) line 91 (press h for help or q to quit)
           "$gy$"t(5) line 92 (press h for help or q to quit)
 ESESCOBpage crypt(5) line 93 (press h for help or q to quit)
       Hashed passphrase formatpress h for help or q to quit)
           \$gy\$[./A-Za-z0-9]+\$[./A-Za-z0-9]{,86}\$[./A-Za-z0-9]{43}

       Maximum passphrase length
           unlimited

       Hash size
           256 bits

       Salt size
           up to 512 (128+ recommended) bits

       CPU time cost parameter
           1 to 11 (logarithmic)

   scrypt
       scrypt  is  a  password-based  key derivation function created by
       Colin Percival, originally for the Tarsnap online backup service.
       The algorithm was specifically designed to make it costly to per
       form large-scale  custom  hardware  attacks  by  requiring  large
>0;user@ubse: ~ypt(5) line 114 (press h for help or q to quit)
user@ubse:~$ useradd -p '$huwhwuwh$iji$iji^C
0;user@ubse: ~
user@ubse:~$ 0;user@ubse: ~
user@ubse:~$ man usermod
USERMOD(8)             System Management Commands             USERMOD(8)

NAME
       usermod - modify a user account

SYNOPSIS

       usermod [options] LOGIN

DESCRIPTION
       The usermod command modifies the system account files.

OPTIONS
       The options which apply to the usermod command are:

       -a, --append
           Add the user to the supplementary group(s). Use only with the
           -G option.

       -b, --badname(8) line 1 (press h for help or q to quit)
           Allow names that do not conform to standards. quit)
 ESESCOBpage usermod(8) line 3 (press h for help or q to quit)
       -c, --comment COMMENT 4 (press h for help or q to quit)
           update the comment field of the user in /etc/passwd, which is
           normally modified using the chfn(1) utility.o quit)
 ESESCOBpage usermod(8) line 7 (press h for help or q to quit)
       -d, --home HOME_DIRne 8 (press h for help or q to quit)
           The user's new login directory.r help or q to quit)
 ESESCOBpage usermod(8) line 10 (press h for help or q to quit)
           If the -m option is given, the contents of the current home
           directory will be moved to the new home directory, which is
           created if it does not already exist. If the current home
           directory does not exist the new home directory will not be
           created.d(8) line 15 (press h for help or q to quit)
 ESESCOBpage usermod(8) line 16 (press h for help or q to quit)
       -e, --expiredate EXPIRE_DATEess h for help or q to quit)
           The date on which the user account will be disabled. The date
           is specified in the format YYYY-MM-DD. Integers as input are
           interpreted as days after 1970-01-01.p or q to quit)
 ESESCOBpage usermod(8) line 21 (press h for help or q to quit)
           An input of -1 or an empty string will blank the account
           expiration field in the shadow password file. The account
           will remain available with no date limit. q to quit)
 ESESCOBpage usermod(8) line 25 (press h for help or q to quit)
           This option requires a /etc/shadow file. A /etc/shadow entry
           will be created if there were none.elp or q to quit)
 ESESCOBpage usermod(8) line 28 (press h for help or q to quit)
       -f, --inactive INACTIVE9 (press h for help or q to quit)
           defines the number of days after the password exceeded its
           maximum age during which the user may still login by
           immediately replacing the password. This grace period before
           the account becomes inactive is stored in the shadow password
           file. An input of 0 will disable an expired password with no
           delay. An input of -1 will blank the respective field in the
           shadow password file. See shadow(5) for more information.
 Manual page usermod(8) line 37 (press h for help or q to quit)
           This option requires a /etc/shadow file. A /etc/shadow entry
           will be created if there were none.

       -g, --gid GROUP
           The name or numerical ID of the user's new primary group. The
           group must exist.

           Any file from the user's home directory owned by the previous
           primary group of the user will be owned by this new group.

           The group ownership of files outside of the user's home
           directory must be fixed manually.

           The change of the group ownership of files inside of the
           user's home directory is also not done if the home dir owner
           uid is different from the current or new user id. This is a
           safety measure for special home directories such as /.

       -G, --groups GROUP1[,GROUP2,...[,GROUPN]]] or q to quit)
           A list of supplementary groups which the user is also a
           member of. Each group is separated from the next by a comma,
           with no intervening whitespace. The groups must exist.

           If the user is currently a member of a group which is not
           listed, the user will be removed from the group. This
           behaviour can be changed via the -a option, which appends the
           user to the current supplementary group list.

       -l, --login NEW_LOGIN
           The name of the user will be changed from LOGIN to NEW_LOGIN.
           Nothing else is changed. In particular, the user's home
           directory or mail spool should probably be renamed manually
           to reflect the new login name.

       -L, --lock
           Lock a user's password. This puts a '!' in front of the
           encrypted password, effectively disabling the password. You
           can't use this option with -p or -U.lp or q to quit)

           Note: if you wish to lock the account (not only access with a
           password), you should also set the EXPIRE_DATE to 1.

       -m, --move-home
           moves the content of the user's home directory to the new
           location. If the current home directory does not exist the
           new home directory will not be created.

           This option is only valid in combination with the -d (or
           --home) option.

           usermod will try to adapt the ownership of the files and to
           copy the modes, ACL and extended attributes, but manual
           changes might be needed afterwards.

       -o, --non-unique
           allows to change the user ID to a non-unique value.
M           encrypted password, effectively disabling the password. You
M           Lock a user's password. This puts a '!' in front of the
M       -L, --lockod(8) line 92 (press h for help or q to quit)
MESESCOApage usermod(8) line 91 (press h for help or q to quit)
M           to reflect the new login name.or help or q to quit)
M           directory or mail spool should probably be renamed manually
M           Nothing else is changed. In particular, the user's home
M           The name of the user will be changed from LOGIN to NEW_LOGIN.
M       -l, --login NEW_LOGIN86 (press h for help or q to quit)
MESESCOApage usermod(8) line 85 (press h for help or q to quit)
M           user to the current supplementary group list. quit)
           new home directory will not be created.or q to quit)

           This option is only valid in combination with the -d (or
           --home) option.

           usermod will try to adapt the ownership of the files and to
           copy the modes, ACL and extended attributes, but manual
           changes might be needed afterwards.

       -o, --non-unique
           allows to change the user ID to a non-unique value.

           This option is only valid in combination with the -u option.
           As a user identity serves as key to map between users on one
           hand and permissions, file ownerships and other aspects that
           determine the system's behavior on the other hand, more than
           one login name will access the account of the given UID.

       -p, --password PASSWORD
           defines a new password for the user. PASSWORD is expected to
           be encrypted, as returned by crypt (3).

           Note: Avoid this option on the command line because the
           password (or encrypted password) will be visible by users
           listing the processes.

           The password will be written in the local /etc/passwd or
           /etc/shadow file. This might differ from the password
           database configured in your PAM configuration.

           You should make sure the password respects the system's
           password policy.

       -r, --remove
           Remove the user from named supplementary group(s). Use only
           with the -G option.

       -R, --root CHROOT_DIR
           Apply changes in the CHROOT_DIR directory and use the
           configuration files from the CHROOT_DIR directory. Only
           absolute paths are supported.h for help or q to quit)
 ESESCOBpage usermod(8) line 124 (press h for help or q to quit)
       -P, --prefix PREFIX_DIR25 (press h for help or q to quit)
           Apply changes within the directory tree starting with
           PREFIX_DIR and use as well the configuration files located
           there. This option does not chroot and is intended for
>0;user@ubse: ~ermod(8) line 129 (press h for help or q to quit)
user@ubse:~$ usermod -
 -G financ








sdo 





 smooth
0;user@ubse: ~
user@ubse:~$ grepsudo grep /etc/{passwd,sshadow,gdshadow,group

h /etc/{passwd,shadow,gshadow,group}
/etc/passwd:smooth:x:1010:1010::/home/smooth:/bin/bash
/etc/shadow:smooth:$y$j9T$x.33yfxCvXVs9X8UGGjbv1$rz/WmynH54b8eTp2zxzM12xNcN9KN.EOrwCXhJRQC05:20214:0:99999:7:::
/etc/gshadow:finance:!::bert,smooth
/etc/gshadow:smooth:!::
/etc/group:finance:x:1007:bert,smooth
/etc/group:smooth:x:1010:
0;user@ubse: ~
usermod -a -G finance smootrh /etc/{passwd,shadow,gshadow,group}
0;user@ubse: ~
grep smooth /etc/{passwd,shadow,gshadow,group}
/etc/passwd:smooth:x:1010:1010::/home/smooth:/bin/bash
/etc/shadow:smooth:$y$j9T$x.33yfxCvXVs9X8UGGjbv1$rz/WmynH54b8eTp2zxzM12xNcN9KN.EOrwCXhJRQC05:20214:0:99999:7:::
/etc/gshadow:smooth:!::
/etc/group:smooth:x:1010:
0;user@ubse: ~
user@ubse:~$ 0;user@ubse: ~
user@ubse:~$ userdel smoot








man userdel
USERDEL(8)             System Management Commands             USERDEL(8)

NAME
       userdel - delete a user account and related files

SYNOPSIS

       userdel [options] LOGIN

DESCRIPTION
       userdel is a low level utility for removing users. On Debian,
       administrators should usually use deluser(8) instead.

       The userdel command modifies the system account files, deleting
       all entries that refer to the user name LOGIN. The named user
       must exist.

OPTIONS
       The options which apply to the userdel command are:
 ESESCOBpage userdel(8) line 1 (press h for help or q to quit)
       -f, --forceel(8) line 2 (press h for help or q to quit)
           This option forces the removal of the user account, even if
           the user is still logged in. It also forces userdel to remove
           the user's home directory and mail spool, even if another
           user uses the same home directory or if the mail spool is not
           owned by the specified user. If USERGROUPS_ENAB is defined to
           yes in /etc/login.defs and if a group exists with the same
           name as the deleted user, then this group will be removed,
           even if it is still the primary group of another user.
 ESESCOBpage userdel(8) line 11 (press h for help or q to quit)
           Note: This option is dangerous and may leave your system in
           an inconsistent state.press h for help or q to quit)
 ESESCOBpage userdel(8) line 14 (press h for help or q to quit)
       -h, --helpdel(8) line 15 (press h for help or q to quit)
           Display help message and exit.

       -r, --remove
           Files in the user's home directory will be removed along with
           the home directory itself and the user's mail spool. Files
           located in other file systems will have to be searched for
           and deleted manually.

           The mail spool is defined by the MAIL_DIR variable in the
           login.defs file.

       -R, --root CHROOT_DIR
           Apply changes in the CHROOT_DIR directory and use the
           configuration files from the CHROOT_DIR directory. Only
           absolute paths are supported.

       -P, --prefix PREFIX_DIR
           Apply changes in the PREFIX_DIR directory and use the
           configuration files from the PREFIX_DIR directory. This
>0;user@ubse: ~erdel(8) line 35 (press h for help or q to quit)
user@ubse:~$ sudo userdel -r smooth
userdel: smooth mail spool (/var/mail/smooth) not found
0;user@ubse: ~
man userdesudo grep smooth /etc/{passwd,shadow,gshadow,group}
0;user@ubse: ~
user@ubse:~$ ls /etchome/
bert  green  other  user  user1  user2
0;user@ubse: ~
user@ubse:~$ 0;user@ubse: ~
user@ubse:~$ grommanan groupdadd
GROUPADD(8)            System Management Commands            GROUPADD(8)

NAME
       groupadd - create a new group

SYNOPSIS

       groupadd [OPTIONS] NEWGROUP

DESCRIPTION
       The groupadd command creates a new group account using the values
       specified on the command line plus the default values from the
       system. The new group will be entered into the system files as
       needed.

       Groupnames may contain only lower and upper case letters, digits,
       underscores, or dashes. They can end with a dollar sign. Dashes
       are not allowed at the beginning of the groupname. Fully numeric
       groupnames and groupnames . or .. are also disallowed.
 ESESCOBpage groupadd(8) line 1 (press h for help or q to quit)
       On Debian, the only constraints are that groupnames must neither
       start with a dash ('-') nor plus ('+') nor tilde ('~') nor
       contain a colon (':'), a comma (','), or a whitespace (space:' ',
       end of line: '\n', tabulation: '\t', etc.).or q to quit)
 ESESCOBpage groupadd(8) line 6 (press h for help or q to quit)
       On Ubuntu, the same constraints as Debian are in place, with the
       additional constraint that the groupname cannot be fully numeric.
       This includes octal and hexadecimal syntax.

       Groupnames may only be up to 32 characters long.

OPTIONS
       The options which apply to the groupadd command are:

       -f, --force
           This option causes the command to simply exit with success
           status if the specified group already exists. When used with
           -g, and the specified GID already exists, another (unique)
           GID is chosen (i.e.  -g is turned off).

       -g, --gid GID
           The numerical value of the group's ID.  GID must be unique,
           unless the -o option is used. The value must be non-negative.
           The default is to use the smallest ID value greater than or
           equal to GID_MIN and greater than every other group.)
 ESESCOBpage groupadd(8) line 27 (press h for help or q to quit)
           See also the -r option and the GID_MAX description.t)
 ESESCOBpage groupadd(8) line 29 (press h for help or q to quit)
       -h, --helppadd(8) line 30 (press h for help or q to quit)
           Display help message and exit. for help or q to quit)
 ESESCOBpage groupadd(8) line 32 (press h for help or q to quit)
       -K, --key KEY=VALUEine 33 (press h for help or q to quit)
           Overrides /etc/login.defs defaults (GID_MIN, GID_MAX and
           others). Multiple -K options can be specified.o quit)
 ESESCOBpage groupadd(8) line 36 (press h for help or q to quit)
M           This option causes the command to simply exit with success
M       -f, --forcedd(8) line 36 (press h for help or q to quit)
MESESCOApage groupadd(8) line 35 (press h for help or q to quit)
           Overrides /etc/login.defs defaults (GID_MIN, GID_MAX and
           others). Multiple -K options can be specified.o quit)

           Example: -K GID_MIN=100  -K GID_MAX=499

           Note: -K GID_MIN=10,GID_MAX=499 doesn't work yet.

       -o, --non-unique
           permits the creation of a group with an already used
           numerical ID. As a result, for this GID, the mapping towards
           group NEWGROUP may not be unique.

       -p, --password PASSWORD
           defines an initial password for the group account. PASSWORD
           is expected to be encrypted, as returned by crypt (3).

           Without this option, the group account will be locked and
           with no password defined, i.e. a single exclamation mark in
           the respective field of ths system account file /etc/group or
           /etc/gshadow.
 Manual page groupadd(8) line 54 (press h for help or q to quit)
           Note: This option is not recommended because the password (or
           encrypted password) will be visible by users listing the
           processes.

           You should make sure the password respects the system's
           password policy.

       -r, --system
           Create a system group.

           The numeric identifiers of new system groups are chosen in
           the SYS_GID_MIN-SYS_GID_MAX range, defined in login.defs,
           instead of GID_MIN-GID_MAX.

       -R, --root CHROOT_DIR
           Apply changes in the CHROOT_DIR directory and use the
           configuration files from the CHROOT_DIR directory. Only
           absolute paths are supported.
>0;user@ubse: ~oupadd(8) line 73 (press h for help or q to quit)
user@ubse:~$ sudo groupadd hejjare
0;user@ubse: ~
r': true || echo Hej: t': sudo grep smooth /etc/{passwd,shadow,gshadow,group} 
': t

r': ls ~greee': ls ~greep': grep love /etc/grou
failed reverse-i-search)`grep': gre
^C
0;user@ubse: ~
(reverse-i-search)`': g': sudo groupadd hejjar

0;user@ubse: ~ch)`s': su': sud': sudo': sudo ': sudo g': sudo gr': sudo gre': sudo grep smooth /etc/{passwd,shadow,gshadow,group}p': sudo grep smooth /etc/{passwd,shadow,gshadow,group}
user@ubse:~$ sudo grep smooth /etc/{passwd,shadow,gshadow,group}
e /etc/{passwd,shadow,gshadow,group}
/etc/gshadow:hejjare:!::
/etc/group:hejjare:x:1010:
0;user@ubse: ~
user@ubse:~$ 0;user@ubse: ~
user@ubse:~$ man groupmod
GROUPMOD(8)            System Management Commands            GROUPMOD(8)

NAME
       groupmod - modify a group definition on the system

SYNOPSIS

       groupmod [options] GROUP

DESCRIPTION
       The groupmod command modifies the definition of the specified
       GROUP by modifying the appropriate entry in the group database.

OPTIONS
       The options which apply to the groupmod command are:

       -a, --append GID
           If group members are specified with -U, append them to the
           existing member list, rather than replacing it.
 ESESCOBpage groupmod(8) line 1 (press h for help or q to quit)
       -g, --gid GIDd(8) line 2 (press h for help or q to quit)
           The group ID of the given GROUP will be changed to GID.
 ESESCOBpage groupmod(8) line 4 (press h for help or q to quit)
           The value of GID must be a non-negative decimal integer. This
           value must be unique, unless the -o option is used.)
 ESESCOBpage groupmod(8) line 7 (press h for help or q to quit)
           Users who use the group as primary group will be updated to
           keep the group as their primary group. or q to quit)
 ESESCOBpage groupmod(8) line 10 (press h for help or q to quit)
           Any files that have the old group ID and must continue to
           belong to GROUP, must have their group ID changed manually.

           No checks will be performed with regard to the GID_MIN,
           GID_MAX, SYS_GID_MIN, or SYS_GID_MAX from /etc/login.defs.

       -h, --help
           Display help message and exit.

       -n, --new-name NEW_GROUP
           The name of the group will be changed from GROUP to NEW_GROUP
           name.

       -o, --non-unique
           When used with the -g option, allow to change the group GID
           to a non-unique value.

       -p, --password PASSWORD
           The encrypted password, as returned by crypt(3).

>0;user@ubse: ~oupmod(8) line 31 (press h for help or q to quit)
user@ubse:~$ sdudo groupmod -n economy fiancinance
0;user@ubse: ~
0;user@ubse: ~': sudo ': sudo g': sudo gr': sudo gre': sudo grep hejjare /etc/{passwd,shadow,gshadow,group}
user@ubse:~$ sudo grep hejjare /etc/{passwd,shadow,gshadow,group}
y /etc/{passwd,shadow,gshadow,group}
/etc/gshadow:economy:!::bert
/etc/group:economy:x:1007:bert
0;user@ubse: ~
e /etc/{passwd,shadow,gshadow,group}{passwd,shadow,gshadow,group /etc/{passwd,shadow,gshadow,group}
0;user@ubse: ~
e /etc/{passwd,shadow,gshadow,group}group}d,shadow,gshadow,group}
/etc/gshadow:hejjare:!::
/etc/group:hejjare:x:1010:
0;user@ubse: ~
user@ubse:~$ groupdel hejjare 0;user@ubse: ~
sudo ubse:~$ groupdel hejjare 
0;user@ubse: ~
0;user@ubse: ~rch)`': g': sudo groupdel hejjarr': sudo gre': sudo grep hejjare /etc/{passwd,shadow,gshadow,group}p': sudo grep hejjare /etc/{passwd,shadow,gshadow,group}
user@ubse:~$ sudo grep hejjare /etc/{passwd,shadow,gshadow,group}

0;user@ubse: ~
user@ubse:~$ 0;user@ubse: ~
user@ubse:~$ id
uid=1000(user) gid=1000(user) groups=1000(user),4(adm),24(cdrom),27(sudo),30(dip),46(plugdev),101(lxd)
0;user@ubse: ~
user@ubse:~$ sudo id smooth
id: smooth: no such user
0;user@ubse: ~
user@ubse:~$ sudo id smootbert
uid=1006(bert) gid=1006(bert) groups=1006(bert),100(users),1007(economy)
0;user@ubse: ~
user@ubse:~$ 0;user@ubse: ~
user@ubse:~$ w
 08:32:00 up  1:41,  2 users,  load average: 0.00, 0.02, 0.00
USER     TTY      FROM             LOGIN@   IDLE   JCPU   PCPU WHAT
user              10.0.2.2         07:07    3:47m  0.00s  0.03s sshd: use
user              10.0.2.2         07:13    3:47m  0.00s  0.03s sshd: use
0;user@ubse: ~
user@ubse:~$ who
user     pts/0        2025-05-06 07:07 (10.0.2.2)
user     pts/1        2025-05-06 07:13 (10.0.2.2)
0;user@ubse: ~
user@ubse:~$ s
ps --greuser bert
    PID TTY          TIME CMD
0;user@ubse: ~
user@ubse:~$ ps --user bert0;user@ubse: ~
user@ubse:~$ ps --user bert
    PID TTY          TIME CMD
   2637 pts/2    00:00:00 bash
0;user@ubse: ~
user@ubse:~$ ps --user bert
    PID TTY          TIME CMD
   2637 pts/2    00:00:00 bash
   2652 pts/2    00:00:00 bash
0;user@ubse: ~
user@ubse:~$ sudo -i
0;root@ubse: ~
root@ubse:~# less /etc/log

logcheck/       login.defs      logrotate.conf  logrotate.d/
0;root@ubse: ~
root@ubse:~# less /etc/login.defs 0;root@ubse: ~
root@ubse:~# less /etc/login.defs 
#
# /etc/login.defs - Configuration control definitions for the login package.
#
# Three items must be defined:  MAIL_DIR, ENV_SUPATH, and ENV_PATH.
# If unspecified, some arbitrary (and possibly incorrect) value will
# be assumed.  All other items are optional - if not specified then
# the described action or option will be inhibited.
#
# Comment lines (lines beginning with "#") and blank lines are ignored.
#
# Modified for Linux.  --marekm

# REQUIRED for useradd/userdel/usermod
#   Directory where mailboxes reside, _or_ name of file, relative to the
#   home directory.  If you _do_ define MAIL_DIR and MAIL_FILE,
#   MAIL_DIR takes precedence.
#
#   Essentially:
#      - MAIL_DIR defines the location of users mail spool files
#        (for mbox use) by appending the username to MAIL_DIR as defined
#        below.
#      - MAIL_FILE defines the location of the users mail spool files as the
#        fully-qualified filename obtained by prepending the user home
#        directory before $MAIL_FILE
#
# NOTE: This is no more used for setting up users MAIL environment variable
#       which is, starting from shadow 4.0.12-1 in Debian, entirely the
#       job of the pam_mail PAM modules
#       See default PAM configuration files provided for
#       login, su, etc.
#
# This is a temporary situation: setting these variables will soon
# move to /etc/default/useradd and the variables will then be
# no more supported
MAIL_DIR        /var/mail
#MAIL_FILE      .mail

#
# Enable logging and display of /var/log/faillog login failure info.
# This option conflicts with the pam_tally PAM module.
#
FAILLOG_ENAB            yes

#
# Enable display of unknown usernames when login failures are recorded.
#
# WARNING: Unknown usernames may become world readable. 
# See #290803 and #298773 for details about how this could become a security
# concern
LOG_UNKFAIL_ENAB        no

#
# Enable logging of successful logins
#
LOG_OK_LOGINS           no
MESESCOA
M#MAIL_FILE      .mail
MMAIL_DIR        /var/mail
# Enable logging of successful logins
#ESESCOB
LOG_OK_LOGINS           no
 ESESCOB
#ESESCOB
ng.ESCOB "syslog" logging of su activity - in addition to sulog file loggi:
# SYSLOG_SG_ENAB does the same for newgrp and sg.
#ESESCOB
SYSLOG_SU_ENAB          yes
SYSLOG_SG_ENAB          yes
 ESESCOB
#ESESCOB
# If defined, all su activity is logged to this file.
#ESESCOB
#SULOG_FILE     /var/log/sulog
 ESESCOB
#ESESCOB
# If defined, file which maps tty line to TERM environment parameter.
# Each line of the file is in a format something like "vt100  tty01".
#ESESCOB
#TTYTYPE_FILE   /etc/ttytype
 ESESCOB
#ESESCOB
# If defined, login failures will be logged here in a utmp format
# last, when invoked as lastb, will read /var/log/btmp, so...
#ESESCOB
FTMP_FILE       /var/log/btmp
 ESESCOB
#ESESCOB
# If defined, the command name to display when running "su -".  For
# example, if this is defined as "su" then a "ps" will display the
# command is "-su".  If not defined, then "ps" would display the
# name of the shell actually being run, e.g. something like "-sh".
#ESESCOB
SU_NAME         su
 ESESCOB
#ESESCOB
# If defined, file which inhibits all the usual chatter during the login
# sequence.  If a full pathname, then hushed mode will be enabled if the
nESESCOB name or shell are found in the file.  If not a full pathname, the:
ory.SCOB mode will be enabled if the file exists in the user's home direct:
#ESESCOB
HUSHLOGIN_FILE  .hushlogin
#HUSHLOGIN_FILE /etc/hushlogins
 ESESCOB
#ESESCOB
# *REQUIRED*  The default PATH settings, for superuser and normal users.
#ESESCOB
# (they are minimal, add the rest in the shell startup files)
in:/binBTH      PATH=/usr/local/sbin:/usr/local/bin:/usr/sbin:/usr/bin:/sb:
mesESCOB        PATH=/usr/local/bin:/usr/bin:/bin:/usr/local/games:/usr/ga:
 ESESCOB
#ESESCOB
# Terminal permissions
#ESESCOB
#       TTYGROUP        Login tty will be assigned this group ownership.
#       TTYPERM         Login tty will be set to this permission.
#ESESCOB
# If you have a "write" program which is "setgid" to a special group
# which owns the terminals, define TTYGROUP to the group number and
# TTYPERM to 0620.  Otherwise leave TTYGROUP commented out and assign
# TTYPERM to either 622 or 600.
#ESESCOB
# In Debian /usr/bin/bsd-write or similar programs are setgid tty
# However, the default and recommended value for TTYPERM is still 0600
# to not allow anyone to write to anyone else console or terminal
 ESESCOB
# Users can still allow other people to write them by issuing 
# the "mesg y" command.
 ESESCOB
TTYGROUP        tty
TTYPERM         0600
 ESESCOB
#ESESCOB
# Login configuration initializations:
#ESESCOB
#       ERASECHAR       Terminal ERASE character ('\010' = backspace).
#       KILLCHAR        Terminal KILL character ('\025' = CTRL/U).
#       UMASK           Default "umask" value.
#ESESCOB
# The ERASECHAR and KILLCHAR are used only on System V machines.
# SESCOB
# UMASK is the default umask value for pam_umask and is used by
# useradd and newusers to set the mode of the new home directories.
# 022 is the "historical" value in Debian for UMASK
# 027, or even 077, could be considered better for privacy
# There is no One True Answer here : each sysadmin must make up his/her
# mind.B
#ESESCOB
valueCOBRGROUPS_ENAB is set to "yes", that will modify this UMASK default :
isSESCOBivate user groups, i. e. the uid is the same as gid, and username :
 beESCOBme as the primary group name: for these, the user permissions will:
# used as group permissions, e. g. 022 will become 002.
#ESESCOB
# Prefix these values with "0" to get octal, "0x" to get hexadecimal.
#ESESCOB
ERASECHAR       0177
M# The ERASECHAR and KILLCHAR are used only on System V machines.
M#SESCOA
#ESESCOB
ERASECHAR       0177
KILLCHAR        025
UMASK           022
 ESESCOB
# HOME_MODE is used by useradd(8) and newusers(8) to set the mode for new
# home directories.
# If HOME_MODE is not set, the value of UMASK is used to create the mode.
HOME_MODE       0750
 ESESCOB
#ESESCOB
# Password aging controls:
#ESESCOB
#       PASS_MAX_DAYS   Maximum number of days a password may be used.
anges.OBPASS_MIN_DAYS   Minimum number of days allowed between password ch:
ires.COBPASS_WARN_AGE   Number of days warning given before a password exp:
#ESESCOB
PASS_MAX_DAYS   99999
PASS_MIN_DAYS   0
PASS_WARN_AGE   7
 ESESCOB
#ESESCOB
# Min/max values for automatic uid selection in useradd
#ESESCOB
UID_MIN                  1000
UID_MAX                 60000
# System accounts
#SYS_UID_MIN              100
#SYS_UID_MAX              999
# Extra per user uids
SUB_UID_MIN                100000
SUB_UID_MAX             600100000
SUB_UID_COUNT               65536
 ESESCOB
#ESESCOB
# Min/max values for automatic gid selection in groupadd
#ESESCOB
GID_MIN                  1000
GID_MAX                 60000
# System accounts
#SYS_GID_MIN              100
#SYS_GID_MAX              999
# Extra per user group ids
SUB_GID_MIN                100000
SUB_GID_MAX             600100000
SUB_GID_COUNT               65536

#
# Max number of login retries if password is bad. This will most likely be
# overriden by PAM, since the default pam_unix module has it's own built
# in of 3 retries. However, this is a safe fallback in case you are using
# an authentication module that does not enforce PAM_MAXTRIES.
#
LOGIN_RETRIES           5

#
# Max time in seconds for login
#
LOGIN_TIMEOUT           60

#
# Which fields may be changed by regular users using chfn - use
# any combination of letters "frwh" (full name, room number, work
# phone, home phone).  If not defined, no changes are allowed.
# For backward compatibility, "yes" = "rwh" and "no" = "frwh".
# 
CHFN_RESTRICT           rwh

#
# Should login be allowed if we can't cd to the home directory?
# Default is no.
#
DEFAULT_HOME    yes

#
# If defined, this command is run when removing a user.
# It should remove any at/cron/print jobs etc. owned by
# the user to be removed (passed as the first argument).
#
#USERDEL_CMD    /usr/sbin/userdel_local

#
# Enable setting of the umask group bits to be the same as owner bits
# (examples: 022 -> 002, 077 -> 007) for non-root users, if the uid is
# the same as gid, and username is the same as the primary group name.
#
# If set to yes, userdel will remove the user's group if it contains no
# more members, and useradd will create by default a group with the name
# of the user.
#
USERGROUPS_ENAB yes

#
# Instead of the real user shell, the program specified by this parameter
# will be launched, although its visible name (argv[0]) will be the shell's.
# The program may do whatever it wants (logging, additional authentification,
# banner, ...) before running the actual shell.
#
# FAKE_SHELL /bin/fakeshell

#
# If defined, either full pathname of a file containing device names or
# a ":" delimited list of device names.  Root logins will be allowed only
# upon these devices.
#
# This variable is used by login and su.
#
#CONSOLE        /etc/consoles
#CONSOLE        console:tty01:tty02:tty03:tty04

#
# List of groups to add to the user's supplementary group set
# when logging in on the console (as determined by the CONSOLE
# setting).  Default is none.
#
>0;root@ubse: ~
root@ubse:~# cd /etc/skel/
0;root@ubse: /etc/skel
root@ubse:/etc/skel# ls -a
.  ..  .bash_logout  .bashrc  .profile
0;root@ubse: /etc/skel
root@ubse:/etc/skel# tpipouch lon.txt
0;root@ubse: /etc/skel
root@ubse:/etc/skel# 
logout
0;user@ubse: ~
user@ubse:~$ 0;user@ubse: ~
user@ubse:~$ 
less /etc/sudo
ers

/etc/sudoers: Permission denied
0;user@ubse: ~
sudo ubse:~$ less /etc/sudoers
#
# This file MUST be edited with the 'visudo' command as root.
#
# Please consider adding local content in /etc/sudoers.d/ instead of
# directly modifying this file.
#
# See the man page for details on how to write a sudoers file.
#
Defaults        env_reset
Defaults        mail_badpass
Defaults        secure_path="/usr/local/sbin:/usr/local/bin:/usr/sbin:/usr/bin:/sbin:/bin:/snap/bin"

# This fixes CVE-2005-4890 and possibly breaks some versions of kdesu
# (#1011624, https://bugs.kde.org/show_bug.cgi?id=452532)
Defaults        use_pty

# This preserves proxy settings from user environments of root
# equivalent users (group sudo)
_proxy"Bs:%sudo env_keep += "http_proxy https_proxy ftp_proxy all_proxy no:
 ESESCOB
# This allows running arbitrary commands, but so does ALL, and it means
# different sudoers have their choice of editor respected.
#Defaults:%sudo env_keep += "EDITOR"
 ESESCOB
# Completely harmless preservation of a user preference.
#Defaults:%sudo env_keep += "GREP_COLOR"
 ESESCOB
# While you shouldn't normally run git as root, you need to with etckeeper
#Defaults:%sudo env_keep += "GIT_AUTHOR_* GIT_COMMITTER_*"
 ESESCOB
# Per-user preferences; root won't have sensible values for them.
#Defaults:%sudo env_keep += "EMAIL DEBEMAIL DEBFULLNAME"
 ESESCOB
# "sudo scp" or "sudo rsync" should be able to use your SSH agent.
#Defaults:%sudo env_keep += "SSH_AGENT_PID SSH_AUTH_SOCK"
 ESESCOB
# Ditto for GPG agent
#Defaults:%sudo env_keep += "GPG_AGENT_INFO"
 ESESCOB
# Host alias specification
 ESESCOB
# User alias specification
 ESESCOB
# Cmnd alias specification
 ESESCOB
# User privilege specification
root    ALL=(ALL:ALL) ALL
 ESESCOB
# Members of the admin group may gain root privileges
%admin ALL=(ALL) ALL
 ESESCOB
# Allow members of group sudo to execute any command
%sudo   ALL=(ALL:ALL) ALL
 ESESCOB
# See sudoers(5) for more information on "@include" directives:
 ESESCOB
@includedir /etc/sudoers.d
 ESESCOB
 ESESCOB
M#Defaults:%sudo env_keep += "GPG_AGENT_INFO"
M# Ditto for GPG agent
MESESCOA
M#Defaults:%sudo env_keep += "SSH_AGENT_PID SSH_AUTH_SOCK"
M# "sudo scp" or "sudo rsync" should be able to use your SSH agent.
MESESCOA
M#Defaults:%sudo env_keep += "EMAIL DEBEMAIL DEBFULLNAME"
 ESESCOB
# Allow members of group sudo to execute any command
%sudo   ALL=(ALL:ALL) ALL
 ESESCOB
# See sudoers(5) for more information on "@include" directives:
 ESESCOB
@includedir /etc/sudoers.d
 ESESCOB
 ESESCOB
M#Defaults:%sudo env_keep += "GPG_AGENT_INFO"
M# Ditto for GPG agent
MESESCOA
M#Defaults:%sudo env_keep += "SSH_AGENT_PID SSH_AUTH_SOCK"
M# "sudo scp" or "sudo rsync" should be able to use your SSH agent.
MESESCOA
M#Defaults:%sudo env_keep += "EMAIL DEBEMAIL DEBFULLNAME"
M# Per-user preferences; root won't have sensible values for them.
MESESCOA
M#Defaults:%sudo env_keep += "GIT_AUTHOR_* GIT_COMMITTER_*"
M# While you shouldn't normally run git as root, you need to with etckeeper
MESESCOA
M#Defaults:%sudo env_keep += "GREP_COLOR"
M# Completely harmless preservation of a user preference.
MESESCOA
>0;user@ubse: ~
visudo se:~$ sudo less /etc/sudoers

visudo: /etc/sudoers: Permission denied
0;user@ubse: ~
user@ubse:~$ sudo visudo 
8efaults        use_ptygs.kde.org/show_bug.cgi?id=452532)in:/usr/sbin:/us># This fixes CVE-2005-4890 and possibly breaks some versions of kdesu
8 This preserves proxy settings from user environments of root
8 equivalent users (group sudo)
#Defaults:%sudo env_keep += "http_proxy https_proxy ftp_proxy all_proxy n>8
8
# This allows running arbitrary commands, but so does ALL, and it means
# different sudoers have their choice of editor respected.
#Defaults:%sudo env_keep += "EDITOR"

# Completely harmless preservation of a user preference.
#Defaults:%sudo env_keep += "GREP_COLOR"

# While you shouldn't normally run git as root, you need to with etckeeper
#Defaults:%sudo env_keep += "GIT_AUTHOR_* GIT_COMMITTER_*"

# Per-user preferences; root won't have sensible values for them.
#Defaults:%sudo env_keep += "EMAIL DEBEMAIL DEBFULLNAME"

# "sudo scp" or "sudo rsync" should be able to use your SSH agent.
#Defaults:%sudo env_keep += "SSH_AGENT_PID SSH_AUTH_SOCK"

# Ditto for GPG agent
#Defaults:%sudo env_keep += "GPG_AGENT_INFO"

# Host alias specification

# User alias specification

# Cmnd alias specification

# User privilege specification
root    ALL=(ALL:ALL) ALL

# Members of the admin group may gain root privileges
%admin ALL=(ALL) ALL

# Allow members of group sudo to execute any command
>visudo: /etc/sudoers.tmp unchangedhe 'visudo' command as root.ead ofin:/us>MDefaults        mail_badpassdo)EP_COLOR"
0;user@ubse: ~
user@ubse:~$ sudo visudo 
8efaults        use_ptygs.kde.org/show_bug.cgi?id=452532)in:/usr/sbin:/us># This fixes CVE-2005-4890 and possibly breaks some versions of kdesu
8 This preserves proxy settings from user environments of root
8 equivalent users (group sudo)
#Defaults:%sudo env_keep += "http_proxy https_proxy ftp_proxy all_proxy n>8
8
# This allows running arbitrary commands, but so does ALL, and it means
# different sudoers have their choice of editor respected.
#Defaults:%sudo env_keep += "EDITOR"

# Completely harmless preservation of a user preference.
#Defaults:%sudo env_keep += "GREP_COLOR"

# While you shouldn't normally run git as root, you need to with etckeeper
#Defaults:%sudo env_keep += "GIT_AUTHOR_* GIT_COMMITTER_*"

# Per-user preferences; root won't have sensible values for them.
#Defaults:%sudo env_keep += "EMAIL DEBEMAIL DEBFULLNAME"

# "sudo scp" or "sudo rsync" should be able to use your SSH agent.
#Defaults:%sudo env_keep += "SSH_AGENT_PID SSH_AUTH_SOCK"

# Ditto for GPG agent
#Defaults:%sudo env_keep += "GPG_AGENT_INFO"

# Host alias specification

# User alias specification

# Cmnd alias specification

# User privilege specification
root    ALL=(ALL:ALL) ALL

# Members of the admin group may gain root privileges
%admin ALL=(ALL) ALL

# Allow members of group sudo to execute any command
%sudo   ALL=(ALL:ALL) ALL

# See sudoers(5) for more information on "@include" directives:

@includedir /etc/sudoers.d
MDefaults        env_resetath="/usr/local/sbin:/usr/local/bin:/usr/sbin:/us>MDefaults        mail_badpassdo)EP_COLOR"

# Completely harmless preservation of a user preference.
#Defaults:%sudo env_keep += "GREP_COLOR"

# While you shouldn't normally run git as root, you need to with etckeeper
#Defaults:%sudo env_keep += "GIT_AUTHOR_* GIT_COMMITTER_*"

# Per-user preferences; root won't have sensible values for them.
#Defaults:%sudo env_keep += "EMAIL DEBEMAIL DEBFULLNAME"

# "sudo scp" or "sudo rsync" should be able to use your SSH agent.
#Defaults:%sudo env_keep += "SSH_AGENT_PID SSH_AUTH_SOCK"

# Ditto for GPG agent
#Defaults:%sudo env_keep += "GPG_AGENT_INFO"

# Host alias specification

# User alias specification

# Cmnd alias specification

# User privilege specification
root    ALL=(ALL:ALL) ALL

# Members of the admin group may gain root privileges
%admin ALL=(ALL) ALL

# Allow members of group sudo to execute any command
%sudo   ALL=(ALL:ALL) ALL

# See sudoers(5) for more information on "@include" directives:

@includedir /etc/sudoers.d
>0;user@ubse: ~ite: /etc/sudoers.tmp [ Writing... ] [ Wrote 57 lines ]      Y Yes
user@ubse:~$ sudo visudo 
user is not in the sudoers file.
0;user@ubse: ~
user@ubse:~$ sudo visudo 
user is not in the sudoers file.
0;user@ubse: ~
user@ubse:~$ 


logout
Connection to localhost closed.
DEVOPS24/lektion11
$ 
exit

Script done on 2025-05-06 11:35:04+02:00 [COMMAND_EXIT_CODE="1"]
