Script started on 2025-09-30 09:03:53+02:00 [TERM="xterm-256color" TTY="/dev/pts/2" COLUMNS="82" LINES="10"]
ITINF25/lektion8
$ ITINF25/lektion8
$ git status
On branch 250930
Your branch is up to date with 'origin/250930'.

nothing to commit, working tree clean
ITINF25/lektion8
$ ITINF25/lektion8
$ ITINF25/lektion8
$ ITINF25/lektion8
$ l


alaiias
ITINF25/lektion8
$ bash

l1-live/ITINF25/lektion8 on ÓÇ† 250930 [$] 
‚ùØ 
l1-live/ITINF25/lektion8 on ÓÇ† 250930 [$] 
‚ùØ alias
alias ubse-start='vboxmanage startvm --type=headless ubse'

l1-live/ITINF25/lektion8 on ÓÇ† 250930 [$] 
‚
nge vms
bash: vmboxmange: command not found

l1-live/ITINF25/lektion8 on ÓÇ† 250930 [$] 
‚ùØ vmboxmange vm
bash: vmboxmage: command not found

l1-live/ITINF25/lektion8 on ÓÇ† 250930 [$] 
‚ùØ 
l1-live/ITINF25/lektion8 on ÓÇ† 250930 [$] 
‚ùØ exit
exit
ITINF25/lektion8
$ ITINF25/lektion8
$ ls
aterblick  recordings
ITINF25/lektion8
$ ITINF25/lektion8
$ man ls
LS(1)                            User Commands                            LS(1)

NAME
       ls - list directory contents

SYNOPSIS
       ls [OPTION]... [FILE]...

DESCRIPTION
       List  information  about  the  FILEs (the current directory by default).
       Sort entries alphabetically if none of -cftuvSUX nor  --sort  is  speci‚Äê
       fied.

       Mandatory arguments to long options are mandatory for short options too.

       -a, --all
              do not ignore entries starting with .

       -A, --almost-all
              do not list implied . and ..

       --author
              with -l, print the author of each file

       -b, --escape
              print C-style escapes for nongraphic characters
 ESESCOBpage ls(1) line 14 (press h for help or q to quit)
       --block-size=SIZE15 (press h for help or q to quit)
              with   -l,   scale  sizes  by  SIZE  when  printing  them;  e.g.,
              '--block-size=M'; see SIZE format belowquit)
 Manual page ls(1) line 18 (press h for help or q to quit)
       -B, --ignore-backups
              do not list implied entries ending with ~

       -c     with -lt: sort by, and show, ctime (time of last modification  of
              file  status  information); with -l: show ctime and sort by name;
              otherwise: sort by ctime, newest first

       -C     list entries by columns

       --color[=WHEN]
              color the output WHEN; more info below

       -d, --directorye 31 (press h for help or q to quit)
              list directories themselves, not their contents
 ESESCOBpage ls(1) line 33 (press h for help or q to quit)
       -D, --dired line 34 (press h for help or q to quit)
              generate output designed for Emacs' dired mode
 ESESCOBpage ls(1) line 36 (press h for help or q to quit)
       -f     list all entries in directory order to quit)
 ESESCOBpage ls(1) line 38 (press h for help or q to quit)
       -F, --classify[=WHEN]press h for help or q to quit)
              append indicator (one of */=>@|) to entries WHEN
 ESESCOBpage ls(1) line 41 (press h for help or q to quit)
       --file-type line 42 (press h for help or q to quit)
              likewise, except do not append '*'q to quit)
 ESESCOBpage ls(1) line 44 (press h for help or q to quit)
       --format=WORDine 45 (press h for help or q to quit)
              across -x, commas -m, horizontal -x, long -l,  single-column  -1,
              verbose -l, vertical -Cor help or q to quit)
 ESESCOBpage ls(1) line 48 (press h for help or q to quit)
       --full-time line 49 (press h for help or q to quit)
              like -l --time-style=full-isop or q to quit)
 ESESCOBpage ls(1) line 51 (press h for help or q to quit)
       -g     like -l, but do not list owner or q to quit)
 ESESCOBpage ls(1) line 53 (press h for help or q to quit)
       --group-directories-firsts h for help or q to quit)
              group  directories  before  files; can be augmented with a --sort
              option, but any use of --sort=none (-U) disables grouping
 ESESCOBpage ls(1) line 57 (press h for help or q to quit)
       -G, --no-groupne 58 (press h for help or q to quit)
              in a long listing, don't print group namest)
 ESESCOBpage ls(1) line 60 (press h for help or q to quit)
       -h, --human-readable(press h for help or q to quit)
              with -l and -s, print sizes like 1K 234M 2G etc.
 ESESCOBpage ls(1) line 63 (press h for help or q to quit)
       --si   likewise, but use powers of 1000 not 1024it)
 ESESCOBpage ls(1) line 65 (press h for help or q to quit)
       -H, --dereference-command-lineor help or q to quit)
              follow symbolic links listed on the command line
 ESESCOBpage ls(1) line 68 (press h for help or q to quit)
       --dereference-command-line-symlink-to-dirq to quit)
>ITINF25/lektion8) line 70 (press h for help or q to quit)
$ ITINF25/lektion8
$ ls
aterblick  recordings
ITINF25/lektion8
$ ITINF25/lektion8
$ alias ls="ls -Ah

ITINF25/lektion8
$ ls
aterblick  recordings
ITINF25/lektion8
$ ls -lITINF25/lektion8
$ ls -l
total 8.0K
drwxr-xr-x 3 kent kent 4.0K Sep 30 09:05 aterblick
drwxr-xr-x 2 kent kent 4.0K Sep 30 09:07 recordings
ITINF25/lektion8
$ touch .jagedold
ITINF25/lektion8
$ ITINF25/lektion8
$ ls
aterblick  .jagedold  recordings
ITINF25/lektion8
(reverse-i-search)`':a': touch .jagedoll': alias ls="ls -Ahi': alia': alias': aliasunalias calias cd="echo no way^C
ITINF25/lektion8
$ ls -abywDhx






(reverse-i-search)`': ^C
ITINF25/lektion8
$ ITINF25/lektion8
$ history
   12  touch 'mycket bra fil'
   13  ls
   14  rm mycket\ bra\ fil 
   15  ls
   16  sl
   17  sl
   18  ls
   19  puff() { echo DU ANROPADE PUFF; }
   20  puff
   21  sl() { echo "[  ]-[  ]-[  ] <-- SL";  }
   22  sl
   23  help cd
   24  builtin
   25  help builtin
   26  help builtins
   27  ls
   28  mkdir kat
   29  help mkdir
   30  cd kat/
   31  ls
   32  cd ..
   33  echo $PATH
   34  ls bin
   35  ls ~/bin
   36  hej
   37  ssh server-ubuntu
   38  hej
   39  command_not_found_handle() { echo "$1" "$2" "$3"; }
   40  hej
   41  command_not_found_handle() { echo "H√∂rru!" "$1" "$2" "$3"; }
   42  hej
   43  nano sourceamig
   44  chmod +x sourceamig 
   45  ls -l sourceamig 
   46  chmod +w sourceamig
   47  ls -l sourceamig 
   48  ./sourceamig 
   49  ./sourceamig 
   50  echo $X
   51  ./sourceamig 
   52  echo $X
   53  source sourceamig 
   54  echo $X
   55  help source
   56  source ~/.bashrc
   57  ssh server-kent
   58  echo -e 'Kalle\nLotta\nOve\nMayank'
   59  echo -e 'Kalle\nLotta\nOve\nMayank' | sort -R
   60  exit
   61  cd Downloads
   62  rm *.pdf
   63  exit
   64  cd Documents
   65  cd nackademin/
   66  l
   67  cd linux1/
   68  cd l1-live/
   69  git fetch origin/main
   70  git fetch origin main
   71  bin/educator --edit
   72  code .
   73  git checkout main
   74  git pull
   75  help
   76  enable
   77  enable -a
   78  help enable
   79  help help
   80  help -s
   81  man bash
   82  ssh server-kent
   83  exit
   84  git ira
   85  git rebase origin/main
   86  git rebase --abort
   87  git merge main
   88  git merge origin/main
   89  git push -f
   90  gh repo view --web
   91  less /etc/locale.gen 
   92  bin/educator 
   93  exit
   94  echo -e eiujeoiej oierj oie jeoie joiej eoijeoiejoeijeoije oiej eoijeoej oiejeoijeoie joeij eoijeoiejeo
   95  exit
   96  exit
   97  echo > indikatorfil2
   98  exit
   99  X=rulle
  100  echo $X
  101  echo ${X}
  102  echo ${X:2}
  103  echo ${X:1}
  104  echo ${X:1:2}
  105  echo ${#X}
  106  echo ${X/r/b}
  107  # byter ut r mot b.
  108  man bash
  109  echo $(ls /etc)
  110  echo "$(ls /etc)"
  111  echo "$(ls /etc)" 
  112  lsoutput=$(ls /etc)
  113  echo "$lsoutput"
  114  ls
  115  touch fil1 fil2
  116  touch "fil1 fil2"
  117  F="fil1 fil2"
  118  rm -v $F
  119  rm -v "$F"
  120  C="ls -l"
  121  $C
  122  C="ls -l"
  123  "$C"
  124  $C
  125  ls
  126  echo "$BIL"
  127  echo 'Hejsan $x'
  128  man bash
  129  touch pathname_expansion
  130  chmod +x pathname_expansion 
  131  code pathname_expansion 
  132  echo *.txt
  133  echo *.sh
  134  ls -l *.sh
  135  ls -l *.txt
  136  ls -l *a*
  137  history
  138  touch a aa
  139  ls ?
  140  ls ??
  141  touch x.mpeg y.mpg
  142  ls *.mp*g
  143  touch z.mpoooolg
  144  ls *.mp*g
  145  ls *.mp?g
  146  ls -l [rt]
  147  ls -l [rt]*
  148  git stash
  149  git stsatus
  150  git status
  151  ls
  152  fish
  153  X=123
  154  echo $(( X * 2 ))
  155  Y=Hej
  156  echo $(( Y * 2 ))
  157  bc
  158  alias cd="echo no way"
  159  cd
  160  \cd ..
  161  unalias cd
  162  cd lektion6
  163  echo hej
  164  echo hej
  165  echo hej echo hej
  166  echo hej echo hej echo hej echo hej
  167  apt update
  168  apt update
  169  apt update
  170  sudo apt update
  171  cd ~
  172  less .bash_history 
  173  less .bash_history 
  174  help history
  175  man bash
  176  ssh server-kent
  177  echo hej
  178  history
  179  ssh server-kent
  180  echo "hejeji ejoiejoiej eoi jeoiejeoijeoiej eoijeoie"
  181  # rm -rf /
  182  echo -e 'ett\ntv√•' # -e tolkar om \n till en radmatning
  183  # jiejeie
  184  echo oiijwijwiw # hejeje
  185  X=abc
  186  echo Hej ${^^X} 
  187  echo Hej ${X@U} 
  188  echo Hej ${X^^} 
  189  echo Hej ${X^^} 
  190  echo Hej ${X^^}  # ^^ = uppercase
  191  ls
  192  cd -
  193  ls
  194  ls katalogsomintefinns/
  195  ls
  196  echo Hej 1>hejfil.txt
  197  echo Hej 2>tomfil.txt
  198  echo Hej 1>hejfil.txt
  199  echo "id $RANDOM" >>radfil.txt
  200  echo "id $RANDOM" >>radfil.txt
  201  echo "id $RANDOM" >>radfil.txt
  202  echo "id $RANDOM" >>radfil.txt
  203  read NAMN
  204  echo $NAMN
  205  read NAMN
  206  read NAMN < namninput.txt 
  207  echo $NAMN
  208  read NAMN < namninput.txt 
  209  echo $NAMN
  210  read NAMN < namninput.txt 
  211  echo $NAMN
  212  echo "Nu blev det fel" >&2
  213  echo "Nu blev det fel"
  214  echo "Nu blev det fel" >&2
  215  echo "Nu blev det fel" >&2 2>stderr_felmeddelande.txt
  216  echo "Nu blev det fel" 2>stderr_felmeddelande.txt >&2
  217  echo "Nu blev det fel" >&2
  218  echo "Hej" >&1
  219  cat /dev/random 
  220  cat /dev/null
  221  echo hejsan >/dev/null
  222  echo hejsan 2>/dev/null
  223  ls 2>/dev/null
  224  ls katalogsomintefinns/ 2>/dev/null
  225  echo "Hej hopp" 1>/dev/null
  226  echo "Hej hopp" 2>/dev/null
  227  cat < namninput.txt > namninput.txt 
  228  cp namninput.txt namninput_kopia.txt 
  229  cat < namninput_kopia.txt > namninput_kopia.txt
  230  cat < namninput_kopia.txt > namninput_kopia.txt
  231  cat < namninput_kopia.txt > namninput_kopia2.txt
  232  ls > lsfil.txt
  233  read SKOSTORLEK
  234  echo $SKOSTORLEK 
  235  echo 44 > skostorlek.txt
  236  read SKOST < skostorlek.txt 
  237  echo $SKOST
  238  read SKOST <0 skostorlek.txt 
  239  read SKOST < skostorlek.txt 
  240  echo -e "x\ny"
  241  echo -e "$RANDOM\n$RANDOM\n$RANDOM"
  242  echo -e "$RANDOM\n$RANDOM\n$RANDOM" >slumpfil.txt
  243  sort slumpfil.txt 
  244  ls /etc
  245  ls /etc | less
  246  ls /etc | grep ch
  247  grep Ulla namninput.txt 
  248  echo $?
  249  grep Bosse namninput.txt
  250  echo $?
  251  man grep
  252  grep Bosse filsomintefinns
  253  echo $?
  254  man grep
  255  true || echo "Aloha!"
  256  true && echo "Aloha!"
  257  false && echo "Aloha!"
  258  false || echo "Aloha!"
  259  bash
  260  chmod +x falskt 
  261  ./falskt 
  262  echo $?
  263  ./falskt || echo "Yo
  264  ./falskt || echo "Yo"
  265  cp falskt sant
  266  ./sant && echo "Oh yeah"
  267  true | false | true | true | false
  268  echo $?
  269  { true | false | true | true | false } || echo "Falskt!"
  270  { true | false | true | true | false } || echo "Falskt!"
  271  { true | false | true | true | false }
  272  { true | false | true | true | false; }
  273  { true | false | true | true | false; } && echo "SANT"
  274  { true | false | true | true; } && echo "SANT"
  275  man test
  276  test -n ""
  277  echo $?
  278  man test
  279  test -z ""
  280  echo $?
  281  test -n "hej"
  282  echo $?
  283  man test
  284  test -f indikatorfil
  285  echo $?
  286  touc indikatorfil
  287  touch indikatorfil
  288  echo $?
  289  if { true | false | true | true; }; then echo "Det var sant"; fi
  290  cp sant for1
  291  code for1 
  292  ./for1 
  293  ./for1 ett tva tre
  294  ./for1 ett
  295  ./for1
  296  ./for1 hej hopp arne kalle netflix
  297  echo a b c
  298  ./for1 a b c
  299  ./for1 a b c
  300  ./for1 a b c d
  301  ./for1 a b c d
  302  cp for1 for2
  303  code for2
  304  mv for1 for
  305  mv for2 for-in
  306  code for-in
  307  ./for-in 
  308  ls / /etc /etc/ssh
  309  ./for a b c
  310  ./for HEJ HOPP KALLE
  311  cp for while
  312  code while 
  313  ./while 
  314  ./while 
  315  ./while 
  316  sleep 3
  317  echo "Hej"; sleep 2; echo "D√•!"
  318  sleep 2
  319  echo $?
  320  sleep 2
  321  echo $?
  322  ls
  323  ./while 
  324  man test
  325  ./while 
  326  man test
  327  ./while 
  328  cp while read1
  329  code 1
  330  code read1 
  331  ./read1 
  332  ./read1 
  333  ./read1 
  334  ./read1 
  335  ./read1 
  336  echo XXX${IFS}XXX
  337  read x1 x2 x3
  338  echo $x1
  339  echo $x2
  340  echo $x3
  341  IFS="," read x1 x2
  342  echo $x1
  343  echo $x2
  344  read x1 x2
  345  echo $x1
  346  echo $x2
  347  read x1 x2
  348  echo $x1
  349  echo $x2
  350  read x1 x2
  351  echo $x1
  352  echo $x2
  353  IFS="|" read namn1 namn2 namn3
  354  echo $namn1 
  355  IFS="|" read namn1 namn2 namn3
  356  echo $namn1
  357  echo $namn2
  358  echo $namn3
  359  IFS="," read namn1 namn2 namn3
  360  echo $namn1
  361  echo $namn2
  362  cp read1 read3lines
  363  code read3lines 
  364  ./read3lines 
  365  mv √•terblick_lektion5.md √•terblick_lektion5.txt
  366  ./read3lines 
  367  ./read3lines 
  368  ./read3lines 
  369  ./read3lines 
  370  ./read3lines 
  371  ./read3lines 
  372  cp read3lines readalllines
  373  code readalllines 
  374  read < /dev/null 
  375  echo $?
  376  read x
  377  echo $?
  378  ./readalllines 
  379  ./readalllines 
  380  ./readalllines 
  381  man bash
  382  cd Dropbox
  383  cd ..
  384  ls Documents
  385  ls bokforing
  386  cd
  387  exit
  388  exit
  389  ls Documents
  390  ls bokforing
  391  cd
  392  exit
  393  grep META linux1.md 
  394  grep 'id:.*id:' linux2.md 
  395  grep 'id:' linux2.md 
  396  grep ':\' linux2.md 
  397  grep ':\\' linux2.md 
  398  ./addid.sh 
  399  ./addid.sh linux2.md linux2.mdx
  400  cp linux2.md{x,}
  401  code questions_for_date.py 
  402  code push 
  403  code ../exam
  404  nvm
  405  ./push 
  406  cd
  407  exit
  408  exit
  409  source /shared/kent/Documents/nackademin/exams/.venv/bin/activate
  410  grep -B 3 exam:251001 linux2.md 
  411  grep -B 3 exam:251001 linux2.md | grep ##
  412  grep -B 3 exam:251001 linux2.md | grep '##'
  413  grep -B 3 exam:251001 linux2.md | grep 'po√§ng'
  414  cd Documents
  415  cd nackademin/
  416  cd linux1/
  417  cd ..
  418  ls exams/
  419  cd exams/
  420  git status
  421  rm x
  422  git diff
  423  git add .
  424  git commit -m "Improvement Linux 2"
  425  code .
  426  cat questions_251001.json 
  427  cat zipgrade_251001.csv 
  428  cat zipgrade_251001.csv | xsel
  429  wget https://github.com/espanso/espanso/releases/latest/download/espanso-debian-wayland-amd64.deb
  430  sudo apt install ./espanso-debian-wayland-amd64.deb
  431  sudo setcap "cap_dac_override+p" $(which espanso)
  432  espanso service register
  433  espanso start
  434  Hi there!
  435  espanso status
  436  09/27/2025
  437  nano .config/espanso/match/base.yml 
  438  git diff
  439  git add .
  440  git commit -m "Improvement Linux 2"
  441  code .
  442  cat questions_251001.json 
  443  cat zipgrade_251001.csv 
  444  cat zipgrade_251001.csv | xsel
  445  wget https://github.com/espanso/espanso/releases/latest/download/espanso-debian-wayland-amd64.deb
  446  sudo apt install ./espanso-debian-wayland-amd64.deb
  447  sudo setcap "cap_dac_override+p" $(which espanso)
  448  espanso service register
  449  espanso start
  450  Hi there!
  451  espanso status
  452  09/27/2025
  453  nano .config/espanso/match/base.yml 
  454  cd Documents
  455  cd nackademin/
  456  cd ..
  457  cd GitHub
  458  cd nackc8/
  459  cd existing/
  460  echo *redo
  461  echo *redo*d5
  462  echo *redo*d5*
  463  echo *redo*-d5-*
  464  echo *redo*-d5-* | wc -l
  465  for x in *redo*-d5-*; do echo "$x"; done | wc-l
  466  for x in *redo*-d5-*; do echo "$x"; done | wc -l
  467  for x in *redo*-d5-*; do echo "$x"; done
  468  for x in *redo*-d5-*; do echo "${x%%l10-redo-d5-}"; done
  469  for x in *redo*-d5-*; do echo "${x##l10-redo-d5-}"; done
  470  for x in *redo*-d5-*; do u="${x##l10-redo-d5-}"; done
  471  for x in *redo*-d5-*; do u="${x##l10-redo-d5-}"; cat $x/mail.txt; done
  472  for x in *redo*-d5-*; do u="${x##l10-redo-d5-}"; read mail < $x/mail.txt; done
  473  for x in *redo*-d5-*; do u="${x##l10-redo-d5-}"; read mail < $x/mail.txt; echo $u $mail; done
  474  for x in *redo*-d5-*; do u="${x##l10-redo-d5-}"; read mail < $x/mail.txt; echo $mail $u; done
  475  for x in *redo*-d5-*; do u="${x##l10-redo-d5-}"; read mail < $x/mail.txt; echo -e "$mail\t$u"; done
  476  for x in *redo*-d5-*; do u="${x##l10-redo-d5-}"; read mail < $x/mail.txt; echo -e "$mail\t$u"; done | xsel
  477  sort x
  478  sort x | xsel
  479  rm x
  480  less x
  481  for x in *redo*-d5-*; do u="${x##l10-redo-d5-}"; read mail < $x/mail.txt; echo -e "$mail\t$u"; done > x
  482  cat x | xsel
  483  cat x | sort
  484  cat x | sort > y
  485  for x in *redo*-d5-*; do u="${x##l10-redo-d5-}"; read mail < $x/mail.txt; echo -e "$mail\t$u"; done | sort > x
  486  cat x
  487  cat x | grep -v dinadress
  488  cat x | grep -v dinadress > y
  489  cat y
  490  cat y | sel
  491  cat y | xsel
  492  rm x y
  493  gh-sync-organization 
  494  ls -1d *l11-d4*
  495  ls -1d *l11-*-d4-*
  496  ls -1d *l11-*-d4-* | wc -l
  497  gh-sync-organization 
  498  cd Documents/nackademin/linux1/l1-live/
  499  code .
  500  git status
  501  alias
  502  bash
  503  ls
  504  man ls
  505  ls
  506  alias ls="ls -Ah"
  507  ls
  508  ls -l
  509  touch .jagedold
  510  ls
  511  history
ITINF25/lektion8
$ ITINF25/lektion8
$ aliase-i-search)`':a': touch .jagedoll': alias ls="ls -Ahi': alia': alias': alias







  
ITINF25/lektion8
$ ITINF25/lektion8
$ man ls
LS(1)                            User Commands                            LS(1)

NAME
       ls - list directory contents

SYNOPSIS
       ls [OPTION]... [FILE]...

DESCRIPTION
       List  information  about  the  FILEs (the current directory by default).
       Sort entries alphabetically if none of -cftuvSUX nor  --sort  is  speci‚Äê
       fied.

LS(1)                            User Commands                            LS(1)

NAME
       ls - list directory contents

SYNOPSIS
       ls [OPTION]... [FILE]...

DESCRIPTION
       List  information  about  the  FILEs (the current directory by default).
       Sort entries alphabetically if none of -cftuvSUX nor  --sort  is  speci‚Äê
       fied.

LS(1)                            User Commands                            LS(1)

NAME
       ls - list directory contents

SYNOPSIS
       ls [OPTION]... [FILE]...

DESCRIPTION
       List  information  about  the  FILEs (the current directory by default).
       Sort entries alphabetically if none of -cftuvSUX nor  --sort  is  speci‚Äê
       fied.

...skipping...
       -A, --almost-all
              do not list implied . and ..

       --author
              with -l, print the author of each file

       -b, --escape
              print C-style escapes for nongraphic characters

       --block-size=SIZE
              with   -l,   scale  sizes  by  SIZE  when  printing  them;  e.g.,
              '--block-size=M'; see SIZE format below

       -A, --almost-all 19 (press h for help or q to quit)
              do not list implied . and ..

       --author
              with -l, print the author of each file

       -b, --escape
              print C-style escapes for nongraphic characters

       --block-size=SIZE
              with   -l,   scale  sizes  by  SIZE  when  printing  them;  e.g.,
              '--block-size=M'; see SIZE format below

       -A, --almost-all
              do not list implied . and ..

       --author
              with -l, print the author of each file

       -b, --escape
              print C-style escapes for nongraphic characters

       --block-size=SIZE
              with   -l,   scale  sizes  by  SIZE  when  printing  them;  e.g.,
              '--block-size=M'; see SIZE format below

...skipping...
              default to 1024-byte blocks for file system usage; used only with
              -s and per directory totals
