Script started on 2025-04-15 13:34:13+02:00 [TERM="xterm-256color" TTY="/dev/pts/2" COLUMNS="81" LINES="13"]
DEVOPS24/lektion1
$ DEVOPS24/lektion1
$ ls
ln  recordings
DEVOPS24/lektion1
$ touch minfinafil
DEVOPS24/lektion1
$ pwd
/shared/kent/Documents/nackademin/linux1/l1-live/DEVOPS24/lektion1
DEVOPS24/lektion1
$ /shared/kent/Documents/nackademin/linux1/l1-live/DEVOPS24/lektion1
/shared/kent/Documents/nackademin/linux1/l1-live/DEVOPS24/lektion1/c/shared/kent/Documents/nackademin/linux1/l1-live/DEVOPS24/lektion1/a/shared/kent/Documents/nackademin/linux1/l1-live/DEVOPS24/lektion1/t/shared/kent/Documents/nackademin/linux1/l1-live/DEVOPS24/lektion1/ /shared/kent/Documents/nackademin/linux1/l1-live/DEVOPS24/lektion1/










infinafil 
DEVOPS24/lektion1
$ cat /shared/kent/Documents/nackademin/linux1/l1-live/DEVOPS24/lektion1/minfinafil 
Hej
DEVOPS24/lektion1
$ cat /shared/kent/Documents/nackademin/linux1/l1-live/DEVOPS24/lektion1/minfinafil pwd
pwdcat minfinafil 
Hej
DEVOPS24/lektion1
$ ls
ln  minfinafil	recordings
DEVOPS24/lektion1
$ rm 
cat minfinafil DEVOPS24/lektion1
$ cat minfinafil 
Hej
DEVOPS24/lektion1
$ cat ./minfinafil 
Hej
DEVOPS24/lektion1
$ cat ../lektion1/./././minfinafil DEVOPS24/lektion1
$ cat ../lektion1/./././minfinafil 
Hej
DEVOPS24/lektion1
$ DEVOPS24/lektion1
$ ls 

.doldis     ln/         minfinafil  recordings/ 
DEVOPS24/lektion1
$ ls recordings/DEVOPS24/lektion1
$ ls recordings/
125907_cleaned.html  125907_timing.txt	133413_timing.txt
125907_cleaned.txt   125907.txt		133413.txt
DEVOPS24/lektion1
$ ls
ln  minfinafil	recordings
DEVOPS24/lektion1
$ DEVOPS24/lektion1
$ nbano filen
>DEVOPS24/lektion1: filen [ Writing... ] [ Wrote 4 lines ]                        Y Yes        
$ nano filen
>DEVOPS24/lektion1: filen [ Writing... ] [ Wrote 5 lines ]                        Y Yes                          
$ less /etc/ssh/sshd_c
$ less /etc/ssh/sshd_config
=
# This is the sshd server system-wide configuration file.  See
# sshd_config(5) for more information.
         
# This sshd was compiled with PATH=/usr/local/bin:/usr/bin:/bin:/usr/games
    
# The strategy used for options in the default sshd_config shipped with
# OpenSSH is to specify options with their default value where
# possible, but leave them commented.  Uncommented options override the
# default value.

Include /etc/ssh/sshd_config.d/*.conf

#Port 22
#AddressFamily any
#ListenAddress 0.0.0.0
#ListenAddress ::

 #HostKey /etc/ssh/ssh_host_rsa_key
#HostKey /etc/ssh/ssh_host_ecdsa_key
#HostKey /etc/ssh/ssh_host_ed25519_key
 ESESCOB
# Ciphers and keying
#RekeyLimit default none
 ESESCOB
# Logging
#SyslogFacility AUTH
#LogLevel INFO
 ESESCOB
# Authentication:
 ESESCOB
#LoginGraceTime 2m
#PermitRootLogin prohibit-password
#StrictModes yes
#MaxAuthTries 6
#MaxSessions 10
 ESESCOB
#PubkeyAuthentication yes
 ESESCOB
# Expect .ssh/authorized_keys2 to be disregarded by default in future.
#AuthorizedKeysFile     .ssh/authorized_keys .ssh/authorized_keys2
 ESESCOB
M#RekeyLimit default none
M# Ciphers and keying
MESESCOA
M#HostKey /etc/ssh/ssh_host_ed25519_key
M#HostKey /etc/ssh/ssh_host_ecdsa_key
M #HostKey /etc/ssh/ssh_host_rsa_key
MESESCOA
M#ListenAddress ::
M#ListenAddress 0.0.0.0
M#AddressFamily any
M#Port 22
MESESCOA
MInclude /etc/ssh/sshd_config.d/*.conf
MESESCOA
M# default value.
M# possible, but leave them commented.  Uncommented options override the
M# OpenSSH is to specify options with their default value where
M# The strategy used for options in the default sshd_config shipped with
M    COA
M# This sshd was compiled with PATH=/usr/local/bin:/usr/bin:/bin:/usr/games
M         
M# sshd_config(5) for more information.
M# This is the sshd server system-wide configuration file.  See
MESESCOA
 ESESCOA
 ESESCOA
 #HostKey /etc/ssh/ssh_host_rsa_key
#HostKey /etc/ssh/ssh_host_ecdsa_key
#HostKey /etc/ssh/ssh_host_ed25519_key
 ESESCOB
# Ciphers and keying
#RekeyLimit default none
 ESESCOB
# Logging
#SyslogFacility AUTH
#LogLevel INFO
 ESESCOB
# Authentication:
 ESESCOB
#LoginGraceTime 2m
#PermitRootLogin prohibit-password
#StrictModes yes
#MaxAuthTries 6
#MaxSessions 10
 ESESCOB
#PubkeyAuthentication yes
 ESESCOB
# Expect .ssh/authorized_keys2 to be disregarded by default in future.
#AuthorizedKeysFile     .ssh/authorized_keys .ssh/authorized_keys2
 ESESCOB
#AuthorizedPrincipalsFile none
MESESCOA
M#RekeyLimit default none
M# Ciphers and keying
MESESCOA
M#HostKey /etc/ssh/ssh_host_ed25519_key
M#HostKey /etc/ssh/ssh_host_ecdsa_key
M #HostKey /etc/ssh/ssh_host_rsa_key
MESESCOA
M#ListenAddress ::
M#ListenAddress 0.0.0.0
M#AddressFamily any
M#Port 22
MESESCOA
MInclude /etc/ssh/sshd_config.d/*.conf
MESESCOA
M# default value.
M# possible, but leave them commented.  Uncommented options override the
M# OpenSSH is to specify options with their default value where
M# The strategy used for options in the default sshd_config shipped with
M    COA
M# This sshd was compiled with PATH=/usr/local/bin:/usr/bin:/bin:/usr/games
M         
M# sshd_config(5) for more information.
M# This is the sshd server system-wide configuration file.  See
M
...skipping...
#ChrootDirectory none
#VersionAddendum none

# no default banner path
#Banner none

# Allow client to pass locale environment variables
AcceptEnv LANG LC_*

# override default of no subsystems
Subsystem       sftp    /usr/lib/openssh/sftp-server

# Example of overriding settings on a per-user basis
#Match User anoncvs
#       X11Forwarding no
#       AllowTcpForwarding no
#       PermitTTY no
#       ForceCommand cvs server
MEND)
M#ListenAddress ::
M#ListenAddress 0.0.0.0
M#AddressFamily any
M#Port 22
M
MInclude /etc/ssh/sshd_config.d/*.conf
M
M# default value.
M# possible, but leave them commented.  Uncommented options override the
M# OpenSSH is to specify options with their default value where
M# The strategy used for options in the default sshd_config shipped with
M    
M# This sshd was compiled with PATH=/usr/local/bin:/usr/bin:/bin:/usr/games
M         
M# sshd_config(5) for more information.
M# This is the sshd server system-wide configuration file.  See
M
...skipping...
#ChrootDirectory none
#VersionAddendum none

# no default banner path
#Banner none

# Allow client to pass locale environment variables
AcceptEnv LANG LC_*

# override default of no subsystems
Subsystem       sftp    /usr/lib/openssh/sftp-server

# Example of overriding settings on a per-user basis
#Match User anoncvs
#       X11Forwarding no
#       AllowTcpForwarding no
#       PermitTTY no
#       ForceCommand cvs server
 ESESCOB
M#PermitTunnel no
M#MaxStartups 10:30:100
M#PidFile /run/sshd.pid
M#UseDNS no
M#ClientAliveCountMax 3
M#ClientAliveInterval 0
M#Compression delayed
M#PermitUserEnvironment no
M#TCPKeepAlive yes
M#PrintLastLog yes
MPrintMotd no
M#PermitTTY yes
M#X11UseLocalhost yes
M#X11DisplayOffset 10
MX11Forwarding yes
M
M#ListenAddress ::
M#ListenAddress 0.0.0.0
M#AddressFamily any
M#Port 22
M
MInclude /etc/ssh/sshd_config.d/*.conf
M
M# default value.
M# possible, but leave them commented.  Uncommented options override the
M# OpenSSH is to specify options with their default value where
M# The strategy used for options in the default sshd_config shipped with
M    
M# This sshd was compiled with PATH=/usr/local/bin:/usr/bin:/bin:/usr/games
M         
M# sshd_config(5) for more information.
M# This is the sshd server system-wide configuration file.  See
M
/X11
# This is the sshd server system-wide configuration file.  See
# sshd_config(5) for more information.
         
# This sshd was compiled with PATH=/usr/local/bin:/usr/bin:/bin:/usr/games
    
# The strategy used for options in the default sshd_config shipped with
# OpenSSH is to specify options with their default value where
# possible, but leave them commented.  Uncommented options override the
# default value.

Include /etc/ssh/sshd_config.d/*.conf

#Port 22
#AddressFamily any
#ListenAddress 0.0.0.0
#ListenAddress ::


# This is the sshd server system-wide configuration file.  See
# sshd_config(5) for more information.
         
# This sshd was compiled with PATH=/usr/local/bin:/usr/bin:/bin:/usr/games
    
# The strategy used for options in the default sshd_config shipped with
# OpenSSH is to specify options with their default value where
# possible, but leave them commented.  Uncommented options override the
# default value.

Include /etc/ssh/sshd_config.d/*.conf

#Port 22
#AddressFamily any
#ListenAddress 0.0.0.0
#ListenAddress ::

...skipping...
X11Forwarding yes
#X11DisplayOffset 10
#X11UseLocalhost yes
#PermitTTY yes
PrintMotd no
#PrintLastLog yes
#TCPKeepAlive yes
#PermitUserEnvironment no
#Compression delayed
#ClientAliveInterval 0
#ClientAliveCountMax 3
#UseDNS no
#PidFile /run/sshd.pid
#MaxStartups 10:30:100
#PermitTunnel no
#ChrootDirectory none
#VersionAddendum none

# no default banner path
#Banner none
...skipping...
#       X11Forwarding no
#       AllowTcpForwarding no
#       PermitTTY no
#       ForceCommand cvs server
~
~
~
~
~
~
~
~
~
~
~
~
~
~
M#Banner none
M# no default banner path
M
M#VersionAddendum none
M#ChrootDirectory none
M#PermitTunnel no
M#MaxStartups 10:30:100
M#PidFile /run/sshd.pid
M#UseDNS no
M#ClientAliveCountMax 3
M#ClientAliveInterval 0
M#Compression delayed
M#PermitUserEnvironment no
M#TCPKeepAlive yes
M#PrintLastLog yes
MPrintMotd no
M#PermitTTY yes
M#X11UseLocalhost yes
M#X11DisplayOffset 10
MX11Forwarding yes
M#GatewayPorts no
M#AllowTcpForwarding yes
M#AllowAgentForwarding yes
MESESCOA
>DEVOPS24/lektion1
$ less /etc/ssh/sshd_confi /etc/ssh/sshd_confi /etc/ssh/sshd_confi /etc/ssh/sshd_confi /etc/ssh/sshd_confi

c /etc/ssh/sshd_confia /etc/ssh/sshd_confit /etc/ssh/sshd_confiDEVOPS24/lektion1
$ cat /etc/ssh/sshd_confi

# This is the sshd server system-wide configuration file.  See
# sshd_config(5) for more information.
	 
# This sshd was compiled with PATH=/usr/local/bin:/usr/bin:/bin:/usr/games
    
# The strategy used for options in the default sshd_config shipped with
# OpenSSH is to specify options with their default value where
# possible, but leave them commented.  Uncommented options override the
# default value.

Include /etc/ssh/sshd_config.d/*.conf

#Port 22
#AddressFamily any
#ListenAddress 0.0.0.0
#ListenAddress ::

 #HostKey /etc/ssh/ssh_host_rsa_key
#HostKey /etc/ssh/ssh_host_ecdsa_key
#HostKey /etc/ssh/ssh_host_ed25519_key

# Ciphers and keying
#RekeyLimit default none

# Logging
#SyslogFacility AUTH
#LogLevel INFO

# Authentication:

#LoginGraceTime 2m
#PermitRootLogin prohibit-password
#StrictModes yes
#MaxAuthTries 6
#MaxSessions 10

#PubkeyAuthentication yes

# Expect .ssh/authorized_keys2 to be disregarded by default in future.
#AuthorizedKeysFile	.ssh/authorized_keys .ssh/authorized_keys2

#AuthorizedPrincipalsFile none

#AuthorizedKeysCommand none
#AuthorizedKeysCommandUser nobody

# For this to work you will also need host keys in /etc/ssh/ssh_known_hosts
#HostbasedAuthentication no
# Change to yes if you don't trust ~/.ssh/known_hosts for
# HostbasedAuthentication
#IgnoreUserKnownHosts no
# Don't read the user's ~/.rhosts and ~/.shosts files
#IgnoreRhosts yes

# To disable tunneled clear text passwords, change to no here!
#PasswordAuthentication yes
#PermitEmptyPasswords no

# Change to yes to enable challenge-response passwords (beware issues with
# some PAM modules and threads)
  KbdInteractiveAuthentication no

# Kerberos options
#KerberosAuthentication no
#KerberosOrLocalPasswd yes
#KerberosTicketCleanup yes
#KerberosGetAFSToken no

# GSSAPI options
#GSSAPIAuthentication no
#GSSAPICleanupCredentials yes
#GSSAPIStrictAcceptorCheck yes
#GSSAPIKeyExchange no

# Set this to 'yes' to enable PAM authentication, account processing,
# and session processing. If this is enabled, PAM authentication will
# be allowed through the KbdInteractiveAuthentication and
# PasswordAuthentication.  Depending on your PAM configuration,
# PAM authentication via KbdInteractiveAuthentication may bypass
# the setting of "PermitRootLogin prohibit-password".
# If you just want the PAM account and session checks to run without
# PAM authentication, then enable this but set PasswordAuthentication
# and KbdInteractiveAuthentication to 'no'.
 UsePAM yes

#AllowAgentForwarding yes
#AllowTcpForwarding yes
#GatewayPorts no
X11Forwarding yes
#X11DisplayOffset 10
#X11UseLocalhost yes
#PermitTTY yes
PrintMotd no
#PrintLastLog yes
#TCPKeepAlive yes
#PermitUserEnvironment no
#Compression delayed
#ClientAliveInterval 0
#ClientAliveCountMax 3
#UseDNS no
#PidFile /run/sshd.pid
#MaxStartups 10:30:100
#PermitTunnel no
#ChrootDirectory none
#VersionAddendum none

# no default banner path
#Banner none

# Allow client to pass locale environment variables
AcceptEnv LANG LC_*

# override default of no subsystems
Subsystem	sftp	/usr/lib/openssh/sftp-server

# Example of overriding settings on a per-user basis
#Match User anoncvs
#	X11Forwarding no
#	AllowTcpForwarding no
#	PermitTTY no
#	ForceCommand cvs server
DEVOPS24/lektion1
$ DEVOPS24/lektion1
$ touch mfilen101010.txt
DEVOPS24/lektion1
$ ls
filen  filen101010.txt	ln  minfinafil	recordings
DEVOPS24/lektion1
$ ls -l
total 16
-rw-r--r-- 1 kent kent   21 Apr 15 13:46 filen
-rw-r--r-- 1 kent kent    0 Apr 15 13:50 filen101010.txt
drwxr-xr-x 2 kent kent 4096 Apr 15 13:07 ln
-rw-r--r-- 1 kent kent    4 Apr 15 13:35 minfinafil
drwxr-xr-x 2 kent kent 4096 Apr 15 13:34 recordings
DEVOPS24/lektion1
$ DEVOPS24/lektion1
$ sudo apt update      
[sudo] password for kent: 
Hit:1 http://deb.debian.org/debian bookworm InRelease
Get:2 http://deb.debian.org/debian bookworm-updates InRelease [55.4 kB]         
Hit:3 http://security.debian.org/debian-security bookworm-security InRelease    
Hit:4 http://download.virtualbox.org/virtualbox/debian bookworm InRelease       
Hit:5 https://brave-browser-apt-release.s3.brave.com stable InRelease           
Get:6 https://cli.github.com/packages stable InRelease [3,917 B]                
Hit:7 https://download.docker.com/linux/debian bookworm InRelease               
Get:8 https://dl.google.com/linux/chrome/deb stable InRelease [1,825 B]         
Get:10 https://packages.microsoft.com/repos/code stable InRelease [3,590 B]     
Ign:11 http://linux.dropbox.com/debian bookworm InRelease                       
Get:12 https://pkgs.tailscale.com/stable/debian bookworm InRelease              
Hit:13 https://dbeaver.io/debs/dbeaver-ce  InRelease                            
Hit:14 http://linux.dropbox.com/debian bookworm Release             
Hit:9 https://packages.kopia.io/apt stable InRelease                
Get:15 https://cli.github.com/packages stable/main amd64 Packages [343 B]
Get:16 https://dl.google.com/linux/chrome/deb stable/main amd64 Packages [1,214 B]
Get:17 https://packages.microsoft.com/repos/code stable/main arm64 Packages [19.2 kB]
Get:18 https://packages.microsoft.com/repos/code stable/main armhf Packages [19.3 kB]
Get:19 https://packages.microsoft.com/repos/code stable/main amd64 Packages [19.1 kB]
Fetched 131 kB in 2s (53.8 kB/s)                            
Reading package lists... Done
Building dependency tree... Done
Reading state information... Done
10 packages can be upgraded. Run 'apt list --upgradable' to see them.
N: Skipping acquire of configured file 'main/binary-i386/Packages' as repository 'https://brave-browser-apt-release.s3.brave.com stable InRelease' doesn't support architecture 'i386'
DEVOPS24/lektion1
$ sudo apt update     install tree
Reading package lists... Done
Building dependency tree... Done
Reading state information... Done
tree is already the newest version (2.1.0-1).
The following packages were automatically installed and are no longer required:
  akonadi-backend-mysql akonadi-contacts-data akonadi-mime-data akonadi-server
  default-mysql-client-core default-mysql-server-core kde-config-mailtransport
  libcpanel-json-xs-perl libjson-maybexs-perl libjsonparser1.1
  libkf5akonadi-data libkf5akonadicontact5 libkf5akonadicore5abi2
  libkf5akonadimime5 libkf5akonadiprivate5abi2 libkf5akonadiwidgets5abi1
  libkf5calendarcore5abi2 libkf5calendarutils5 libkf5contacteditor5
  libkf5contacts-data libkf5contacts5 libkf5grantleetheme-plugins
  libkf5grantleetheme5 libkf5i18nlocaledata5 libkf5identitymanagement5
  libkf5identitymanagementwidgets5 libkf5mailtransport-data
  libkf5mailtransport5 libkf5mailtransportakonadi5 libkf5mime-data
  libkf5mime5abi1 libkf5pimtextedit-data libkf5pimtextedit-plugins
  libkf5pimtextedit5abi2 libpango-perl libpulsedsp libqt5keychain1
  linux-headers-6.1.0-28-amd64 linux-headers-6.1.0-28-common
  linux-headers-6.1.0-30-amd64 linux-headers-6.1.0-30-common
  linux-image-6.1.0-28-amd64 linux-image-6.1.0-30-amd64 mariadb-client-core
  mariadb-server-core remind-tools
Use 'sudo apt autoremove' to remove them.
0 upgraded, 0 newly installed, 0 to remove and 10 not upgraded.
DEVOPS24/lektion1
$ sudo apt install tree   ^C
DEVOPS24/lektion1
$ tree
.
├── filen
├── filen101010.txt
├── ln
│   ├── bad.txt -> good.txt
│   └── good.txt
├── minfinafil
└── recordings
    ├── 125907_cleaned.html
    ├── 125907_cleaned.txt
    ├── 125907_timing.txt
    ├── 125907.txt
    ├── 133413_timing.txt
    └── 133413.txt

3 directories, 11 files
DEVOPS24/lektion1
$ DEVOPS24/lektion1
$ ls
filen  filen101010.txt	ln  minfinafil	recordings
DEVOPS24/lektion1
$ sreq 1 10000 >fi
len101010.txt 
DEVOPS24/lektion1
$ DEVOPS24/lektion1
$ less
filen  filen101010.txt	ln  minfinafil	recordings
DEVOPS24/lektion1
$ less fi
len101010.txt 
1
2
3
4
5
6
7
8
9
10
11
12
13
14
15
16
17
18
19SESCOB010.txt
20SESCOB
21SESCOB
22SESCOB
23SESCOB
24SESCOB
25SESCOB
26SESCOB
27SESCOB
28SESCOB
29SESCOB
30SESCOB
31SESCOB
32SESCOB
33SESCOB
34SESCOB
35SESCOB
36SESCOB
37SESCOB
38SESCOB
39SESCOB
40SESCOB
41SESCOB
42SESCOB
43SESCOB
44SESCOB
45SESCOB
46SESCOB
47SESCOB
48SESCOB
49SESCOB
50SESCOB
51SESCOB
52SESCOB
53SESCOB
54SESCOB
55SESCOB
56SESCOB
57SESCOB
58SESCOB
59SESCOB
60SESCOB
61SESCOB
62SESCOB
63SESCOB
64SESCOB
65SESCOB
66SESCOB
67SESCOB
68SESCOB
69SESCOB
70SESCOB
71SESCOB
72SESCOB
73SESCOB
74SESCOB
75SESCOB
76SESCOB
77SESCOB
78SESCOB
79SESCOB
80SESCOB
81SESCOB
82SESCOB
83SESCOB
84SESCOB
85SESCOB
86SESCOB
87SESCOB
88SESCOB
89SESCOB
90SESCOB
91SESCOB
92SESCOB
93SESCOB
94SESCOB
95SESCOB
96SESCOB
97SESCOB
98SESCOB
99SESCOB
100ESCOB
101ESCOB
102ESCOB
103ESCOB
104ESCOB
105ESCOB
106ESCOB
107ESCOB
108ESCOB
109ESCOB
...skipping...
9983
9984
9985
9986
9987
9988
9989
9990
9991
9992
9993
9994
9995
9996
9997
9998
9999
10000
>DEVOPS24/lektion1
$ cp fi
len101010.txt kopia.txt
DEVOPS24/lektion1
$ less kopia.txt 
1
2
3
4
5
6
7
8
9
10
11
12
13
14
15
16
17
18
19pia.txt
20
21
22
23
24
25
26
27
28
29
30
31
32
33
34
35
36
37
38
39
40
41
42
43
44
45
46
47
48
49
50
51
52
53
54
55
56
57
58
59
60
61
62
63
64
65
66
67
68
69
70
71
72
73
74
75
76
77
78
79
80
81
82
83
84
85
86
87
88
89
90
91
92
93
94
95
96
97
98
99
100
101
102
103
104
105
106
107
108
...skipping...
9983
9984
9985
9986
9987
9988
9989
9990
9991
9992
9993
9994
9995
9996
9997
9998
9999
10000
>DEVOPS24/lektion1
$ ls
filen  filen101010.txt	kopia.txt  ln  minfinafil  recordings
DEVOPS24/lektion1
$ less kopia.txt DEVOPS24/lektion1
s -iss kopia.txt 
95297687 filen		  95297818 kopia.txt  95297664 minfinafil
95297773 filen101010.txt  95297611 ln	      95297587 recordings
DEVOPS24/lektion1
$ nano kopia.txt 
>DEVOPS24/lektion1: kopia.txt    [ Writing... ] [ Wrote 10001 lines ]             Y Yes                              
$ less kopia.txt 
Kopia
1
2
3
4
5
6
7
8
9
10
11
12
13
14
15
16
17
>DEVOPS24/lektion1
$ less fui
il
en101010.txt 
1
2
3
4
5
6
7
8
9
10
11
12
13
14
15
16
17
18
>DEVOPS24/lektion1
$ DEVOPS24/lektion1
$ ls
filen  filen101010.txt	kopia.txt  ln  minfinafil  recordings
DEVOPS24/lektion1
$ mkdir katalog
DEVOPS24/lektion1
$ mv fi
len101010.txt katalog/
DEVOPS24/lektion1
$ ls katalog/
filen101010.txt
DEVOPS24/lektion1
$ mv katalog/filen101010.txt .
DEVOPS24/lektion1
$ DEVOPS24/lektion1
$ ls
filen  filen101010.txt	katalog  kopia.txt  ln	minfinafil  recordings
DEVOPS24/lektion1
$ mv fi
len101010.txt katalog
DEVOPS24/lektion1
$ ls katalog/
filen101010.txt
DEVOPS24/lektion1
$ DEVOPS24/lektion1
$ ls
filen  katalog	kopia.txt  ln  minfinafil  recordings
DEVOPS24/lektion1
$ nano hejfil
>DEVOPS24/lektion1: hejfil [ Writing... ] [ Wrote 1 line ]                        Y Yes        
$ mv hejfil minfinafil



DEVOPS24/lektion1
$ less minfinafil 
Hej
>DEVOPS24/lektion1
mv hejfil minfinafi
nano ervterveil 
>DEVOPS24/lektion1: terve [ Writing... ] [ Wrote 2 lines ]                        Y Yes        
$ mv terve minfinafil/
mv: cannot stat 'minfinafil/': Not a directory
DEVOPS24/lektion1
$ DEVOPS24/lektion1
$ ls
filen  katalog	kopia.txt  ln  minfinafil  recordings  terve
DEVOPS24/lektion1
$ m

DEVOPS24/lektion1
$ ls
filen  katalog	kopia.txt  ln  minfinafil  recordings  terve
DEVOPS24/lektion1
$ mv kopia.txt rminfinafil/
mv: cannot stat 'minfinafil/': Not a directory
DEVOPS24/lektion1
$ mv kopia.txt minfinafilinafil recordings/^C
DEVOPS24/lektion1
$ DEVOPS24/lektion1
$ 
DEVOPS24/lektion1
$ 
ls
filen  katalog	kopia.txt  ln  minfinafil  recordings  terve
DEVOPS24/lektion1
$ mv terve finskhej
DEVOPS24/lektion1
$ DEVOPS24/lektion1
$ ls
filen  finskhej  katalog  kopia.txt  ln  minfinafil  recordings
DEVOPS24/lektion1
$ mv kopia.txt








mv kopia.txt k
atalog/copy.txt
DEVOPS24/lektion1
$ ls katalog/
copy.txt  filen101010.txt
DEVOPS24/lektion1
$ DEVOPS24/lektion1
$ ls
filen  finskhej  katalog  ln  minfinafil  recordings
DEVOPS24/lektion1
$ rm fi
len
DEVOPS24/lektion1
$ ls
finskhej  katalog  ln  minfinafil  recordings
DEVOPS24/lektion1
$ DEVOPS24/lektion1
$ ls
finskhej  katalog  ln  minfinafil  recordings
DEVOPS24/lektion1
$ mkdir tomDEVOPS24/lektion1
$ mkdir tomkatalog
DEVOPS24/lektion1
$ mv
cp tomkatalog/ tomkatalog2/
cp: -r not specified; omitting directory 'tomkatalog/'
DEVOPS24/lektion1
$ cp tomkatalog/ tomkatalog2



-r
DEVOPS24/lektion1
$ ls
finskhej  katalog  ln  minfinafil  recordings  tomkatalog  tomkatalog2
DEVOPS24/lektion1
$ DEVOPS24/lektion1
$ ls -l
total 28
-rw-r--r-- 1 kent kent    8 Apr 15 14:00 finskhej
drwxr-xr-x 2 kent kent 4096 Apr 15 14:12 katalog
drwxr-xr-x 2 kent kent 4096 Apr 15 13:07 ln
-rw-r--r-- 1 kent kent    4 Apr 15 13:59 minfinafil
drwxr-xr-x 2 kent kent 4096 Apr 15 13:34 recordings
drwxr-xr-x 2 kent kent 4096 Apr 15 14:16 tomkatalog
drwxr-xr-x 2 kent kent 4096 Apr 15 14:16 tomkatalog2
DEVOPS24/lektion1
$ ls /-ejioeji







rmdir recordings/
rmdir: failed to remove 'recordings/': Directory not empty
DEVOPS24/lektion1
$ rmdir recordingstom
katalog
DEVOPS24/lektion1
$ DEVOPS24/lektion1
$ ls
finskhej  katalog  ln  minfinafil  recordings  tomkatalog2
DEVOPS24/lektion1
$ ls katalog/
copy.txt  filen101010.txt
DEVOPS24/lektion1
$ r,m -r katalog/
DEVOPS24/lektion1
$ rm -r tomkatalog2/
DEVOPS24/lektion1
$ DEVOPS24/lektion1
$ ls
finskhej  ln  minfinafil  recordings
DEVOPS24/lektion1
$ mkdir kat2
DEVOPS24/lektion1
$ cd kat2/
DEVOPS24/lektion1/kat2
$ touch .doldidss
DEVOPS24/lektion1/kat2
$ DEVOPS24/lektion1/kat2
$ cd ..
DEVOPS24/lektion1
$ DEVOPS24/lektion1
$ ls
finskhej  kat2	ln  minfinafil	recordings
DEVOPS24/lektion1
$ ls kat2/
DEVOPS24/lektion1
$ rmdir kat2/
rmdir: failed to remove 'kat2/': Directory not empty
DEVOPS24/lektion1
$ ls -a kat2/
.  ..  .doldidss
DEVOPS24/lektion1
$ rm -r kat2/
DEVOPS24/lektion1
$ DEVOPS24/lektion1
$ mkdir kat
DEVOPS24/lektion1
$ cd kat/
DEVOPS24/lektion1/kat
$ ls
DEVOPS24/lektion1/kat
$ nano djur.txt
>DEVOPS24/lektion1/katur.txt     [ Writing... ] [ Wrote 3 lines ]                 Y Yes        
$ cd ..
DEVOPS24/lektion1
$ DEVOPS24/lektion1
$ nano banned.txt
>DEVOPS24/lektion1: banned.txt   [ Writing... ] [ Wrote 2 lines ]                 Y Yes        
$ nano banned.txt
>DEVOPS24/lektion1: banned.txt   [ Writing... ] [ Wrote 2 lines ]                 Y Yes                          
$ grep hudnd banned.txt 
hund
DEVOPS24/lektion1
$ grep hund banned.txt



























hund
\DEVOPS24/lektion1
$ 
DEVOPS24/lektion1
$ grep -r hund .
./kat/djur.txt:hund
./banned.txt:hund
DEVOPS24/lektion1
$ DEVOPS24/lektion1
$ man man
MAN(1)                        Manual pager utils                        MAN(1)

NAME
       man - an interface to the system reference manuals

SYNOPSIS
       man [man options] [[section] page ...] ...
       man -k [apropos options] regexp ...
       man -K [man options] [section] term ...
       man -f [whatis options] page ...
       man -l [man options] file ...
       man -w|-W [man options] page ...

DESCRIPTION
       man  is  the system's manual pager.  Each page argument given to man is
       normally the name of a program, utility or function.  The  manual  page
       associated with each of these arguments is then found and displayed.  A
       section, if provided, will direct man to look only in that  section  of
       the  manual.   The  default action is to search in all of the available
       sections following a pre-defined order (see DEFAULTS), and to show only
       the first page found, even if page exists in several sections.
 ESESCOBpage man(1) line 4 (press h for help or q to quit)
       The table below shows the section numbers of the manual followed by the
       types of pages they contain. for help or q to quit)
 ESESCOBpage man(1) line 7 (press h for help or q to quit)
       1   Executable programs or shell commandsq to quit)
       2   System calls (functions provided by the kernel)
       3   Library calls (functions within program libraries)
       4   Special files (usually found in /dev) q to quit)
       5   File formats and conventions, e.g. /etc/passwdt)
       6   Games(1) line 13 (press h for help or q to quit)
       7   Miscellaneous (including  macro  packages  and  conventions),  e.g.
           man(7), groff(7), man-pages(7)help or q to quit)
       8   System administration commands (usually only for root)
M       normally the name of a program, utility or function.  The  manual  page
M       man  is  the system's manual pager.  Each page argument given to man is
MDESCRIPTION man(1) line 15 (press h for help or q to quit)
MESESCOApage man(1) line 14 (press h for help or q to quit)
M       man -w|-W [man options] page ... help or q to quit)
M       man -l [man options] file ...for help or q to quit)
M       man -f [whatis options] page ... help or q to quit)
M       man -K [man options] [section] term ...r q to quit)
M       man -k [apropos options] regexp ...p or q to quit)
M       man [man options] [[section] page ...] ...to quit)
MSYNOPSISage man(1) line 7 (press h for help or q to quit)
MESESCOApage man(1) line 6 (press h for help or q to quit)
M       man - an interface to the system reference manuals
MNAMECOApage man(1) line 4 (press h for help or q to quit)
MESESCOApage man(1) line 3 (press h for help or q to quit)
MMAN(1)                        Manual pager utils                        MAN(1)
 ESESCOApage man(1) line 1 (press h for help or q to quit)
       the  manual.   The  default action is to search in all of the available
       sections following a pre-defined order (see DEFAULTS), and to show only
       the first page found, even if page exists in several sections.
 ESESCOBpage man(1) line 4 (press h for help or q to quit)
       The table below shows the section numbers of the manual followed by the
       types of pages they contain. for help or q to quit)
 ESESCOBpage man(1) line 7 (press h for help or q to quit)
       1   Executable programs or shell commandsq to quit)
       2   System calls (functions provided by the kernel)
       3   Library calls (functions within program libraries)
       4   Special files (usually found in /dev) q to quit)
       5   File formats and conventions, e.g. /etc/passwdt)
       6   Games(1) line 13 (press h for help or q to quit)
       7   Miscellaneous (including  macro  packages  and  conventions),  e.g.
           man(7), groff(7), man-pages(7)help or q to quit)
       8   System administration commands (usually only for root)
       9   Kernel routines [Non standard]help or q to quit)
 ESESCOBpage man(1) line 18 (press h for help or q to quit)
       A manual page consists of several sections. to quit)
 ESESCOBpage man(1) line 20 (press h for help or q to quit)
       Conventional  section  names include NAME, SYNOPSIS, CONFIGURATION, DE‐
       SCRIPTION, OPTIONS,  EXIT STATUS,  RETURN VALUE,  ERRORS,  ENVIRONMENT,
MESESCOApage man(1) line 23 (press h for help or q to quit)
M       the first page found, even if page exists in several sections.
M       sections following a pre-defined order (see DEFAULTS), and to show only
M       the  manual.   The  default action is to search in all of the available
M       section, if provided, will direct man to look only in that  section  of
M       associated with each of these arguments is then found and displayed.  A
M       normally the name of a program, utility or function.  The  manual  page
M       man  is  the system's manual pager.  Each page argument given to man is
MDESCRIPTION man(1) line 15 (press h for help or q to quit)
MESESCOApage man(1) line 14 (press h for help or q to quit)
M       man -w|-W [man options] page ... help or q to quit)
M       man -l [man options] file ...for help or q to quit)
M       man -f [whatis options] page ... help or q to quit)
M       man -K [man options] [section] term ...r q to quit)
M       man -k [apropos options] regexp ...p or q to quit)
M       man [man options] [[section] page ...] ...to quit)
MSYNOPSISage man(1) line 7 (press h for help or q to quit)
MESESCOApage man(1) line 6 (press h for help or q to quit)
M       man - an interface to the system reference manuals
MNAMECOApage man(1) line 4 (press h for help or q to quit)
MESESCOApage man(1) line 3 (press h for help or q to quit)
MMAN(1)                        Manual pager utils                        MAN(1)
 ESESCOApage man(1) line 1 (press h for help or q to quit)
       the  manual.   The  default action is to search in all of the available
       sections following a pre-defined order (see DEFAULTS), and to show only
       the first page found, even if page exists in several sections.
 ESESCOBpage man(1) line 4 (press h for help or q to quit)
       The table below shows the section numbers of the manual followed by the
       types of pages they contain. for help or q to quit)
 ESESCOBpage man(1) line 7 (press h for help or q to quit)
       1   Executable programs or shell commandsq to quit)
       2   System calls (functions provided by the kernel)
       3   Library calls (functions within program libraries)
       4   Special files (usually found in /dev) q to quit)
       5   File formats and conventions, e.g. /etc/passwdt)
       6   Games(1) line 13 (press h for help or q to quit)
       7   Miscellaneous (including  macro  packages  and  conventions),  e.g.
           man(7), groff(7), man-pages(7)help or q to quit)
       8   System administration commands (usually only for root)
       9   Kernel routines [Non standard]help or q to quit)
 ESESCOBpage man(1) line 18 (press h for help or q to quit)
       A manual page consists of several sections. to quit)
 ESESCOBpage man(1) line 20 (press h for help or q to quit)
       Conventional  section  names include NAME, SYNOPSIS, CONFIGURATION, DE‐
       SCRIPTION, OPTIONS,  EXIT STATUS,  RETURN VALUE,  ERRORS,  ENVIRONMENT,
       FILES,  VERSIONS,  CONFORMING TO,  NOTES,  BUGS,  EXAMPLE, AUTHORS, and
       SEE ALSO.(1) line 24 (press h for help or q to quit)
 ESESCOBpage man(1) line 25 (press h for help or q to quit)
       The following conventions apply to the SYNOPSIS section and can be used
       as a guide in other sections. for help or q to quit)
 ESESCOBpage man(1) line 28 (press h for help or q to quit)
       bold text          type exactly as shown. q to quit)
       italic text        replace with appropriate argument.
       [-abc]             any or all arguments within [ ] are optional.
       -a|-b              options delimited by | cannot be used together.
M       7   Miscellaneous (including  macro  packages  and  conventions),  e.g.
M       6   Games1) line 32 (press h for help or q to quit)
M       5   File formats and conventions, e.g. /etc/passwd)
M       4   Special files (usually found in /dev)q to quit)
M       3   Library calls (functions within program libraries)
M       2   System calls (functions provided by the kernel)
M       1   Executable programs or shell commandsq to quit)
MESESCOApage man(1) line 26 (press h for help or q to quit)
M       types of pages they contain. for help or q to quit)
M       The table below shows the section numbers of the manual followed by the
MESESCOApage man(1) line 23 (press h for help or q to quit)
M       the first page found, even if page exists in several sections.
M       sections following a pre-defined order (see DEFAULTS), and to show only
M       the  manual.   The  default action is to search in all of the available
M       section, if provided, will direct man to look only in that  section  of
M       associated with each of these arguments is then found and displayed.  A
M       normally the name of a program, utility or function.  The  manual  page
M       man  is  the system's manual pager.  Each page argument given to man is
MDESCRIPTION man(1) line 15 (press h for help or q to quit)
MESESCOApage man(1) line 14 (press h for help or q to quit)
M       man -w|-W [man options] page ... help or q to quit)
M       man -l [man options] file ...for help or q to quit)
M       man -f [whatis options] page ... help or q to quit)
M       man -K [man options] [section] term ...r q to quit)
M       man -k [apropos options] regexp ...p or q to quit)
M       man [man options] [[section] page ...] ...to quit)
MSYNOPSISage man(1) line 7 (press h for help or q to quit)
MESESCOApage man(1) line 6 (press h for help or q to quit)
M       man - an interface to the system reference manuals
MNAMECOApage man(1) line 4 (press h for help or q to quit)
MESESCOApage man(1) line 3 (press h for help or q to quit)
MMAN(1)                        Manual pager utils                        MAN(1)
 ESESCOApage man(1) line 1 (press h for help or q to quit)
       the  manual.   The  default action is to search in all of the available
       sections following a pre-defined order (see DEFAULTS), and to show only
       the first page found, even if page exists in several sections.
 ESESCOBpage man(1) line 4 (press h for help or q to quit)
       The table below shows the section numbers of the manual followed by the
       types of pages they contain. for help or q to quit)
 ESESCOBpage man(1) line 7 (press h for help or q to quit)
       1   Executable programs or shell commandsq to quit)
       2   System calls (functions provided by the kernel)
       3   Library calls (functions within program libraries)
M       man -f [whatis options] page ... help or q to quit)
M       man -K [man options] [section] term ...r q to quit)
M       man -k [apropos options] regexp ...p or q to quit)
M       man [man options] [[section] page ...] ...to quit)
MSYNOPSISage man(1) line 7 (press h for help or q to quit)
MESESCOApage man(1) line 6 (press h for help or q to quit)
M       man - an interface to the system reference manuals
MNAMECOApage man(1) line 4 (press h for help or q to quit)
MESESCOApage man(1) line 3 (press h for help or q to quit)
MMAN(1)                        Manual pager utils                        MAN(1)
 ESESCOApage man(1) line 1 (press h for help or q to quit)
 ESESCOApage man(1) line 1 (press h for help or q to quit)
...skipping...an(1) line 1 (press h for help or q to quit)
       Willem Kasdorp (wkasdo@nikhefk.nikef.nl).

       30th April 1994 – 23rd February 2000: Wilf. (G.Wilford@ee.surrey.ac.uk)
       has been developing and maintaining this package with the help of a few
       dedicated people.

       30th October 1996 – 30th March  2001:  Fabrizio  Polacco  <fpolacco@de‐
       bian.org>  maintained and enhanced this package for the Debian project,
       with the help of all the community.

       31st March 2001 – present day: Colin  Watson  <cjwatson@debian.org>  is
       now developing and maintaining man-db.

BUGS
       https://gitlab.com/man-db/man-db/-/issues
       https://savannah.nongnu.org/bugs/?group=man-db

2.11.2                            2023-01-08                            MAN(1)
M       section, if provided, will direct man to look only in that  section  of
M       associated with each of these arguments is then found and displayed.  A
M       normally the name of a program, utility or function.  The  manual  page
M       man  is  the system's manual pager.  Each page argument given to man is
MDESCRIPTION
M
M       man -w|-W [man options] page ...
M       man -l [man options] file ...
M       man -f [whatis options] page ...
M       man -K [man options] [section] term ...
M       man -k [apropos options] regexp ...
M       man [man options] [[section] page ...] ...
MSYNOPSIS
M
M       man - an interface to the system reference manuals
MNAME
M
MMAN(1)                        Manual pager utils                        MAN(1)
MAN(1)                        Manual pager utils                        MAN(1)

NAME
       man - an interface to the system reference manuals

SYNOPSIS
       man [man options] [[section] page ...] ...
       man -k [apropos options] regexp ...
       man -K [man options] [section] term ...
       man -f [whatis options] page ...
       man -l [man options] file ...
       man -w|-W [man options] page ...

DESCRIPTION
       man  is  the system's manual pager.  Each page argument given to man is
       normally the name of a program, utility or function.  The  manual  page
       associated with each of these arguments is then found and displayed.  A
       section, if provided, will direct man to look only in that  section  of
       the  manual.   The  default action is to search in all of the available
       sections following a pre-defined order (see DEFAULTS), and to show only
       the first page found, even if page exists in several sections.
 ESESCOBpage man(1) line 4/710 3% (press h for help or q to quit)
       The table below shows the section numbers of the manual followed by the
       types of pages they contain.press h for help or q to quit)
 ESESCOBpage man(1) line 7/710 4% (press h for help or q to quit)
M       man [man options] [[section] page ...] ...p or q to quit)
MSYNOPSISage man(1) line 7/710 4% (press h for help or q to quit)
MESESCOApage man(1) line 6/710 3% (press h for help or q to quit)
M       man - an interface to the system reference manualso quit)
MNAMECOApage man(1) line 4/710 3% (press h for help or q to quit)
MESESCOApage man(1) line 3/710 3% (press h for help or q to quit)
MMAN(1)                        Manual pager utils                        MAN(1)
 ESESCOApage man(1) line 1/710 3% (press h for help or q to quit)
       the  manual.   The  default action is to search in all of the available
       sections following a pre-defined order (see DEFAULTS), and to show only
       the first page found, even if page exists in several sections.
>DEVOPS24/lektion1) line 4/710 3% (press h for help or q to quit)
$ DEVOPS24/lektion1
$ man ls
LS(1)                            User Commands                           LS(1)

NAME
       ls - list directory contents

SYNOPSIS
       ls [OPTION]... [FILE]...

DESCRIPTION
       List  information  about  the FILEs (the current directory by default).
       Sort entries alphabetically if none of -cftuvSUX nor --sort  is  speci‐
       fied.

       Mandatory  arguments  to  long  options are mandatory for short options
       too.

       -a, --all
              do not ignore entries starting with .
LS(1)                            User Commands                           LS(1)

NAME
       ls - list directory contents

SYNOPSIS
       ls [OPTION]... [FILE]...

DESCRIPTION
       List  information  about  the FILEs (the current directory by default).
       Sort entries alphabetically if none of -cftuvSUX nor --sort  is  speci‐
       fied.

       Mandatory  arguments  to  long  options are mandatory for short options
       too.

       -a, --all
              do not ignore entries starting with .
LS(1)                            User Commands                           LS(1)

NAME
       ls - list directory contents

SYNOPSIS
       ls [OPTION]... [FILE]...

DESCRIPTION
       List  information  about  the FILEs (the current directory by default).
       Sort entries alphabetically if none of -cftuvSUX nor --sort  is  speci‐
       fied.

       Mandatory  arguments  to  long  options are mandatory for short options
       too.

       -a, --all
              do not ignore entries starting with .
...skipping...
       -B, --ignore-backups
              do not list implied entries ending with ~

       -c     with -lt: sort by, and show, ctime (time of last modification of
              file status information); with -l: show ctime and sort by  name;
              otherwise: sort by ctime, newest first

       -C     list entries by columns

       --color[=WHEN]
              color the output WHEN; more info below

       -d, --directory
              list directories themselves, not their contents

       -D, --dired
              generate output designed for Emacs' dired mode

...skipping...s(1) line 33 (press h for help or q to quit)
              like -l --time-style=full-iso

       -g     like -l, but do not list owner

       --group-directories-first
              group directories before files; can be augmented with  a  --sort
              option, but any use of --sort=none (-U) disables grouping

       -G, --no-group
              in a long listing, don't print group names

       -h, --human-readable
              with -l and -s, print sizes like 1K 234M 2G etc.

       --si   likewise, but use powers of 1000 not 1024

       -H, --dereference-command-line
              follow symbolic links listed on the command line
...skipping...s(1) line 64 (press h for help or q to quit)
       --indicator-style=WORD
              append indicator with style WORD to entry names: none (default),
              slash (-p), file-type (--file-type), classify (-F)

       -i, --inode
              print the index number of each file

       -I, --ignore=PATTERN
              do not list implied entries matching shell PATTERN

       -k, --kibibytes
              default to 1024-byte blocks for file  system  usage;  used  only
              with -s and per directory totals

       -l     use a long listing format

       -L, --dereference
              when showing file information for a symbolic link, show informa‐
              tion for the file the link references rather than for  the  link
              itself

       -m     fill width with a comma separated list of entries
>DEVOPS24/lektion1 line 98/248 46% (press h for help or q to quit)
$ DEVOPS24/lektion1
$ help cd
cd: cd [-L|[-P [-e]] [-@]] [dir]
    Change the shell working directory.
    
    Change the current directory to DIR.  The default DIR is the value of the
    HOME shell variable. If DIR is "-", it is converted to $OLDPWD.
    
    The variable CDPATH defines the search path for the directory containing
    DIR.  Alternative directory names in CDPATH are separated by a colon (:).
    A null directory name is the same as the current directory.  If DIR begins
    with a slash (/), then CDPATH is not used.
    
    If the directory is not found, and the shell option `cdable_vars' is set,
    the word is assumed to be  a variable name.  If that variable has a value,
    its value is used for DIR.
    
    Options:
      -L	force symbolic links to be followed: resolve symbolic
    		links in DIR after processing instances of `..'
      -P	use the physical directory structure without following
    		symbolic links: resolve symbolic links in DIR before
    		processing instances of `..'
      -e	if the -P option is supplied, and the current working
    		directory cannot be determined successfully, exit with
    		a non-zero status
      -@	on systems that support it, present a file with extended
    		attributes as a directory containing the file attributes
    
    The default is to follow symbolic links, as if `-L' were specified.
    `..' is processed by removing the immediately previous pathname component
    back to a slash or the beginning of DIR.
    
    Exit Status:
    Returns 0 if the directory is changed, and if $PWD is set successfully when
    -P is used; non-zero otherwise.
DEVOPS24/lektion1
$ DEVOPS24/lektion1
$ man cd
No manual entry for cd
DEVOPS24/lektion1
$ info cd
info: No menu item 'cd' in node '(dir)Top'
DEVOPS24/lektion1
$ help c
caller: caller [expr]
    Return the context of the current subroutine call.
    
    Without EXPR, returns "$line $filename".  With EXPR, returns
    "$line $subroutine $filename"; this extra information can be used to
    provide a stack trace.
    
    The value of EXPR indicates how many call frames to go back before the
    current one; the top frame is frame 0.
    
    Exit Status:
    Returns 0 unless the shell is not executing a shell function or EXPR
    is invalid.
case: case WORD in [PATTERN [| PATTERN]...) COMMANDS ;;]... esac
    Execute commands based on pattern matching.
    
    Selectively execute COMMANDS based upon WORD matching PATTERN.  The
    `|' is used to separate multiple patterns.
    
    Exit Status:
    Returns the status of the last command executed.
cd: cd [-L|[-P [-e]] [-@]] [dir]
    Change the shell working directory.
    
    Change the current directory to DIR.  The default DIR is the value of the
    HOME shell variable. If DIR is "-", it is converted to $OLDPWD.
    
    The variable CDPATH defines the search path for the directory containing
    DIR.  Alternative directory names in CDPATH are separated by a colon (:).
    A null directory name is the same as the current directory.  If DIR begins
    with a slash (/), then CDPATH is not used.
    
    If the directory is not found, and the shell option `cdable_vars' is set,
    the word is assumed to be  a variable name.  If that variable has a value,
    its value is used for DIR.
    
    Options:
      -L	force symbolic links to be followed: resolve symbolic
    		links in DIR after processing instances of `..'
      -P	use the physical directory structure without following
    		symbolic links: resolve symbolic links in DIR before
    		processing instances of `..'
      -e	if the -P option is supplied, and the current working
    		directory cannot be determined successfully, exit with
    		a non-zero status
      -@	on systems that support it, present a file with extended
    		attributes as a directory containing the file attributes
    
    The default is to follow symbolic links, as if `-L' were specified.
    `..' is processed by removing the immediately previous pathname component
    back to a slash or the beginning of DIR.
    
    Exit Status:
    Returns 0 if the directory is changed, and if $PWD is set successfully when
    -P is used; non-zero otherwise.
command: command [-pVv] command [arg ...]
    Execute a simple command or display information about commands.
    
    Runs COMMAND with ARGS suppressing  shell function lookup, or display
    information about the specified COMMANDs.  Can be used to invoke commands
    on disk when a function with the same name exists.
    
    Options:
      -p    use a default value for PATH that is guaranteed to find all of
            the standard utilities
      -v    print a description of COMMAND similar to the `type' builtin
      -V    print a more verbose description of each COMMAND
    
    Exit Status:
    Returns exit status of COMMAND, or failure if COMMAND is not found.
compgen: compgen [-abcdefgjksuv] [-o option] [-A action] [-G globpat] [-W wordlist] [-F function] [-C command] [-X filterpat] [-P prefix] [-S suffix] [word]
    Display possible completions depending on the options.
    
    Intended to be used from within a shell function generating possible
    completions.  If the optional WORD argument is supplied, matches against
    WORD are generated.
    
    Exit Status:
    Returns success unless an invalid option is supplied or an error occurs.
complete: complete [-abcdefgjksuv] [-pr] [-DEI] [-o option] [-A action] [-G globpat] [-W wordlist] [-F function] [-C command] [-X filterpat] [-P prefix] [-S suffix] [name ...]
    Specify how arguments are to be completed by Readline.
    
    For each NAME, specify how arguments are to be completed.  If no options
    are supplied, existing completion specifications are printed in a way that
    allows them to be reused as input.
    
    Options:
      -p	print existing completion specifications in a reusable format
      -r	remove a completion specification for each NAME, or, if no
    		NAMEs are supplied, all completion specifications
      -D	apply the completions and actions as the default for commands
    		without any specific completion defined
      -E	apply the completions and actions to "empty" commands --
    		completion attempted on a blank line
      -I	apply the completions and actions to the initial (usually the
    		command) word
    
    When completion is attempted, the actions are applied in the order the
    uppercase-letter options are listed above. If multiple options are supplied,
    the -D option takes precedence over -E, and both take precedence over -I.
    
    Exit Status:
    Returns success unless an invalid option is supplied or an error occurs.
compopt: compopt [-o|+o option] [-DEI] [name ...]
    Modify or display completion options.
    
    Modify the completion options for each NAME, or, if no NAMEs are supplied,
    the completion currently being executed.  If no OPTIONs are given, print
    the completion options for each NAME or the current completion specification.
    
    Options:
    	-o option	Set completion option OPTION for each NAME
    	-D		Change options for the "default" command completion
    	-E		Change options for the "empty" command completion
    	-I		Change options for completion on the initial word
    
    Using `+o' instead of `-o' turns off the specified option.
    
    Arguments:
    
    Each NAME refers to a command for which a completion specification must
    have previously been defined using the `complete' builtin.  If no NAMEs
    are supplied, compopt must be called by a function currently generating
    completions, and the options for that currently-executing completion
    generator are modified.
    
    Exit Status:
    Returns success unless an invalid option is supplied or NAME does not
    have a completion specification defined.
continue: continue [n]
    Resume for, while, or until loops.
    
    Resumes the next iteration of the enclosing FOR, WHILE or UNTIL loop.
    If N is specified, resumes the Nth enclosing loop.
    
    Exit Status:
    The exit status is 0 unless N is not greater than or equal to 1.
coproc: coproc [NAME] command [redirections]
    Create a coprocess named NAME.
    
    Execute COMMAND asynchronously, with the standard output and standard
    input of the command connected via a pipe to file descriptors assigned
    to indices 0 and 1 of an array variable NAME in the executing shell.
    The default NAME is "COPROC".
    
    Exit Status:
    The coproc command returns an exit status of 0.
DEVOPS24/lektion1
$ help cdDEVOPS24/lektion1
$ help cd
cd: cd [-L|[-P [-e]] [-@]] [dir]
    Change the shell working directory.
    
    Change the current directory to DIR.  The default DIR is the value of the
    HOME shell variable. If DIR is "-", it is converted to $OLDPWD.
    
    The variable CDPATH defines the search path for the directory containing
    DIR.  Alternative directory names in CDPATH are separated by a colon (:).
    A null directory name is the same as the current directory.  If DIR begins
    with a slash (/), then CDPATH is not used.
    
    If the directory is not found, and the shell option `cdable_vars' is set,
    the word is assumed to be  a variable name.  If that variable has a value,
    its value is used for DIR.
    
    Options:
      -L	force symbolic links to be followed: resolve symbolic
    		links in DIR after processing instances of `..'
      -P	use the physical directory structure without following
    		symbolic links: resolve symbolic links in DIR before
    		processing instances of `..'
      -e	if the -P option is supplied, and the current working
    		directory cannot be determined successfully, exit with
    		a non-zero status
      -@	on systems that support it, present a file with extended
    		attributes as a directory containing the file attributes
    
    The default is to follow symbolic links, as if `-L' were specified.
    `..' is processed by removing the immediately previous pathname component
    back to a slash or the beginning of DIR.
    
    Exit Status:
    Returns 0 if the directory is changed, and if $PWD is set successfully when
    -P is used; non-zero otherwise.
DEVOPS24/lektion1
$ 
exit

Script done on 2025-04-15 15:49:26+02:00 [COMMAND_EXIT_CODE="0"]
