Script started on 2025-10-01 09:30:17+02:00 [TERM="xterm-256color" TTY="/dev/pts/5" COLUMNS="76" LINES="15"]
ITINF25/lektion9
$ ITINF25/lektion9
$ ls
beta_av_todo  fortsattning_imorgon.txt	forts_lektion8	funk1  recordings
ITINF25/lektion9
$ c
source f
unk1















HALSNING=Wilkommen
greet() {
    echo $HALSNING
}
$ HALSNING=Wilkommen
greet() {
    echo $HALSNING
}
ITINF25/lektion9
$ echo $HALSNING 
Wilkommen
ITINF25/lektion9
$ source filnam


sksk

ITINF25/lektion9
$ greet
Wilkommen
ITINF25/lektion9
$ # Foralder
ITINF25/lektion9
$ bash -c 'ls /

bin   initrd.img      lost+found       proc    srv	 var
boot  initrd.img.old  media	       root    swapfile  vmlinuz
dev   lib	      mnt	       run     sys	 vmlinuz.old
etc   lib32	      opt	       sbin    tmp
home  lib64	      persistent-data  shared  usr
ITINF25/lektion9
$ ITINF25/lektion9
$ funk1 hejsa




source funk1
ITINF25/lektion9
$ greet Molle
Wilkommen Molle
ITINF25/lektion9
source funk1ITINF25/lektion9
$ source funk1
ITINF25/lektion9
$ greet Molele
Wilkommen
ITINF25/lektion9
$ greet Molle Peter
Wilkommen Peter
ITINF25/lektion9
$ greet Molle PeteITINF25/lektion9
source funk1e
ITINF25/lektion9
greet Molle Peter
Wilkommen Peter och Molle
ITINF25/lektion9
greet Molle PeterITINF25/lektion9
$ greet Molle Peter Hubert
Wilkommen Peter och Molle
ITINF25/lektion9
$ greet Molle Peter HubertITINF25/lektion9
$ greet Molle Peter Hubert
Wilkommen Peter och Molle
ITINF25/lektion9
$ greet Molle Peter HuberITINF25/lektion9
$ greet Molle Peter
Wilkommen Peter och Molle
ITINF25/lektion9
$ greet Molle PeterITINF25/lektion9
$ greet Molle Peter
Wilkommen Peter och Molle
ITINF25/lektion9
source funk1e Peter Huber
ITINF25/lektion9
greet Molle PeterITINF25/lektion9
$ greet Molle Peter
Wilkommen Petersan och Mollesan
ITINF25/lektion9
$ greet Molle Petesourcefunk1;





ITINF25/lektion9
$ source funk1; greet Molle Peter
Wilkommen Molle och Peter
ITINF25/lektion9
$ source funk1; greet Molle PeterITINF25/lektion9
$ source funk1; greet Molle Peter
Wilkommen  och 
ITINF25/lektion9
$ source funk1; greet Molle PeterITINF25/lektion9
$ source funk1; greet Molle Peter
Wilkommen Mollesan och Petersan
ITINF25/lektion9
$ source funk1; greet Molle PeterITINF25/lektion9
$ source funk1; greet Molle Peter
Wilkommen Mollesan och Petersan
Wilkommen Mollesan och Petersan
ITINF25/lektion9
$ source funk1; greet Molle PeterITINF25/lektion9
$ source funk1; greet Molle Peter
Wilkommen Mollesan och Petersan
Wilkommen Mollesan och Petersan
ITINF25/lektion9
$ ITINF25/lektion9
$ ls
aterblick     fortsattning_imorgon.txt	recordings
beta_av_todo  forts_lektion8
ITINF25/lektion9
$ cd fort
s_lkektion8/
ITINF25/lektion9/forts_lektion8
$ 
ITINF25/lektion9/forts_lektion8
$ ls
funk_subshell
ITINF25/lektion9/forts_lektion8
$ ITINF25/lektion9/forts_lektion8
$ chmpood +x su

ITINF25/lektion9/forts_lektion8
$ cd ..
ITINF25/lektion9
$ ITINF25/lektion9
$ ls
aterblick     fortsattning_imorgon.txt	recordings
beta_av_todo  forts_lektion8
ITINF25/lektion9
$ cd fort
s_lektion8/
ITINF25/lektion9/forts_lektion8
$ ITINF25/lektion9/forts_lektion8
$ ls
funk_subshell
ITINF25/lektion9/forts_lektion8
$ cd funk_subshell/
ITINF25/lektion9/forts_lektion8/funk_subshell
$ ITINF25/lektion9/forts_lektion8/funk_subshell
$ ls
subfunk1
ITINF25/lektion9/forts_lektion8/funk_subshell
$ ITINF25/lektion9/forts_lektion8/funk_subshell
$ chmod _+x subfunk1 
ITINF25/lektion9/forts_lektion8/funk_subshell
$ ITINF25/lektion9/forts_lektion8/funk_subshell
$ ls
subfunk1
ITINF25/lektion9/forts_lektion8/funk_subshell
$ ./subfunk1 ITINF25/lektion9/forts_lektion8/funk_subshell
$ ./subfunk1 
JAG K√ñRS
ITINF25/lektion9/forts_lektion8/funk_subshell
$ ITINF25/lektion9/forts_lektion8/funk_subshell
$ ./subfunk1 
Wilkommen Mollesan och Petersan
Wilkommen Mollesan och Petersan
SISTA RADEN
ITINF25/lektion9/forts_lektion8/funk_subshell
$ ./subfunk1 ITINF25/lektion9/forts_lektion8/funk_subshell
$ ./subfunk1 
Wilkommen Mollesan och Petersan
SISTA RADEN
ITINF25/lektion9/forts_lektion8/funk_subshell
$ ./subfunk1 ITINF25/lektion9/forts_lektion8/funk_subshell
$ ./subfunk1 
Wilkommen Mollesan och Petersan
namn1 efter: 
SISTA RADEN
ITINF25/lektion9/forts_lektion8/funk_subshell
$ ./subfunk1 ITINF25/lektion9/forts_lektion8/funk_subshell
$ ./subfunk1 
namn1 innan: 
Wilkommen Mollesan och Petersan
namn1 efter: 
SISTA RADEN
ITINF25/lektion9/forts_lektion8/funk_subshell
./subfunk1 ITINF25/lektion9/forts_lektion8/funk_subshell
$ ./subfunk1 
namn1 innan: 
namn1 inne: Molle
Wilkommen Mollesan och Petersan
namn1 efter: 
SISTA RADEN
ITINF25/lektion9/forts_lektion8/funk_subshell
$ ./subfunk1 ITINF25/lektion9/forts_lektion8/funk_subshell
$ ./subfunk1 
namn1 innan: 
namn1 inne: Molle
Wilkommen Mollesan och Petersan
namn1 efter: Molle
SISTA RADEN
ITINF25/lektion9/forts_lektion8/funk_subshell
$ ./subfunk1 ITINF25/lektion9/forts_lektion8/funk_subshell
$ ./subfunk1 
namn1 innan: 
namn1 inne: Molle
Wilkommen Mollesan och Petersan
namn1 efter: 
SISTA RADEN
ITINF25/lektion9/forts_lektion8/funk_subshell
$ ./subfunk1 ITINF25/lektion9/forts_lektion8/funk_subshell
$ ./subfunk1 
namn1 innan: 
namn1 inne: Molle
 Mollesan och Petersan
namn1 efter: 
SISTA RADEN
ITINF25/lektion9/forts_lektion8/funk_subshell
$ ITINF25/lektion9/forts_lektion8/funk_subshell
$ help set
set: set [-abefhkmnptuvxBCEHPT] [-o option-name] [--] [-] [arg ...]
    Set or unset values of shell options and positional parameters.
    
    Change the value of shell attributes and positional parameters, or
    display the names and values of shell variables.
    
    Options:
      -a  Mark variables which are modified or created for export.
      -b  Notify of job termination immediately.
      -e  Exit immediately if a command exits with a non-zero status.
      -f  Disable file name generation (globbing).
      -h  Remember the location of commands as they are looked up.
      -k  All assignment arguments are placed in the environment for a
          command, not just those that precede the command name.
      -m  Job control is enabled.
      -n  Read commands but do not execute them.
      -o option-name
          Set the variable corresponding to option-name:
              allexport    same as -a
              braceexpand  same as -B
              emacs        use an emacs-style line editing interface
              errexit      same as -e
              errtrace     same as -E
              functrace    same as -T
              hashall      same as -h
              histexpand   same as -H
              history      enable command history
              ignoreeof    the shell will not exit upon reading EOF
              interactive-comments
                           allow comments to appear in interactive commands
              keyword      same as -k
              monitor      same as -m
              noclobber    same as -C
              noexec       same as -n
              noglob       same as -f
              nolog        currently accepted but ignored
              notify       same as -b
              nounset      same as -u
              onecmd       same as -t
              physical     same as -P
              pipefail     the return value of a pipeline is the status of
                           the last command to exit with a non-zero status,
                           or zero if no command exited with a non-zero status
              posix        change the behavior of bash where the default
                           operation differs from the Posix standard to
                           match the standard
              privileged   same as -p
              verbose      same as -v
              vi           use a vi-style line editing interface
              xtrace       same as -x
      -p  Turned on whenever the real and effective user ids do not match.
          Disables processing of the $ENV file and importing of shell
          functions.  Turning this option off causes the effective uid and
          gid to be set to the real uid and gid.
      -t  Exit after reading and executing one command.
      -u  Treat unset variables as an error when substituting.
      -v  Print shell input lines as they are read.
      -x  Print commands and their arguments as they are executed.
      -B  the shell will perform brace expansion
      -C  If set, disallow existing regular files to be overwritten
          by redirection of output.
      -E  If set, the ERR trap is inherited by shell functions.
      -H  Enable ! style history substitution.  This flag is on
          by default when the shell is interactive.
      -P  If set, do not resolve symbolic links when executing commands
          such as cd which change the current directory.
      -T  If set, the DEBUG and RETURN traps are inherited by shell functions.
      --  Assign any remaining arguments to the positional parameters.
          If there are no remaining arguments, the positional parameters
          are unset.
      -   Assign any remaining arguments to the positional parameters.
          The -x and -v options are turned off.
    
    Using + rather than - causes these flags to be turned off.  The
    flags can also be used upon invocation of the shell.  The current
    set of flags may be found in $-.  The remaining n ARGs are positional
    parameters and are assigned, in order, to $1, $2, .. $n.  If no
    ARGs are given, all shell variables are printed.
    
    Exit Status:
    Returns success unless an invalid option is given.
ITINF25/lektion9/forts_lektion8/funk_subshell
$ help set | lessITINF25/lektion9/forts_lektion8/funk_subshell
$ help set | less
set: set [-abefhkmnptuvxBCEHPT] [-o option-name] [--] [-] [arg ...]
    Set or unset values of shell options and positional parameters.
    
    Change the value of shell attributes and positional parameters, or
    display the names and values of shell variables.
    
    Options:
      -a  Mark variables which are modified or created for export.
      -b  Notify of job termination immediately.
      -e  Exit immediately if a command exits with a non-zero status.
      -f  Disable file name generation (globbing).
      -h  Remember the location of commands as they are looked up.
      -k  All assignment arguments are placed in the environment for a
          command, not just those that precede the command name.
      -m  Job control is enabled.
      -n  Read commands but do not execute them.
set: set [-abefhkmnptuvxBCEHPT] [-o option-name] [--] [-] [arg ...]
    Set or unset values of shell options and positional parameters.
    
    Change the value of shell attributes and positional parameters, or
    display the names and values of shell variables.
    
    Options:
      -a  Mark variables which are modified or created for export.
      -b  Notify of job termination immediately.
      -e  Exit immediately if a command exits with a non-zero status.
      -f  Disable file name generation (globbing).
      -h  Remember the location of commands as they are looked up.
      -k  All assignment arguments are placed in the environment for a
          command, not just those that precede the command name.
      -m  Job control is enabled.
      -n  Read commands but do not execute them.
set: set [-abefhkmnptuvxBCEHPT] [-o option-name] [--] [-] [arg ...]
    Set or unset values of shell options and positional parameters.
    
    Change the value of shell attributes and positional parameters, or
    display the names and values of shell variables.
    
    Options:
      -a  Mark variables which are modified or created for export.
      -b  Notify of job termination immediately.
      -e  Exit immediately if a command exits with a non-zero status.
      -f  Disable file name generation (globbing).
      -h  Remember the location of commands as they are looked up.
      -k  All assignment arguments are placed in the environment for a
          command, not just those that precede the command name.
      -m  Job control is enabled.
      -n  Read commands but do not execute them.
...skipping...
              xtrace       same as -x
      -p  Turned on whenever the real and effective user ids do not match.
          Disables processing of the $ENV file and importing of shell
          functions.  Turning this option off causes the effective uid and
          gid to be set to the real uid and gid.
      -t  Exit after reading and executing one command.
      -u  Treat unset variables as an error when substituting.
      -v  Print shell input lines as they are read.
      -x  Print commands and their arguments as they are executed.
      -B  the shell will perform brace expansion
      -C  If set, disallow existing regular files to be overwritten
          by redirection of output.
      -E  If set, the ERR trap is inherited by shell functions.
      -H  Enable ! style history substitution.  This flag is on
          by default when the shell is interactive.
      -P  If set, do not resolve symbolic links when executing commands
          such as cd which change the current directory.
      -T  If set, the DEBUG and RETURN traps are inherited by shell functions.
      --  Assign any remaining arguments to the positional parameters.
          If there are no remaining arguments, the positional parameters
          are unset.
      -   Assign any remaining arguments to the positional parameters.
          The -x and -v options are turned off.
>ITINF25/lektion9/forts_lektion8/funk_subshell
$ cd ../she


.
ITINF25/lektion9/forts_lektion8
$ ITINF25/lektion9/forts_lektion8
$ ls
funk_subshell
ITINF25/lektion9/forts_lektion8
$ cd ..
ITINF25/lektion9
$ ITINF25/lektion9
$ ls
aterblick     fortsattning_imorgon.txt	recordings
beta_av_todo  forts_lektion8		shell_opts
ITINF25/lektion9
$ cd shell_opts/
ITINF25/lektion9/shell_opts
$ ITINF25/lektion9/shell_opts
$ ls
buggy
ITINF25/lektion9/shell_opts
$ chmod +x buy
ggy 
ITINF25/lektion9/shell_opts
$ ITINF25/lektion9/shell_opts
$ ./buggy 
Numret √§r 1
ITINF25/lektion9/shell_opts
$ ./buggy 
+ X=1
+ echo 'Numret √§r 1'
Numret √§r 1
ITINF25/lektion9/shell_opts
$ ./buggy ITINF25/lektion9/shell_opts
$ ./buggy 
Innan flaggan - I normalt l√§ge
+ X=1
+ echo 'Numret √§r 1'
Numret √§r 1
ITINF25/lektion9/shell_opts
$ ./buggy ITINF25/lektion9/shell_opts
$ ./buggy 
1
2
3
4
ITINF25/lektion9/shell_opts
$ ./buggy ITINF25/lektion9/shell_opts
$ ./buggy 
./buggy: line 5: summa: command not found
./buggy: line 5: summa: command not found
./buggy: line 5: summa: command not found
./buggy: line 5: summa: command not found
Summa: 0
ITINF25/lektion9/shell_opts
$ ./buggy ITINF25/lektion9/shell_opts
$ ./buggy 
Summa: 10
ITINF25/lektion9/shell_opts
$ ./buggy 5ITINF25/lektion9/shell_opts
$ ./buggy 

Summa: 10
ITINF25/lektion9/shell_opts
$ ./buggy 5ITINF25/lektion9/shell_opts
$ ./buggy 5
Summa: 15
ITINF25/lektion9/shell_opts
$ ./buggy 5ITINF25/lektion9/shell_opts
$ ./buggy 5
Summa: 10
ITINF25/lektion9/shell_opts
$ bash

ITINF25/lektion9/shell_opts on ÓÇ† 251001 [$] 
‚ùØ source buggy 
ITINF25/lektion9/shell_opts on ÓÇ† 251001 [$] 
‚ùØ source buggy 
bash: ((: raknare < : syntax error: operand expected (error token is "< ")
Summa: 0

ITINF25/lektion9/shell_opts on ÓÇ† 251001 [$] 
‚ùØ source buggy hwhuw
ITINF25/lektion9/shell_opts on ÓÇ† 251001 [$] 
‚ùØ source buggy
Summa: 10

ITINF25/lektion9/shell_opts on ÓÇ† 251001 [$!] 
‚./buggy 
ITINF25/lektion9/shell_opts on ÓÇ† 251001 [$!] 
‚ùØ ./buggy 
./buggy: line 7: ((: raknare < : syntax error: operand expected (error token is "< ")
Summa: 0

ITINF25/lektion9/shell_opts on ÓÇ† 251001 [$!] 
‚ùØ ./buggy 5
ITINF25/lektion9/shell_opts on ÓÇ† 251001 [$!] 
‚ùØ ./buggy 5
Summa: 10

ITINF25/lektion9/shell_opts on ÓÇ† 251001 [$!] 
‚ùØ ./buggy 5
ITINF25/lektion9/shell_opts on ÓÇ† 251001 [$!] 
‚ùØ ./buggy 5
+ nummer=5
+ summa=0
+ (( raknare = 1 ))
+ (( raknare < 5 ))
+ summa=1
+ (( raknare = raknare + 1 ))
+ (( raknare < 5 ))
+ summa=3
+ (( raknare = raknare + 1 ))
+ (( raknare < 5 ))
+ summa=6
+ (( raknare = raknare + 1 ))
+ (( raknare < 5 ))
+ summa=10
+ (( raknare = raknare + 1 ))
+ (( raknare < 5 ))
+ echo 'Summa: 10'
Summa: 10

ITINF25/lektion9/shell_opts on ÓÇ† 251001 [$!] 
‚ùØ ./buggy 5
ITINF25/lektion9/shell_opts on ÓÇ† 251001 [$!] 
‚ùØ ./buggy 5
+ nummer=5
+ summa=0
+ (( raknare = 1 ))
+ (( raknare < 5 ))
+ echo 1
1
+ summa=1
+ (( raknare = raknare + 1 ))
+ (( raknare < 5 ))
+ echo 2
2
+ summa=3
+ (( raknare = raknare + 1 ))
+ (( raknare < 5 ))
+ echo 3
3
+ summa=6
+ (( raknare = raknare + 1 ))
+ (( raknare < 5 ))
+ echo 4
4
+ summa=10
+ (( raknare = raknare + 1 ))
+ (( raknare < 5 ))
+ echo 'Summa: 10'
Summa: 10

ITINF25/lektion9/shell_opts on ÓÇ† 251001 [$!] 
‚ùØ chomd +x e_ex 
bash: chomd: command not found

ITINF25/lektion9/shell_opts on ÓÇ† 251001 [$!] 
‚ùØ chomd +x e_exo

ITINF25/lektion9/shell_opts on ÓÇ† 251001 [$!] 
‚ùØ ./e_ex 
ITINF25/lektion9/shell_opts on ÓÇ† 251001 [$!] 
‚ùØ ./e_ex 
Bash

ITINF25/lektion9/shell_opts on ÓÇ† 251001 [$!] 
‚ùØ ./e_ex 
ITINF25/lektion9/shell_opts on ÓÇ† 251001 [$!] 
‚ùØ ./e_ex 
A

ITINF25/lektion9/shell_opts on ÓÇ† 251001 [$!] 
‚ùØ ./e_ex2
ITINF25/lektion9/shell_opts on ÓÇ† 251001 [$!] 
‚ùØ ./e_ex2
A
B

ITINF25/lektion9/shell_opts on ÓÇ† 251001 [$] 
‚ùØ 
ITINF25/lektion9/shell_opts on ÓÇ† 251001 [$] 
‚ùØ mkdi
ITINF25/lektion9/shell_opts on ÓÇ† 251001 [$] 
‚ùØ mkdir /home/kent/skrot

ITINF25/lektion9/shell_opts on ÓÇ† 251001 [$] 
‚









./e_ex3
ITINF25/lektion9/shell_opts on ÓÇ† 251001 [$] 
‚ùØ ./e_ex3 skrot
skrot

ITINF25/lektion9/shell_opts on ÓÇ† 251001 [$] 
‚ùØ ./e_ex3 skrot
ITINF25/lektion9/shell_opts on ÓÇ† 251001 [$] 
‚ùØ ./e_ex3 skrot
mkdir skrot
rm -rf skrot

ITINF25/lektion9/shell_opts on ÓÇ† 251001 [$!] 
‚ùØ ./e_ex3 skrot
ITINF25/lektion9/shell_opts on ÓÇ† 251001 [$!] 
‚ùØ ./e_ex3 skrot
mkdir /home/kent/skrot
rm -rf /home/kent/skrot

ITINF25/lektion9/shell_opts on ÓÇ† 251001 [$!] 
‚ùØ ./e_ex3 skro
ITINF25/lektion9/shell_opts on ÓÇ† 251001 [$!] 
‚ùØ ./e_ex3
ITINF25/lektion9/shell_opts on ÓÇ† 251001 [$!] 
‚ùØ ./e_ex3
mkdir /home/kent/
rm -rf /home/kent/

ITINF25/lektion9/shell_opts on ÓÇ† 251001 [$!] 
mkdir /home/kent/
mkdir: cannot create directory ‚Äò/home/kent/‚Äô: File exists

ITINF25/lektion9/shell_opts on ÓÇ† 251001 [$!] 
‚ùØ echo $?
1

ITINF25/lektion9/shell_opts on ÓÇ† 251001 [$] 
mkdir /home/kent/
ITINF25/lektion9/shell_opts on ÓÇ† 251001 [$] 
./e_ex3ir /home/kent/
mkdir: cannot create directory ‚Äò/home/kent/‚Äô: File exists
rm -rf /home/kent/

ITINF25/lektion9/shell_opts on ÓÇ† 251001 [$!] 
‚ùØ ./e_ex3 
ITINF25/lektion9/shell_opts on ÓÇ† 251001 [$!] 
‚ùØ ./e_ex3 skrot
mkdir: cannot create directory ‚Äò/home/kent/skrot‚Äô: File exists
rm -rf /home/kent/skrot

ITINF25/lektion9/shell_opts on ÓÇ† 251001 [$] 
‚o~/skrot

ITINF25/lektion9/shell_opts on ÓÇ† 251001 [$] 
./e_ex3 skrotkrot
ITINF25/lektion9/shell_opts on ÓÇ† 251001 [$] 
‚ùØ ./e_ex3 skrot
rm -rf /home/kent/skrot

ITINF25/lektion9/shell_opts on ÓÇ† 251001 [$] 
‚ùØ ls ~/skrot/

ITINF25/lektion9/shell_opts on ÓÇ† 251001 [$] 
‚ùØ rmdir ~/skrot/
ITINF25/lektion9/shell_opts on ÓÇ† 251001 [$] 
‚ùØ rmdir ~/skrot/

ITINF25/lektion9/shell_opts on ÓÇ† 251001 [$] 
./e_ex3 skroskrot/
ITINF25/lektion9/shell_opts on ÓÇ† 251001 [$] 
‚ùØ ./e_ex3
mkdir: cannot create directory ‚Äò/home/kent/‚Äô: File exists
rm -rf /home/kent/

ITINF25/lektion9/shell_opts on ÓÇ† 251001 [$] 
failed reverse-i-search)`dm': rm
d
i
‚ùØ 
rmdir: failed to remove '/home/kent/skrot/': No such file or directory

ITINF25/lektion9/shell_opts on ÓÇ† 251001 [$!] 
‚ùØ 
ITINF25/lektion9/shell_opts on ÓÇ† 251001 [$!] 
./e_ex3ir ~/skrot/
mkdir: cannot create directory ‚Äò/home/kent/‚Äô: File exists

ITINF25/lektion9/shell_opts on ÓÇ† 251001 [$‚á°] 
‚ùØ 
ITINF25/lektion9/shell_opts on ÓÇ† 251001 [$‚á°] 
‚ùØ cd ..

l1-live/ITINF25/lektion9 on ÓÇ† 251001 [$] 
‚ùØ mkdir traps

l1-live/ITINF25/lektion9 on ÓÇ† 251001 [$] 
‚er
raps/

ITINF25/lektion9/traps on ÓÇ† 251001 [$] 
‚ùØ 
ITINF25/lektion9/traps on ÓÇ† 251001 [$] 
‚ùØ ls

ITINF25/lektion9/traps on ÓÇ† 251001 [$] 
‚ùØ touch beh

ITINF25/lektion9/traps on ÓÇ† 251001 [$!?] 
‚ùØ code beh 

ITINF25/lektion9/traps on ÓÇ† 251001 [$!?] 
‚ùØ 
ITINF25/lektion9/traps on ÓÇ† 251001 [$!?] 
‚h
bash: ./beh: Permission denied

ITINF25/lektion9/traps on ÓÇ† 251001 [$] 
‚ùØ chmod +x beh 

ITINF25/lektion9/traps on ÓÇ† 251001 [$!] 
‚ùØ 
ITINF25/lektion9/traps on ÓÇ† 251001 [$!] 
‚ùØ >./beh 
ITINF25/lektion9/traps on ÓÇ† 251001 [$!] 
‚ùØ ./beh 
Namn (klar f√∂r att avbryta): Molle
Namn (klar f√∂r att avbryta): Petter
Namn (klar f√∂r att avbryta): Sami
Namn (klar f√∂r att avbryta): klar
Du skrev s√•h√§r m√•nga namn: 
wc: invalid zero-length file name
rm: cannot remove '': No such file or directory

ITINF25/lektion9/traps on ÓÇ† 251001 [$] took 46s 
‚ùØ ./beh 
ITINF25/lektion9/traps on ÓÇ† 251001 [$] took 46s 
‚ùØ ./beh 
Namn (klar f√∂r att avbryta): Petter
Namn (klar f√∂r att avbryta): Kalle
Namn (klar f√∂r att avbryta): klar
Du skrev s√•h√§r m√•nga namn: 
5 namnfil

ITINF25/lektion9/traps on ÓÇ† 251001 [$‚úò!] took 4s 
‚ùØ 
ITINF25/lektion9/traps on ÓÇ† 251001 [$‚úò!] took 4s 
‚namnfil
namnfil: No such file or directory

ITINF25/lektion9/traps on ÓÇ† 251001 [$] 
‚ùØ 
ITINF25/lektion9/traps on ÓÇ† 251001 [$] 
./beh amnfilnfil
ITINF25/lektion9/traps on ÓÇ† 251001 [$] 
‚ùØ ./beh 
Namn (klar f√∂r att avbryta): Molle
Namn (klar f√∂r att avbryta): Petter
Namn (klar f√∂r att avbryta): klar
Du skrev s√•h√§r m√•nga namn: 
2 namnfil

ITINF25/lektion9/traps on ÓÇ† 251001 [$] took 5s 
‚ùØ ./beh 
ITINF25/lektion9/traps on ÓÇ† 251001 [$] took 5s 
‚ùØ ./beh 
Namn (klar f√∂r att avbryta): Molle
Namn (klar f√∂r att avbryta): ^C

ITINF25/lektion9/traps on ÓÇ† 251001 [$‚á°] took 17s 
‚ùØ 
ITINF25/lektion9/traps on ÓÇ† 251001 [$‚á°] took 17s 
‚ùØ ls
beh  namnfil

ITINF25/lektion9/traps on ÓÇ† 251001 [$] 
‚ùØ rm namnfil 

ITINF25/lektion9/traps on ÓÇ† 251001 [$‚úò] 
‚ùØ 
ITINF25/lektion9/traps on ÓÇ† 251001 [$‚úò] 
‚ùØ ./beh1 
Namn (klar f√∂r att avbryta): Molle
Namn (klar f√∂r att avbryta): ^C^Crm: cannot remove 'namnfil': No such file or directory
^Crm: cannot remove 'namnfil': No such file or directory
^Crm: cannot remove 'namnfil': No such file or directory
^Crm: cannot remove 'namnfil': No such file or directory
^Crm: cannot remove 'namnfil': No such file or directory
^Crm: cannot remove 'namnfil': No such file or directory
^Crm: cannot remove 'namnfil': No such file or directory
^Crm: cannot remove 'namnfil': No such file or directory
^Crm: cannot remove 'namnfil': No such file or directory
^Crm: cannot remove 'namnfil': No such file or directory
^Crm: cannot remove 'namnfil': No such file or directory
^Crm: cannot remove 'namnfil': No such file or directory
^Crm: cannot remove 'namnfil': No such file or directory
^Crm: cannot remove 'namnfil': No such file or directory
^Crm: cannot remove 'namnfil': No such file or directory
^Crm: cannot remove 'namnfil': No such file or directory
^Crm: cannot remove 'namnfil': No such file or directory
^Crm: cannot remove 'namnfil': No such file or directory
^Crm: cannot remove 'namnfil': No such file or directory
^Crm: cannot remove 'namnfil': No such file or directory
^Crm: cannot remove 'namnfil': No such file or directory
^Crm: cannot remove 'namnfil': No such file or directory
^Crm: cannot remove 'namnfil': No such file or directory
^Crm: cannot remove 'namnfil': No such file or directory
^Crm: cannot remove 'namnfil': No such file or directory
^Crm: cannot remove 'namnfil': No such file or directory
^Crm: cannot remove 'namnfil': No such file or directory
^Crm: cannot remove 'namnfil': No such file or directory
^Crm: cannot remove 'namnfil': No such file or directory
^Z
[1]+  Stopped                 ./beh1

ITINF25/lektion9/traps on ÓÇ† 251001 [$!] took 23s 
‚ú¶ ‚ùØ kill $%-%9% %
[1]+  Killed                  ./beh1

ITINF25/lektion9/traps on ÓÇ† 251001 [$!] 
‚ú¶ ‚ùØ 
ITINF25/lektion9/traps on ÓÇ† 251001 [$!] 
./beh1  kill -9 %1
Namn (klar f√∂r att avbryta): Molle
Namn (klar f√∂r att avbryta): ^C
ITINF25/lektion9/traps on ÓÇ† 251001 [$‚úò‚á°] took 5s 
‚ùØ ./beh12
ITINF25/lektion9/traps on ÓÇ† 251001 [$‚úò‚á°] took 5s 
‚ùØ ./beh2
K√∂p xyz
K√∂p xyz
K√∂p xyz
K√∂p xyz
K√∂p xyz
^CNej du
^CNej du
^CNej du
^CNej du
^CNej du
^CNej du
^CNej du
^CNej du
K√∂p xyz
K√∂p xyz
K√∂p xyz
K√∂p xyz
K√∂p xyz
K√∂p xyz
K√∂p xyz
K√∂p xyz
K√∂p xyz
K√∂p xyz
K√∂p xyz
K√∂p xyz
K√∂p xyz
K√∂p xyz
K√∂p xyz
K√∂p xyz
K√∂p xyz
K√∂p xyz
K√∂p xyz
K√∂p xyz
K√∂p xyz
K√∂p xyz
K√∂p xyz
K√∂p xyz
K√∂p xyz
K√∂p xyz
K√∂p xyz
K√∂p xyz
K√∂p xyz
K√∂p xyz
K√∂p xyz
K√∂p xyz
K√∂p xyz
K√∂p xyz
K√∂p xyz
dnhjK√∂p xyz
ndK√∂p xyz
K√∂p xyz
K√∂p xyz
K√∂p xyz
K√∂p xyz
K√∂p xyz
^Z
[1]+  Stopped                 ./beh2

ITINF25/lektion9/traps on ÓÇ† 251001 [$] took 51s 
‚ú¶ ‚ùØ kill -9 %1
[1]+  Killed                  ./beh2

ITINF25/lektion9/traps on ÓÇ† 251001 [$] 
‚ú¶ ‚ùØ clear

ITINF25/lektion9/traps on ÓÇ† 251001 [$] 
‚ùØ 

ITINF25/lektion9/traps on ÓÇ† 251001 [$] 
‚ùØ 

ITINF25/lektion9/traps on ÓÇ† 251001 [$] 
‚ùØ 

ITINF25/lektion9/traps on ÓÇ† 251001 [$] 
‚ùØ 

ITINF25/lektion9/traps on ÓÇ† 251001 [$] 
‚ùØ 
ITINF25/lektion9/traps on ÓÇ† 251001 [$] 
‚ùØ users
kent

ITINF25/lektion9/traps on ÓÇ† 251001 [$] 
‚ùØ 
ITINF25/lektion9/traps on ÓÇ† 251001 [$] 
‚
exit
exit
ITINF25/lektion9/shell_opts
$ 
exit

Script done on 2025-10-01 11:17:31+02:00 [COMMAND_EXIT_CODE="0"]
