Script started on 2025-05-08 09:40:02+02:00 [TERM="xterm-256color" TTY="/dev/pts/3" COLUMNS="81" LINES="23"]
DEVOPS24/lektion12
$ DEVOPS24/lektion12
$ tocu
touch Dokeckerfile
DEVOPS24/lektion12
$ code Dockerfile 
DEVOPS24/lektion12
$ DEVOPS24/lektion12
$ docker build  - - n a m e  s l e e p y 
unknown flag: --name

Usage:  docker buildx build [OPTIONS] PATH | URL | -

Run 'docker buildx build --help' for more information
DEVOPS24/lektion12
$ DEVOPS24/lektion12
$ 
docker build --name sleepy tsleepy
ERROR: docker: 'docker buildx build' requires 1 argument

Usage:  docker buildx build [OPTIONS] PATH | URL | -

Run 'docker buildx build --help' for more information
DEVOPS24/lektion12
$ docker build -t sleepy sleepy        d DEVOPS24/lektion12
$ docker build 
[+] Building 0.0s (0/1)                         docker:default
 => [internal] load build definition from Dockerfile      0.0s
[+] Building 0.2s (1/2)                         docker:default
 => [internal] load build definition from Dockerfile      0.0s
 => => transferring dockerfile: 79B                       0.0s
 => [internal] load metadata for docker.io/library/ubunt  0.2s
[+] Building 0.3s (1/2)                         docker:default
 => [internal] load build definition from Dockerfile      0.0s
 => => transferring dockerfile: 79B                       0.0s
 => [internal] load metadata for docker.io/library/ubunt  0.3s
[+] Building 0.5s (1/2)                         docker:default
 => [internal] load build definition from Dockerfile      0.0s
 => => transferring dockerfile: 79B                       0.0s
 => [internal] load metadata for docker.io/library/ubunt  0.5s
[+] Building 0.6s (1/2)                         docker:default
 => [internal] load build definition from Dockerfile      0.0s
 => => transferring dockerfile: 79B                       0.0s
 => [internal] load metadata for docker.io/library/ubunt  0.6s
[+] Building 0.7s (2/2)                         docker:default
 => [internal] load build definition from Dockerfile      0.0s
 => => transferring dockerfile: 79B                       0.0s
 => [internal] load metadata for docker.io/library/ubunt  0.7s
[+] Building 0.8s (5/5)                         docker:default
 => [1/1] FROM docker.io/library/ubuntu:latest@sha256:60  0.0s
 => => resolve docker.io/library/ubuntu:latest@sha256:60  0.0s
 => => sha256:6015f66923d7afbc53558d7ccf 6.69kB / 6.69kB  0.0s
 => => sha256:dc17125eaac86538c57da886e494a3 424B / 424B  0.0s
 => => sha256:a0e45e2ce6e6e22e73185397d1 2.30kB / 2.30kB  0.0s
 => exporting to image                                    0.0s
 => => exporting layers                                   0.0s
 => => writing image sha256:b9fb1407a0acb5a45d6064c9eb82  0.0s
[+] Building 0.9s (5/5) FINISHED                docker:default
 => [internal] load build definition from Dockerfile      0.0s
 => => transferring dockerfile: 79B                       0.0s
 => [internal] load metadata for docker.io/library/ubunt  0.7s
 => [internal] load .dockerignore                         0.0s
 => => transferring context: 2B                           0.0s
 => [1/1] FROM docker.io/library/ubuntu:latest@sha256:60  0.0s
 => => resolve docker.io/library/ubuntu:latest@sha256:60  0.0s
 => => sha256:6015f66923d7afbc53558d7ccf 6.69kB / 6.69kB  0.0s
 => => sha256:dc17125eaac86538c57da886e494a3 424B / 424B  0.0s
 => => sha256:a0e45e2ce6e6e22e73185397d1 2.30kB / 2.30kB  0.0s
 => exporting to image                                    0.0s
 => => exporting layers                                   0.0s
 => => writing image sha256:b9fb1407a0acb5a45d6064c9eb82  0.0s
DEVOPS24/lektion12
$ DEVOPS24/lektion12
$ docker image ls
REPOSITORY               TAG       IMAGE ID       CREATED         SIZE
<none>                   <none>    b9fb1407a0ac   9 days ago      78.1MB
debian                   12        d4ccddb816ba   2 months ago    117MB
mariadb                  latest    4815a3e162ea   2 months ago    328MB
minlag/mermaid-cli       latest    45d7b5ace607   2 months ago    1.89GB
kopia-server-image       latest    ef7eb39bc583   3 months ago    491MB
<none>                   <none>    b519542508bc   3 months ago    491MB
<none>                   <none>    6b478e89aefd   3 months ago    491MB
<none>                   <none>    6e962152673c   3 months ago    491MB
<none>                   <none>    4b83b52150dd   3 months ago    491MB
<none>                   <none>    4ad20ab61f23   3 months ago    491MB
<none>                   <none>    97202a5cd17c   3 months ago    491MB
kopia-client-image       latest    c92ed318a697   3 months ago    491MB
ghcr.io/astral-sh/ruff   0.3.0     46a2e1cf64b3   14 months ago   31.5MB
DEVOPS24/lektion12
$ DEVOPS24/lektion12
$ docker run b9









docker ps
CONTAINER ID   IMAGE     COMMAND   CREATED   STATUS    PORTS     NAMES
DEVOPS24/lektion12
$ docker image ls
REPOSITORY               TAG       IMAGE ID       CREATED         SIZE
<none>                   <none>    b9fb1407a0ac   9 days ago      78.1MB
debian                   12        d4ccddb816ba   2 months ago    117MB
mariadb                  latest    4815a3e162ea   2 months ago    328MB
minlag/mermaid-cli       latest    45d7b5ace607   2 months ago    1.89GB
kopia-server-image       latest    ef7eb39bc583   3 months ago    491MB
<none>                   <none>    b519542508bc   3 months ago    491MB
<none>                   <none>    6b478e89aefd   3 months ago    491MB
<none>                   <none>    6e962152673c   3 months ago    491MB
<none>                   <none>    4b83b52150dd   3 months ago    491MB
<none>                   <none>    4ad20ab61f23   3 months ago    491MB
<none>                   <none>    97202a5cd17c   3 months ago    491MB
kopia-client-image       latest    c92ed318a697   3 months ago    491MB
ghcr.io/astral-sh/ruff   0.3.0     46a2e1cf64b3   14 months ago   31.5MB
DEVOPS24/lektion12
$ docker run b9fb1407a0ac
b9fb1407a0ac
DEVOPS24/lektion12
$ DEVOPS24/lektion12
$ docker ps
CONTAINER ID   IMAGE          COMMAND        CREATED          STATUS          PORTS                                     NAMES
0acc716bc3e0   b9fb1407a0ac   "sleep 1000"   21 seconds ago   Up 21 seconds   0.0.0.0:8080->80/tcp, [::]:8080->80/tcp   recursing_darwin
DEVOPS24/lektion12
$ docker ps
docker stop recursing_darwin
recursing_darwin
recursing_darwin
DEVOPS24/lektion12
$ DEVOPS24/lektion12
$ ls
apache.fg  Dockerfile  recordings
DEVOPS24/lektion12
$ dockemmkdir filer
DEVOPS24/lektion12
$ touch filer/{a..z}{1..20}
DEVOPS24/lektion12
$ ls filer/DEVOPS24/lektion12
$ ls filer/
a1   b17  c6   e13  f20  h1   i17  j6	l13  m20  o1   p17  q6	 s13  t20  v1	w17  x6   z13
a10  b18  c7   e14  f3	 h10  i18  j7	l14  m3   o10  p18  q7	 s14  t3   v10	w18  x7   z14
a11  b19  c8   e15  f4	 h11  i19  j8	l15  m4   o11  p19  q8	 s15  t4   v11	w19  x8   z15
a12  b2   c9   e16  f5	 h12  i2   j9	l16  m5   o12  p2   q9	 s16  t5   v12	w2   x9   z16
a13  b20  d1   e17  f6	 h13  i20  k1	l17  m6   o13  p20  r1	 s17  t6   v13	w20  y1   z17
a14  b3   d10  e18  f7	 h14  i3   k10	l18  m7   o14  p3   r10  s18  t7   v14	w3   y10  z18
a15  b4   d11  e19  f8	 h15  i4   k11	l19  m8   o15  p4   r11  s19  t8   v15	w4   y11  z19
a16  b5   d12  e2   f9	 h16  i5   k12	l2   m9   o16  p5   r12  s2   t9   v16	w5   y12  z2
a17  b6   d13  e20  g1	 h17  i6   k13	l20  n1   o17  p6   r13  s20  u1   v17	w6   y13  z20
a18  b7   d14  e3   g10  h18  i7   k14	l3   n10  o18  p7   r14  s3   u10  v18	w7   y14  z3
a19  b8   d15  e4   g11  h19  i8   k15	l4   n11  o19  p8   r15  s4   u11  v19	w8   y15  z4
a2   b9   d16  e5   g12  h2   i9   k16	l5   n12  o2   p9   r16  s5   u12  v2	w9   y16  z5
a20  c1   d17  e6   g13  h20  j1   k17	l6   n13  o20  q1   r17  s6   u13  v20	x1   y17  z6
a3   c10  d18  e7   g14  h3   j10  k18	l7   n14  o3   q10  r18  s7   u14  v3	x10  y18  z7
a4   c11  d19  e8   g15  h4   j11  k19	l8   n15  o4   q11  r19  s8   u15  v4	x11  y19  z8
a5   c12  d2   e9   g16  h5   j12  k2	l9   n16  o5   q12  r2	 s9   u16  v5	x12  y2   z9
a6   c13  d20  f1   g17  h6   j13  k20	m1   n17  o6   q13  r20  t1   u17  v6	x13  y20
a7   c14  d3   f10  g18  h7   j14  k3	m10  n18  o7   q14  r3	 t10  u18  v7	x14  y3
a8   c15  d4   f11  g19  h8   j15  k4	m11  n19  o8   q15  r4	 t11  u19  v8	x15  y4
a9   c16  d5   f12  g2	 h9   j16  k5	m12  n2   o9   q16  r5	 t12  u2   v9	x16  y5
b1   c17  d6   f13  g20  i1   j17  k6	m13  n20  p1   q17  r6	 t13  u20  w1	x17  y6
b10  c18  d7   f14  g3	 i10  j18  k7	m14  n3   p10  q18  r7	 t14  u3   w10	x18  y7
b11  c19  d8   f15  g4	 i11  j19  k8	m15  n4   p11  q19  r8	 t15  u4   w11	x19  y8
b12  c2   d9   f16  g5	 i12  j2   k9	m16  n5   p12  q2   r9	 t16  u5   w12	x2   y9
b13  c20  e1   f17  g6	 i13  j20  l1	m17  n6   p13  q20  s1	 t17  u6   w13	x20  z1
b14  c3   e10  f18  g7	 i14  j3   l10	m18  n7   p14  q3   s10  t18  u7   w14	x3   z10
b15  c4   e11  f19  g8	 i15  j4   l11	m19  n8   p15  q4   s11  t19  u8   w15	x4   z11
b16  c5   e12  f2   g9	 i16  j5   l12	m2   n9   p16  q5   s12  t2   u9   w16	x5   z12
DEVOPS24/lektion12
$ DEVOPS24/lektion12
$ docker ps
CONTAINER ID   IMAGE     COMMAND   CREATED   STATUS    PORTS     NAMES
DEVOPS24/lektion12
ls filerler/{a..z}{1..20}arwin






DEVOPS24/lektion12
e': cp ~/.ssh/config ./config_exempel{a..z}{1..20x': /usr/bin/python /shared/kent/Documents/nackademin/linux1/exam/generator/src/parse.py

failed reverse-i-search)`exec': cp ~/.ssh/config ./config_exempe^C
DEVOPS24/lektion12
$ pdocker ps
CONTAINER ID   IMAGE          COMMAND        CREATED          STATUS          PORTS                                     NAMES
994695bc3343   b9fb1407a0ac   "sleep 1000"   16 seconds ago   Up 16 seconds   0.0.0.0:8080->80/tcp, [::]:8080->80/tcp   charming_black
DEVOPS24/lektion12
$ docker exec -it cha
rming_black /bin/bashDEVOPS24/lektion12
$ docker exec -it charming_black /bin/bash
0;root@994695bc3343: /
root@994695bc3343:/# ls
bin   dev  filer  lib    media  opt   root  sbin  sys  usr
boot  etc  home   lib64  mnt    proc  run   srv   tmp  var
0;root@994695bc3343: /
root@994695bc3343:/# ls filer/
a1   b17  c6   e13  f20  h1   i17  j6   l13  m20  o1   p17  q6   s13  t20  v1   w17  x6   z13
a10  b18  c7   e14  f3   h10  i18  j7   l14  m3   o10  p18  q7   s14  t3   v10  w18  x7   z14
a11  b19  c8   e15  f4   h11  i19  j8   l15  m4   o11  p19  q8   s15  t4   v11  w19  x8   z15
a12  b2   c9   e16  f5   h12  i2   j9   l16  m5   o12  p2   q9   s16  t5   v12  w2   x9   z16
a13  b20  d1   e17  f6   h13  i20  k1   l17  m6   o13  p20  r1   s17  t6   v13  w20  y1   z17
a14  b3   d10  e18  f7   h14  i3   k10  l18  m7   o14  p3   r10  s18  t7   v14  w3   y10  z18
a15  b4   d11  e19  f8   h15  i4   k11  l19  m8   o15  p4   r11  s19  t8   v15  w4   y11  z19
a16  b5   d12  e2   f9   h16  i5   k12  l2   m9   o16  p5   r12  s2   t9   v16  w5   y12  z2
a17  b6   d13  e20  g1   h17  i6   k13  l20  n1   o17  p6   r13  s20  u1   v17  w6   y13  z20
a18  b7   d14  e3   g10  h18  i7   k14  l3   n10  o18  p7   r14  s3   u10  v18  w7   y14  z3
a19  b8   d15  e4   g11  h19  i8   k15  l4   n11  o19  p8   r15  s4   u11  v19  w8   y15  z4
a2   b9   d16  e5   g12  h2   i9   k16  l5   n12  o2   p9   r16  s5   u12  v2   w9   y16  z5
a20  c1   d17  e6   g13  h20  j1   k17  l6   n13  o20  q1   r17  s6   u13  v20  x1   y17  z6
a3   c10  d18  e7   g14  h3   j10  k18  l7   n14  o3   q10  r18  s7   u14  v3   x10  y18  z7
a4   c11  d19  e8   g15  h4   j11  k19  l8   n15  o4   q11  r19  s8   u15  v4   x11  y19  z8
a5   c12  d2   e9   g16  h5   j12  k2   l9   n16  o5   q12  r2   s9   u16  v5   x12  y2   z9
a6   c13  d20  f1   g17  h6   j13  k20  m1   n17  o6   q13  r20  t1   u17  v6   x13  y20
a7   c14  d3   f10  g18  h7   j14  k3   m10  n18  o7   q14  r3   t10  u18  v7   x14  y3
a8   c15  d4   f11  g19  h8   j15  k4   m11  n19  o8   q15  r4   t11  u19  v8   x15  y4
a9   c16  d5   f12  g2   h9   j16  k5   m12  n2   o9   q16  r5   t12  u2   v9   x16  y5
b1   c17  d6   f13  g20  i1   j17  k6   m13  n20  p1   q17  r6   t13  u20  w1   x17  y6
b10  c18  d7   f14  g3   i10  j18  k7   m14  n3   p10  q18  r7   t14  u3   w10  x18  y7
b11  c19  d8   f15  g4   i11  j19  k8   m15  n4   p11  q19  r8   t15  u4   w11  x19  y8
b12  c2   d9   f16  g5   i12  j2   k9   m16  n5   p12  q2   r9   t16  u5   w12  x2   y9
b13  c20  e1   f17  g6   i13  j20  l1   m17  n6   p13  q20  s1   t17  u6   w13  x20  z1
b14  c3   e10  f18  g7   i14  j3   l10  m18  n7   p14  q3  
