Script started on 2025-05-08 09:44:43+02:00 [TERM="xterm-256color" TTY="/dev/pts/5" COLUMNS="81" LINES="15"]
DEVOPS24/lektion12
$ DEVOPS24/lektion12
$ doceker exec ps
CONTAINER ID   IMAGE          COMMAND        CREATED          STATUS          PORTS     NAMES
97a83d556cf4   b9fb1407a0ac   "sleep 1000"   29 seconds ago   Up 28 seconds             clever_johnson
DEVOPS24/lektion12
$ docker exec clever_johnson
clever_johnso clever_johnso- clever_johnsoi clever_johnsot clever_johnso










 /bin/bashDEVOPS24/lektion12
$ docker exec -it clever_johnson /bin/bash
0;root@97a83d556cf4: /
root@97a83d556cf4:/# 
0;root@97a83d556cf4: /
root@97a83d556cf4:/# ps0;root@97a83d556cf4: /
root@97a83d556cf4:/# ps
    PID TTY          TIME CMD
      7 pts/0    00:00:00 bash
     15 pts/0    00:00:00 ps
0;root@97a83d556cf4: /
root@97a83d556cf4:/# ps -e
    PID TTY          TIME CMD
      1 ?        00:00:00 sleep
      7 pts/0    00:00:00 bash
     16 pts/0    00:00:00 ps
0;root@97a83d556cf4: /
root@97a83d556cf4:/# 0;root@97a83d556cf4: /
root@97a83d556cf4:/# ps -e
    PID TTY          TIME CMD
      1 ?        00:00:00 sleep
      7 pts/0    00:00:00 bash
     17 pts/0    00:00:00 ps
0;root@97a83d556cf4: /
root@97a83d556cf4:/# 
exit
DEVOPS24/lektion12
$ docker exec -it clever_johnson /bin/bashDEVOPS24/lektion12
$ docker exec -it clever_johnson /bin/bash
0;root@97a83d556cf4: /
root@97a83d556cf4:/# id
uid=0(root) gid=0(root) groups=0(root)
0;root@97a83d556cf4: /
root@97a83d556cf4:/# sudo
bash: sudo: command not found
0;root@97a83d556cf4: /
root@97a83d556cf4:/# 0;root@97a83d556cf4: /
root@97a83d556cf4:/# sudoapt install apache -y
Reading package lists... Done
Building dependency tree... Done
Reading state information... Done
E: Unable to locate package apache2
0;root@97a83d556cf4: /
root@97a83d556cf4:/# apt update
Get:1 http://archive.ubuntu.com/ubuntu noble InRelease [256 kB]
Get:2 http://security.ubuntu.com/ubuntu noble-security InRelease [126 kB]
Get:3 http://security.ubuntu.com/ubuntu noble-security/restricted amd64 Packages [1318 kB]
Get:4 http://archive.ubuntu.com/ubuntu noble-updates InRelease [126 kB]
Get:5 http://archive.ubuntu.com/ubuntu noble-backports InRelease [126 kB]
Get:6 http://archive.ubuntu.com/ubuntu noble/multiverse amd64 Packages [331 kB]
Get:7 http://archive.ubuntu.com/ubuntu noble/main amd64 Packages [1808 kB]
Get:8 http://security.ubuntu.com/ubuntu noble-security/universe amd64 Packages [1080 kB]
Get:9 http://security.ubuntu.com/ubuntu noble-security/main amd64 Packages [1033 kB]
Get:10 http://security.ubuntu.com/ubuntu noble-security/multiverse amd64 Packages [22.1 kB]
Get:11 http://archive.ubuntu.com/ubuntu noble/restricted amd64 Packages [117 kB]
Get:12 http://archive.ubuntu.com/ubuntu noble/universe amd64 Packages [19.3 MB]
Get:13 http://archive.ubuntu.com/ubuntu noble-updates/main amd64 Packages [1353 kB]
Get:14 http://archive.ubuntu.com/ubuntu noble-updates/restricted amd64 Packages [1362 kB]
Get:15 http://archive.ubuntu.com/ubuntu noble-updates/universe amd64 Packages [1379 kB]
Get:16 http://archive.ubuntu.com/ubuntu noble-updates/multiverse amd64 Packages [26.7 kB]
Get:17 http://archive.ubuntu.com/ubuntu noble-backports/universe amd64 Packages [31.8 kB]
Get:18 http://archive.ubuntu.com/ubuntu noble-backports/main amd64 Packages [48.0 kB]
Fetched 29.9 MB in 4s (7125 kB/s)                           
Reading package lists... Done
Building dependency tree... Done
Reading state information... Done
All packages are up to date.
0;root@97a83d556cf4: /
root@97a83d556cf4:/# 0;root@97a83d556cf4: /
root@97a83d556cf4:/# apt updatinstall -y apache2
Reading package lists... Done
Building dependency tree... Done
Reading state information... Done
The following additional packages will be installed:
  adduser apache2-bin apache2-data apache2-utils ca-certificates krb5-locales
  libapr1t64 libaprutil1-dbd-sqlite3 libaprutil1-ldap libaprutil1t64 libbrotli1
  libcurl4t64 libexpat1 libgdbm-compat4t64 libgdbm6t64 libgssapi-krb5-2
  libicu74 libjansson4 libk5crypto3 libkeyutils1 libkrb5-3 libkrb5support0
  libldap-common libldap2 liblua5.4-0 libnghttp2-14 libperl5.38t64 libpsl5t64
  librtmp1 libsasl2-2 libsasl2-modules libsasl2-modules-db libsqlite3-0
  libssh-4 libxml2 media-types netbase openssl perl perl-modules-5.38
  publicsuffix ssl-cert
Suggested packages:
  liblocale-gettext-perl cron quota ecryptfs-utils apache2-doc
  apache2-suexec-pristine | apache2-suexec-custom www-browser ufw gdbm-l10n
  krb5-doc krb5-user libsasl2-modules-gssapi-mit
  | libsasl2-modules-gssapi-heimdal libsasl2-modules-ldap libsasl2-modules-otp
  libsasl2-modules-sql perl-doc libterm-readline-gnu-perl
  | libterm-readline-perl-perl make libtap-harness-archive-perl
The following NEW packages will be installed:
  adduser apache2 apache2-bin apache2-data apache2-utils ca-certificates
  krb5-locales libapr1t64 libaprutil1-dbd-sqlite3 libaprutil1-ldap
  libaprutil1t64 libbrotli1 libcurl4t64 libexpat1 libgdbm-compat4t64
  libgdbm6t64 libgssapi-krb5-2 libicu74 libjansson4 libk5crypto3 libkeyutils1
  libkrb5-3 libkrb5support0 libldap-common libldap2 liblua5.4-0 libnghttp2-14
  libperl5.38t64 libpsl5t64 librtmp1 libsasl2-2 libsasl2-modules
  libsasl2-modules-db libsqlite3-0 libssh-4 libxml2 media-types netbase openssl
  perl perl-modules-5.38 publicsuffix ssl-cert
0 upgraded, 43 newly installed, 0 to remove and 0 not upgraded.
Need to get 26.3 MB of archives.
After this operation, 109 MB of additional disk space will be used.
Get:1 http://archive.ubuntu.com/ubuntu noble-updates/main amd64 perl-modules-5.38 all 5.38.2-3.2ubuntu0.1 [3110 kB]
Get:2 http://archive.ubuntu.com/ubuntu noble/main amd64 libgdbm6t64 amd64 1.23-5.1build1 [34.4 kB]
Get:3 http://archive.ubuntu.com/ubuntu noble/main amd64 libgdbm-compat4t64 amd64 1.23-5.1build1 [6710 B]
Get:4 http://archive.ubuntu.com/ubuntu noble-updates/main amd64 libperl5.38t64 amd64 5.38.2-3.2ubuntu0.1 [4871 kB]
Get:5 http://archive.ubuntu.com/ubuntu noble-updates/main amd64 perl amd64 5.38.2-3.2ubuntu0.1 [231 kB]
Get:6 http://archive.ubuntu.com/ubuntu noble-updates/main amd64 libapr1t64 amd64 1.7.2-3.1ubuntu0.1 [108 kB]
Get:7 http://archive.ubuntu.com/ubuntu noble-updates/main amd64 libexpat1 amd64 2.6.1-2ubuntu0.3 [88.0 kB]
Get:8 http://archive.ubuntu.com/ubuntu noble/main amd64 libaprutil1t64 amd64 1.6.3-1.1ubuntu7 [91.9 kB]
Get:9 http://archive.ubuntu.com/ubuntu noble-updates/main amd64 libsqlite3-0 amd64 3.45.1-1ubuntu2.1 [701 kB]
Get:10 http://archive.ubuntu.com/ubuntu noble/main amd64 libaprutil1-dbd-sqlite3 amd64 1.6.3-1.1ubuntu7 [11.2 kB]
Get:11 http://archive.ubuntu.com/ubuntu noble-updates/main amd64 libsasl2-modules-db amd64 2.1.28+dfsg1-5ubuntu3.1 [20.4 kB]
Get:12 http://archive.ubuntu.com/ubuntu noble-updates/main amd64 libsasl2-2 amd64 2.1.28+dfsg1-5ubuntu3.1 [53.2 kB]
Get:13 http://archive.ubuntu.com/ubuntu noble-updates/main amd64 libldap2 amd64 2.6.7+dfsg-1~exp1ubuntu8.2 [196 kB]
Get:14 http://archive.ubuntu.com/ubuntu noble/main amd64 libaprutil1-ldap amd64 1.6.3-1.1ubuntu7 [9116 B]
Get:15 http://archive.ubuntu.com/ubuntu noble/main amd64 libbrotli1 amd64 1.1.0-2build2 [331 kB]
Get:16 http://archive.ubuntu.com/ubuntu noble-updates/main amd64 libkrb5support0 amd64 1.20.1-6ubuntu2.5 [34.1 kB]
Get:17 http://archive.ubuntu.com/ubuntu noble-updates/main amd64 libk5crypto3 amd64 1.20.1-6ubuntu2.5 [82.0 kB]
Get:18 http://archive.ubuntu.com/ubuntu noble/main amd64 libkeyutils1 amd64 1.6.3-3build1 [9490 B]
Get:19 http://archive.ubuntu.com/ubuntu noble-updates/main amd64 libkrb5-3 amd64 1.20.1-6ubuntu2.5 [347 kB]
Get:20 http://archive.ubuntu.com/ubuntu noble-updates/main amd64 libgssapi-krb5-2 amd64 1.20.1-6ubuntu2.5 [143 kB]
Get:21 http://archive.ubuntu.com/ubuntu noble-updates/main amd64 libnghttp2-14 amd64 1.59.0-1ubuntu0.2 [74.3 kB]
Get:22 http://archive.ubuntu.com/ubuntu noble/main amd64 libpsl5t64 amd64 0.21.2-1.1build1 [57.1 kB]
Get:23 http://archive.ubuntu.com/ubuntu noble/main amd64 librtmp1 amd64 2.4+20151223.gitfa8646d.1-2build7 [56.3 kB]
Get:24 http://archive.ubuntu.com/ubuntu noble/main amd64 libssh-4 amd64 0.10.6-2build2 [188 kB]
Get:25 http://archive.ubuntu.com/ubuntu noble-updates/main amd64 libcurl4t64 amd64 8.5.0-2ubuntu10.6 [341 kB]
Get:26 http://archive.ubuntu.com/ubuntu noble/main amd64 libjansson4 amd64 2.14-2build2 [32.8 kB]
Get:27 http://archive.ubuntu.com/ubuntu noble/main amd64 liblua5.4-0 amd64 5.4.6-3build2 [166 kB]
Get:28 http://archive.ubuntu.com/ubuntu noble-updates/main amd64 libicu74 amd64 74.2-1ubuntu3.1 [10.9 MB]
Get:29 http://archive.ubuntu.com/ubuntu noble-updates/main amd64 libxml2 amd64 2.9.14+dfsg-1.3ubuntu3.3 [762 kB]
Get:30 http://archive.ubuntu.com/ubuntu noble-updates/main amd64 apache2-bin amd64 2.4.58-1ubuntu8.6 [1330 kB]
Get:31 http://archive.ubuntu.com/ubuntu noble-updates/main amd64 apache2-data all 2.4.58-1ubuntu8.6 [163 kB]
Get:32 http://archive.ubuntu.com/ubuntu noble-updates/main amd64 apache2-utils amd64 2.4.58-1ubuntu8.6 [97.2 kB]
Get:33 http://archive.ubuntu.com/ubuntu noble/main amd64 media-types all 10.1.0 [27.5 kB]
Get:34 http://archive.ubuntu.com/ubuntu noble-updates/main amd64 apache2 amd64 2.4.58-1ubuntu8.6 [90.2 kB]
Get:35 http://archive.ubuntu.com/ubuntu noble/main amd64 adduser all 3.137ubuntu1 [101 kB]
Get:36 http://archive.ubuntu.com/ubuntu noble-updates/main amd64 openssl amd64 3.0.13-0ubuntu3.5 [1002 kB]
Get:37 http://archive.ubuntu.com/ubuntu noble/main amd64 ca-certificates all 20240203 [159 kB]
Get:38 http://archive.ubuntu.com/ubuntu noble-updates/main amd64 krb5-locales all 1.20.1-6ubuntu2.5 [14.5 kB]
Get:39 http://archive.ubuntu.com/ubuntu noble/main amd64 netbase all 6.4 [13.1 kB]
Get:40 http://archive.ubuntu.com/ubuntu noble/main amd64 publicsuffix all 20231001.0357-0.1 [129 kB]
Get:41 http://archive.ubuntu.com/ubuntu noble-updates/main amd64 libldap-common all 2.6.7+dfsg-1~exp1ubuntu8.2 [31.7 kB]
Get:42 http://archive.ubuntu.com/ubuntu noble-updates/main amd64 libsasl2-modules amd64 2.1.28+dfsg1-5ubuntu3.1 [69.9 kB]
Get:43 http://archive.ubuntu.com/ubuntu noble/main amd64 ssl-cert all 1.1.2ubuntu1 [17.8 kB]
Fetched 26.3 MB in 2s (10.8 MB/s)       
debconf: delaying package configuration, since apt-utils is not installed

Selecting previously unselected package perl-modules-5.38.
(Reading database ... 4381 files and directories currently installed.)
Preparing to unpack .../00-perl-modules-5.38_5.38.2-3.2ubuntu0.1_all.deb ...
Progress: [  0%] [...........................................................] 8Unpacking perl-modules-5.38 (5.38.2-3.2ubuntu0.1) ...
Progress: [  1%] [...........................................................] 8Selecting previously unselected package libgdbm6t64:amd64.
Preparing to unpack .../01-libgdbm6t64_1.23-5.1build1_amd64.deb ...
Unpacking libgdbm6t64:amd64 (1.23-5.1build1) ...
Progress: [  2%] [#..........................................................] 8Selecting previously unselected package libgdbm-compat4t64:amd64.
Preparing to unpack .../02-libgdbm-compat4t64_1.23-5.1build1_amd64.deb ...
Unpacking libgdbm-compat4t64:amd64 (1.23-5.1build1) ...
Progress: [  3%] [##.........................................................] 8Selecting previously unselected package libperl5.38t64:amd64.
Preparing to unpack .../03-libperl5.38t64_5.38.2-3.2ubuntu0.1_amd64.deb ...
Progress: [  4%] [##.........................................................] 8Unpacking libperl5.38t64:amd64 (5.38.2-3.2ubuntu0.1) ...
Selecting previously unselected package perl.
Preparing to unpack .../04-perl_5.38.2-3.2ubuntu0.1_amd64.deb ...
Progress: [  5%] [###........................................................] 8Unpacking perl (5.38.2-3.2ubuntu0.1) ...
Selecting previously unselected package libapr1t64:amd64.
Preparing to unpack .../05-libapr1t64_1.7.2-3.1ubuntu0.1_amd64.deb ...
Progress: [  6%] [###........................................................] 8Unpacking libapr1t64:amd64 (1.7.2-3.1ubuntu0.1) ...
Selecting previously unselected package libexpat1:amd64.
Preparing to unpack .../06-libexpat1_2.6.1-2ubuntu0.3_amd64.deb ...
Progress: [  8%] [####.......................................................] 8Unpacking libexpat1:amd64 (2.6.1-2ubuntu0.3) ...
Progress: [  8%] [####.......................................................] 8Selecting previously unselected package libaprutil1t64:amd64.
Preparing to unpack .../07-libaprutil1t64_1.6.3-1.1ubuntu7_amd64.deb ...
Unpacking libaprutil1t64:amd64 (1.6.3-1.1ubuntu7) ...
Progress: [  9%] [#####......................................................] 8Selecting previously unselected package libsqlite3-0:amd64.
Preparing to unpack .../08-libsqlite3-0_3.45.1-1ubuntu2.1_amd64.deb ...
Unpacking libsqlite3-0:amd64 (3.45.1-1ubuntu2.1) ...
Progress: [ 10%] [######.....................................................] 8Selecting previously unselected package libaprutil1-dbd-sqlite3:amd64.
Preparing to unpack .../09-libaprutil1-dbd-sqlite3_1.6.3-1.1ubuntu7_amd64.deb ...
Unpacking libaprutil1-dbd-sqlite3:amd64 (1.6.3-1.1ubuntu7) ...
Progress: [ 12%] [######.....................................................] 8Selecting previously unselected package libsasl2-modules-db:amd64.
Preparing to unpack .../10-libsasl2-modules-db_2.1.28+dfsg1-5ubuntu3.1_amd64.deb ...
Progress: [ 12%] [#######....................................................] 8Unpacking libsasl2-modules-db:amd64 (2.1.28+dfsg1-5ubuntu3.1) ...
Selecting previously unselected package libsasl2-2:amd64.
Preparing to unpack .../11-libsasl2-2_2.1.28+dfsg1-5ubuntu3.1_amd64.deb ...
Progress: [ 13%] [#######....................................................] 8Unpacking libsasl2-2:amd64 (2.1.28+dfsg1-5ubuntu3.1) ...
Selecting previously unselected package libldap2:amd64.
Preparing to unpack .../12-libldap2_2.6.7+dfsg-1~exp1ubuntu8.2_amd64.deb ...
Progress: [ 14%] [########...................................................] 8Unpacking libldap2:amd64 (2.6.7+dfsg-1~exp1ubuntu8.2) ...
Progress: [ 15%] [########...................................................] 8Selecting previously unselected package libaprutil1-ldap:amd64.
Preparing to unpack .../13-libaprutil1-ldap_1.6.3-1.1ubuntu7_amd64.deb ...
Unpacking libaprutil1-ldap:amd64 (1.6.3-1.1ubuntu7) ...
Progress: [ 16%] [#########..................................................] 8Selecting previously unselected package libbrotli1:amd64.
Preparing to unpack .../14-libbrotli1_1.1.0-2build2_amd64.deb ...
Unpacking libbrotli1:amd64 (1.1.0-2build2) ...
Progress: [ 17%] [##########.................................................] 8Selecting previously unselected package libkrb5support0:amd64.
Preparing to unpack .../15-libkrb5support0_1.20.1-6ubuntu2.5_amd64.deb ...
Unpacking libkrb5support0:amd64 (1.20.1-6ubuntu2.5) ...
Progress: [ 18%] [##########.................................................] 8Selecting previously unselected package libk5crypto3:amd64.
Preparing to unpack .../16-libk5crypto3_1.20.1-6ubuntu2.5_amd64.deb ...
Progress: [ 19%] [###########................................................] 8Unpacking libk5crypto3:amd64 (1.20.1-6ubuntu2.5) ...
Selecting previously unselected package libkeyutils1:amd64.
Preparing to unpack .../17-libkeyutils1_1.6.3-3build1_amd64.deb ...
Progress: [ 20%] [###########................................................] 8Unpacking libkeyutils1:amd64 (1.6.3-3build1) ...
Selecting previously unselected package libkrb5-3:amd64.
Preparing to unpack .../18-libkrb5-3_1.20.1-6ubuntu2.5_amd64.deb ...
Progress: [ 21%] [############...............................................] 8Unpacking libkrb5-3:amd64 (1.20.1-6ubuntu2.5) ...
Selecting previously unselected package libgssapi-krb5-2:amd64.
Preparing to unpack .../19-libgssapi-krb5-2_1.20.1-6ubuntu2.5_amd64.deb ...
Progress: [ 23%] [#############..............................................] 8Unpacking libgssapi-krb5-2:amd64 (1.20.1-6ubuntu2.5) ...
Progress: [ 23%] [#############..............................................] 8Selecting previously unselected package libnghttp2-14:amd64.
Preparing to unpack .../20-libnghttp2-14_1.59.0-1ubuntu0.2_amd64.deb ...
Unpacking libnghttp2-14:amd64 (1.59.0-1ubuntu0.2) ...
Progress: [ 24%] [##############.............................................] 8Selecting previously unselected package libpsl5t64:amd64.
Preparing to unpack .../21-libpsl5t64_0.21.2-1.1build1_amd64.deb ...
Unpacking libpsl5t64:amd64 (0.21.2-1.1build1) ...
Progress: [ 25%] [###############............................................] 8Selecting previously unselected package librtmp1:amd64.
Preparing to unpack .../22-librtmp1_2.4+20151223.gitfa8646d.1-2build7_amd64.deb ...
Progress: [ 26%] [###############............................................] 8Unpacking librtmp1:amd64 (2.4+20151223.gitfa8646d.1-2build7) ...
Selecting previously unselected package libssh-4:amd64.
Preparing to unpack .../23-libssh-4_0.10.6-2build2_amd64.deb ...
Progress: [ 27%] [################...........................................] 8Unpacking libssh-4:amd64 (0.10.6-2build2) ...
Selecting previously unselected package libcurl4t64:amd64.
Preparing to unpack .../24-libcurl4t64_8.5.0-2ubuntu10.6_amd64.deb ...
Progress: [ 28%] [################...........................................] 8Unpacking libcurl4t64:amd64 (8.5.0-2ubuntu10.6) ...
Selecting previously unselected package libjansson4:amd64.
Preparing to unpack .../25-libjansson4_2.14-2build2_amd64.deb ...
Progress: [ 29%] [#################..........................................] 8Unpacking libjansson4:amd64 (2.14-2build2) ...
Progress: [ 30%] [#################..........................................] 8Selecting previously unselected package liblua5.4-0:amd64.
Preparing to unpack .../26-liblua5.4-0_5.4.6-3build2_amd64.deb ...
Unpacking liblua5.4-0:amd64 (5.4.6-3build2) ...
Progress: [ 31%] [##################.........................................] 8Selecting previously unselected package libicu74:amd64.
Preparing to unpack .../27-libicu74_74.2-1ubuntu3.1_amd64.deb ...
Unpacking libicu74:amd64 (74.2-1ubuntu3.1) ...
Progress: [ 32%] [###################........................................] 8Selecting previously unselected package libxml2:amd64.
Preparing to unpack .../28-libxml2_2.9.14+dfsg-1.3ubuntu3.3_amd64.deb ...
Unpacking libxml2:amd64 (2.9.14+dfsg-1.3ubuntu3.3) ...
Progress: [ 34%] [###################........................................] 8Selecting previously unselected package apache2-bin.
Preparing to unpack .../29-apache2-bin_2.4.58-1ubuntu8.6_amd64.deb ...
Progress: [ 34%] [####################.......................................] 8Unpacking apache2-bin (2.4.58-1ubuntu8.6) ...
Selecting previously unselected package apache2-data.
Preparing to unpack .../30-apache2-data_2.4.58-1ubuntu8.6_all.deb ...
Progress: [ 35%] [####################.......................................] 8Unpacking apache2-data (2.4.58-1ubuntu8.6) ...
Selecting previously unselected package apache2-utils.
Preparing to unpack .../31-apache2-utils_2.4.58-1ubuntu8.6_amd64.deb ...
Progress: [ 36%] [#####################......................................] 8Unpacking apache2-utils (2.4.58-1ubuntu8.6) ...
Selecting previously unselected package media-types.
Preparing to unpack .../32-media-types_10.1.0_all.deb ...
Progress: [ 38%] [######################.....................................] 8Unpacking media-types (10.1.0) ...
Progress: [ 38%] [######################.....................................] 8Selecting previously unselected package apache2.
Preparing to unpack .../33-apache2_2.4.58-1ubuntu8.6_amd64.deb ...
Unpacking apache2 (2.4.58-1ubuntu8.6) ...
Progress: [ 39%] [#######################....................................] 8Selecting previously unselected package adduser.
Preparing to unpack .../34-adduser_3.137ubuntu1_all.deb ...
Unpacking adduser (3.137ubuntu1) ...
Progress: [ 40%] [#######################....................................] 8Setting up adduser (3.137ubuntu1) ...
Progress: [ 41%] [########################...................................] 8Selecting previously unselected package openssl.
(Reading database ... 7309 files and directories currently installed.)
Preparing to unpack .../0-openssl_3.0.13-0ubuntu3.5_amd64.deb ...
Progress: [ 42%] [########################...................................] 8Unpacking openssl (3.0.13-0ubuntu3.5) ...
Selecting previously unselected package ca-certificates.
Preparing to unpack .../1-ca-certificates_20240203_all.deb ...
Progress: [ 43%] [#########################..................................] 8Unpacking ca-certificates (20240203) ...
Selecting previously unselected package krb5-locales.
Preparing to unpack .../2-krb5-locales_1.20.1-6ubuntu2.5_all.deb ...
Progress: [ 45%] [##########################.................................] 8Unpacking krb5-locales (1.20.1-6ubuntu2.5) ...
Progress: [ 45%] [##########################.................................] 8Selecting previously unselected package netbase.
Preparing to unpack .../3-netbase_6.4_all.deb ...
Unpacking netbase (6.4) ...
Progress: [ 46%] [###########################................................] 8Selecting previously unselected package publicsuffix.
Preparing to unpack .../4-publicsuffix_20231001.0357-0.1_all.deb ...
Unpacking publicsuffix (20231001.0357-0.1) ...
Progress: [ 47%] [###########################................................] 8Selecting previously unselected package libldap-common.
Preparing to unpack .../5-libldap-common_2.6.7+dfsg-1~exp1ubuntu8.2_all.deb ...
Unpacking libldap-common (2.6.7+dfsg-1~exp1ubuntu8.2) ...
Progress: [ 49%] [############################...............................] 8Selecting previously unselected package libsasl2-modules:amd64.
Preparing to unpack .../6-libsasl2-modules_2.1.28+dfsg1-5ubuntu3.1_amd64.deb ...
Progress: [ 49%] [############################...............................] 8Unpacking libsasl2-modules:amd64 (2.1.28+dfsg1-5ubuntu3.1) ...
Selecting previously unselected package ssl-cert.
Preparing to unpack .../7-ssl-cert_1.1.2ubuntu1_all.deb ...
Progress: [ 50%] [#############################..............................] 8Unpacking ssl-cert (1.1.2ubuntu1) ...
Setting up libexpat1:amd64 (2.6.1-2ubuntu0.3) ...
Progress: [ 51%] [##############################.............................] 87Progress: [ 52%] [##############################.............................] 8Setting up media-types (10.1.0) ...
Progress: [ 53%] [###############################............................] 8Setting up libkeyutils1:amd64 (1.6.3-3build1) ...
Progress: [ 54%] [################################...........................] 8Setting up libgdbm6t64:amd64 (1.23-5.1build1) ...
Progress: [ 55%] [################################...........................] 8Setting up libgdbm-compat4t64:amd64 (1.23-5.1build1) ...
Progress: [ 56%] [#################################..........................] 8Setting up libbrotli1:amd64 (1.1.0-2build2) ...
Progress: [ 57%] [#################################..........................] 8Setting up libsqlite3-0:amd64 (3.45.1-1ubuntu2.1) ...
Progress: [ 58%] [##################################.........................] 8Setting up libsasl2-modules:amd64 (2.1.28+dfsg1-5ubuntu3.1) ...
Progress: [ 60%] [###################################........................] 87Progress: [ 60%] [###################################........................] 8Setting up libpsl5t64:amd64 (0.21.2-1.1build1) ...
Progress: [ 61%] [####################################.......................] 8Setting up libnghttp2-14:amd64 (1.59.0-1ubuntu0.2) ...
Progress: [ 62%] [####################################.......................] 8Setting up krb5-locales (1.20.1-6ubuntu2.5) ...
Progress: [ 63%] [#####################################......................] 8Setting up libldap-common (2.6.7+dfsg-1~exp1ubuntu8.2) ...
Progress: [ 64%] [#####################################......................] 8Setting up libjansson4:amd64 (2.14-2build2) ...
Progress: [ 65%] [######################################.....................] 8Setting up libkrb5support0:amd64 (1.20.1-6ubuntu2.5) ...
Progress: [ 66%] [#######################################....................] 87Progress: [ 67%] [#######################################....................] 8Setting up libsasl2-modules-db:amd64 (2.1.28+dfsg1-5ubuntu3.1) ...
Progress: [ 68%] [########################################...................] 8Setting up librtmp1:amd64 (2.4+20151223.gitfa8646d.1-2build7) ...
Progress: [ 69%] [########################################...................] 8Setting up perl-modules-5.38 (5.38.2-3.2ubuntu0.1) ...
Progress: [ 71%] [#########################################..................] 8Setting up libk5crypto3:amd64 (1.20.1-6ubuntu2.5) ...
Progress: [ 71%] [#########################################..................] 8Setting up libsasl2-2:amd64 (2.1.28+dfsg1-5ubuntu3.1) ...
Progress: [ 72%] [##########################################.................] 8Setting up libicu74:amd64 (74.2-1ubuntu3.1) ...
Progress: [ 73%] [###########################################................] 8Setting up libapr1t64:amd64 (1.7.2-3.1ubuntu0.1) ...
Progress: [ 75%] [###########################################................] 87Progress: [ 75%] [############################################...............] 8Setting up liblua5.4-0:amd64 (5.4.6-3build2) ...
Progress: [ 76%] [#############################################..............] 8Setting up netbase (6.4) ...
Progress: [ 77%] [#############################################..............] 8Setting up libkrb5-3:amd64 (1.20.1-6ubuntu2.5) ...
Progress: [ 78%] [##############################################.............] 8Setting up apache2-data (2.4.58-1ubuntu8.6) ...
Progress: [ 79%] [##############################################.............] 8Setting up libperl5.38t64:amd64 (5.38.2-3.2ubuntu0.1) ...
Progress: [ 80%] [###############################################............] 8Setting up openssl (3.0.13-0ubuntu3.5) ...
Progress: [ 82%] [################################################...........] 87Progress: [ 82%] [################################################...........] 8Setting up publicsuffix (20231001.0357-0.1) ...
Progress: [ 83%] [#################################################..........] 8Setting up libxml2:amd64 (2.9.14+dfsg-1.3ubuntu3.3) ...
Progress: [ 84%] [#################################################..........] 8Setting up libldap2:amd64 (2.6.7+dfsg-1~exp1ubuntu8.2) ...
Progress: [ 86%] [##################################################.........] 8Setting up libaprutil1t64:amd64 (1.6.3-1.1ubuntu7) ...
Progress: [ 86%] [##################################################.........] 8Setting up libaprutil1-ldap:amd64 (1.6.3-1.1ubuntu7) ...
Progress: [ 87%] [###################################################........] 8Setting up libaprutil1-dbd-sqlite3:amd64 (1.6.3-1.1ubuntu7) ...
Progress: [ 88%] [####################################################.......] 87Progress: [ 89%] [####################################################.......] 8Setting up ca-certificates (20240203) ...
debconf: unable to initialize frontend: Dialog
debconf: (No usable dialog-like program is installed, so the dialog based frontend cannot be used. at /usr/share/perl5/Debconf/FrontEnd/Dialog.pm line 79.)
debconf: falling back to frontend: Readline
Updating certificates in /etc/ssl/certs...
146 added, 0 removed; done.
Progress: [ 90%] [#####################################################......] 8Setting up perl (5.38.2-3.2ubuntu0.1) ...
Setting up ssl-cert (1.1.2ubuntu1) ...
debconf: unable to initialize frontend: Dialog
debconf: (No usable dialog-like program is installed, so the dialog based frontend cannot be used. at /usr/share/perl5/Debconf/FrontEnd/Dialog.pm line 79.)
debconf: falling back to frontend: Readline
Progress: [ 91%] [#####################################################......] 8Setting up libgssapi-krb5-2:amd64 (1.20.1-6ubuntu2.5) ...
Progress: [ 92%] [######################################################.....] 8Setting up libssh-4:amd64 (0.10.6-2build2) ...
Progress: [ 93%] [######################################################.....] 8Setting up apache2-utils (2.4.58-1ubuntu8.6) ...
Progress: [ 94%] [#######################################################....] 8Setting up libcurl4t64:amd64 (8.5.0-2ubuntu10.6) ...
Progress: [ 95%] [########################################################...] 87Progress: [ 96%] [########################################################...] 8Setting up apache2-bin (2.4.58-1ubuntu8.6) ...
Progress: [ 97%] [#########################################################..] 8Setting up apache2 (2.4.58-1ubuntu8.6) ...
Enabling module mpm_event.
Enabling module authz_core.
Enabling module authz_host.
Enabling module authn_core.
Enabling module auth_basic.
Enabling module access_compat.
Enabling module authn_file.
Enabling module authz_user.
Enabling module alias.
Enabling module dir.
Enabling module autoindex.
Enabling module env.
Enabling module mime.
Enabling module negotiation.
Enabling module setenvif.
Enabling module filter.
Enabling module deflate.
Enabling module status.
Enabling module reqtimeout.
Enabling conf charset.
Enabling conf localized-error-pages.
Enabling conf other-vhosts-access-log.
Enabling conf security.
Enabling conf serve-cgi-bin.
Enabling site 000-default.
invoke-rc.d: could not determine current runlevel
invoke-rc.d: policy-rc.d denied execution of start.
Progress: [ 98%] [#########################################################..] 8Processing triggers for libc-bin (2.39-0ubuntu8.4) ...
Processing triggers for ca-certificates (20240203) ...
Updating certificates in /etc/ssl/certs...
0 added, 0 removed; done.
Running hooks in /etc/ca-certificates/update.d...
done.
Progress: [ 99%] [##########################################################.] 8
0;root@97a83d556cf4: /
root@97a83d556cf4:/# apt install -y apache2^C
0;root@97a83d556cf4: /
root@97a83d556cf4:/# 0;root@97a83d556cf4: /
root@97a83d556cf4:/# ls
bin   dev  home  lib.usr-is-merged  media  opt   root  sbin  sys  usr
boot  etc  lib   lib64              mnt    proc  run   srv   tmp  var
0;root@97a83d556cf4: /
root@97a83d556cf4:/# ls /var/www/
html
0;root@97a83d556cf4: /
root@97a83d556cf4:/# 
ls /var/www/html/index.html 0;root@97a83d556cf4: /
root@97a83d556cf4:/# ls /var/www/html/index.htmlles
bash: less: command not found
0;root@97a83d556cf4: /
root@97a83d556cf4:/# less /var/www/html/index.htmllesmore
<!DOCTYPE html PUBLIC "-//W3C//DTD XHTML 1.0 Transitional//EN" "http://www.w3.org
/TR/xhtml1/DTD/xhtml1-transitional.dtd">
<html xmlns="http://www.w3.org/1999/xhtml">
  <!--
    Modified from the Debian original for Ubuntu
    Last updated: 2022-03-22
    See: https://launchpad.net/bugs/1966004
  -->
  <head>
    <meta http-equiv="Content-Type" content="text/html; charset=UTF-8" />
    <title>Apache2 Ubuntu Default Page: It works</title>
    <style type="text/css" media="screen">
  * {
    margin: 0px 0px 0px 0px;
    padding: 0px 0px 0px 0px;
  }

  body, html {
    padding: 3px 3px 3px 3px;

    background-color: #D8DBE2;

    font-family: Ubuntu, Verdana, sans-serif;
    font-size: 11pt;
    text-align: center;
  }

  div.main_page {
    position: relative;
    display: table;

    width: 800px;

    margin-bottom: 3px;
    margin-left: auto;
    margin-right: auto;
    padding: 0px 0px 0px 0px;

    border-width: 2px;
    border-color: #212738;
    border-style: solid;

    background-color: #FFFFFF;

    text-align: center;
  }

  div.page_header {
    height: 180px;
    width: 100%;

    background-color: #F5F6F7;
  }

  div.page_header span {
    margin: 15px 0px 0px 50px;
--More--(11%)
    font-size: 180%;
    font-weight: bold;
  }

  div.page_header img {
    margin: 3px 0px 0px 40px;

    border: 0px 0px 0px;
  }

  div.banner {
    padding: 9px 6px 9px 6px;
    background-color: #E9510E;
    color: #FFFFFF;
    font-weight: bold;
    font-size: 112%;
    text-align: center;
    position: absolute;
    left: 40%;
    bottom: 30px;
    width: 20%;
  }

  div.table_of_contents {
    clear: left;

    min-width: 200px;
--More--(15%)
    margin: 3px 3px 3px 3px;

    background-color: #FFFFFF;

    text-align: left;
  }

  div.table_of_contents_item {
    clear: left;

    width: 100%;

    margin: 4px 0px 0px 0px;
--More--(17%)
    background-color: #FFFFFF;

    color: #000000;
    text-align: left;
  }

  div.table_of_contents_item a {
    margin: 6px 0px 0px 6px;
  }

  div.content_section {
    margin: 3px 3px 3px 3px;

    background-color: #FFFFFF;

    text-align: left;
  }

  div.content_section_text {
    padding: 4px 8px 4px 8px;

    color: #000000;
    font-size: 100%;
  }

  div.content_section_text pre {
    margin: 8px 0px 8px 0px;
    padding: 8px 8px 8px 8px;

    border-width: 1px;
    border-style: dotted;
    border-color: #000000;

    background-color: #F5F6F7;

    font-style: italic;
  }

  div.content_section_text p {
    margin-bottom: 6px;
  }
--More--(23%)
  div.content_section_text ul, div.content_section_text li {
    padding: 4px 8px 4px 16px;
  }

  div.section_header {
    padding: 3px 6px 3px 6px;

    background-color: #8E9CB2;

    color: #FFFFFF;
    font-weight: bold;
    font-size: 112%;
    text-align: center;
  }ore--(25%)

  div.section_header_grey {
    background-color: #9F9386;
  }

  .floating_element {
    position: relative;
    float: left;
  }

  div.table_of_contents_item a,
  div.content_section_text a {
    text-decoration: none;
    font-weight: bold;
  }

  div.table_of_contents_item a:link,
  div.table_of_contents_item a:visited,
  div.table_of_contents_item a:active {
    color: #000000;
  }

  div.table_of_contents_item a:hover {
    background-color: #000000;

    color: #FFFFFF;
  }
--More--(30%)
  div.content_section_text a:link,
  div.content_section_text a:visited,
   div.content_section_text a:active {
    background-color: #DCDFE6;

    color: #000000;
  }

  div.content_section_text a:hover {
    background-color: #000000;

    color: #DCDFE6;
  }
--More--(32%)
  div.validator {
  }
    </style>
  </head>
  <body>
    <div class="main_page">
      <div class="page_header floating_element">
        <img src="icons/ubuntu-logo.png" alt="Ubuntu Logo"
             style="width:184px;height:146px;" class="floating_element" />
        <div>
          <span style="margin-top: 1.5em;" class="floating_element">
            Apache2 Default Page
          </span>
        </div>
        <div class="banner">
          <div id="about"></div>
          It works!
        </div>

      </div>
      <div class="content_section floating_element">
        <div class="content_section_text">
          <p>
                This is the default welcome page used to test the correct 
                operation of the Apache2 server after installation on Ubuntu syst
ems.
                It is based on the equivalent page on Debian, from which the Ubun
tu Apache41%)
                packaging is derived.
                If you can read this page, it means that the Apache HTTP server i
nstalled at
                this site is working properly. You should <b>replace this file</b
> (located at
                <tt>/var/www/html/index.html</tt>) before continuing to operate y
our HTTP server.
          </p>

          <p>
                If you are a normal user of this web site and don't know what thi
s page is
                about, this probably means that the site is currently unavailable
0;root@97a83d556cf4: /
root@97a83d556cf4:/# 0;root@97a83d556cf4: /
root@97a83d556cf4:/# apt install elinks
Reading package lists... Done
Building dependency tree... Done
Reading state information... Done
The following additional packages will be installed:
  elinks-data libev4t64 libfsplib0t64 libgpm2 libidn12 liblua5.3-0 libtre5
Suggested packages:
  elinks-doc gpm tre-agrep
The following NEW packages will be installed:
  elinks elinks-data libev4t64 libfsplib0t64 libgpm2 libidn12 liblua5.3-0
  libtre5
0 upgraded, 8 newly installed, 0 to remove and 0 not upgraded.
Need to get 1333 kB of archives.
After this operation, 4611 kB of additional disk space will be used.
Do you want to continue? [Y/n] 
Get:1 http://archive.ubuntu.com/ubuntu noble/main amd64 libgpm2 amd64 1.20.7-11 [14.1 kB]
Get:2 http://archive.ubuntu.com/ubuntu noble/universe amd64 libev4t64 amd64 1:4.33-2.1build1 [31.0 kB]
Get:3 http://archive.ubuntu.com/ubuntu noble/universe amd64 libfsplib0t64 amd64 0.14-5.1build1 [13.3 kB]
Get:4 http://archive.ubuntu.com/ubuntu noble/main amd64 libidn12 amd64 1.42-1build1 [55.9 kB]
Get:5 http://archive.ubuntu.com/ubuntu noble/universe amd64 liblua5.3-0 amd64 5.3.6-2build2 [143 kB]
Get:6 http://archive.ubuntu.com/ubuntu noble/universe amd64 libtre5 amd64 0.8.0-7 [50.1 kB]
Get:7 http://archive.ubuntu.com/ubuntu noble/universe amd64 elinks-data all 0.16.1.1-4.1ubuntu3 [434 kB]
Get:8 http://archive.ubuntu.com/ubuntu noble/universe amd64 elinks amd64 0.16.1.1-4.1ubuntu3 [592 kB]
Fetched 1333 kB in 1s (996 kB/s)
debconf: delaying package configuration, since apt-utils is not installed

Selecting previously unselected package libgpm2:amd64.
(Reading database ... 7852 files and directories currently installed.)
Preparing to unpack .../0-libgpm2_1.20.7-11_amd64.deb ...
Progress: [  0%] [...........................................................] 87Progress: [  3%] [#..........................................................] 8Unpacking libgpm2:amd64 (1.20.7-11) ...
Progress: [  6%] [###........................................................] 8Selecting previously unselected package libev4t64:amd64.
Preparing to unpack .../1-libev4t64_1%3a4.33-2.1build1_amd64.deb ...
Progress: [  9%] [#####......................................................] 8Unpacking libev4t64:amd64 (1:4.33-2.1build1) ...
Progress: [ 12%] [#######....................................................] 8Selecting previously unselected package libfsplib0t64.
Preparing to unpack .../2-libfsplib0t64_0.14-5.1build1_amd64.deb ...
Progress: [ 15%] [########...................................................] 8Unpacking libfsplib0t64 (0.14-5.1build1) ...
Progress: [ 18%] [##########.................................................] 8Selecting previously unselected package libidn12:amd64.
Preparing to unpack .../3-libidn12_1.42-1build1_amd64.deb ...
Progress: [ 21%] [############...............................................] 8Unpacking libidn12:amd64 (1.42-1build1) ...
Progress: [ 24%] [##############.............................................] 8Selecting previously unselected package liblua5.3-0:amd64.
Preparing to unpack .../4-liblua5.3-0_5.3.6-2build2_amd64.deb ...
Progress: [ 27%] [################...........................................] 8Unpacking liblua5.3-0:amd64 (5.3.6-2build2) ...
Progress: [ 30%] [#################..........................................] 8Selecting previously unselected package libtre5:amd64.
Preparing to unpack .../5-libtre5_0.8.0-7_amd64.deb ...
Progress: [ 33%] [###################........................................] 8Unpacking libtre5:amd64 (0.8.0-7) ...
Progress: [ 36%] [#####################......................................] 8Selecting previously unselected package elinks-data.
Preparing to unpack .../6-elinks-data_0.16.1.1-4.1ubuntu3_all.deb ...
Progress: [ 39%] [#######################....................................] 8Unpacking elinks-data (0.16.1.1-4.1ubuntu3) ...
Progress: [ 42%] [#########################..................................] 8Selecting previously unselected package elinks.
Preparing to unpack .../7-elinks_0.16.1.1-4.1ubuntu3_amd64.deb ...
Progress: [ 45%] [##########################.................................] 8Unpacking elinks (0.16.1.1-4.1ubuntu3) ...
Progress: [ 48%] [############################...............................] 8Setting up libev4t64:amd64 (1:4.33-2.1build1) ...
Progress: [ 52%] [##############################.............................] 87Progress: [ 55%] [################################...........................] 8Setting up libtre5:amd64 (0.8.0-7) ...
Progress: [ 58%] [#################################..........................] 87Progress: [ 61%] [###################################........................] 8Setting up elinks-data (0.16.1.1-4.1ubuntu3) ...
Progress: [ 64%] [#####################################......................] 87Progress: [ 67%] [#######################################....................] 8Setting up libgpm2:amd64 (1.20.7-11) ...
Progress: [ 70%] [#########################################..................] 87Progress: [ 73%] [##########################################.................] 8Setting up libidn12:amd64 (1.42-1build1) ...
Progress: [ 76%] [############################################...............] 87Progress: [ 79%] [##############################################.............] 8Setting up liblua5.3-0:amd64 (5.3.6-2build2) ...
Progress: [ 82%] [################################################...........] 87Progress: [ 85%] [##################################################.........] 8Setting up libfsplib0t64 (0.14-5.1build1) ...
Progress: [ 88%] [###################################################........] 87Progress: [ 91%] [#####################################################......] 8Setting up elinks (0.16.1.1-4.1ubuntu3) ...
Progress: [ 94%] [#######################################################....] 87Progress: [ 97%] [#########################################################..] 8Processing triggers for libc-bin (2.39-0ubuntu8.4) ...

0;root@97a83d556cf4: /
root@97a83d556cf4:/# 0;root@97a83d556cf4: /
root@97a83d556cf4:/# elinks localhost
)07
)07
[1]+  Stopped                 elinks http://localhost
0;root@97a83d556cf4: /
root@97a83d556cf4:/# 0;root@97a83d556cf4: /
root@97a83d556cf4:/# apa
che

apache2     apache2ctl  apachectl   
0;root@97a83d556cf4: /
root@97a83d556cf4:/# apache2

apache2     apache2ctl  
0;root@97a83d556cf4: /
root@97a83d556cf4:/# apache2
apache2     apache2ctl  
0;root@97a83d556cf4: /
root@97a83d556cf4:/# apache2 &
[2] 3535
0;root@97a83d556cf4: /
root@97a83d556cf4:/# [Thu May 08 07:49:45.288265 2025] [core:warn] [pid 3535] AH00111: Config variable ${APACHE_RUN_DIR} is not defined
apache2: Syntax error on line 80 of /etc/apache2/apache2.conf: DefaultRuntimeDir must be a valid directory, absolute or relative to ServerRoot

[2]+  Exit 1                  apache2
0;root@97a83d556cf4: /
root@97a83d556cf4:/# 0;root@97a83d556cf4: /
root@97a83d556cf4:/# nano


apt install nano
Reading package lists... Done
Building dependency tree... Done
Reading state information... Done
Suggested packages:
  hunspell
The following NEW packages will be installed:
  nano
0 upgraded, 1 newly installed, 0 to remove and 0 not upgraded.
Need to get 282 kB of archives.
After this operation, 856 kB of additional disk space will be used.
Get:1 http://archive.ubuntu.com/ubuntu noble-updates/main amd64 nano amd64 7.2-2ubuntu0.1 [282 kB]
Fetched 282 kB in 1s (362 kB/s)
debconf: delaying package configuration, since apt-utils is not installed

Selecting previously unselected package nano.
(Reading database ... 7986 files and directories currently installed.)
Preparing to unpack .../nano_7.2-2ubuntu0.1_amd64.deb ...
Progress: [  0%] [...........................................................] 87Progress: [ 20%] [###########................................................] 8Unpacking nano (7.2-2ubuntu0.1) ...
Progress: [ 40%] [#######################....................................] 8Setting up nano (7.2-2ubuntu0.1) ...
Progress: [ 60%] [###################################........................] 8update-alternatives: using /bin/nano to provide /usr/bin/editor (editor) in auto mode
update-alternatives: warning: skip creation of /usr/share/man/man1/editor.1.gz because associated file /usr/share/man/man1/nano.1.gz (of link group editor) doesn't exist
update-alternatives: using /bin/nano to provide /usr/bin/pico (pico) in auto mode
update-alternatives: warning: skip creation of /usr/share/man/man1/pico.1.gz because associated file /usr/share/man/man1/nano.1.gz (of link group pico) doesn't exist
Progress: [ 80%] [###############################################............] 8
0;root@97a83d556cf4: /
root@97a83d556cf4:/# /etc/apache2/apache2.conf/etc/apache2/apache2.con
nano 0;root@97a83d556cf4: /
root@97a83d556cf4:/# nano /etc/apache2/apache2.con
8 default Apache2 installation attempts to make adding and removing modules,an's
8 virtual hosts, and extra configuration directives as flexible as possible, in
8 order to make automating the changes and administering the server as easy as
8 possible.
8
8 It is split into several files forming the configuration hierarchy outlined
8 below, all located in the /etc/apache2/ directory:
8
8/etc/apache2/
8|-- apache2.conf
#|`--  ports.conf
#|-- mods-enabled
#||-- *.load
#|`-- *.conf
#|-- conf-enabled
#|`-- *.conf
# `-- sites-enabled
# `-- *.conf


# * apache2.conf is the main configuration file (this file). It puts the pieces
#   together by including all remaining configuration files when starting up the
#   web server.

# * ports.conf is always included from the main configuration file. It is
#   supposed to determine listening ports for incoming connections which can be
#   customized anytime.

# * Configuration files in the mods-enabled/, conf-enabled/ and sites-enabled/
#   directories contain particular configuration snippets which manage modules,
#   global configuration fragments, or virtual host configurations,
#   respectively.

#   They are activated by symlinking available configuration files from their
#   respective *-available/ counterparts. These should be managed by using our
#   helpers a2enmod/a2dismod, a2ensite/a2dissite and a2enconf/a2disconf. See
#   their respective man pages for detailed information.

# * The binary is called apache2. Due to the use of environment variables, in
#   the default configuration, apache2 needs to be started/stopped with
#   /etc/init.d/apache2 or apache2ctl. Calling /usr/bin/apache2 directly will not
#   work with the default configuration.


# Global configuration



# ServerRoot: The top of the directory tree under which the server's
# configuration, error, and log files are kept.

# NOTE!  If you intend to place this on an NFS (or otherwise network)
# mounted filesystem then please read the Mutex documentation (available
# at <URL:http://httpd.apache.org/docs/2.4/mod/core.html#mutex>);
# you will save yourself a lot of trouble.

# Do NOT add a slash at the end of the directory path.

#ServerRoot "/etc/apache2"


# The accept serialization lock file MUST BE STORED ON A LOCAL DISK.

#Mutex file:${APACHE_LOCK_DIR} default


# The directory where shm and other runtime files will be stored.


DefaultRuntimeDir ${APACHE_RUN_DIR}


# PidFile: The file in which the server should record its process
# identification number when it starts.
# This needs to be set in /etc/apache2/envvars

PidFile ${APACHE_PID_FILE}


# Timeout: The number of seconds before receives and sends time out.

Timeout 300


# KeepAlive: Whether or not to allow persistent connections (more than
# one request per connection). Set to "Off" to deactivate.

KeepAlive On


# MaxKeepAliveRequests: The maximum number of requests to allow
# during a persistent connection. Set to 0 to allow an unlimited amount.
# We recommend you leave this number high, for maximum performance.

MaxKeepAliveRequests 100


# KeepAliveTimeout: Number of seconds to wait for the next request from the
# same client on the same connection.

KeepAliveTimeout 5


# These need to be set in /etc/apache2/envvars
User ${APACHE_RUN_USER}
Group ${APACHE_RUN_GROUP}


# HostnameLookups: Log the names of clients or just their IP addresses
# e.g., www.apache.org (on) or 204.62.129.132 (off).
# The default is off because it'd be overall better for the net if people
# had to knowingly turn this feature on, since enabling it means that
# each client request will result in AT LEAST one lookup request to the
# nameserver.

HostnameLookups Off

# ErrorLog: The location of the error log file.
# If you do not specify an ErrorLog directive within a <VirtualHost>
# container, error messages relating to that virtual host will be
# logged here.  If you *do* define an error logfile for a <VirtualHost>
# container, that host's errors will be logged there and not here.

ErrorLog ${APACHE_LOG_DIR}/error.log


# LogLevel: Control the severity of messages logged to the error_log.
# Available values: trace8, ..., trace1, debug, info, notice, warn,
# error, crit, alert, emerg.
# It is also possible to configure the log level for particular modules, e.g.
# "LogLevel info ssl:warn"

LogLevel warn

# Include module configuration:
IncludeOptional mods-enabled/*.load
IncludeOptional mods-enabled/*.conf

# Include list of ports to listen on
Include ports.conf


# Sets the default security model of the Apache2 HTTPD server. It does
# not allow access to the root filesystem outside of /usr/share and /var/www.
# The former is used by web applications packaged in Debian,
# the latter may be used for local directories served by the web server. If
# your system is serving content from a sub-directory in /srv you must allow
# access here, or in any related virtual host.
<Directory />
Options FollowSymLinks
MMLogLevel warnle configuration:loadf
# Sets the default security model of the Apache2 HTTPD server. It does
# not allow access to the root filesystem outside of /usr/share and /var/www.
# The former is used by web applications packaged in Debian,
# the latter may be used for local directories served by the web server. If
# your system is serving content from a sub-directory in /srv you must allow
# access here, or in any related virtual host.
<Directory />
Options FollowSymLinks
AllowOverride None
Require all denied
</Directory>

<Directory /usr/share>
AllowOverride None
Require all granted
</Directory>
M# your system is serving content from a sub-directory in /srv you must allow
</Directory>

<Directory /var/www/>
Options Indexes FollowSymLinks
AllowOverride None
Require all granted
</Directory>

#<Directory /srv/>
#Options Indexes FollowSymLinks
>0;root@97a83d556cf4: /
root@97a83d556cf4:/# ls /var/
backups  cache  lib  local  lock  log  mail  opt  run  spool  tmp  www
0;root@97a83d556cf4: /
root@97a83d556cf4:/# ls /var/www/
html
0;root@97a83d556cf4: /
root@97a83d556cf4:/# ls /var/wwwnano /etc/apache2/apache2.conapt install nanache2 t install nannano /etc/apache2/apache2.conls /var/www

0;root@97a83d556cf4: /
0;root@97a83d556cf4: /
0;root@97a83d556cf4: /
0;root@97a83d556cf4: /
root@97a83d556cf4:/# 0;root@97a83d556cf4: /
root@97a83d556cf4:/# sudo
bash: sudo: command not found
0;root@97a83d556cf4: /
root@97a83d556cf4:/# systemtd0;root@97a83d556cf4: /
root@97a83d556cf4:/# systemd
bash: systemd: command not found
0;root@97a83d556cf4: /
root@97a83d556cf4:/# systemsystemapa
che
2

apache2     apache2ctl  
0;root@97a83d556cf4: /
root@97a83d556cf4:/# apache2
[Thu May 08 07:52:49.088872 2025] [core:warn] [pid 3569] AH00111: Config variable ${APACHE_RUN_DIR} is not defined
apache2: Syntax error on line 80 of /etc/apache2/apache2.conf: DefaultRuntimeDir must be a valid directory, absolute or relative to ServerRoot
0;root@97a83d556cf4: /
root@97a83d556cf4:/# apache20;root@97a83d556cf4: /
root@97a83d556cf4:/# apache2^C
0;root@97a83d556cf4: /
root@97a83d556cf4:/# 0;root@97a83d556cf4: /
root@97a83d556cf4:/# ls
bin   dev  home  lib.usr-is-merged  media  opt   root  sbin  sys  usr
boot  etc  lib   lib64              mnt    proc  run   srv   tmp  var
0;root@97a83d556cf4: /
root@97a83d556cf4:/# 0;root@97a83d556cf4: /
root@97a83d556cf4:/# usudo
bash: sudo: command not found
0;root@97a83d556cf4: /
root@97a83d556cf4:/# less
bash: less: command not found
0;root@97a83d556cf4: /
root@97a83d556cf4:/# sud
apt install less
Reading package lists... Done
Building dependency tree... Done
Reading state information... Done
The following NEW packages will be installed:
  less
0 upgraded, 1 newly installed, 0 to remove and 0 not upgraded.
Need to get 142 kB of archives.
After this operation, 316 kB of additional disk space will be used.
Get:1 http://archive.ubuntu.com/ubuntu noble-updates/main amd64 less amd64 590-2ubuntu2.1 [142 kB]
Fetched 142 kB in 1s (167 kB/s)
debconf: delaying package configuration, since apt-utils is not installed

Selecting previously unselected package less.
(Reading database ... 8059 files and directories currently installed.)
Preparing to unpack .../less_590-2ubuntu2.1_amd64.deb ...
Progress: [  0%] [...........................................................] 87Progress: [ 20%] [###########................................................] 8Unpacking less (590-2ubuntu2.1) ...
Progress: [ 40%] [#######################....................................] 8Setting up less (590-2ubuntu2.1) ...
Progress: [ 60%] [###################################........................] 87Progress: [ 80%] [###############################################............] 8
0;root@97a83d556cf4: /
root@97a83d556cf4:/# 0;root@97a83d556cf4: /
root@97a83d556cf4:/# less /etc/

.pwd.lock               hosts                   rc0.d/
adduser.conf            init.d/                 rc1.d/
alternatives/           issue                   rc2.d/
apache2/                issue.net               rc3.d/
apt/                    kernel/                 rc4.d/
bash.bashrc             ld.so.cache             rc5.d/
bindresvport.blacklist  ld.so.conf              rc6.d/
ca-certificates/        ld.so.conf.d/           rcS.d/
ca-certificates.conf    ldap/                   resolv.conf
cloud/                  legal                   rmt
--More--


cron.d/                 libaudit.conf           rpc
cron.daily/             login.defs              security/
debconf.conf            logrotate.d/            selinux/
debian_version          lsb-release             services
default/                machine-id              shadow
deluser.conf            mime.types              shadow-
dpkg/                   mke2fs.conf             shells
e2scrub.conf            mtab                    skel/
elinks/                 nanorc                  ssl/
environment             networks                subgid
0;root@97a83d556cf4: /
root@97a83d556cf4:/# less /etc/^C
0;root@97a83d556cf4: /
root@97a83d556cf4:/# 0;root@97a83d556cf4: /
root@97a83d556cf4:/# 
exit
DEVOPS24/lektion12
$ docker exec -it clever_johnson /bin/bash^C
DEVOPS24/lektion12
$ DEVOPS24/lektion12
$ docker ps
CONTAINER ID   IMAGE          COMMAND        CREATED          STATUS          PORTS     NAMES
97a83d556cf4   b9fb1407a0ac   "sleep 1000"   10 minutes ago   Up 10 minutes             clever_johnson
DEVOPS24/lektion12
$ DEVOPS24/lektion12
$ docke





docker ps
CONTAINER ID   IMAGE          COMMAND        CREATED          STATUS          PORTS     NAMES
97a83d556cf4   b9fb1407a0ac   "sleep 1000"   11 minutes ago   Up 11 minutes             clever_johnson
DEVOPS24/lektion12
$ docker stop cle
ver_johnson
clever_johnson
DEVOPS24/lektion12
$ DEVOPS24/lektion12
psdocker stop clever_johnson
CONTAINER ID   IMAGE     COMMAND   CREATED   STATUS    PORTS     NAMES
DEVOPS24/lektion12
$ docker run
DEVOPS24/lektion12
$ anman docker-run
DOCKER(1)                             Docker User Manuals                             DOCKER(1)

NAME
       docker-run - Create and run a new container from an image

SYNOPSIS
       docker    run   [-a|--attach[=[]]]   [--add-host[=[]]]   [--annotation[=[]]]   [--blkio-
       weight[=[BLKIO-WEIGHT]]]  [--blkio-weight-device[=[]]]   [-c|--cpu-shares[=0]]   [--cap-
       add[=[]]]  [--cap-drop[=[]]]  [--cgroupns[=[]]]  [--cgroup-parent[=CGROUP-PATH]] [--cid‐
       file[=CIDFILE]]   [--cpu-count[=0]]   [--cpu-percent[=0]]   [--cpu-period[=0]]   [--cpu-
 Manual page docker-run(1) line 1 (press h for help or q to quit)...skipping...
DOCKER(1)                             Docker User Manuals                             DOCKER(1)

NAME
       docker-run - Create and run a new container from an image

SYNOPSIS
       docker    run   [-a|--attach[=[]]]   [--add-host[=[]]]   [--annotation[=[]]]   [--blkio-
       weight[=[BLKIO-WEIGHT]]]  [--blkio-weight-device[=[]]]   [-c|--cpu-shares[=0]]   [--cap-
       add[=[]]]  [--cap-drop[=[]]]  [--cgroupns[=[]]]  [--cgroup-parent[=CGROUP-PATH]] [--cid‐
       file[=CIDFILE]]   [--cpu-count[=0]]   [--cpu-percent[=0]]   [--cpu-period[=0]]   [--cpu-
       quota[=0]]   [--cpu-rt-period[=0]]   [--cpu-rt-runtime[=0]]   [--cpus[=0.0]]  [--cpuset-
 Manual page docker-run(1) line 1 (press h for help or q to quit)...skipping...
DOCKER(1)                             Docker User Manuals                             DOCKER(1)

NAME
       docker-run - Create and run a new container from an image

SYNOPSIS
       docker    run   [-a|--attach[=[]]]   [--add-host[=[]]]   [--annotation[=[]]]   [--blkio-
       weight[=[BLKIO-WEIGHT]]]  [--blkio-weight-device[=[]]]   [-c|--cpu-shares[=0]]   [--cap-
       add[=[]]]  [--cap-drop[=[]]]  [--cgroupns[=[]]]  [--cgroup-parent[=CGROUP-PATH]] [--cid‐
       file[=CIDFILE]]   [--cpu-count[=0]]   [--cpu-percent[=0]]   [--cpu-period[=0]]   [--cpu-
       quota[=0]]   [--cpu-rt-period[=0]]   [--cpu-rt-runtime[=0]]   [--cpus[=0.0]]  [--cpuset-
       cpus[=CPUSET-CPUS]]  [--cpuset-mems[=CPUSET-MEMS]]  [-d|--detach]   [--detach-keys[=[]]]
 Manual page docker-run(1) line 1 (press h for help or q to quit)...skipping...
DOCKER(1)                             Docker User Manuals                             DOCKER(1)

NAME
       docker-run - Create and run a new container from an image

SYNOPSIS
       docker    run   [-a|--attach[=[]]]   [--add-host[=[]]]   [--annotation[=[]]]   [--blkio-
       weight[=[BLKIO-WEIGHT]]]  [--blkio-weight-device[=[]]]   [-c|--cpu-shares[=0]]   [--cap-
       add[=[]]]  [--cap-drop[=[]]]  [--cgroupns[=[]]]  [--cgroup-parent[=CGROUP-PATH]] [--cid‐
       file[=CIDFILE]]   [--cpu-count[=0]]   [--cpu-percent[=0]]   [--cpu-period[=0]]   [--cpu-
       quota[=0]]   [--cpu-rt-period[=0]]   [--cpu-rt-runtime[=0]]   [--cpus[=0.0]]  [--cpuset-
       cpus[=CPUSET-CPUS]]  [--cpuset-mems[=CPUSET-MEMS]]  [-d|--detach]   [--detach-keys[=[]]]
       [--device[=[]]]   [--device-cgroup-rule[=[]]]  [--device-read-bps[=[]]]  [--device-read-
 Manual page docker-run(1) line 1 (press h for help or q to quit)...skipping...
DOCKER(1)                             Docker User Manuals                             DOCKER(1)

NAME
       docker-run - Create and run a new container from an image

SYNOPSIS
       docker    run   [-a|--attach[=[]]]   [--add-host[=[]]]   [--annotation[=[]]]   [--blkio-
       weight[=[BLKIO-WEIGHT]]]  [--blkio-weight-device[=[]]]   [-c|--cpu-shares[=0]]   [--cap-
       add[=[]]]  [--cap-drop[=[]]]  [--cgroupns[=[]]]  [--cgroup-parent[=CGROUP-PATH]] [--cid‐
       file[=CIDFILE]]   [--cpu-count[=0]]   [--cpu-percent[=0]]   [--cpu-period[=0]]   [--cpu-
       quota[=0]]   [--cpu-rt-period[=0]]   [--cpu-rt-runtime[=0]]   [--cpus[=0.0]]  [--cpuset-
       cpus[=CPUSET-CPUS]]  [--cpuset-mems[=CPUSET-MEMS]]  [-d|--detach]   [--detach-keys[=[]]]
       [--device[=[]]]   [--device-cgroup-rule[=[]]]  [--device-read-bps[=[]]]  [--device-read-
       iops[=[]]] [--device-write-bps[=[]]] [--device-write-iops[=[]]] [--dns[=[]]]  [--dns-op‐
 Manual page docker-run(1) line 1 (press h for help or q to quit)...skipping...
DOCKER(1)                             Docker User Manuals                             DOCKER(1)

NAME
       docker-run - Create and run a new container from an image

SYNOPSIS
       docker    run   [-a|--attach[=[]]]   [--add-host[=[]]]   [--annotation[=[]]]   [--blkio-
       weight[=[BLKIO-WEIGHT]]]  [--blkio-weight-device[=[]]]   [-c|--cpu-shares[=0]]   [--cap-
       add[=[]]]  [--cap-drop[=[]]]  [--cgroupns[=[]]]  [--cgroup-parent[=CGROUP-PATH]] [--cid‐
       file[=CIDFILE]]   [--cpu-count[=0]]   [--cpu-percent[=0]]   [--cpu-period[=0]]   [--cpu-
       quota[=0]]   [--cpu-rt-period[=0]]   [--cpu-rt-runtime[=0]]   [--cpus[=0.0]]  [--cpuset-
       cpus[=CPUSET-CPUS]]  [--cpuset-mems[=CPUSET-MEMS]]  [-d|--detach]   [--detach-keys[=[]]]
       [--device[=[]]]   [--device-cgroup-rule[=[]]]  [--device-read-bps[=[]]]  [--device-read-
       iops[=[]]] [--device-write-bps[=[]]] [--device-write-iops[=[]]] [--dns[=[]]]  [--dns-op‐
       tion[=[]]]  [--dns-search[=[]]]  [--domainname[=DOMAINNAME]]  [-e|--env[=[]]]  [--entry‐
 Manual page docker-run(1) line 1 (press h for help or q to quit)...skipping...
DOCKER(1)                             Docker User Manuals                             DOCKER(1)

NAME
       docker-run - Create and run a new container from an image

SYNOPSIS
       docker    run   [-a|--attach[=[]]]   [--add-host[=[]]]   [--annotation[=[]]]   [--blkio-
       weight[=[BLKIO-WEIGHT]]]  [--blkio-weight-device[=[]]]   [-c|--cpu-shares[=0]]   [--cap-
       add[=[]]]  [--cap-drop[=[]]]  [--cgroupns[=[]]]  [--cgroup-parent[=CGROUP-PATH]] [--cid‐
       file[=CIDFILE]]   [--cpu-count[=0]]   [--cpu-percent[=0]]   [--cpu-period[=0]]   [--cpu-
       quota[=0]]   [--cpu-rt-period[=0]]   [--cpu-rt-runtime[=0]]   [--cpus[=0.0]]  [--cpuset-
       cpus[=CPUSET-CPUS]]  [--cpuset-mems[=CPUSET-MEMS]]  [-d|--detach]   [--detach-keys[=[]]]
       [--device[=[]]]   [--device-cgroup-rule[=[]]]  [--device-read-bps[=[]]]  [--device-read-
       iops[=[]]] [--device-write-bps[=[]]] [--device-write-iops[=[]]] [--dns[=[]]]  [--dns-op‐
       tion[=[]]]  [--dns-search[=[]]]  [--domainname[=DOMAINNAME]]  [-e|--env[=[]]]  [--entry‐
       point[=ENTRYPOINT]]  [--env-file[=[]]]  [--expose[=[]]]  [--group-add[=[]]]  [-h|--host‐
 Manual page docker-run(1) line 1 (press h for help or q to quit)...skipping...
DOCKER(1)                             Docker User Manuals                             DOCKER(1)

NAME
       docker-run - Create and run a new container from an image

SYNOPSIS
       docker    run   [-a|--attach[=[]]]   [--add-host[=[]]]   [--annotation[=[]]]   [--blkio-
       weight[=[BLKIO-WEIGHT]]]  [--blkio-weight-device[=[]]]   [-c|--cpu-shares[=0]]   [--cap-
       add[=[]]]  [--cap-drop[=[]]]  [--cgroupns[=[]]]  [--cgroup-parent[=CGROUP-PATH]] [--cid‐
       file[=CIDFILE]]   [--cpu-count[=0]]   [--cpu-percent[=0]]   [--cpu-period[=0]]   [--cpu-
       quota[=0]]   [--cpu-rt-period[=0]]   [--cpu-rt-runtime[=0]]   [--cpus[=0.0]]  [--cpuset-
       cpus[=CPUSET-CPUS]]  [--cpuset-mems[=CPUSET-MEMS]]  [-d|--detach]   [--detach-keys[=[]]]
       [--device[=[]]]   [--device-cgroup-rule[=[]]]  [--device-read-bps[=[]]]  [--device-read-
       iops[=[]]] [--device-write-bps[=[]]] [--device-write-iops[=[]]] [--dns[=[]]]  [--dns-op‐
       tion[=[]]]  [--dns-search[=[]]]  [--domainname[=DOMAINNAME]]  [-e|--env[=[]]]  [--entry‐
       point[=ENTRYPOINT]]  [--env-file[=[]]]  [--expose[=[]]]  [--group-add[=[]]]  [-h|--host‐
       name[=HOSTNAME]]     [--help]    [--init]    [-i|--interactive]    [--ip[=IPv4-ADDRESS]]
 Manual page docker-run(1) line 1 (press h for help or q to quit)...skipping...
DOCKER(1)                             Docker User Manuals                             DOCKER(1)

NAME
       docker-run - Create and run a new container from an image

SYNOPSIS
       docker    run   [-a|--attach[=[]]]   [--add-host[=[]]]   [--annotation[=[]]]   [--blkio-
       weight[=[BLKIO-WEIGHT]]]  [--blkio-weight-device[=[]]]   [-c|--cpu-shares[=0]]   [--cap-
       add[=[]]]  [--cap-drop[=[]]]  [--cgroupns[=[]]]  [--cgroup-parent[=CGROUP-PATH]] [--cid‐
       file[=CIDFILE]]   [--cpu-count[=0]]   [--cpu-percent[=0]]   [--cpu-period[=0]]   [--cpu-
       quota[=0]]   [--cpu-rt-period[=0]]   [--cpu-rt-runtime[=0]]   [--cpus[=0.0]]  [--cpuset-
       cpus[=CPUSET-CPUS]]  [--cpuset-mems[=CPUSET-MEMS]]  [-d|--detach]   [--detach-keys[=[]]]
       [--device[=[]]]   [--device-cgroup-rule[=[]]]  [--device-read-bps[=[]]]  [--device-read-
       iops[=[]]] [--device-write-bps[=[]]] [--device-write-iops[=[]]] [--dns[=[]]]  [--dns-op‐
       tion[=[]]]  [--dns-search[=[]]]  [--domainname[=DOMAINNAME]]  [-e|--env[=[]]]  [--entry‐
       point[=ENTRYPOINT]]  [--env-file[=[]]]  [--expose[=[]]]  [--group-add[=[]]]  [-h|--host‐
       name[=HOSTNAME]]     [--help]    [--init]    [-i|--interactive]    [--ip[=IPv4-ADDRESS]]
       [--ip6[=IPv6-ADDRESS]] [--ipc[=IPC]]  [--isolation[=default]]  [--kernel-memory[=KERNEL-
 ESESCOApage docker-run(1) line 1 (press h for help or q to quit)
       MEMORY]]   [-l|--label[=[]]]  [--label-file[=[]]]  [--link[=[]]]  [--link-local-ip[=[]]]
       [--log-driver[=[]]]  [--log-opt[=[]]]   [-m|--memory[=MEMORY]]   [--mac-address[=MAC-AD‐
       DRESS]]  [--memory-reservation[=MEMORY-RESERVATION]]  [--memory-swap[=LIMIT]] [--memory-
       swappiness[=MEMORY-SWAPPINESS]]    [--mount[=[MOUNT]]]    [--name[=NAME]]    [--network-
       alias[=[]]] [--network[="bridge"]] [--oom-kill-disable] [--oom-score-adj[=0]] [-P|--pub‐
       lish-all]     [-p|--publish[=[]]]     [--pid[=[PID]]]      [--userns[=[]]]      [--pids-
       limit[=PIDS_LIMIT]]  [--privileged]  [--read-only] [--restart[=RESTART]] [--rm] [--secu‐
       rity-opt[=[]]] [--storage-opt[=[]]] [--stop-signal[=SIGNAL]]  [--stop-timeout[=TIMEOUT]]
       [--shm-size[=[]]]  [--sig-proxy[=true]] [--sysctl[=[]]] [-t|--tty] [--tmpfs[=[CONTAINER-
       DIR[:OPTIONS]]] [-u|--user[=USER]]  [--ulimit[=[]]]  [--uts[=[]]]  [-v|--volume[=[[HOST-
       DIR:]CONTAINER-DIR[:OPTIONS]]]]     [--volume-driver[=DRIVER]]     [--volumes-from[=[]]]
>DEVOPS24/lektion12-run(1) line 12 (press h for help or q to quit)
ps^Cec -it clever_johnson /bin/bash
DEVOPS24/lektion12
(reverse-i-search)`':r': man docker-ruu': man docker-run': man docker-run
failed reverse-i-search)`run': man docker-ru

^C
DEVOPS24/lektion12
$ dock
dovcker image lsDEVOPS24/lektion12
$ docker image ls
REPOSITORY               TAG       IMAGE ID       CREATED         SIZE
<none>                   <none>    b9fb1407a0ac   9 days ago      78.1MB
debian                   12        d4ccddb816ba   2 months ago    117MB
mariadb                  latest    4815a3e162ea   2 months ago    328MB
minlag/mermaid-cli       latest    45d7b5ace607   2 months ago    1.89GB
kopia-server-image       latest    ef7eb39bc583   3 months ago    491MB
<none>                   <none>    b519542508bc   3 months ago    491MB
<none>                   <none>    6b478e89aefd   3 months ago    491MB
<none>                   <none>    6e962152673c   3 months ago    491MB
<none>                   <none>    4b83b52150dd   3 months ago    491MB
<none>                   <none>    4ad20ab61f23   3 months ago    491MB
<none>                   <none>    97202a5cd17c   3 months ago    491MB
kopia-client-image       latest    c92ed318a697   3 months ago    491MB
ghcr.io/astral-sh/ruff   0.3.0     46a2e1cf64b3   14 months ago   31.5MB
DEVOPS24/lektion12
$ docker run b9fb1407a0ac
b9fb1407a0acDEVOPS24/lektion12
$ docker run b9fb1407a0a b9fb1407a0a- b9fb1407a0ap b9fb1407a0a8 b9fb1407a0a0 b9fb1407a0a0 b9fb1407a0a8 b9fb1407a0a0 b9fb1407a0a b9fb1407a0a b9fb1407a0a b9fb1407a0a8 b9fb1407a0a0 b9fb1407a0a> b9fb1407a0a b9fb1407a0a: b9fb1407a0a9 b9fb1407a0a8 b9fb1407a0a0 b9fb1407a0a b9fb1407a0a b9fb1407a0a
