Script started on 2025-09-16 09:03:15+02:00 [TERM="xterm-256color" TTY="/dev/pts/4" COLUMNS="58" LINES="21"]
ITINF25/lektion1
$ git







rm DEVOPS24/lektion16/prep.txt
DEVOPS24/lektion16/prep.txt
rm: cannot remove 'DEVOPS24/lektion16/prep.txt': No such file or directory
ITINF25/lektion1
$ git pull
Already up to date.
ITINF25/lektion1
$ ITINF25/lektion1
$ git rebase origin/main
Current branch 250916 is up to date.
ITINF25/lektion1
$ ITINF25/lektion1
$ ls
recordings
ITINF25/lektion1
$ man ls
LS(1)                   User Commands                   LS(1)

NAME
       ls - list directory contents

SYNOPSIS
       ls [OPTION]... [FILE]...

DESCRIPTION
       List  information  about the FILEs (the current direc‐
       tory by default).  Sort entries alphabetically if none
       of -cftuvSUX nor --sort is specified.

       Mandatory  arguments to long options are mandatory for
       short options too.

       -a, --all
              do not ignore entries starting with .
 ESESCOBpage ls(1) line 1 (press h for help or q to quit)
       -A, --almost-all 2 (press h for help or q to quit)
              do not list implied . and ..p or q to quit)
 ESESCOBpage ls(1) line 4 (press h for help or q to quit)
       --author(1) line 5 (press h for help or q to quit)
              with -l, print the author of each filequit)
 ESESCOBpage ls(1) line 7 (press h for help or q to quit)
       -b, --escapeline 8 (press h for help or q to quit)
              print C-style escapes for nongraphic characters
 ESESCOBpage ls(1) line 10 (press h for help or q to quit)
       --block-size=SIZE11 (press h for help or q to quit)
              with -l, scale  sizes  by  SIZE  when  printing
              them;  e.g.,  '--block-size=M'; see SIZE format
              belowline 14 (press h for help or q to quit)
 ESESCOBpage ls(1) line 15 (press h for help or q to quit)
       -B, --ignore-backups(press h for help or q to quit)
              do not list implied entries ending with ~it)
 ESESCOBpage ls(1) line 18 (press h for help or q to quit)
       -c     with -lt: sort by, and  show,  ctime  (time  of
              last  modification of file status information);
              with -l: show ctime and sort  by  name;  other‐
              wise: sort by ctime, newest first q to quit)
 ESESCOBpage ls(1) line 23 (press h for help or q to quit)
       -C     list entries by columnsor help or q to quit)
 ESESCOBpage ls(1) line 25 (press h for help or q to quit)
       --color[=WHEN]ne 26 (press h for help or q to quit)
              color the output WHEN; more info below quit)
 ESESCOBpage ls(1) line 28 (press h for help or q to quit)
       -d, --directorye 29 (press h for help or q to quit)
              list directories themselves, not their contents
 ESESCOBpage ls(1) line 31 (press h for help or q to quit)
       -D, --dired line 32 (press h for help or q to quit)
              generate output designed for Emacs' dired mode
 ESESCOBpage ls(1) line 34 (press h for help or q to quit)
       -f     list all entries in directory order to quit)
 ESESCOBpage ls(1) line 36 (press h for help or q to quit)
       -F, --classify[=WHEN]press h for help or q to quit)
              append  indicator  (one  of  */=>@|) to entries
              WHEN line 39 (press h for help or q to quit)
 ESESCOBpage ls(1) line 40 (press h for help or q to quit)
       --file-type line 41 (press h for help or q to quit)
              likewise, except do not append '*'q to quit)
 ESESCOBpage ls(1) line 43 (press h for help or q to quit)
       --format=WORDine 44 (press h for help or q to quit)
              across -x, commas -m, horizontal -x,  long  -l,
              single-column -1, verbose -l, vertical -Cit)
 ESESCOBpage ls(1) line 47 (press h for help or q to quit)
       --full-time line 48 (press h for help or q to quit)
              like -l --time-style=full-isop or q to quit)
 ESESCOBpage ls(1) line 50 (press h for help or q to quit)
       -g     like -l, but do not list owner or q to quit)
 ESESCOBpage ls(1) line 52 (press h for help or q to quit)
       --group-directories-firsts h for help or q to quit)
              group  directories  before  files;  can be aug‐
              mented with a --sort option,  but  any  use  of
              --sort=none (-U) disables groupingq to quit)
 ESESCOBpage ls(1) line 57 (press h for help or q to quit)
       -G, --no-groupne 58 (press h for help or q to quit)
              in a long listing, don't print group namest)
 ESESCOBpage ls(1) line 60 (press h for help or q to quit)
       -h, --human-readable(press h for help or q to quit)
              with  -l  and  -s,  print sizes like 1K 234M 2G
              etc. line 63 (press h for help or q to quit)
 ESESCOBpage ls(1) line 64 (press h for help or q to quit)
       --si   likewise, but use powers of 1000 not 1024it)
 ESESCOBpage ls(1) line 66 (press h for help or q to quit)
       -H, --dereference-command-lineor help or q to quit)
              follow symbolic links  listed  on  the  command
              line line 69 (press h for help or q to quit)
 ESESCOBpage ls(1) line 70 (press h for help or q to quit)
       --dereference-command-line-symlink-to-dirq to quit)
              follow  each  command  line  symbolic link that
              points to a directory for help or q to quit)
 ESESCOBpage ls(1) line 74 (press h for help or q to quit)
       --hide=PATTERNne 75 (press h for help or q to quit)
              do not list implied entries matching shell PAT‐
              TERN (overridden by -a or -A)p or q to quit)
 ESESCOBpage ls(1) line 78 (press h for help or q to quit)
       --hyperlink[=WHEN]9 (press h for help or q to quit)
              hyperlink file names WHEN help or q to quit)
 ESESCOBpage ls(1) line 81 (press h for help or q to quit)
       --indicator-style=WORDress h for help or q to quit)
              append  indicator  with  style  WORD  to  entry
              names: none (default),  slash  (-p),  file-type
              (--file-type), classify (-F)lp or q to quit)
 ESESCOBpage ls(1) line 86 (press h for help or q to quit)
       -i, --inode line 87 (press h for help or q to quit)
              print the index number of each file to quit)
 ESESCOBpage ls(1) line 89 (press h for help or q to quit)
       -I, --ignore=PATTERN(press h for help or q to quit)
              do not list implied entries matching shell PAT‐
              TERN line 92 (press h for help or q to quit)
 ESESCOBpage ls(1) line 93 (press h for help or q to quit)
>ITINF25/lektion1) line 94 (press h for help or q to quit)
$ ls +-i /
     12 bin		4055297 persistent-data
      2 boot		      1 proc
      1 dev		 261644 root
 130817 etc		      1 run
 654083 home		     15 sbin
     33 initrd.img	      2 shared
     31 initrd.img.old	 261647 srv
     13 lib		     23 swapfile
     32 lib32		      1 sys
     14 lib64		1308162 tmp
     11 lost+found	 523265 usr
1308161 media		 392449 var
1177345 mnt		     16 vmlinuz
     19 opt		     20 vmlinuz.old
ITINF25/lektion1
$ cd /etc/ssh/ss



cd /etc/ssh
/etc/ssh $ ls
moduli		ssh_host_ecdsa_key
ssh_config	ssh_host_ecdsa_key.pub
ssh_config.bak	ssh_host_ed25519_key
ssh_config.d	ssh_host_ed25519_key.pub
sshd_config	ssh_host_rsa_key
sshd_config.d	ssh_host_rsa_key.pub
/etc/ssh $ /etc/ssh $ ls -a
.		sshd_config.d
..		ssh_host_ecdsa_key
moduli		ssh_host_ecdsa_key.pub
ssh_config	ssh_host_ed25519_key
ssh_config.bak	ssh_host_ed25519_key.pub
ssh_config.d	ssh_host_rsa_key
sshd_config	ssh_host_rsa_key.pub
/etc/ssh $ stat .
  File: .
  Size: 4096      	Blocks: 8          IO Block: 4096   directory
Device: 253,0	Inode: 131691      Links: 4
Access: (0755/drwxr-xr-x)  Uid: (    0/    root)   Gid: (    0/    root)
Access: 2025-09-16 07:45:36.063691996 +0200
Modify: 2025-08-08 10:42:22.208508838 +0200
Change: 2025-08-08 10:42:22.208508838 +0200
 Birth: 2024-04-27 21:34:37.101516294 +0200
/etc/ssh $ cd. ..
/etc $ stat ssh
  File: ssh
  Size: 4096      	Blocks: 8          IO Block: 4096   directory
Device: 253,0	Inode: 131691      Links: 4
Access: (0755/drwxr-xr-x)  Uid: (    0/    root)   Gid: (    0/    root)
Access: 2025-09-16 07:45:36.063691996 +0200
Modify: 2025-08-08 10:42:22.208508838 +0200
Change: 2025-08-08 10:42:22.208508838 +0200
 Birth: 2024-04-27 21:34:37.101516294 +0200
/etc $ 
/etc $ ccd -
/etc/ssh
/etc/ssh $ /etc/ssh $ cd -
/etc
/etc $ cd /home/kent/
~ $ ~ $ ls
 bin	     Downloads	 Public       'VirtualBox VMs'
 bokforing   Dropbox	 Screenshots
 Desktop     Music	 Templates
 Documents   Pictures	 Videos
~ $ exit
exit

Script done on 2025-09-16 13:30:55+02:00 [COMMAND_EXIT_CODE="0"]
