Script started on 2025-09-16 13:30:59+02:00 [TERM="xterm-256color" TTY="/dev/pts/1" COLUMNS="63" LINES="19"]
ITINF25/lektion1
$ ITINF25/lektion1
$ ls
recordings
ITINF25/lektion1
$ mkdir katalog
ITINF25/lektion1
$ stat sja
la
katalog/
  File: katalog/
  Size: 4096      	Blocks: 8          IO Block: 4096   directory
Device: 253,1	Inode: 93722113    Links: 2
Access: (0755/drwxr-xr-x)  Uid: ( 1000/    kent)   Gid: ( 1000/    kent)
Access: 2025-09-16 13:31:10.999108209 +0200
Modify: 2025-09-16 13:31:06.643013019 +0200
Change: 2025-09-16 13:31:06.643013019 +0200
 Birth: 2025-09-16 13:31:06.643013019 +0200
ITINF25/lektion1
$ ITINF25/lektion1
$ ln katalog/ minhardlink
ln: katalog/: hard link not allowed for directory
ITINF25/lektion1
$ man ls
LS(1)                   User Commands                   LS(1)

NAME
       ls - list directory contents

SYNOPSIS
       ls [OPTION]... [FILE]...

DESCRIPTION
       List  information  about the FILEs (the current direc‐
       tory by default).  Sort entries alphabetically if none
       of -cftuvSUX nor --sort is specified.

       Mandatory  arguments to long options are mandatory for
       short options too.

       -a, --all
              do not ignore entries starting with .
 ESESCOBpage ls(1) line 1 (press h for help or q to quit)
       -A, --almost-all 2 (press h for help or q to quit)
              do not list implied . and ..p or q to quit)
 ESESCOBpage ls(1) line 4 (press h for help or q to quit)
       --author(1) line 5 (press h for help or q to quit)
              with -l, print the author of each filequit)
 ESESCOBpage ls(1) line 7 (press h for help or q to quit)
       -b, --escapeline 8 (press h for help or q to quit)
              print C-style escapes for nongraphic characters
 ESESCOBpage ls(1) line 10 (press h for help or q to quit)
       --block-size=SIZE11 (press h for help or q to quit)
              with -l, scale  sizes  by  SIZE  when  printing
              them;  e.g.,  '--block-size=M'; see SIZE format
              belowline 14 (press h for help or q to quit)
 ESESCOBpage ls(1) line 15 (press h for help or q to quit)
       -B, --ignore-backups(press h for help or q to quit)
              do not list implied entries ending with ~it)
 ESESCOBpage ls(1) line 18 (press h for help or q to quit)
       -c     with -lt: sort by, and  show,  ctime  (time  of
              last  modification of file status information);
              with -l: show ctime and sort  by  name;  other‐
              wise: sort by ctime, newest first q to quit)
 ESESCOBpage ls(1) line 23 (press h for help or q to quit)
       -C     list entries by columnsor help or q to quit)
 ESESCOBpage ls(1) line 25 (press h for help or q to quit)
       --color[=WHEN]ne 26 (press h for help or q to quit)
              color the output WHEN; more info below quit)
 ESESCOBpage ls(1) line 28 (press h for help or q to quit)
       -d, --directorye 29 (press h for help or q to quit)
              list directories themselves, not their contents
 ESESCOBpage ls(1) line 31 (press h for help or q to quit)
       -D, --dired line 32 (press h for help or q to quit)
              generate output designed for Emacs' dired mode
 ESESCOBpage ls(1) line 34 (press h for help or q to quit)
       -f     list all entries in directory order to quit)
 ESESCOBpage ls(1) line 36 (press h for help or q to quit)
       -F, --classify[=WHEN]press h for help or q to quit)
              append  indicator  (one  of  */=>@|) to entries
              WHEN line 39 (press h for help or q to quit)
 ESESCOBpage ls(1) line 40 (press h for help or q to quit)
       --file-type line 41 (press h for help or q to quit)
              likewise, except do not append '*'q to quit)
 ESESCOBpage ls(1) line 43 (press h for help or q to quit)
       --format=WORDine 44 (press h for help or q to quit)
              across -x, commas -m, horizontal -x,  long  -l,
              single-column -1, verbose -l, vertical -Cit)
 ESESCOBpage ls(1) line 47 (press h for help or q to quit)
       --full-time line 48 (press h for help or q to quit)
              like -l --time-style=full-isop or q to quit)
 ESESCOBpage ls(1) line 50 (press h for help or q to quit)
       -g     like -l, but do not list owner or q to quit)
 ESESCOBpage ls(1) line 52 (press h for help or q to quit)
       --group-directories-firsts h for help or q to quit)
              group  directories  before  files;  can be aug‐
              mented with a --sort option,  but  any  use  of
              --sort=none (-U) disables groupingq to quit)
 ESESCOBpage ls(1) line 57 (press h for help or q to quit)
       -G, --no-groupne 58 (press h for help or q to quit)
              in a long listing, don't print group namest)
 ESESCOBpage ls(1) line 60 (press h for help or q to quit)
       -h, --human-readable(press h for help or q to quit)
              with  -l  and  -s,  print sizes like 1K 234M 2G
              etc. line 63 (press h for help or q to quit)
 ESESCOBpage ls(1) line 64 (press h for help or q to quit)
       --si   likewise, but use powers of 1000 not 1024it)
 ESESCOBpage ls(1) line 66 (press h for help or q to quit)
       -H, --dereference-command-lineor help or q to quit)
              follow symbolic links  listed  on  the  command
              line line 69 (press h for help or q to quit)
 ESESCOBpage ls(1) line 70 (press h for help or q to quit)
       --dereference-command-line-symlink-to-dirq to quit)
              follow  each  command  line  symbolic link that
              points to a directory for help or q to quit)
 ESESCOBpage ls(1) line 74 (press h for help or q to quit)
       --hide=PATTERNne 75 (press h for help or q to quit)
              do not list implied entries matching shell PAT‐
              TERN (overridden by -a or -A)p or q to quit)
 ESESCOBpage ls(1) line 78 (press h for help or q to quit)
       --hyperlink[=WHEN]9 (press h for help or q to quit)
              hyperlink file names WHEN help or q to quit)
 ESESCOBpage ls(1) line 81 (press h for help or q to quit)
       --indicator-style=WORDress h for help or q to quit)
              append  indicator  with  style  WORD  to  entry
              names: none (default),  slash  (-p),  file-type
              (--file-type), classify (-F)lp or q to quit)
 ESESCOBpage ls(1) line 86 (press h for help or q to quit)
       -i, --inode line 87 (press h for help or q to quit)
              print the index number of each file to quit)
 ESESCOBpage ls(1) line 89 (press h for help or q to quit)
       -I, --ignore=PATTERN(press h for help or q to quit)
              do not list implied entries matching shell PAT‐
              TERN line 92 (press h for help or q to quit)
 ESESCOBpage ls(1) line 93 (press h for help or q to quit)
       -k, --kibibytese 94 (press h for help or q to quit)
              default to 1024-byte blocks for file system us‐
              age; used only with -s and per directory totals
 ESESCOBpage ls(1) line 97 (press h for help or q to quit)
       -l     use a long listing format help or q to quit)
 ESESCOBpage ls(1) line 99 (press h for help or q to quit)
       -L, --dereference100 (press h for help or q to quit)
              when  showing  file  information for a symbolic
              link, show information for the  file  the  link
              references rather than for the link itselfit)
 ESESCOBpage ls(1) line 104 (press h for help or q to quit)
       -m     fill  width  with a comma separated list of en‐
              triesline 106 (press h for help or q to quit)
 ESESCOBpage ls(1) line 107 (press h for help or q to quit)
       -n, --numeric-uid-gid(press h for help or q to quit)
              like -l, but list numeric user and group IDs)
 ESESCOBpage ls(1) line 110 (press h for help or q to quit)
       -N, --literaline 111 (press h for help or q to quit)
              print entry names without quotingr q to quit)
 ESESCOBpage ls(1) line 113 (press h for help or q to quit)
       -o     like -l, but do not list group informationit)
 ESESCOBpage ls(1) line 115 (press h for help or q to quit)
       -p, --indicator-style=slash h for help or q to quit)
              append / indicator to directoriesr q to quit)
 ESESCOBpage ls(1) line 118 (press h for help or q to quit)
       -q, --hide-control-charsess h for help or q to quit)
              print ? instead of nongraphic charactersquit)
 ESESCOBpage ls(1) line 121 (press h for help or q to quit)
       --show-control-chars (press h for help or q to quit)
              show nongraphic characters as-is (the  default,
              unless  program  is 'ls' and output is a termi‐
              nal) line 125 (press h for help or q to quit)
 ESESCOBpage ls(1) line 126 (press h for help or q to quit)
       -Q, --quote-name 127 (press h for help or q to quit)
              enclose entry names in double quotes to quit)
 ESESCOBpage ls(1) line 129 (press h for help or q to quit)
       --quoting-style=WORD (press h for help or q to quit)
              use quoting style WORD for  entry  names:  lit‐
              eral,  locale,  shell,  shell-always, shell-es‐
              cape, shell-escape-always, c, escape (overrides
              QUOTING_STYLE environment variable)q to quit)
 ESESCOBpage ls(1) line 135 (press h for help or q to quit)
       -r, --reverseine 136 (press h for help or q to quit)
              reverse order while sortinghelp or q to quit)
 ESESCOBpage ls(1) line 138 (press h for help or q to quit)
       -R, --recursivee 139 (press h for help or q to quit)
              list subdirectories recursively or q to quit)
 ESESCOBpage ls(1) line 141 (press h for help or q to quit)
       -s, --size) line 142 (press h for help or q to quit)
              print  the  allocated  size  of  each  file, in
              blocksine 144 (press h for help or q to quit)
 ESESCOBpage ls(1) line 145 (press h for help or q to quit)
       -S     sort by file size, largest firstor q to quit)
 ESESCOBpage ls(1) line 147 (press h for help or q to quit)
       --sort=WORD line 148 (press h for help or q to quit)
              use quoting style WORD for  entry  names:  lit‐
              eral,  locale,  shell,  shell-always, shell-es‐
              cape, shell-escape-always, c, escape (overrides
              QUOTING_STYLE environment variable)

       -r, --reverse
              reverse order while sorting

       -R, --recursive
              list subdirectories recursively

       -s, --size
              print  the  allocated  size  of  each  file, in
              blocks

       -S     sort by file size, largest first

       --sort=WORD
              use quoting style WORD for  entry  names:  lit‐
              eral,  locale,  shell,  shell-always, shell-es‐
              cape, shell-escape-always, c, escape (overrides
              QUOTING_STYLE environment variable)

       -r, --reverse
              reverse order while sorting

       -R, --recursive
              list subdirectories recursively

       -s, --size
              print  the  allocated  size  of  each  file, in
              blocks

       -S     sort by file size, largest first

       --sort=WORD
M              do not ignore entries starting with .
M       -a, --all
M
M       short options too.
M       Mandatory  arguments to long options are mandatory for
M
M       of -cftuvSUX nor --sort is specified.
M       tory by default).  Sort entries alphabetically if none
M       List  information  about the FILEs (the current direc‐
MDESCRIPTION
M
M       ls [OPTION]... [FILE]...
MSYNOPSIS
M
M       ls - list directory contents
MNAME
M
MLS(1)                   User Commands                   LS(1)
LS(1)                   User Commands                   LS(1)

NAME
       ls - list directory contents

SYNOPSIS
       ls [OPTION]... [FILE]...

DESCRIPTION
       List  information  about the FILEs (the current direc‐
       tory by default).  Sort entries alphabetically if none
       of -cftuvSUX nor --sort is specified.

       Mandatory  arguments to long options are mandatory for
       short options too.

       -a, --all
              do not ignore entries starting with .
LS(1)                   User Commands                   LS(1)

NAME
       ls - list directory contents

SYNOPSIS
       ls [OPTION]... [FILE]...

DESCRIPTION
       List  information  about the FILEs (the current direc‐
       tory by default).  Sort entries alphabetically if none
       of -cftuvSUX nor --sort is specified.

       Mandatory  arguments to long options are mandatory for
       short options too.

       -a, --all
              do not ignore entries starting with .
...skipping...
              follow symbolic links  listed  on  the  command
              line

       --dereference-command-line-symlink-to-dir
              follow  each  command  line  symbolic link that
              points to a directory

       --hide=PATTERN
              do not list implied entries matching shell PAT‐
              TERN (overridden by -a or -A)

       --hyperlink[=WHEN]
              hyperlink file names WHEN

       --indicator-style=WORD
              append  indicator  with  style  WORD  to  entry
              names: none (default),  slash  (-p),  file-type
              (--file-type), classify (-F)
/l page ls(1) line 86/274 38% (press h for help or q to quit)
       -i, --inode
              print the index number of each file
/l page ls(1) line 89/274 39% (press h for help or q to quit)
...skipping...line 90/274 39% (press h for help or q to quit)
              when  showing  file  information for a symbolic
              link, show information for the  file  the  link
              references rather than for the link itself

       -m     fill  width  with a comma separated list of en‐
              tries

       -n, --numeric-uid-gid
              like -l, but list numeric user and group IDs

       -N, --literal
              print entry names without quoting

       -o     like -l, but do not list group information

       -p, --indicator-style=slash
              append / indicator to directories

M       -L, --dereference RETURN)ess h for help or q to quit)
MESESCOAs(1) line 118/274 50% (press h for help or q to quit)
M       -l     use a long listing formator help or q to quit)
MESESCOAs(1) line 116/274 48% (press h for help or q to quit)
M              age; used only with -s and per directory totals
M              default to 1024-byte blocks for file system us‐
M       -k, --kibibytes74 48% (press h for help or q to quit)
MESESCOAs(1) line 112/274 47% (press h for help or q to quit)
M              TERN11/274 47% (press h for help or q to quit)
M              do not list implied entries matching shell PAT‐
>ITINF25/lektion1 109/274 46% (press h for help or q to quit)
$ man ls
LS(1)                   User Commands                   LS(1)

NAME
       ls - list directory contents

SYNOPSIS
       ls [OPTION]... [FILE]...

DESCRIPTION
       List  information  about the FILEs (the current direc‐
       tory by default).  Sort entries alphabetically if none
       of -cftuvSUX nor --sort is specified.

       Mandatory  arguments to long options are mandatory for
       short options too.

       -a, --all
              do not ignore entries starting with .
LS(1)                   User Commands                   LS(1)

NAME
       ls - list directory contents

SYNOPSIS
       ls [OPTION]... [FILE]...

DESCRIPTION
       List  information  about the FILEs (the current direc‐
       tory by default).  Sort entries alphabetically if none
       of -cftuvSUX nor --sort is specified.

       Mandatory  arguments to long options are mandatory for
       short options too.

       -a, --all
              do not ignore entries starting with .
LS(1)                   User Commands                   LS(1)

NAME
       ls - list directory contents

SYNOPSIS
       ls [OPTION]... [FILE]...

DESCRIPTION
       List  information  about the FILEs (the current direc‐
       tory by default).  Sort entries alphabetically if none
       of -cftuvSUX nor --sort is specified.

       Mandatory  arguments to long options are mandatory for
       short options too.

       -a, --all
              do not ignore entries starting with .

       -A, --almost-all
              do not list implied . and ..

       --author
              with -l, print the author of each file

       -b, --escape
              print C-style escapes for nongraphic characters

       --block-size=SIZE
              with -l, scale  sizes  by  SIZE  when  printing
              them;  e.g.,  '--block-size=M'; see SIZE format
              below

       -B, --ignore-backups
              do not list implied entries ending with ~

       -c     with -lt: sort by, and  show,  ctime  (time  of
              last  modification of file status information);
              with -l: show ctime and sort  by  name;  other‐
              wise: sort by ctime, newest first

       -C     list entries by columns

       --color[=WHEN]
              color the output WHEN; more info below quit)

       -d, --directorye 29 (press h for help or q to quit)
              list directories themselves, not their contents
...skipping...s(1) line 31 (press h for help or q to quit)
              like -l --time-style=full-iso

       -g     like -l, but do not list owner

       --group-directories-first
              group  directories  before  files;  can be aug‐
              mented with a --sort option,  but  any  use  of
              --sort=none (-U) disables grouping

       -G, --no-group
              in a long listing, don't print group names

       -h, --human-readable
              with  -l  and  -s,  print sizes like 1K 234M 2G
              etc.

       --si   likewise, but use powers of 1000 not 1024

       -H, --dereference-command-lineor help or q to quit)
              follow symbolic links  listed  on  the  command
              line

       --dereference-command-line-symlink-to-dir
              follow  each  command  line  symbolic link that
              points to a directory for help or q to quit)
/Manual page ls(1) line 74 (press h for help or q to quit)
       --hide=PATTERN
              do not list implied entries matching shell PAT‐
              TERN (overridden by -a or -A)

       --hyperlink[=WHEN]
              hyperlink file names WHEN help or q to quit)

       --indicator-style=WORD
              append  indicator  with  style  WORD  to  entry
              names: none (default),  slash  (-p),  file-type
              (--file-type), classify (-F)

       -i, --inode
              print the index number of each file
/l page ls(1) line 89/274 39% (press h for help or q to quit)
       -I, --ignore=PATTERN
              do not list implied entries matching shell PAT‐
              TERN

       -k, --kibibytes
              default to 1024-byte blocks for file system us‐
              age; used only with -s and per directory totals

       -l     use a long listing format

       -L, --dereference4 43% (press h for help or q to quit)
              when  showing  file  information for a symbolic
              link, show information for the  file  the  link
              references rather than for the link itself

       -m     fill  width  with a comma separated list of en‐
              tries

       -n, --numeric-uid-gid
              like -l, but list numeric user and group IDs

       -N, --literal
              print entry names without quoting

...skipping...ine 114/274 48% (press h for help or q to quit)
       -p, --indicator-style=slash
              append / indicator to directories

       -q, --hide-control-chars
              print ? instead of nongraphic characters

       --show-control-chars
              show nongraphic characters as-is (the  default,
              unless  program  is 'ls' and output is a termi‐
              nal)

       -Q, --quote-name
              enclose entry names in double quotes

       --quoting-style=WORD
              use quoting style WORD for  entry  names:  lit‐
              eral,  locale,  shell,  shell-always, shell-es‐
              cape, shell-escape-always, c, escape (overrides
              QUOTING_STYLE environment variable)r q to quit)

       -r, --reverse
              reverse order while sorting

       -R, --recursive
              list subdirectories recursivelylp or q to quit)

       -s, --size
              print  the  allocated  size  of  each  file, in
              blocks

       -S     sort by file size, largest first

>ITINF25/lektion1 148/274 60% (press h for help or q to quit)
$ man lnITINF25/lektion1
$ man ln
LN(1)                   User Commands                   LN(1)

NAME
       ln - make links between files

SYNOPSIS
       ln [OPTION]... [-T] TARGET LINK_NAME
       ln [OPTION]... TARGET
       ln [OPTION]... TARGET... DIRECTORY
       ln [OPTION]... -t DIRECTORY TARGET...

DESCRIPTION
       In the 1st form, create a link to TARGET with the name
       LINK_NAME.  In the 2nd form, create a link  to  TARGET
       in  the  current directory.  In the 3rd and 4th forms,
       create links to each TARGET in DIRECTORY.  Create hard
       links  by default, symbolic links with --symbolic.  By
       default, each destination (name of  new  link)  should
LN(1)                   User Commands                   LN(1)

NAME
       ln - make links between files

SYNOPSIS
       ln [OPTION]... [-T] TARGET LINK_NAME
       ln [OPTION]... TARGET
       ln [OPTION]... TARGET... DIRECTORY
       ln [OPTION]... -t DIRECTORY TARGET...

DESCRIPTION
       In the 1st form, create a link to TARGET with the name
       LINK_NAME.  In the 2nd form, create a link  to  TARGET
       in  the  current directory.  In the 3rd and 4th forms,
       create links to each TARGET in DIRECTORY.  Create hard
       links  by default, symbolic links with --symbolic.  By
       default, each destination (name of  new  link)  should
LN(1)                   User Commands                   LN(1)

NAME
       ln - make links between files

SYNOPSIS
       ln [OPTION]... [-T] TARGET LINK_NAME
       ln [OPTION]... TARGET
       ln [OPTION]... TARGET... DIRECTORY
       ln [OPTION]... -t DIRECTORY TARGET...

DESCRIPTION
       In the 1st form, create a link to TARGET with the name
       LINK_NAME.  In the 2nd form, create a link  to  TARGET
       in  the  current directory.  In the 3rd and 4th forms,
       create links to each TARGET in DIRECTORY.  Create hard
       links  by default, symbolic links with --symbolic.  By
       default, each destination (name of  new  link)  should
       not  already  exist.   When  creating hard links, each
       TARGET must exist.  Symbolic links can hold  arbitrary
       text;  if  later  resolved,  a relative link is inter‐
       preted in relation to its parent directory.

       Mandatory arguments to long options are mandatory  for
       short options too.

       --backup[=CONTROL]
              make a backup of each existing destination file

       -b     like --backup but does not accept an argument

       -d, -F, --directory
              allow the superuser to attempt to hard link di‐
              rectories (note: will probably fail due to sys‐
              tem restrictions, even for the superuser) quit)

       -f, --force
...skipping...line 20/125 35% (press h for help or q to quit)
              dereference TARGETs that are symbolic links

       -n, --no-dereference
              treat  LINK_NAME  as  a  normal file if it is a
              symbolic link to a directory

       -P, --physical
              make hard links directly to symbolic links

       -r, --relative
              with -s, create links relative to link location

       -s, --symbolic
              make symbolic links instead of hard links

       -S, --suffix=SUFFIX
              override the usual backup suffix

       -t, --target-directory=DIRECTORYfor help or q to quit)
              specify the DIRECTORY in which  to  create  the
              links46/125 56% (press h for help or q to quit)
 ESESCOBln(1) line 47/125 57% (press h for help or q to quit)
       -T, --no-target-directoryress h for help or q to quit)
              treat LINK_NAME as a normal file alwaysto quit)
 ESESCOBln(1) line 50/125 59% (press h for help or q to quit)
       -v, --verbose1/125 59% (press h for help or q to quit)
              print name of each linked fileelp or q to quit)
 ESESCOBln(1) line 53/125 61% (press h for help or q to quit)
       --help display this help and exitor help or q to quit)
>ITINF25/lektion1e 55/125 62% (press h for help or q to quit)
$ ls
katalog  recordings
ITINF25/lektion1
$ l-slinlinlinlinjlinulinnlinklinlinlinlinlinmlinjlinulinklin


ITINF25/lektion1
$ ls -i *ITINF25/lektion1
$ ls -i *
katalog:

minmjuklink:

recordings:
93722066 090306_cleaned.html  93721981 090306.txt
93722048 090306_cleaned.txt   93722099 133059_timing.txt
93722018 090306_timing.txt    93722096 133059.txt
ITINF25/lektion1
$ ls -i ITINF25/lektion1
$ ls -i
93722113 katalog  93722114 minmjuklink	93721943 recordings
ITINF25/lektion1
$ rtocuh katalog/hejfil.txt
bash: tocuh: command not found
ITINF25/lektion1
tocuh katalog/hejfil.tx katalog/hejfil.tx katalog/hejfil.tx katalog/hejfil.txu katalog/hejfil.txc katalog/hejfil.txh katalog/hejfil.tx
ITINF25/lektion1
ls -iminmjuklinkITINF25/lektion1
$ ls minmjuklink
hejfil.txt
ITINF25/lektion1
$ ls katalog/
hejfil.txt
ITINF25/lektion1
$ ITINF25/lektion1
$ touc
nano grfrukt
>ITINF25/lektion1e: frukt [ Writing... ] [ Wrote 4 lines ]      Y Yes        
$ ln frukt gronsaker
ITINF25/lektion1
$ ls -i 
93722158 frukt	    93722113 katalog	  93721943 recordings
93722158 gronsaker  93722114 minmjuklink
ITINF25/lektion1
$ stat frukt 
  File: frukt
  Size: 20        	Blocks: 8          IO Block: 4096   regular file
Device: 253,1	Inode: 93722158    Links: 2
Access: (0644/-rw-r--r--)  Uid: ( 1000/    kent)   Gid: ( 1000/    kent)
Access: 2025-09-16 13:38:11.704341041 +0200
Modify: 2025-09-16 13:38:01.076107057 +0200
Change: 2025-09-16 13:38:11.600338751 +0200
 Birth: 2025-09-16 13:38:01.076107057 +0200
ITINF25/lektion1
$ ls
frukt  gronsaker  katalog  minmjuklink	recordings
ITINF25/lektion1
$ stast recordings/

090306_cleaned.html  090306.txt
090306_cleaned.txt   133059_timing.txt
090306_timing.txt    133059.txt
ITINF25/lektion1
$ stat recordings/090306

090306_cleaned.html  090306_timing.txt
090306_cleaned.txt   090306.txt
ITINF25/lektion1
$ stat recordings/090306_c
leaned.html ITINF25/lektion1
$ stat recordings/090306_cleaned.html 
  File: recordings/090306_cleaned.html
  Size: 23199     	Blocks: 48         IO Block: 4096   regular file
Device: 253,1	Inode: 93722066    Links: 1
Access: (0644/-rw-r--r--)  Uid: ( 1000/    kent)   Gid: ( 1000/    kent)
Access: 2025-09-16 13:31:11.015108559 +0200
Modify: 2025-09-16 13:30:55.702773999 +0200
Change: 2025-09-16 13:30:55.702773999 +0200
 Birth: 2025-09-16 13:30:55.698773911 +0200
ITINF25/lektion1
lsstat frukt ings/090306_cleaned.html 
  File: frukt
  Size: 20        	Blocks: 8          IO Block: 4096   regular file
Device: 253,1	Inode: 93722158    Links: 2
Access: (0644/-rw-r--r--)  Uid: ( 1000/    kent)   Gid: ( 1000/    kent)
Access: 2025-09-16 13:38:11.704341041 +0200
Modify: 2025-09-16 13:38:01.076107057 +0200
Change: 2025-09-16 13:38:11.600338751 +0200
 Birth: 2025-09-16 13:38:01.076107057 +0200
ITINF25/lektion1
$ ITINF25/lektion1
$ ls
frukt  gronsaker  katalog  minmjuklink	recordings
ITINF25/lektion1
$ rm frukt



cat frukt 
apple
citron
gurka

ITINF25/lektion1
$ cat gronsaker 
apple
citron
gurka

ITINF25/lektion1
$ nano frukt 
>ITINF25/lektion1e: frukt [ Writing... ] [ Wrote 5 lines ]      Y Yes                          
$ cat gronsaker ITINF25/lektion1
$ cat gronsaker 
apple
citron
gurka
banan

ITINF25/lektion1
nano fruktsaker 






rm frukt 
ITINF25/lektion1
$ ITINF25/lektion1
$ ls
gronsaker  katalog  minmjuklink  recordings
ITINF25/lektion1
$ cat gronsaker 
apple
citron
gurka
banan

ITINF25/lektion1
$ stat gronsaker ITINF25/lektion1
$ stat gronsaker 
  File: gronsaker
  Size: 26        	Blocks: 8          IO Block: 4096   regular file
Device: 253,1	Inode: 93722158    Links: 1
Access: (0644/-rw-r--r--)  Uid: ( 1000/    kent)   Gid: ( 1000/    kent)
Access: 2025-09-16 13:41:36.452853489 +0200
Modify: 2025-09-16 13:41:09.548260072 +0200
Change: 2025-09-16 13:41:29.552701285 +0200
 Birth: 2025-09-16 13:38:01.076107057 +0200
ITINF25/lektion1
$ ITINF25/lektion1
$ ls -l
total 12
-rw-r--r-- 1 kent kent   26 Sep 16 13:41 gronsaker
drwxr-xr-x 2 kent kent 4096 Sep 16 13:35 katalog
lrwxrwxrwx 1 kent kent    8 Sep 16 13:34 minmjuklink -> katalog/
drwxr-xr-x 2 kent kent 4096 Sep 16 13:30 recordings
ITINF25/lektion1
$ rmdir katalog/
rmdir: failed to remove 'katalog/': Directory not empty
ITINF25/lektion1
$ rmdir katalog katalog katalog katalog katalog- katalogr katalog
ITINF25/lektion1
$ ITINF25/lektion1
ls -l-r katalog/
total 8
-rw-r--r-- 1 kent kent   26 Sep 16 13:41 gronsaker
lrwxrwxrwx 1 kent kent    8 Sep 16 13:34 minmjuklink -> katalog/
drwxr-xr-x 2 kent kent 4096 Sep 16 13:30 recordings
ITINF25/lektion1
$ cart miin
nmjuklink 
cat: minmjuklink: No such file or directory
ITINF25/lektion1
$ mkdir katalog
ITINF25/lektion1
$ tocuuch tokatalog/tomfil
ITINF25/lektion1
cat minmjuklink/tomfil
lsITINF25/lektion1
$ ls minmjuklink
tomfil
ITINF25/lektion1
$ ls -l
total 12
-rw-r--r-- 1 kent kent   26 Sep 16 13:41 gronsaker
drwxr-xr-x 2 kent kent 4096 Sep 16 13:45 katalog
lrwxrwxrwx 1 kent kent    8 Sep 16 13:34 minmjuklink -> katalog/
drwxr-xr-x 2 kent kent 4096 Sep 16 13:30 recordings
ITINF25/lektion1
$ ITINF25/lektion1
$ touch .hemlig
ITINF25/lektion1
$ ls
gronsaker  katalog  minmjuklink  recordings
ITINF25/lektion1
$ nano .jhemlig
>ITINF25/lektion1e: .hemlig [ Writing... ] [ Wrote 2 lines ]    Y Yes                          
$ ls
gronsaker  katalog  minmjuklink  recordings
ITINF25/lektion1
$ ITINF25/lektion1
$ ls -A
gronsaker  .hemlig  katalog  minmjuklink  recordings
ITINF25/lektion1
$ ls -a
.  ..  gronsaker  .hemlig  katalog  minmjuklink  recordings
ITINF25/lektion1
$ ITINF25/lektion1
$ pwd
/shared/kent/Documents/nackademin/linux1/l1-live/ITINF25/lektion1
ITINF25/lektion1
$ ls
gronsaker  katalog  minmjuklink  recordings
ITINF25/lektion1
$ ls /etc
adduser.conf		       lvm
adjtime			       lynx
aliases			       machine-id
alsa			       magic
alternatives		       magic.mime
anacrontab		       mailcap
apache2			       mailcap.order
apg.conf		       mailname
apparmor		       mail.rc
apparmor.d		       manpath.config
appstream.conf		       maven
apt			       mdadm
avahi			       mdevctl.d
bash.bashrc		       mime.types
bash_completion		       mke2fs.conf
bash_completion.d	       ModemManager
bindresvport.blacklist	       modprobe.d
binfmt.d		       modules
bluetooth		       modules-load.d
bogofilter.cf		       motd
ca-certificates		       mtab
ca-certificates.conf	       mtools.conf
ca-certificates.conf.dpkg-old  mysql
catdocrc		       nanorc
chatscripts		       netconfig
chromium		       network
cni			       NetworkManager
console-setup		       networks
containerd		       nfs.conf
containers		       nfs.conf.d
cracklib		       nftables.conf
cron.d			       nsswitch.conf
cron.daily		       ODBCDataSources
cron.hourly		       odbc.ini
cron.monthly		       odbcinst.ini
crontab			       openal
cron.weekly		       openni2
cron.yearly		       opt
cryptsetup-initramfs	       os-release
crypttab		       PackageKit
cups			       pam.conf
cupshelpers		       pam.d
dbus-1			       papersize
dconf			       passwd
debconf.conf		       passwd-
debian_version		       perl
debsig			       pki
debuginfod		       plymouth
default			       polkit-1
deluser.conf		       popularity-contest.conf
dhcp			       ppp
dictionaries-common	       profile
discover.conf.d		       profile.d
discover-modprobe.conf	       protocols
docker			       pulse
dpkg			       python3
dput.cf			       python3.11
e2scrub.conf		       qemu-ifdown
elinks			       qemu-ifup
emacs			       rc0.d
email-addresses		       rc1.d
environment		       rc2.d
environment.d		       rc3.d
ethertypes		       rc4.d
exim4			       rc5.d
exports			       rc6.d
firefox-esr		       rcS.d
fish			       reportbug.conf
fonts			       request-key.conf
fstab			       request-key.d
fstab.bak		       resolv.conf
fuse.conf		       rmt
fwupd			       rpc
gai.conf		       runit
gconf			       rygel.conf
gdb			       sane.d
gdm3			       sasl2
geoclue			       security
ghostscript		       selinux
gimp			       sensors3.conf
glvnd			       sensors.d
gnome			       services
gnome-chess		       sgml
GNUstep			       shadow
gprofng.rc		       shadow-
groff			       shells
group			       signon-ui
group-			       skel
grub.d			       smartd.conf
gshadow			       smartmontools
gshadow-		       snmp
gss			       speech-dispatcher
gtk-2.0			       ssh
gtk-3.0			       ssl
host.conf		       subgid
hostname		       subgid-
hosts			       subuid
hosts.allow		       subuid-
hosts.deny		       sudo.conf
idmapd.conf		       sudoers
ifplugd			       sudoers.d
igfx_user_feature_next.txt     sudo_logsrvd.conf
igfx_user_feature.txt	       sv
ImageMagick-6		       swtpm-localca.conf
init.d			       swtpm-localca.options
initramfs-tools		       swtpm_setup.conf
inputrc			       sysctl.conf
insserv.conf.d		       sysctl.d
ipp-usb			       sysstat
iproute2		       systemd
issue			       terminfo
issue.net		       texmf
java			       timezone
java-17-openjdk		       timidity
kernel			       tmpfiles.d
kernel-img.conf		       ucf.conf
keyutils		       udev
ldap			       udisks2
ld.so.cache		       ufw
ld.so.conf		       updatedb.conf
ld.so.conf.d		       update-motd.d
libao.conf		       UPower
libaudit.conf		       usb_modeswitch.conf
libblockdev		       usb_modeswitch.d
libguestfs-tools.conf	       vbox
libibverbs.d		       vdpau_wrapper.cfg
libnl-3			       vim
libpaper.d		       virt-builder
libreoffice		       vulkan
libvirt			       w3m
lightdm			       wgetrc
lighttpd		       wpa_supplicant
locale.alias		       X11
locale.gen		       xattr.conf
localtime		       xdg
logcheck		       xfce4
login.defs		       xml
logrotate.conf		       zsh
logrotate.d
ITINF25/lektion1
$ ITINF25/lektion1
$ nano minfil
>ITINF25/lektion1e: minfil [ Writing... ] [ Wrote 6 lines ]     Y Yes        
nano minfilil
>ITINF25/lektion1e: minfil [ Writing... ] [ Wrote 7 lines ]     Y Yes                          
$ less minfil
Min fina fil:

Todo:

- Köp fil
- Köp cornflakes

 ESESCOBEND)
...skipping...
Min fina fil:

Todo:

- Köp fil
- Köp cornflakes

~
~
~
~
~
~
~
~
~
~
~

 ESESCOB
 ESESCOC






~
~
~
~
~
~
~
~
~
~
~
 ESESCODMin fina fil:

Todo:

- Köp fil
- Köp cornflakes

~
~
~
~
~
~
~
~
~
~
~
 ESESCOA
 ESESCOC






~
~
~
~
~
~
~
~
~
~
~
 ESESCODMin fina fil:

Todo:

- Köp fil
- Köp cornflakes

~
~
~
~
~
~
~
~
~
~
~
 ESESCOA
>ITINF25/lektion1
$ seq 1 1000 > langfil
ITINF25/lektion1
$ ITINF25/lektion1
$ less langfil 
1
2
3
4
5
6
7
8
9
10
11
12
13
14
15
16
17
18
19SESCOB
20SESCOB
21SESCOB
22SESCOB
23SESCOB
24SESCOB
25SESCOB
26SESCOB
27SESCOB
28SESCOB
29SESCOB
30SESCOB
31SESCOB
32SESCOB
33SESCOB
34SESCOB
35SESCOB
36SESCOB
37SESCOB
38SESCOB
39SESCOB
40SESCOB
41SESCOB
42SESCOB
43SESCOB
44SESCOB
45SESCOB
46SESCOB
47SESCOB
48SESCOB
49SESCOB
50SESCOB
51SESCOB
52SESCOB
53SESCOB
54SESCOB
55SESCOB
56SESCOB
57SESCOB
58SESCOB
59SESCOB
60SESCOB
61SESCOB
62SESCOB
63SESCOB
64SESCOB
65SESCOB
66SESCOB
67SESCOB
68SESCOB
69SESCOB
70SESCOB
71SESCOB
72SESCOB
73SESCOB
74SESCOB
75SESCOB
76SESCOB
77SESCOB
78SESCOB
79SESCOB
80SESCOB
81SESCOB
82SESCOB
M64ESCOA
M63ESCOA
M62ESCOA
M61ESCOA
M60ESCOA
M59ESCOA
M58ESCOA
M57ESCOA
M56ESCOA
M55ESCOA
M54ESCOA
M53ESCOA
M52ESCOA
M51ESCOA
M50ESCOA
M49ESCOA
M48ESCOA
M47ESCOA
M46ESCOA
M45ESCOA
M44ESCOA
M43ESCOA
M42ESCOA
M41ESCOA
M40ESCOA
M39ESCOA
M38ESCOA
M37ESCOA
M36ESCOA
M35ESCOA
M34ESCOA
M33ESCOA
M32ESCOA
M31ESCOA
M30ESCOA
M29ESCOA
M28ESCOA
M27ESCOA
M26ESCOA
M25ESCOA
M24ESCOA
M23ESCOA
M22ESCOA
M21ESCOA
M20ESCOA
M19ESCOA
M18ESCOA
M17ESCOA
M16ESCOA
M15ESCOA
M14ESCOA
M13ESCOA
M12ESCOA
M11ESCOA
M10ESCOA
M9SESCOA
M8SESCOA
M7SESCOA
M6SESCOA
M5SESCOA
M4SESCOA
M3SESCOA
M2SESCOA
M1SESCOA
 ESESCOA
 ESESCOA
19SESCOB
20SESCOB
21SESCOB
22SESCOB
23SESCOB
24SESCOB
25SESCOB
26SESCOB
27SESCOB
28SESCOB
29SESCOB
30SESCOB
31SESCOB
32SESCOB
33SESCOB
34SESCOB
35SESCOB
36SESCOB
37SESCOB
38SESCOB
39SESCOB
40SESCOB
41SESCOB
42SESCOB
43SESCOB
44SESCOB
45SESCOB
46SESCOB
47SESCOB
48SESCOB
49SESCOB
50SESCOB
51SESCOB
52SESCOB
53SESCOB
54SESCOB
55SESCOB
56SESCOB
57SESCOB
58SESCOB
59SESCOB
60SESCOB
61SESCOB
62SESCOB
63SESCOB
64SESCOB
65SESCOB
66SESCOB
67SESCOB
68SESCOB
69SESCOB
70SESCOB
71SESCOB
72SESCOB
73SESCOB
74SESCOB
75SESCOB
76SESCOB
77SESCOB
M59ESCOA
M58ESCOA
M57ESCOA
M56ESCOA
M55ESCOA
M54ESCOA
M53ESCOA
M52ESCOA
M51ESCOA
M50ESCOA
M49ESCOA
M48ESCOA
M47ESCOA
M46ESCOA
M45ESCOA
M44ESCOA
M43ESCOA
M42ESCOA
M41ESCOA
M40ESCOA
M39ESCOA
M38ESCOA
M37ESCOA
M36ESCOA
M35ESCOA
M34ESCOA
M33ESCOA
M32ESCOA
M31ESCOA
M30ESCOA
M29ESCOA
M28ESCOA
M27ESCOA
M26ESCOA
M25ESCOA
M24ESCOA
M23ESCOA
M22ESCOA
M21ESCOA
M20ESCOA
M19ESCOA
M18ESCOA
M17ESCOA
M16ESCOA
M15ESCOA
M14ESCOA
M13ESCOA
M12ESCOA
M11ESCOA
M10ESCOA
M9SESCOA
M8SESCOA
M7SESCOA
M6SESCOA
M5SESCOA
M4SESCOA
M3SESCOA
M2SESCOA
M1SESCOA
 ESESCOA
 ESESCOA
1100
2
3
4
5
6
7
8
9
10
11
12
13
14
15
16
17
18
1
2
3
4
5
6
7
8
9
10
11
12
13
14
15
16
17
18
...skipping...
100
101
102
103
104
105
106
107
108
109
110
111
112
113
114
115
116
117
...skipping...
1000
~
~
~
~
~
~
~
~
~
~
~
~
~
~
~
~
~
M999SCOA
M998SCOA
M997SCOA
M996SCOA
M995SCOA
M994SCOA
M993SCOA
M992SCOA
M991SCOA
M990SCOA
M989SCOA
M988SCOA
M987SCOA
M986SCOA
M985SCOA
M984SCOA
M983SCOA
M982SCOA
M981SCOA
M980SCOA
M979SCOA
M978SCOA
M977SCOA
M976SCOA
M975SCOA
M974SCOA
M973SCOA
M972SCOA
M971SCOA
M970SCOA
>ITINF25/lektion1
$ more langfil 
1
2
3
4
5
6
7
8
9
10
11
12
13
14
15
16
17
18
19More--(1%)
20
21
22
23
24
25
26
27
28
29
30
31
32
33
34
35
36
37More--(2%)
38
39
40
41
42
43
44
45
46
47
48
49
50
51
52
53
54
55More--(3%)
56
57
58
59
60
61
62
63
64
65
66
67
68
69
70
71
72
73More--(5%)
74
75
76
77
78
79
80
81
82
83
84
85
86
87
88
89
90
91More--(6%)
92
93
94
95
96
97
98
99
100
101
102
103
104
105
106
107
108
109ore--(8%)
110
111
112
113
114
115
116
117
118
119
120
121
122
123
124
125
126
127ore--(10%)
128
129
130
131
132
133
134
135
136
137
138
139
140
141
142
143
144
145ore--(12%)
146
147
148
149
150
151
152
153
154
155
156
157
158
159
160
161
162
163ore--(13%)
164
165
166
167
168
169
170
171
172
173
174
175
176
177
178
179
180
181ore--(15%)
182
183
184
185
186
187
188
189
190
191
192
193
194
195
196
197
198
199ore--(17%)
200
201
202
203
204
205
206
207
208
209
210
211
212
213
214
215
216
217ore--(19%)
218
219
220
221
222
223
224
225
226
227
228
229
230
231
232
233
234
235ore--(21%)
236
237
238
239
240
241
242
243
244
245
246
247
248
249
250
251
252
253ore--(23%)
254
255
256
257
258
259
260
261
262
263
264
265
266
267
268
269
270
271ore--(24%)
272
273
274
275
276
277
278
279
280
281
282
283
284
285
286
287
288
289ore--(26%)
290
291
292
293
294
295
296
297
298
299
300
301
302
303
304
305
306
307ore--(28%)
308
309
310
311
312
313
314
315
316
317
318
319
320
321
322
323
324
325ore--(30%)
326
327
328
329
330
331
332
333
334
335
336
337
338
339
340
341
342
343ore--(32%)
344
345
346
347
348
349
350
351
352
353
354
355
356
357
358
359
360
361ore--(34%)
362
363
364
365
366
367
368
369
370
371
372
373
374
375
376
377
378
379ore--(36%)
380
381
382
383
384
385
386
387
388
389
390
391
392
393
394
395
396
397ore--(37%)
398
399
400
401
402
403
404
405
406
407
408
409
410
411
412
413
414
415ore--(39%)
416
417
418
419
420
421
422
423
424
425
426
427
428
429
430
431
432
433ore--(41%)
434
435
436
437
438
439
440
441
442
443
444
445
446
447
448
449
450
451ore--(43%)
452
453
454
455
456
457
458
459
460
461
462
463
464
465
466
467
468
469ore--(45%)
470
471
472
473
474
475
476
477
478
479
480
481
482
483
484
485
486
487ore--(47%)
488
489
490
491
492
493
494
495
496
497
498
499
500
501
502
503
504
505ore--(49%)
506
507
508
509
510
511
512
513
514
515
516
517
518
519
520
521
522
523ore--(50%)
524
525
526
527
528
529
530
531
532
533
534
535
536
537
538
539
540
...back 1 page
504
505
506
507
508
509
510
511
512
513
514
515
516
517
518
519
520
521
...back 1 page
485
486
487
488
489
490
491
492
493
494
495
496
497
498
499
500
501
502
...back 1 page
466
467
468
469
470
471
472
473
474
475
476
477
478
479
480
481
482
483
...back 1 page
447
448
449
450
451
452
453
454
455
456
457
458
459
460
461
462
463
464
...back 1 page
428
429
430
431
432
433
434
435
436
437
438
439
440
441
442
443
444
445
...back 1 page
409
410
411
412
413
414
415
416
417
418
419
420
421
422
423
424
425
426
...back 1 page
390
391
392
393
394
395
396
397
398
399
400
401
402
403
404
405
406
407
...back 1 page
371
372
373
374
375
376
377
378
379
380
381
382
383
384
385
386
387
388
...back 1 page
352
353
354
355
356
357
358
359
360
361
362
363
364
365
366
367
368
369
...back 1 page
333
334
335
336
337
338
339
340
341
342
343
344
345
346
347
348
349
350
...back 1 page
314
315
316
317
318
319
320
321
322
323
324
325
326
327
328
329
330
331
...back 1 page
295
296
297
298
299
300
301
302
303
304
305
306
307
308
309
310
311
312
...back 1 page
276
277
278
279
280
281
282
283
284
285
286
287
288
289
290
291
292
293
...back 1 page
257
258
259
260
261
262
263
264
265
266
267
268
269
270
271
272
273
274
/300re--(25%)
...skipping
298
299
300
301
302
303
304
305
306
307
308
309
310
311
312
313
314
ITINF25/lektion1
$ ITINF25/lektion1
$ cat langfil 
1
2
3
4
5
6
7
8
9
10
11
12
13
14
15
16
17
18
19
20
21
22
23
24
25
26
27
28
29
30
31
32
33
34
35
36
37
38
39
40
41
42
43
44
45
46
47
48
49
50
51
52
53
54
55
56
57
58
59
60
61
62
63
64
65
66
67
68
69
70
71
72
73
74
75
76
77
78
79
80
81
82
83
84
85
86
87
88
89
90
91
92
93
94
95
96
97
98
99
100
101
102
103
104
105
106
107
108
109
110
111
112
113
114
115
116
117
118
119
120
121
122
123
124
125
126
127
128
129
130
131
132
133
134
135
136
137
138
139
140
141
142
143
144
145
146
147
148
149
150
151
152
153
154
155
156
157
158
159
160
161
162
163
164
165
166
167
168
169
170
171
172
173
174
175
176
177
178
179
180
181
182
183
184
185
186
187
188
189
190
191
192
193
194
195
196
197
198
199
200
201
202
203
204
205
206
207
208
209
210
211
212
213
214
215
216
217
218
219
220
221
222
223
224
225
226
227
228
229
230
231
232
233
234
235
236
237
238
239
240
241
242
243
244
245
246
247
248
249
250
251
252
253
254
255
256
257
258
259
260
261
262
263
264
265
266
267
268
269
270
271
272
273
274
275
276
277
278
279
280
281
282
283
284
285
286
287
288
289
290
291
292
293
294
295
296
297
298
299
300
301
302
303
304
305
306
307
308
309
310
311
312
313
314
315
316
317
318
319
320
321
322
323
324
325
326
327
328
329
330
331
332
333
334
335
336
337
338
339
340
341
342
343
344
345
346
347
348
349
350
351
352
353
354
355
356
357
358
359
360
361
362
363
364
365
366
367
368
369
370
371
372
373
374
375
376
377
378
379
380
381
382
383
384
385
386
387
388
389
390
391
392
393
394
395
396
397
398
399
400
401
402
403
404
405
406
407
408
409
410
411
412
413
414
415
416
417
418
419
420
421
422
423
424
425
426
427
428
429
430
431
432
433
434
435
436
437
438
439
440
441
442
443
444
445
446
447
448
449
450
451
452
453
454
455
456
457
458
459
460
461
462
463
464
465
466
467
468
469
470
471
472
473
474
475
476
477
478
479
480
481
482
483
484
485
486
487
488
489
490
491
492
493
494
495
496
497
498
499
500
501
502
503
504
505
506
507
508
509
510
511
512
513
514
515
516
517
518
519
520
521
522
523
524
525
526
527
528
529
530
531
532
533
534
535
536
537
538
539
540
541
542
543
544
545
546
547
548
549
550
551
552
553
554
555
556
557
558
559
560
561
562
563
564
565
566
567
568
569
570
571
572
573
574
575
576
577
578
579
580
581
582
583
584
585
586
587
588
589
590
591
592
593
594
595
596
597
598
599
600
601
602
603
604
605
606
607
608
609
610
611
612
613
614
615
616
617
618
619
620
621
622
623
624
625
626
627
628
629
630
631
632
633
634
635
636
637
638
639
640
641
642
643
644
645
646
647
648
649
650
651
652
653
654
655
656
657
658
659
660
661
662
663
664
665
666
667
668
669
670
671
672
673
674
675
676
677
678
679
680
681
682
683
684
685
686
687
688
689
690
691
692
693
694
695
696
697
698
699
700
701
702
703
704
705
706
707
708
709
710
711
712
713
714
715
716
717
718
719
720
721
722
723
724
725
726
727
728
729
730
731
732
733
734
735
736
737
738
739
740
741
742
743
744
745
746
747
748
749
750
751
752
753
754
755
756
757
758
759
760
761
762
763
764
765
766
767
768
769
770
771
772
773
774
775
776
777
778
779
780
781
782
783
784
785
786
787
788
789
790
791
792
793
794
795
796
797
798
799
800
801
802
803
804
805
806
807
808
809
810
811
812
813
814
815
816
817
818
819
820
821
822
823
824
825
826
827
828
829
830
831
832
833
834
835
836
837
838
839
840
841
842
843
844
845
846
847
848
849
850
851
852
853
854
855
856
857
858
859
860
861
862
863
864
865
866
867
868
869
870
871
872
873
874
875
876
877
878
879
880
881
882
883
884
885
886
887
888
889
890
891
892
893
894
895
896
897
898
899
900
901
902
903
904
905
906
907
908
909
910
911
912
913
914
915
916
917
918
919
920
921
922
923
924
925
926
927
928
929
930
931
932
933
934
935
936
937
938
939
940
941
942
943
944
945
946
947
948
949
950
951
952
953
954
955
956
957
958
959
960
961
962
963
964
965
966
967
968
969
970
971
972
973
974
975
976
977
978
979
980
981
982
983
984
985
986
987
988
989
990
991
992
993
994
995
996
997
998
999
1000
ITINF25/lektion1
$ ls
gronsaker  katalog  langfil  minfil  minmjuklink  recordings
ITINF25/lektion1
$ cat gronsaker 
apple
citron
gurka
banan

ITINF25/lektion1
$ jskjsk
jeji
less gronsaker 
apple
citron
gurka
banan

>ITINF25/lektion1
$ ITINF25/lektion1
$ touch

ls
gronsaker  katalog  langfil  minfil  minmjuklink  recordings
ITINF25/lektion1
$ touch julklappar.txt
ITINF25/lektion1
$ ls -l
total 20
-rw-r--r-- 1 kent kent   26 Sep 16 13:41 gronsaker
-rw-r--r-- 1 kent kent    0 Sep 16 14:20 julklappar.txt
drwxr-xr-x 2 kent kent 4096 Sep 16 13:45 katalog
-rw-r--r-- 1 kent kent 3893 Sep 16 14:16 langfil
-rw-r--r-- 1 kent kent   52 Sep 16 14:13 minfil
lrwxrwxrwx 1 kent kent    8 Sep 16 13:34 minmjuklink -> katalog/
drwxr-xr-x 2 kent kent 4096 Sep 16 13:30 recordings
ITINF25/lektion1
$ nano julklappar.txt ITINF25/lektion1
$ nano julklappar.txt 
>ITINF25/lektion1e: julklappar.txt [ Writing... ] [ Wrote 2 lines ]es.txt                      
ls -lo julklappar.txt 
total 24
-rw-r--r-- 1 kent kent   26 Sep 16 13:41 gronsaker
-rw-r--r-- 1 kent kent    9 Sep 16 14:21 julklappar.txt
drwxr-xr-x 2 kent kent 4096 Sep 16 13:45 katalog
-rw-r--r-- 1 kent kent 3893 Sep 16 14:16 langfil
-rw-r--r-- 1 kent kent   52 Sep 16 14:13 minfil
lrwxrwxrwx 1 kent kent    8 Sep 16 13:34 minmjuklink -> katalog/
drwxr-xr-x 2 kent kent 4096 Sep 16 13:30 recordings
ITINF25/lektion1
$ cat kju
julklappar.txt 
fin rad

ITINF25/lektion1
$ ITINF25/lektion1
$ sudo apt update
[sudo] password for kent: 
Get:1 https://cli.github.com/packages stable InRelease [3,917 B]
Hit:2 http://deb.debian.org/debian bookworm InRelease         
Get:4 http://deb.debian.org/debian bookworm-updates InRelease [55.4 kB]
Get:5 http://deb.debian.org/debian bookworm-backports InRelease [59.4 kB]
Hit:6 https://download.docker.com/linux/debian bookworm InRelease
Hit:7 http://security.debian.org/debian-security bookworm-security InRelease
Hit:8 https://brave-browser-apt-release.s3.brave.com stable InRelease
Get:9 https://dl.google.com/linux/chrome/deb stable InRelease [1,825 B]
Hit:10 https://packages.microsoft.com/repos/code stable InRelease
Get:11 http://deb.debian.org/debian bookworm-backports/main i386 Packages.diff/Index [63.3 kB]
Get:12 http://deb.debian.org/debian bookworm-backports/main amd64 Packages.diff/Index [63.3 kB]
Hit:3 https://packages.kopia.io/apt stable InRelease          
Get:13 http://deb.debian.org/debian bookworm-backports/main i386 Packages T-2025-09-16-0808.40-F-2025-09-16-0808.40.pdiff [622 B]
Get:13 http://deb.debian.org/debian bookworm-backports/main i386 Packages T-2025-09-16-0808.40-F-2025-09-16-0808.40.pdiff [622 B]
Get:14 http://deb.debian.org/debian bookworm-backports/main amd64 Packages T-2025-09-16-0808.40-F-2025-09-16-0808.40.pdiff [614 B]
Get:14 http://deb.debian.org/debian bookworm-backports/main amd64 Packages T-2025-09-16-0808.40-F-2025-09-16-0808.40.pdiff [614 B]
Hit:15 http://download.virtualbox.org/virtualbox/debian bookworm InRelease
Get:16 https://pkgs.tailscale.com/stable/debian bookworm InRelease
Get:17 https://dl.google.com/linux/chrome/deb stable/main amd64 Packages [1,206 B]
Hit:18 https://dbeaver.io/debs/dbeaver-ce  InRelease       
Fetched 256 kB in 1s (267 kB/s)
Reading package lists... Done
Building dependency tree... Done
Reading state information... Done
27 packages can be upgraded. Run 'apt list --upgradable' to see them.
ITINF25/lektion1
$ sudo apt update      ^C
ITINF25/lektion1
$ sud
tree
.
├── gronsaker
├── julklappar.txt
├── katalog
│   └── tomfil
├── langfil
├── minfil
├── minmjuklink -> katalog/
└── recordings
    ├── 090306_cleaned.html
    ├── 090306_cleaned.txt
    ├── 090306_timing.txt
    ├── 090306.txt
    ├── 133059_timing.txt
    └── 133059.txt

4 directories, 11 files
ITINF25/lektion1
$ ITINF25/lektion1
sudo apt update  ^C
ITINF25/lektion1
$ teree





sudo apt install tree
Reading package lists... Done
Building dependency tree... Done
Reading state information... Done
tree is already the newest version (2.1.0-1).
The following packages were automatically installed and are no longer required:
  libwxbase3.2-1 libwxgtk3.2-1
  linux-headers-6.12.32+bpo-common linux-kbuild-6.12.32+bpo
  pahole wl-clipboard
Use 'sudo apt autoremove' to remove them.
0 upgraded, 0 newly installed, 0 to remove and 27 not upgraded.
ITINF25/lektion1
$ ITINF25/lektion1
$ ls
gronsaker	katalog  minfil       recordings
julklappar.txt	langfil  minmjuklink
ITINF25/lektion1
$ tree
.
├── gronsaker
├── julklappar.txt
├── katalog
│   └── tomfil
├── langfil
├── minfil
├── minmjuklink -> katalog/
└── recordings
    ├── 090306_cleaned.html
    ├── 090306_cleaned.txt
    ├── 090306_timing.txt
    ├── 090306.txt
    ├── 133059_timing.txt
    └── 133059.txt

4 directories, 11 files
ITINF25/lektion1
$ ITINF25/lektion1
$ tree katalog/
katalog/
└── tomfil

1 directory, 1 file
ITINF25/lektion1
$ ITINF25/lektion1
$ ls
gronsaker	katalog  minfil       recordings
julklappar.txt	langfil  minmjuklink
ITINF25/lektion1
$ cat gronsaker ITINF25/lektion1
$ cat gronsaker 
apple
citron
gurka
banan

ITINF25/lektion1
$ cp gronsaker godi/home/kent/godgodis
ITINF25/lektion1
$ ls
godis	   julklappar.txt  langfil  minmjuklink
gronsaker  katalog	   minfil   recordings
ITINF25/lektion1
$ mv godis gronsakerITINF25/lektion1
$ mv godis gronsaker.bak
ITINF25/lektion1
$ ls
gronsaker      julklappar.txt  langfil	minmjuklink
gronsaker.bak  katalog	       minfil	recordings
ITINF25/lektion1
$ rm julklappar.txt 
ITINF25/lektion1
$ ls
gronsaker      katalog	minfil	     recordings
gronsaker.bak  langfil	minmjuklink
ITINF25/lektion1
$ mv gr
onsakegr
onsaker.bak katalo













ITINF25/lektion1
$ ls
gronsaker      katalog	minfil	     recordings
gronsaker.bak  langfil	minmjuklink
ITINF25/lektion1
$ nano portkod.txt
>ITINF25/lektion1e: portkod.txt [ Writing... ] [ Wrote 2 lines ]Y Yes        
$ mv prortkod.txt prortkod.txt
ITINF25/lektion1
$ ITINF25/lektion1
$ ls
gronsaker      katalog	minfil	     portkod
gronsaker.bak  langfil	minmjuklink  recordings
ITINF25/lektion1
$ nano jjobbet-portkjood
>ITINF25/lektion1e: jobbet-portod [ Writing... ] [ Wrote 2 lines ]Yes        
$ mv jobbet-portod portkod






ITINF25/lektion1
$ ls -l
total 32
-rw-r--r-- 1 kent kent   26 Sep 16 13:41 gronsaker
-rw-r--r-- 1 kent kent   26 Sep 16 14:27 gronsaker.bak
-rw-r--r-- 1 kent kent    7 Sep 16 14:33 jobbet-portod
drwxr-xr-x 2 kent kent 4096 Sep 16 13:45 katalog
-rw-r--r-- 1 kent kent 3893 Sep 16 14:16 langfil
-rw-r--r-- 1 kent kent   52 Sep 16 14:13 minfil
lrwxrwxrwx 1 kent kent    8 Sep 16 13:34 minmjuklink -> katalog/
-rw-r--r-- 1 kent kent    6 Sep 16 14:32 portkod
drwxr-xr-x 2 kent kent 4096 Sep 16 13:30 recordings
ITINF25/lektion1
$ ITINF25/lektion1
$ ls
gronsaker      jobbet-portod  langfil  minmjuklink  recordings
gronsaker.bak  katalog	      minfil   portkod
ITINF25/lektion1
ls -lmv jobbet-portod portkod 
ITINF25/lektion1
$ cat porr
tkod 
98292

ITINF25/lektion1
$ nanop forening-kod
>ITINF25/lektion1e: forening-kod [ Writing... ] [ Wrote 2 lines ]               Y Yes        
$ mv forening-kod portkod ITINF25/lektion1
$ mv forening-kod portkod









mv: cannot stat 'portkod/': Not a directory
ITINF25/lektion1
$ mv forening-kod portkod







ITINF25/lektion1
$ mkdir nykat
ITINF25/lektion1
$ mkdir viktigt
ITINF25/lektion1
$ mv nykat/ viktigt/
ITINF25/lektion1
$ 
ls viktigt/
nykat
ITINF25/lektion1
$ ITINF25/lektion1
$ cp viktigt/ viktigt2











cp: -r not specified; omitting directory 'viktigt/'
ITINF25/lektion1
$ cp viktigt/ viktigt-r 
ITINF25/lektion1
$ ls vi
ktigt2/
nykat
ITINF25/lektion1
$ ITINF25/lektion1
$ mkdir tomkatalog
ITINF25/lektion1
$ ls
forening-kod  gronsaker.bak  langfil  minmjuklink  recordings  viktigt
gronsaker     katalog	     minfil   portkod	   tomkatalog  viktigt2
ITINF25/lektion1
$ rm -r tomkatalo tomkatalo tomkatalotomkatalod tomkataloi tomkatalor tomkatalo
ITINF25/lektion1
$ ls
forening-kod  gronsaker.bak  langfil  minmjuklink  recordings  viktigt2
gronsaker     katalog	     minfil   portkod	   viktigt
ITINF25/lektion1
$ ITINF25/lektion1
$ mkdir katmedfil
ITINF25/lektion1
$ touch ka
tmedfil/minfil
ITINF25/lektion1
$ rmdir ka
tmedfil/
rmdir: failed to remove 'katmedfil/': Directory not empty
ITINF25/lektion1
$ rm -r ka
tmedfil/
ITINF25/lektion1
$  
rmdir



rm -r




ITINF25/lektion1
$ nano bilmarken.txt
>ITINF25/lektion1e: bilmarken.txt [ Writing... ] [ Wrote 5 lines ]              Y Yes        
$ grep volv bilmarken.txt
volvo
ITINF25/lektion1
$ mkdir a
ITINF25/lektion1
mkdir a/b
ITINF25/lektion1
$ mkdir a/b/c
ITINF25/lektion1
$ cp bilmarken.txt a/b/c/
ITINF25/lektion1
$ tree aITINF25/lektion1
$ tree a
a
└── b
    └── c
        └── bilmarken.txt

3 directories, 1 file
ITINF25/lektion1
$ nano bilmarken.txt 
>ITINF25/lektion1e: bilmarken.txt [ Writing... ] [ Wrote 6 lines ]              Y Yes                          
$ nano a/b/c/bilmarken.txt 
>ITINF25/lektion1e: a/b/c/bilmarken.txt [ Writing... ] [ Wrote 7 lines ]        Y Yes                          
$ grep -R lnissan .ITINF25/lektion1
$ grep -R nissan .
./a/b/c/bilmarken.txt:nissan
ITINF25/lektion1
$ nano ./a/b/c/bilmarken.txt
./a/b/c/bilmarken.txt
>ITINF25/lektion1e: ./a/b/c/bilmarken.txt [ Writing... ] [ Wrote 6 lines ]      Y Yes                          
grep -R nissan .ilmarken.txt
./a/b/c/bilmarken.txt:nissan är bäst
ITINF25/lektion1
$ ITINF25/lektion1
$ ls
a	       gronsaker      langfil	   portkod     viktigt2
bilmarken.txt  gronsaker.bak  minfil	   recordings
forening-kod   katalog	      minmjuklink  viktigt
ITINF25/lektion1
$ ITINF25/lektion1
$ help cd
cd: cd [-L|[-P [-e]] [-@]] [dir]
    Change the shell working directory.
    
    Change the current directory to DIR.  The default DIR is the value of the
    HOME shell variable. If DIR is "-", it is converted to $OLDPWD.
    
    The variable CDPATH defines the search path for the directory containing
    DIR.  Alternative directory names in CDPATH are separated by a colon (:).
    A null directory name is the same as the current directory.  If DIR begins
    with a slash (/), then CDPATH is not used.
    
    If the directory is not found, and the shell option `cdable_vars' is set,
    the word is assumed to be  a variable name.  If that variable has a value,
    its value is used for DIR.
    
    Options:
      -L	force symbolic links to be followed: resolve symbolic
    		links in DIR after processing instances of `..'
      -P	use the physical directory structure without following
    		symbolic links: resolve symbolic links in DIR before
    		processing instances of `..'
      -e	if the -P option is supplied, and the current working
    		directory cannot be determined successfully, exit with
    		a non-zero status
      -@	on systems that support it, present a file with extended
    		attributes as a directory containing the file attributes
    
    The default is to follow symbolic links, as if `-L' were specified.
    `..' is processed by removing the immediately previous pathname component
    back to a slash or the beginning of DIR.
    
    Exit Status:
    Returns 0 if the directory is changed, and if $PWD is set successfully when
    -P is used; non-zero otherwise.
ITINF25/lektion1
$ ITINF25/lektion1
$ sudo apt install tldr ^C
ITINF25/lektion1
$ ITINF25/lektion1
$ tldr grep
grep

Find patterns in files using regular expressions.
More information: https://www.gnu.org/software/grep/manual/grep.html.

 - Search for a pattern within a file:
   grep "search_pattern" path/to/file

 - Search for an exact string (disables regular expressions):
   grep -F|--fixed-strings "exact_string" path/to/file

 - Search for a pattern in all files recursively in a directory, showing line numbers of matches, ignoring binary files:
   grep -r|--recursive -n|--line-number --binary-files without-match "search_pattern" path/to/directory

 - Use extended regular expressions (supports ?, +, {}, () and |), in case-insensitive mode:
   grep -E|--extended-regexp -i|--ignore-case "search_pattern" path/to/file

 - Print 3 lines of context around, before, or after each match:
   grep --context|before-context|after-context 3 "search_pattern" path/to/file

 - Print file name and line number for each match with color output:
   grep -H|--with-filename -n|--line-number --color=always "search_pattern" path/to/file

 - Search for lines matching a pattern, printing only the matched text:
   grep -o|--only-matching "search_pattern" path/to/file

 - Search stdin for lines that do not match a pattern:
   cat path/to/file | grep -v|--invert-match "search_pattern"
ITINF25/lektion1
$ ITINF25/lektion1
$ tldr cd
cd

Change the current working directory.
More information: https://manned.org/cd.

 - Go to the specified directory:
   cd path/to/directory

 - Go up to the parent of the current directory:
   cd ..

 - Go to the home directory of the current user:
   cd

 - Go to the home directory of the specified user:
   cd ~username

 - Go to the previously chosen directory:
   cd -

 - Go to the root directory:
   cd /
ITINF25/lektion1
$ ITINF25/lektion1
$ ls
a	       gronsaker      langfil	   portkod     viktigt2
bilmarken.txt  gronsaker.bak  minfil	   recordings
forening-kod   katalog	      minmjuklink  viktigt
ITINF25/lektion1
$ 
ITINF25/lektion1
$ ls
a	       gronsaker      langfil	   portkod     viktigt2
bilmarken.txt  gronsaker.bak  minfil	   recordings
forening-kod   katalog	      minmjuklink  viktigt
ITINF25/lektion1
$ lsre
 recordings/
090306_cleaned.html  090306_timing.txt	133059_timing.txt
090306_cleaned.txt   090306.txt		133059.txt
ITINF25/lektion1
$ lessre
 recordings/09030306
_
09
0306_c
leaned.txt ITINF25/lektion1
$ less recordings/090306_cleaned.txt 
Script started on 2025-09-16 09:03:15+02:00 [TERM="xterm-256color" TTY="/dev/pts/4" COLUMNS="58" LINES="21"]
ITINF25/lektion1
$ git







rm DEVOPS24/lektion16/prep.txt
DEVOPS24/lektion16/prep.txt
rm: cannot remove 'DEVOPS24/lektion16/prep.txt': No such file or directory
ITINF25/lektion1
$ git pull
Already up to date.
ITINF25/lektion1
$ ITINF25/lektion1
$ git rebase origin/main
Current branch 250916 is up to date.
ITINF25/lektion1
$ ITINF25/lektion1
$ ls
recordings
ITINF25/lektion1
$ man ls
LS(1)                   User Commands                   LS(1)

NAME
       ls - list directory contents

SYNOPSIS
       ls [OPTION]... [FILE]...

DESCRIPTION
       List  information  about the FILEs (the current direc‐
       tory by default).  Sort entries alphabetically if none
       of -cftuvSUX nor --sort is specified.

       Mandatory  arguments to long options are mandatory for
       short options too.

       -a, --all
              do not ignore entries starting with .
 ESESCOBpage ls(1) line 1 (press h for help or q to quit)
       -A, --almost-all 2 (press h for help or q to quit)
              do not list implied . and ..p or q to quit)
 ESESCOBpage ls(1) line 4 (press h for help or q to quit)
       --author(1) line 5 (press h for help or q to quit)
              with -l, print the author of each filequit)
 ESESCOBpage ls(1) line 7 (press h for help or q to quit)
       -b, --escapeline 8 (press h for help or q to quit)
              print C-style escapes for nongraphic characters
 ESESCOBpage ls(1) line 10 (press h for help or q to quit)
       --block-size=SIZE11 (press h for help or q to quit)
              with -l, scale  sizes  by  SIZE  when  printing
              them;  e.g.,  '--block-size=M'; see SIZE format
              belowline 14 (press h for help or q to quit)
 ESESCOBpage ls(1) line 15 (press h for help or q to quit)
       -B, --ignore-backups(press h for help or q to quit)
              do not list implied entries ending with ~it)
 ESESCOBpage ls(1) line 18 (press h for help or q to quit)
       -c     with -lt: sort by, and  show,  ctime  (time  of
              last  modification of file status information);
              with -l: show ctime and sort  by  name;  other‐
              wise: sort by ctime, newest first q to quit)
 ESESCOBpage ls(1) line 23 (press h for help or q to quit)
       -C     list entries by columnsor help or q to quit)
 ESESCOBpage ls(1) line 25 (press h for help or q to quit)
       --color[=WHEN]ne 26 (press h for help or q to quit)
              color the output WHEN; more info below quit)
 ESESCOBpage ls(1) line 28 (press h for help or q to quit)
       -d, --directorye 29 (press h for help or q to quit)
              list directories themselves, not their contents
 ESESCOBpage ls(1) line 31 (press h for help or q to quit)
       -D, --dired line 32 (press h for help or q to quit)
              generate output designed for Emacs' dired mode
 ESESCOBpage ls(1) line 34 (press h for help or q to quit)
       -f     list all entries in directory order to quit)
 ESESCOBpage ls(1) line 36 (press h for help or q to quit)
       -F, --classify[=WHEN]press h for help or q to quit)
              append  indicator  (one  of  */=>@|) to entries
              WHEN line 39 (press h for help or q to quit)
 ESESCOBpage ls(1) line 40 (press h for help or q to quit)
       --file-type line 41 (press h for help or q to quit)
              likewise, except do not append '*'q to quit)
 ESESCOBpage ls(1) line 43 (press h for help or q to quit)
       --format=WORDine 44 (press h for help or q to quit)
              across -x, commas -m, horizontal -x,  long  -l,
              single-column -1, verbose -l, vertical -Cit)
 ESESCOBpage ls(1) line 47 (press h for help or q to quit)
       --full-time line 48 (press h for help or q to quit)
              like -l --time-style=full-isop or q to quit)
 ESESCOBpage ls(1) line 50 (press h for help or q to quit)
       -g     like -l, but do not list owner or q to quit)
 ESESCOBpage ls(1) line 52 (press h for help or q to quit)
       --group-directories-firsts h for help or q to quit)
              group  directories  before  files;  can be aug‐
              mented with a --sort option,  but  any  use  of
              --sort=none (-U) disables groupingq to quit)
 ESESCOBpage ls(1) line 57 (press h for help or q to quit)
       -G, --no-groupne 58 (press h for help or q to quit)
              in a long listing, don't print group namest)
 ESESCOBpage ls(1) line 60 (press h for help or q to quit)
       -h, --human-readable(press h for help or q to quit)
              with  -l  and  -s,  print sizes like 1K 234M 2G
              etc. line 63 (press h for help or q to quit)
 ESESCOBpage ls(1) line 64 (press h for help or q to quit)
       --si   likewise, but use powers of 1000 not 1024it)
 ESESCOBpage ls(1) line 66 (press h for help or q to quit)
       -H, --dereference-command-lineor help or q to quit)
              follow symbolic links  listed  on  the  command
              line line 69 (press h for help or q to quit)
 ESESCOBpage ls(1) line 70 (press h for help or q to quit)
       --dereference-command-line-symlink-to-dirq to quit)
              follow  each  command  line  symbolic link that
              points to a directory for help or q to quit)
 ESESCOBpage ls(1) line 74 (press h for help or q to quit)
       --hide=PATTERNne 75 (press h for help or q to quit)
              do not list implied entries matching shell PAT‐
              TERN (overridden by -a or -A)p or q to quit)
 ESESCOBpage ls(1) line 78 (press h for help or q to quit)
       --hyperlink[=WHEN]9 (press h for help or q to quit)
              hyperlink file names WHEN help or q to quit)
 ESESCOBpage ls(1) line 81 (press h for help or q to quit)
       --indicator-style=WORDress h for help or q to quit)
              append  indicator  with  style  WORD  to  entry
              names: none (default),  slash  (-p),  file-type
              (--file-type), classify (-F)lp or q to quit)
 ESESCOBpage ls(1) line 86 (press h for help or q to quit)
       -i, --inode line 87 (press h for help or q to quit)
              print the index number of each file to quit)
 ESESCOBpage ls(1) line 89 (press h for help or q to quit)
       -I, --ignore=PATTERN(press h for help or q to quit)
              do not list implied entries matching shell PAT‐
              TERN line 92 (press h for help or q to quit)
 ESESCOBpage ls(1) line 93 (press h for help or q to quit)
>ITINF25/lektion1) line 94 (press h for help or q to quit)
$ ls +-i /
     12 bin             4055297 persistent-data
      2 boot                  1 proc
      1 dev              261644 root
 130817 etc                   1 run
 654083 home                 15 sbin
     33 initrd.img            2 shared
     31 initrd.img.old   261647 srv
     13 lib                  23 swapfile
     32 lib32                 1 sys
     14 lib64           1308162 tmp
     11 lost+found       523265 usr
1308161 media            392449 var
1177345 mnt                  16 vmlinuz
     19 opt                  20 vmlinuz.old
ITINF25/lektion1
$ cd /etc/ssh/ss



cd /etc/ssh
/etc/ssh $ ls
moduli          ssh_host_ecdsa_key
ssh_config      ssh_host_ecdsa_key.pub
ssh_config.bak  ssh_host_ed25519_key
ssh_config.d    ssh_host_ed25519_key.pub
sshd_config     ssh_host_rsa_key
sshd_config.d   ssh_host_rsa_key.pub
/etc/ssh $ /etc/ssh $ ls -a
.               sshd_config.d
..              ssh_host_ecdsa_key
moduli          ssh_host_ecdsa_key.pub
ssh_config      ssh_host_ed25519_key
ssh_config.bak  ssh_host_ed25519_key.pub
ssh_config.d    ssh_host_rsa_key
sshd_config     ssh_host_rsa_key.pub
/etc/ssh $ stat .
  File: .
  Size: 4096            Blocks: 8          IO Block: 4096   directory
Device: 253,0   Inode: 131691      Links: 4
Access: (0755/drwxr-xr-x)  Uid: (    0/    root)   Gid: (    0/    root)
Access: 2025-09-16 07:45:36.063691996 +0200
Modify: 2025-08-08 10:42:22.208508838 +0200
Change: 2025-08-08 10:42:22.208508838 +0200
 Birth: 2024-04-27 21:34:37.101516294 +0200
/etc/ssh $ cd. ..
/etc $ stat ssh
  File: ssh
  Size: 4096            Blocks: 8          IO Block: 4096   directory
Device: 253,0   Inode: 131691      Links: 4
Access: (0755/drwxr-xr-x)  Uid: (    0/    root)   Gid: (    0/    root)
Access: 2025-09-16 07:45:36.063691996 +0200
Modify: 2025-08-08 10:42:22.208508838 +0200
Change: 2025-08-08 10:42:22.208508838 +0200
 Birth: 2024-04-27 21:34:37.101516294 +0200
/etc $ 
/etc $ ccd -
/etc/ssh
/etc/ssh $ /etc/ssh $ cd -
/etc
/etc $ cd /home/kent/
~ $ ~ $ ls
 bin         Downloads   Public       'VirtualBox VMs'
 bokforing   Dropbox     Screenshots
 Desktop     Music       Templates
 Documents   Pictures    Videos
~ $ exit
exit

Script done on 2025-09-16 13:30:55+02:00 [COMMAND_EXIT_CODE="0"]
(END)
MDevice: 253,0   Inode: 131691      Links: 4
M  Size: 4096            Blocks: 8          IO Block: 4096   directory
M  File: ssh
M/etc $ stat ssh
M/etc/ssh $ cd. ..
M Birth: 2024-04-27 21:34:37.101516294 +0200
MChange: 2025-08-08 10:42:22.208508838 +0200
MModify: 2025-08-08 10:42:22.208508838 +0200
MAccess: 2025-09-16 07:45:36.063691996 +0200
MAccess: (0755/drwxr-xr-x)  Uid: (    0/    root)   Gid: (    0/    root)
MDevice: 253,0   Inode: 131691      Links: 4
M  Size: 4096            Blocks: 8          IO Block: 4096   directory
M  File: .
M/etc/ssh $ stat .
Msshd_config     ssh_host_rsa_key.pub
Mssh_config.d    ssh_host_rsa_key
Mssh_config.bak  ssh_host_ed25519_key.pub
Mssh_config      ssh_host_ed25519_key
Mmoduli          ssh_host_ecdsa_key.pub
M..              ssh_host_ecdsa_key
M.               sshd_config.d
M/etc/ssh $ /etc/ssh $ ls -a
Msshd_config.d   ssh_host_rsa_key.pub
Msshd_config     ssh_host_rsa_key
Mssh_config.d    ssh_host_ed25519_key.pub
Mssh_config.bak  ssh_host_ed25519_key
Mssh_config      ssh_host_ecdsa_key.pub
Mmoduli          ssh_host_ecdsa_key
M/etc/ssh $ ls
Mcd /etc/ssh
MESESCOA
MESESCOA
MESESCOA
M$ cd /etc/ssh/ss
MITINF25/lektion1
M     19 opt                  20 vmlinuz.old
M1177345 mnt                  16 vmlinuz
M1308161 media            392449 var
M     11 lost+found       523265 usr
M     14 lib64           1308162 tmp
M     32 lib32                 1 sys
M     13 lib                  23 swapfile
M     31 initrd.img.old   261647 srv
M     33 initrd.img            2 shared
M 654083 home                 15 sbin
M 130817 etc                   1 run
M      1 dev              261644 root
M      2 boot                  1 proc
M     12 bin             4055297 persistent-data
M$ ls +-i /
M>ITINF25/lektion1) line 94 (press h for help or q to quit)
:
:
M ESESCOBpage ls(1) line 93 (press h for help or q to quit)
M              TERN line 92 (press h for help or q to quit)
M              do not list implied entries matching shell PAT‐
M       -I, --ignore=PATTERN(press h for help or q to quit)
M ESESCOBpage ls(1) line 89 (press h for help or q to quit)
M              print the index number of each file to quit)
M       -i, --inode line 87 (press h for help or q to quit)
M ESESCOBpage ls(1) line 86 (press h for help or q to quit)
M              (--file-type), classify (-F)lp or q to quit)
M              names: none (default),  slash  (-p),  file-type
>ITINF25/
