Script started on 2025-09-22 14:51:47+02:00 [TERM="xterm-256color" TTY="/dev/pts/3" COLUMNS="65" LINES="13"]
ITINF25/lektion4
$ ITINF25/lektion4
$ ls
config	info.sh  recordings  ssh_hardening.txt
ITINF25/lektion4
$ cp info.sh userv3eer-kent/jdjids

















ITINF25/lektion4
$ man scp
SCP(1)            BSD General Commands Manual            SCP(1)

NAME
     scp â€” OpenSSH secure file copy

SYNOPSIS
     scp [-346ABCOpqRrsTv] [-c cipher] [-D sftp_server_path]
         [-F ssh_config] [-i identity_file] [-J destination]
         [-l limit] [-o ssh_option] [-P port] [-S program]
         [-X sftp_option] source ... target

DESCRIPTION
>ITINF25/lektion41) line 1 (press h for help or q to quit)
$ scp -p 10022 info.sh



























kent@localhost:
Warning: Permanently added 'localhost' (ED25519) to the list of known hosts.
kent@localhost's password: 
Permission denied, please try again.
kent@localhost's password: 
ITINF25/lektion4
$ scp -p 10022 info.sh kent@localhost:ITINF25/lektion4
$ scp -p 10022 info.sh kent@localhostP







Warning: Permanently added '[localhost]:10022' (ED25519) to the list of known hosts.
info.sh                        100%   40   136.5KB/s   00:00    
ITINF25/lektion4
$ scp -P 10022 info.sh kent@localhostkent@localhoskent@localhoskent@localhoskent@localhoskent@localhoskent@localhoskent@localhoskent@localhospITINF25/lektion4
$ scp -p 10022 kent@localhos
cp: cannot stat '10022': No such file or directory
ITINF25/lektion4
$ scp -p 10022 kent@localhosssh
Warning: Permanently added '[localhost]:10022' (ED25519) to the list of known hosts.
Welcome to Ubuntu 24.04 LTS (GNU/Linux 6.8.0-79-generic x86_64)

 * Documentation:  https://help.ubuntu.com
 * Management:     https://landscape.canonical.com
 * Support:        https://ubuntu.com/pro

 System information as of Mon Sep 22 12:54:59 PM UTC 2025

  System load:  0.0                Processes:               118
  Usage of /:   34.6% of 16.07GB   Users logged in:         1
  Memory usage: 12%                IPv4 address for enp0s3: 10.0.2.15
  Swap usage:   0%


Expanded Security Maintenance for Applications is not enabled.

175 updates can be applied immediately.
1 of these updates is a standard security update.
To see these additional updates run: apt list --upgradable

Enable ESM Apps to receive additional future security updates.
See https://ubuntu.com/esm or run: sudo pro status


1 updates could not be installed automatically. For more details,
see /var/log/unattended-upgrades/unattended-upgrades.log

*** System restart required ***
Last login: Mon Sep 22 12:42:51 2025 from 10.0.2.2
0;kent@ubsembr: ~
kent@ubsembr:~$ 0;kent@ubsembr: ~
kent@ubsembr:~$ pwd
/home/kent
0;kent@ubsembr: ~
kent@ubsembr:~$ ls
info.sh
0;kent@ubsembr: ~
kent@ubsembr:~$ ls -l
total 4
-rwxr-xr-x 1 kent kent 40 Sep 22 12:54 info.sh
0;kent@ubsembr: ~
kent@ubsembr:~$ eixxit
logout
Connection to localhost closed.
ITINF25/lektion4
$ ITINF25/lektion4
P 10022 info.sh kent@localhost
























server-kent

info.sh                        100%   40   148.3KB/s   00:00    
ITINF25/lektion4
$ scp info.sh server-kent:info2.s
info.sh                        100%   40   189.8KB/s   00:00    
ITINF25/lektion4
$ ssh ser
ver-kent ls
info2
info.sh
ITINF25/lektion4
cp info.sh server-kent:info/infohinfooinfominfoeinfokinfoeinfoinfoinfo/infokinfoeinfoninfotinfo/info





3ITINF25/lektion4
$ scp info.sh server-kent:/home/kent/info3
info.sh                        100%   40    72.6KB/s   00:00    
ITINF25/lektion4
sh server-kent lsver-kent:/home/kent/info3
info2
info3
info.sh
ITINF25/lektion4
$ ITINF25/lektion4
$ ssh server-kent ls
$ sserse-i-search)`':s': ssh server-kent lss': ssh server-kent lh': ssh







Welcome to Ubuntu 24.04 LTS (GNU/Linux 6.8.0-79-generic x86_64)

 * Documentation:  https://help.ubuntu.com
 * Management:     https://landscape.canonical.com
 * Support:        https://ubuntu.com/pro

 System information as of Mon Sep 22 12:59:41 PM UTC 2025

  System load:  0.0                Processes:               120
  Usage of /:   34.6% of 16.07GB   Users logged in:         1
  Memory usage: 11%                IPv4 address for enp0s3: 10.0.2.15
  Swap usage:   0%


Expanded Security Maintenance for Applications is not enabled.

175 updates can be applied immediately.
1 of these updates is a standard security update.
To see these additional updates run: apt list --upgradable

Enable ESM Apps to receive additional future security updates.
See https://ubuntu.com/esm or run: sudo pro status


1 updates could not be installed automatically. For more details,
see /var/log/unattended-upgrades/unattended-upgrades.log

*** System restart required ***
Last login: Mon Sep 22 12:55:21 2025 from 10.0.2.2
0;kent@ubsembr: ~
kent@ubsembr:~$ cp uin
inf
o.sh supweerinfo.sh
0;kent@ubsembr: ~
kent@ubsembr:~$ nano superinfo.sh 
>0;kent@ubsembr: ~: superinfo.sh [ Writing... ] [ Wrote 5 lines ] Y Yessh                        
kent@ubsembr:~$ 0;kent@ubsembr: ~
kent@ubsembr:~$ sudo apt install figlet
[sudo] password for kent: 
Reading package lists... Done
Building dependency tree... Done
Reading state information... Done
The following NEW packages will be installed:
  figlet
0 upgraded, 1 newly installed, 0 to remove and 169 not upgraded.
Need to get 133 kB of archives.
After this operation, 752 kB of additional disk space will be used.
Get:1 http://se.archive.ubuntu.com/ubuntu noble/universe amd64 figlet amd64 2.2.5-3 [133 kB]
Fetched 133 kB in 0s (348 kB/s)

Selecting previously unselected package figlet.
(Reading database ... 122068 files and directories currently installed.)
Preparing to unpack .../figlet_2.2.5-3_amd64.deb ...
Progress: [  0%] [...........................................] 87Progress: [ 20%] [########...................................] 8Unpacking figlet (2.2.5-3) ...
Progress: [ 40%] [#################..........................] 8Setting up figlet (2.2.5-3) ...
Progress: [ 60%] [#########################..................] 8update-alternatives: using /usr/bin/figlet-figlet to provide /usr/bin/figlet (figlet) in auto mode
Progress: [ 80%] [##################################.........] 8Processing triggers for man-db (2.12.0-4build2) ...

Scanning processes...                                            
Scanning linux images...                                         

Pending kernel upgrade!
Running kernel version:
  6.8.0-79-generic
Diagnostics:
  The currently running kernel version is not the expected
kernel version 6.8.0-83-generic.

Restarting the system to load the new kernel will not be handled
automatically, so you should consider rebooting.

No services need to be restarted.

No containers need to be restarted.

No user sessions are running outdated binaries.

No VM guests are running outdated hypervisor (qemu) binaries on
 this host.
0;kent@ubsembr: ~
kent@ubsembr:~$ 0;kent@ubsembr: ~
kent@ubsembr:~$ ./superinfo.sh 
 _ _____   ___   ___    _  ___                  _  _    _  ___     ____  
/ |___ /_ / _ \ / _ \ _/ |/ _ \   _   _ _ __   | || | _/ |/ _ \   |___ \ 
| | |_ (_) | | | | | (_) | (_) | | | | | '_ \  | || |(_) | | | |    __) |
| |___) || |_| | |_| |_| |\__, | | |_| | |_) | |__   _|| | |_| |   / __/ 
|_|____(_)\___/ \___/(_)_|  /_/   \__,_| .__/     |_|(_)_|\___( ) |_____|
                                       |_|                    |/         
                             _                 _ 
 _   _ ___  ___ _ __ ___    | | ___   __ _  __| |
| | | / __|/ _ \ '__/ __|   | |/ _ \ / _` |/ _` |
| |_| \__ \  __/ |  \__ \_  | | (_) | (_| | (_| |
 \__,_|___/\___|_|  |___( ) |_|\___/ \__,_|\__,_|
                        |/                       
                                           ___   ___   ___   
  __ ___   _____ _ __ __ _  __ _  ___ _   / _ \ / _ \ / _ \  
 / _` \ \ / / _ \ '__/ _` |/ _` |/ _ (_) | | | | | | | | | | 
| (_| |\ V /  __/ | | (_| | (_| |  __/_  | |_| | |_| | |_| | 
 \__,_| \_/ \___|_|  \__,_|\__, |\___(_)  \___(_)___/ \___( )
                           |___/                          |/ 
  ___   ___   ___      ___   ___   ___  
 / _ \ / _ \ / _ \    / _ \ / _ \ / _ \ 
| | | | | | | | | |  | | | | | | | | | |
| |_| | |_| | |_| |  | |_| | |_| | |_| |
 \___(_)___/ \___( )  \___(_)___/ \___/ 
                 |/                     
ubsembr
1: lo: <LOOPBACK,UP,LOWER_UP> mtu 65536 qdisc noqueue state UNKNOWN group default qlen 1000
    link/loopback 00:00:00:00:00:00 brd 00:00:00:00:00:00
    inet 127.0.0.1/8 scope host lo
       valid_lft forever preferred_lft forever
    inet6 ::1/128 scope host noprefixroute 
       valid_lft forever preferred_lft forever
2: enp0s3: <BROADCAST,MULTICAST,UP,LOWER_UP> mtu 1500 qdisc pfifo_fast state UP group default qlen 1000
    link/ether 08:00:27:0a:a1:3f brd ff:ff:ff:ff:ff:ff
    inet 10.0.2.15/24 metric 100 brd 10.0.2.255 scope global dynamic enp0s3
       valid_lft 71375sec preferred_lft 71375sec
    inet6 fe80::a00:27ff:fe0a:a13f/64 scope link 
       valid_lft forever preferred_lft forever
0;kent@ubsembr: ~
kent@ubsembr:~$ 
0;kent@ubsembr: ~
kent@ubsembr:~$ 0;kent@ubsembr: ~
kent@ubsembr:~$ difiglet Hej
 _   _       _ 
| | | | ___ (_)
| |_| |/ _ \| |
|  _  |  __/| |
|_| |_|\___|/ |
          |__/ 
0;kent@ubsembr: ~
kent@ubsembr:~$ exit
logout
Connection to localhost closed.
ITINF25/lektion4
$ ITINF25/lektion4
$ ls
config	info.sh  recordings  ssh_hardening.txt
ITINF25/lektion4
$ scpcp info.sh server-kent:/home/kent/info3 rver-kent:/home/kent/info3




















superinfo.s









.sserver-kent:/home/kent/superinfo.sserver-kent:/home/kent/superinfo.server-kent:/home/kent/superinfo.sserver-kent:/home/kent/superinfo.sserver-kent:/home/kent/superinfo.sserver-kent:/home/kent/superinfo.sserver-kent:/home/kent/superinfo.sserver-kent:/home/kent/superinfo.s









 .
superinfo.sh                   100%   50    57.7KB/s   00:00    
ITINF25/lektion4
$ cd /tmp/ITINF25/lektion4
$ cd /tmp/
/tmp $ ls
remote-file-71752ccfe2464e99
systemd-private-cfbb7ed4e54c47ea9494bf02e2cd6e08-bluetooth.service-xNqsgb
systemd-private-cfbb7ed4e54c47ea9494bf02e2cd6e08-bolt.service-FgSo0x
systemd-private-cfbb7ed4e54c47ea9494bf02e2cd6e08-colord.service-UdZszd
systemd-private-cfbb7ed4e54c47ea9494bf02e2cd6e08-fwupd.service-37RphU
systemd-private-cfbb7ed4e54c47ea9494bf02e2cd6e08-geoclue.service-XvSqWT
systemd-private-cfbb7ed4e54c47ea9494bf02e2cd6e08-low-memory-monitor.service-t8J5K4
systemd-private-cfbb7ed4e54c47ea9494bf02e2cd6e08-ModemManager.service-skil2R
systemd-private-cfbb7ed4e54c47ea9494bf02e2cd6e08-power-profiles-daemon.service-QrPLCX
systemd-private-cfbb7ed4e54c47ea9494bf02e2cd6e08-switcheroo-control.service-3E3bqZ
systemd-private-cfbb7ed4e54c47ea9494bf02e2cd6e08-systemd-logind.service-Kqdom9
systemd-private-cfbb7ed4e54c47ea9494bf02e2cd6e08-systemd-timesyncd.service-RDWckO
systemd-private-cfbb7ed4e54c47ea9494bf02e2cd6e08-upower.service-1XJAR4
tracker-extract-3-files.1000
tracker-extract-3-files.113
VSLiveshareLogs
/tmp $ /tmp $ ls
remote-file-71752ccfe2464e99
systemd-private-cfbb7ed4e54c47ea9494bf02e2cd6e08-bluetooth.service-xNqsgb
systemd-private-cfbb7ed4e54c47ea9494bf02e2cd6e08-bolt.service-FgSo0x
systemd-private-cfbb7ed4e54c47ea9494bf02e2cd6e08-colord.service-UdZszd
systemd-private-cfbb7ed4e54c47ea9494bf02e2cd6e08-fwupd.service-37RphU
systemd-private-cfbb7ed4e54c47ea9494bf02e2cd6e08-geoclue.service-XvSqWT
systemd-private-cfbb7ed4e54c47ea9494bf02e2cd6e08-low-memory-monitor.service-t8J5K4
systemd-private-cfbb7ed4e54c47ea9494bf02e2cd6e08-ModemManager.service-skil2R
systemd-private-cfbb7ed4e54c47ea9494bf02e2cd6e08-power-profiles-daemon.service-QrPLCX
systemd-private-cfbb7ed4e54c47ea9494bf02e2cd6e08-switcheroo-control.service-3E3bqZ
systemd-private-cfbb7ed4e54c47ea9494bf02e2cd6e08-systemd-logind.service-Kqdom9
systemd-private-cfbb7ed4e54c47ea9494bf02e2cd6e08-systemd-timesyncd.service-RDWckO
systemd-private-cfbb7ed4e54c47ea9494bf02e2cd6e08-upower.service-1XJAR4
tracker-extract-3-files.1000
tracker-extract-3-files.113
VSLiveshareLogs
/tmp $ /tmp $ cd
~ $ ~ $ ls
 bin	     Downloads	 Public       'VirtualBox VMs'
 bokforing   Dropbox	 Screenshots
 Desktop     Music	 Templates
 Documents   Pictures	 Videos
~ $ ~ $ git clone git@github.com:nackc8/l11-apache-d4-kc8se-1.git
git@github.com:nackc8/l11-apache-d4-kc8se-1.git
Cloning into 'l11-apache-d4-kc8se-1'...
remote: Enumerating objects: 10, done.
remote: Counting objects: 100% (3/3), done.
remote: Compressing objects: 100% (3/3), done.
remote: Total 10 (delta 0), reused 0 (delta 0), pack-reused 7 (from 2)
Receiving objects: 100% (10/10), 5.37 KiB | 5.37 MiB/s, done.
~ $ cd l11-apache-d4-kc8se-1/
$ $ ls
index.html  installation.md  README.md
$ code .
$ 
exit

Script done on 2025-09-22 15:15:46+02:00 [COMMAND_EXIT_CODE="0"]
