Script started on 2025-04-17 09:01:32+02:00 [TERM="xterm-256color" TTY="/dev/pts/0" COLUMNS="81" LINES="17"]
DEVOPS24/lektion3
$ DEVOPS24/lektion3
$ id
uid=1000(kent) gid=1000(kent) groups=1000(kent),24(cdrom),25(floppy),27(sudo),29(audio),30(dip),44(video),46(plugdev),100(users),106(netdev),112(bluetooth),114(lpadmin),117(scanner),123(vboxusers),127(libvirt),994(docker)
DEVOPS24/lektion3
$ sudo +-i
[sudo] password for kent: 
Sorry, try again.
[sudo] password for kent: 
sudo: 1 incorrect password attempt
DEVOPS24/lektion3
$ ubse-st
art
bash: ubse-sart: command not found
DEVOPS24/lektion3
$ ubse-sartart
bash: ubse-start: command not found
DEVOPS24/lektion3
$ DEVOPS24/lektion3
$ sudo -i
[sudo] password for kent: 
root@klad:~# cless /etc/pass
wd
root:x:0:0:root:/root:/bin/bash
daemon:x:1:1:daemon:/usr/sbin:/usr/sbin/nologin
bin:x:2:2:bin:/bin:/usr/sbin/nologin
sys:x:3:3:sys:/dev:/usr/sbin/nologin
sync:x:4:65534:sync:/bin:/bin/sync
games:x:5:60:games:/usr/games:/usr/sbin/nologin
man:x:6:12:man:/var/cache/man:/usr/sbin/nologin
lp:x:7:7:lp:/var/spool/lpd:/usr/sbin/nologin
mail:x:8:8:mail:/var/mail:/usr/sbin/nologin
news:x:9:9:news:/var/spool/news:/usr/sbin/nologin
uucp:x:10:10:uucp:/var/spool/uucp:/usr/sbin/nologin
proxy:x:13:13:proxy:/bin:/usr/sbin/nologin
www-data:x:33:33:www-data:/var/www:/usr/sbin/nologin
backup:x:34:34:backup:/var/backups:/usr/sbin/nologin
list:x:38:38:Mailing List Manager:/var/list:/usr/sbin/nologin
irc:x:39:39:ircd:/run/ircd:/usr/sbin/nologin
_apt:x:42:65534::/nonexistent:/usr/sbin/nologin
nobody:x:65534:65534:nobody:/nonexistent:/usr/sbin/nologin
systemd-network:x:998:998:systemd Network Management:/:/usr/sbin/nologin
tss:x:100:107:TPM software stack,,,:/var/lib/tpm:/bin/false
systemd-timesync:x:997:997:systemd Time Synchronization:/:/usr/sbin/nologin
messagebus:x:101:108::/nonexistent:/usr/sbin/nologin
ologinOBtoipd:x:102:111:Avahi autoip daemon,,,:/var/lib/avahi-autoipd:/usr/sbin/n:
usbmux:x:103:46:usbmux daemon,,,:/var/lib/usbmux:/usr/sbin/nologin
dnsmasq:x:104:65534:dnsmasq,,,:/var/lib/misc:/usr/sbin/nologin
avahi:x:105:113:Avahi mDNS daemon,,,:/run/avahi-daemon:/usr/sbin/nologin
speech-dispatcher:x:106:29:Speech Dispatcher,,,:/run/speech-dispatcher:/bin/false
fwupd-refresh:x:107:116:fwupd-refresh user,,,:/run/systemd:/usr/sbin/nologin
saned:x:108:118::/var/lib/saned:/usr/sbin/nologin
geoclue:x:109:119::/var/lib/geoclue:/usr/sbin/nologin
polkitd:x:996:996:polkit:/nonexistent:/usr/sbin/nologin
rtkit:x:110:120:RealtimeKit,,,:/proc:/usr/sbin/nologin
oginSCOB:111:121:colord colour management daemon,,,:/var/lib/colord:/usr/sbin/nol:
gnome-initial-setup:x:112:65534::/run/gnome-initial-setup/:/bin/false
Debian-gdm:x:113:122:Gnome Display Manager:/var/lib/gdm3:/bin/false
kent:x:1000:1000:Kent Larsson,,,:/home/kent:/bin/bash
_rpc:x:114:65534::/run/rpcbind:/usr/sbin/nologin
>root@klad:~# root@klad:~# exit
logout
DEVOPS24/lektion3
$ DEVOPS24/lektion3
$ id
uid=1000(kent) gid=1000(kent) groups=1000(kent),24(cdrom),25(floppy),27(sudo),29(audio),30(dip),44(video),46(plugdev),100(users),106(netdev),112(bluetooth),114(lpadmin),117(scanner),123(vboxusers),127(libvirt),994(docker)
DEVOPS24/lektion3
$ sudo id
uid=0(root) gid=0(root) groups=0(root),123(vboxusers)
DEVOPS24/lektion3
$ apt-mark showmanua




sudo 







a
adduser
adwaita-icon-theme
alacritty
anacron
ansible
ansible-lint
ansifilter
apt
apt-file
apt-listchanges
apt-utils
aseprite
at-spi2-core
avahi-daemon
baobab
base-files
base-passwd
bash
bash-completion
bat
bind9-dnsutils
bind9-host
blender
blueman
brave-browser
bridge-utils
bsdutils
build-essential
busybox
bzip2
ca-certificates
cheese
chezmoi
cmatrix
code
console-setup
containerd.io
coreutils
cowsay
cpio
cpu-checker
cron
cron-daemon-common
cryptsetup-initramfs
csvkit
cups-pk-helper
curl
dash
dbeaver-ce
dbus
dconf-cli
dconf-editor
dconf-gsettings-backend
debconf
debconf-i18n
debconf-utils
debian-archive-keyring
debian-faq
debianutils
debootstrap
default-libmysqlclient-dev
desktop-base
dialog
diffutils
discover
dmidecode
dmsetup
doc-debian
docker-buildx-plugin
docker-ce
docker-ce-cli
docker-compose-plugin
dolphin
dos2unix
dosfstools
dpkg
e2fsprogs
elinks
eog
evince
fdisk
fdupes
figlet
file
file-roller
findutils
firefox-esr
firmware-iwlwifi
firmware-misc-nonfree
firmware-sof-signed
font-manager
fonts-cantarell
fonts-firacode
fonts-ibm-plex
fonts-inconsolata
gcc-12-base
gconf-service
gdisk
gdm3
gedit
gettext-base
gh
gimp
git
git-interactive-rebase-tool
gitk
gkbd-capplet
glib-networking
gnome
gnome-backgrounds
gnome-bluetooth-sendto
gnome-calculator
gnome-calendar
gnome-characters
gnome-clocks
gnome-color-manager
gnome-control-center
gnome-disk-utility
gnome-font-viewer
gnome-initial-setup
gnome-keyring
gnome-logs
gnome-maps
gnome-menus
gnome-music
gnome-online-accounts
gnome-remote-desktop
gnome-session
gnome-settings-daemon
gnome-shell
gnome-shell-extensions
gnome-software
gnome-sound-recorder
gnome-sushi
gnome-system-monitor
gnome-terminal
gnome-text-editor
gnome-themes-extra
gnome-tweaks
gnome-user-docs
gnome-user-share
gnome-weather
google-chrome-stable
gparted
gpgv
grep
groff-base
grsync
grub-common
grub-efi-amd64
gsettings-desktop-schemas
gstreamer1.0-libav
gstreamer1.0-packagekit
gstreamer1.0-plugins-base
gstreamer1.0-plugins-good
gstreamer1.0-plugins-ugly
gvfs-backends
gvfs-fuse
gzip
hostname
htop
hunspell
hunspell-en-us
hunspell-sv
hyperfine
hyphen-en-us
ifupdown
img2pdf
inetutils-telnet
info
init
init-system-helpers
initramfs-tools
inkscape
installation-report
intel-microcode
iotop
iproute2
iputils-ping
isc-dhcp-client
isc-dhcp-common
jdk-23
jing
kdialog
keditbookmarks
keyboard-configuration
kfind
kmod
kolourpaint
konqueror
konsole
kopia
krb5-locales
krita
laptop-detect
less
libacl1
libapparmor1
libapt-pkg6.0
libargon2-1
libatk-adaptor
libattr1
libaudit-common
libaudit1
libblkid1
libbpf1
libbsd0
libbz2-1.0
libc-bin
libc6
libcanberra-pulse
libcap-ng0
libcap2
libcap2-bin
libcom-err2
libcrypt1
libcryptsetup12
libdb5.3
libdebconfclient0
libdevmapper1.02.1
libedit2
libelf1
libext2fs2
libfdisk1
libffi8
libfuse2
libgcc-s1
libgcrypt20
libglib2.0-bin
libgmp10
libgnutls30
libgpg-error0
libgsf-bin
libgssapi-krb5-2
libhogweed6
libidn2-0
libimage-exiftool-perl
libinput-tools
libip4tc2
libjansson4
libjson-c5
libk5crypto3
libkeyutils1
libkmod2
libkrb5-3
libkrb5support0
liblocale-gettext-perl
liblockfile-bin
liblz4-1
liblzma5
libmd0
libmnl0
libmount1
libncursesw6
libnettle8
libnewt0.52
libnftables1
libnftnl11
libnss-systemd
libp11-kit0
libpam-gnome-keyring
libpam-modules
libpam-modules-bin
libpam-runtime
libpam-systemd
libpam0g
libpcre2-8-0
libpopt0
libproc2-0
libproxy1-plugin-gsettings
libproxy1-plugin-networkmanager
libproxy1-plugin-webkit
libreadline8
libreoffice-calc
libreoffice-gnome
libreoffice-help-en-us
libreoffice-impress
libreoffice-l10n-sv
libreoffice-writer
librsvg2-common
libseccomp2
libselinux1
libsemanage-common
libsemanage2
libsepol2
libslang2
libsmartcols1
libspa-0.2-bluetooth
libss2
libssl3
libstdc++6
libsystemd-shared
libsystemd0
libtasn1-6
libtext-charwidth-perl
libtext-iconv-perl
libtext-wrapi18n-perl
libtinfo6
libtirpc-common
libtirpc3
libudev1
libunistring2
libuuid1
libvirt-clients
libvirt-daemon-system
libxtables12
libxxhash0
libzstd1
linux-image-amd64
locales
login
logrotate
logsave
low-memory-monitor
lsof
man-db
manpages
maven
mawk
media-types
meld
micro
mime-support
mount
mythes-en-us
nano
nautilus
ncdu
ncurses-base
ncurses-bin
ncurses-term
netbase
netcat-traditional
network-manager-gnome
nftables
nmap
obsidian
okular
openssh-client
openssh-server
orca
os-prober
packages-microsoft-prod
pandoc
parted
passwd
pavucontrol
pciutils
pdftk
perl
perl-base
pipewire-audio
pipx
pkg-config
plocate
podman
poppler-utils
popularity-contest
posh
powershell
procps
progress
pv
python-is-python3
python3
python3-gpg
python3-pip
python3-reportbug
qalc
qemu-system
qemu-system-x86
readline-common
remmina
reportbug
rsync
rygel-playbin
rygel-tracker
seahorse
sed
sensible-utils
shellcheck
shim-signed
shotwell
simple-scan
sound-theme-freedesktop
sqlite3
strace
swi-prolog-full
synaptic
system-config-printer-common
system-config-printer-udev
systemd
systemd-sysv
systemd-timesyncd
sysvinit-utils
tailscale
tailscale-archive-keyring
tar
task-desktop
task-english
task-laptop
tasksel
tasksel-data
texlive-xetex
tldr
totem
totem-plugins
traceroute
tracker
trang
transmission-gtk
tree
ttf-mscorefonts-installer
tty-share
tzdata
ucf
udev
udisks2
unison
unison-gtk
usbutils
usr-is-merged
util-linux
util-linux-extra
vagrant-libvirt
vim
vim-common
vim-tiny
virt-manager
virtualbox-7.0
w3m
wamerican
wget
whiptail
whois
wine32:i386
wireless-tools
wpasupplicant
xdg-desktop-portal-gnome
xdg-user-dirs-gtk
xfce4
xsel
xz-utils
yelp
zenity
zlib1g
zoom
zsh
zstd
DEVOPS24/lektion3
$ apt-mark showmanual | grep sudoDEVOPS24/lektion3
$ apt-mark showmanual | grep sudo
DEVOPS24/lektion3
$ which sudo
/usr/bin/sudo
DEVOPS24/lektion3
$ dpkg -S /usr/bin/sud
o
sudo: /usr/bin/sudo
DEVOPS24/lektion3
apt-mark showmanual | grepwauto






gnome-sudoku
sudo
DEVOPS24/lektion3
$ DEVOPS24/lektion3
$ doa

ls /root
ls: cannot open directory '/root': Permission denied
DEVOPS24/lektion3
$ sudo !!
sudo ls /root
DEVOPS24/lektion3
$ sudo ls /roo /roo- /rooa /roo
.	       .bashrc	.lesshst  .selected_editor	     .synaptic
..	       .cache	.local	  .ssh			     .wget-hsts
.bash_history  .config	.profile  .sudo_as_admin_successful
DEVOPS24/lektion3
$ DEVOPS24/lektion3
$ sudo nano /etc/hos
tname 
>DEVOPS24/lektion3e ^\ Replace   ^U Paste     ^J Justify   ^/ Go To Lineme                                
$ less ~/.nan




/co









sudoedit /etc/hos
tname 
>sudoedit: /etc/hostname unchangedU Paste     ^J Justify   ^/ Go To Line.iMoA3uiY                         
DEVOPS24/lektion3
editooedit /etc/hostname 
DEVOPS24/lektion3
$ sudo -i
root@klad:~# pwd
/root
root@klad:~# id
uid=0(root) gid=0(root) groups=0(root),123(vboxusers)
root@klad:~# id
uid=0(root) gid=0(root) groups=0(root),123(vboxusers)
root@klad:~# id
uid=0(root) gid=0(root) groups=0(root),123(vboxusers)
root@klad:~# apt update
Hit:1 http://deb.debian.org/debian bookworm InRelease
Get:2 http://security.debian.org/debian-security bookworm-security InRelease [48.0 kB]
Get:3 http://deb.debian.org/debian bookworm-updates InRelease [55.4 kB]         
Hit:4 http://download.virtualbox.org/virtualbox/debian bookworm InRelease       
Get:5 https://cli.github.com/packages stable InRelease [3,917 B]                
Get:6 https://download.docker.com/linux/debian bookworm InRelease [47.0 kB]     
Get:7 https://dl.google.com/linux/chrome/deb stable InRelease [1,825 B]         
Get:8 https://packages.microsoft.com/repos/code stable InRelease [3,590 B]      
Get:9 https://brave-browser-apt-release.s3.brave.com stable InRelease [7,547 B] 
Ign:11 http://linux.dropbox.com/debian bookworm InRelease                       
Get:12 https://pkgs.tailscale.com/stable/debian bookworm InRelease              
Hit:13 https://dbeaver.io/debs/dbeaver-ce  InRelease                            
Get:14 http://security.debian.org/debian-security bookworm-security/main Sources [153 kB]
Get:15 http://security.debian.org/debian-security bookworm-security/main i386 Packages [247 kB]
Get:16 http://security.debian.org/debian-security bookworm-security/main amd64 Packages [254 kB]
Hit:17 http://linux.dropbox.com/debian bookworm Release                         
Hit:10 https://packages.kopia.io/apt stable InRelease
Get:18 https://dl.google.com/linux/chrome/deb stable/main amd64 Packages [1,215 B]
Get:19 http://linux.dropbox.com/debian bookworm Release.gpg [488 B]
Get:20 https://packages.microsoft.com/repos/code stable/main amd64 Packages [18.9 kB]
Get:21 https://packages.microsoft.com/repos/code stable/main arm64 Packages [19.0 kB]
Get:22 https://packages.microsoft.com/repos/code stable/main armhf Packages [19.1 kB]
Get:23 https://brave-browser-apt-release.s3.brave.com stable/main amd64 Packages [20.6 kB]
Fetched 907 kB in 2s (398 kB/s)      
Reading package lists... Done
Building dependency tree... Done
Reading state information... Done
14 packages can be upgraded. Run 'apt list --upgradable' to see them.
N: Skipping acquire of configured file 'main/binary-i386/Packages' as repository 'https://brave-browser-apt-release.s3.brave.com stable InRelease' doesn't support architecture 'i386'
root@klad:~# root@klad:~# exit
logout
DEVOPS24/lektion3
$ id
uid=1000(kent) gid=1000(kent) groups=1000(kent),24(cdrom),25(floppy),27(sudo),29(audio),30(dip),44(video),46(plugdev),100(users),106(netdev),112(bluetooth),114(lpadmin),117(scanner),123(vboxusers),127(libvirt),994(docker)
DEVOPS24/lektion3
$ isudo -i
root@klad:~# 
logout
DEVOPS24/lektion3
$ DEVOPS24/lektion3
$ sudo su
toot@klad:/shared/kent/Documents/nackademin/linux1/l1-live/DEVOPS24/lektion3# exi 
exit
DEVOPS24/lektion3
$ sudo -u -i -





DEVOPS24/lektion3
$ 
adduser
bash: adduser: command not found
DEVOPS24/lektion3
$ sudo !










ssh ubse
Welcome to Ubuntu 24.04 LTS (GNU/Linux 6.8.0-57-generic x86_64)

 * Documentation:  https://help.ubuntu.com
 * Management:     https://landscape.canonical.com
 * Support:        https://ubuntu.com/pro

 System information as of Thu Apr 17 07:32:35 AM UTC 2025

  System load:  0.24               Processes:               119
  Usage of /:   17.1% of 38.04GB   Users logged in:         0
  Memory usage: 3%                 IPv4 address for enp0s3: 10.0.2.15
  Swap usage:   0%

 * Strictly confined Kubernetes makes edge and IoT secure. Learn how MicroK8s
   just raised the bar for easy, resilient and secure K8s cluster deployment.

   https://ubuntu.com/engage/secure-kubernetes-at-the-edge

Expanded Security Maintenance for Applications is not enabled.

171 updates can be applied immediately.
To see these additional updates run: apt list --upgradable

Enable ESM Apps to receive additional future security updates.
See https://ubuntu.com/esm or run: sudo pro status


Last login: Wed Apr 16 15:17:05 2025 from 10.0.2.2
0;user@ubse: ~
user@ubse:~$ 0;user@ubse: ~
user@ubse:~$ ls
0;user@ubse: ~
user@ubse:~$ 0;user@ubse: ~
user@ubse:~$ sudo adduser berBert
[sudo] password for user: 
err: Please enter a username matching the regular expression
            configured via the NAME_REGEX configuration variable.  Use the
            `--allow-bad-names' option to relax this check or reconfigure
            NAME_REGEX in configuration.
0;user@ubse: ~
user@ubse:~$ sudo adduser Bererber0;user@ubse: ~
user@ubse:~$ sudo adduser ber
lsexils -ld /tmpexilsudo adduser bert
info: Adding user `bert' ...
info: Selecting UID/GID from range 1000 to 59999 ...
info: Adding new group `bert' (1006) ...
info: Adding new user `bert' (1006) with group `bert (1006)' ...
info: Creating home directory `/home/bert' ...
info: Copying files from `/etc/skel' ...
New password: 
Retype new password: 
passwd: password updated successfully
Changing the user information for bert
Enter the new value, or press ENTER for the default
	Full Name []: Bert Bertsson
	Room Number []: 
	Work Phone []: 
	Home Phone []: 
	Other []: 
Is the information correct? [Y/n] 
info: Adding new user `bert' to supplemental / extra groups `users' ...
info: Adding user `bert' to group `users' ...
0;user@ubse: ~
user@ubse:~$ 0;user@ubse: ~
user@ubse:~$ su bert
Password: 
0;bert@ubse: /home/user
bert@ubse:/home/user$ pwd
/home/user
0;bert@ubse: /home/user
bert@ubse:/home/user$ cd
0;bert@ubse: ~
bert@ubse:~$ pwd
/home/bert
0;bert@ubse: ~
bert@ubse:~$ nano fi







ls
0;bert@ubse: ~
bert@ubse:~$ ;s
ls -a
.  ..  .bash_logout  .bashrc  .profile
0;bert@ubse: ~
bert@ubse:~$ ls /etc/skel/
0;bert@ubse: ~
bert@ubse:~$ ls /etc/skel /etc/skel- /etc/skela /etc/skel
.  ..  .bash_logout  .bashrc  .profile
0;bert@ubse: ~
bert@ubse:~$ nano fil0;bert@ubse: ~
bert@ubse:~$ nano fil
>0;bert@ubse: ~ite: fil [ Writing... ] [ Wrote 2 lines ]                          Y Yes         
bert@ubse:~$ cat fil 
hejsan

0;bert@ubse: ~
bert@ubse:~$ 

exit
0;user@ubse: ~
user@ubse:~$ su berd beru ber bero ber ber- beri ber ber- beru ber








0;bert@ubse: ~
bert@ubse:~$ pwd
/home/bert
0;bert@ubse: ~
bert@ubse:~$ exit
logout
0;user@ubse: ~
user@ubse:~$ 0;user@ubse: ~
user@ubse:~$ addgrou

























saddgrouuaddgroudaddgrouoaddgrou addgrou





 marketing
fatal: The group `marketing' already exists.
0;user@ubse: ~
user@ubse:~$ sudo addgroup marketinfinance
info: Selecting GID from range 1000 to 59999 ...
info: Adding group `finance' (GID 1007) ...
0;user@ubse: ~
user@ubse:~$ 0;user@ubse: ~
user@ubse:~$ man usermod
USERMOD(8)                System Management Commands                USERMOD(8)

NAME
       usermod - modify a user account

SYNOPSIS

       usermod [options] LOGIN

DESCRIPTION
       The usermod command modifies the system account files.

OPTIONS
       The options which apply to the usermod command are:

       -a, --append
 Manual page usermod(8) line 1 (press h for help or q to quit)...skipping...
USERMOD(8)                System Management Commands                USERMOD(8)

NAME
       usermod - modify a user account

SYNOPSIS

       usermod [options] LOGIN

DESCRIPTION
       The usermod command modifies the system account files.

OPTIONS
       The options which apply to the usermod command are:

       -a, --append
           Add the user to the supplementary group(s). Use only with the -G
 Manual page usermod(8) line 1 (press h for help or q to quit)...skipping...
USERMOD(8)                System Management Commands                USERMOD(8)

NAME
       usermod - modify a user account

SYNOPSIS

       usermod [options] LOGIN

DESCRIPTION
       The usermod command modifies the system account files.

OPTIONS
       The options which apply to the usermod command are:

       -a, --append
           Add the user to the supplementary group(s). Use only with the -G
           option.
 Manual page usermod(8) line 1 (press h for help or q to quit)...skipping...
USERMOD(8)                System Management Commands                USERMOD(8)

NAME
       usermod - modify a user account

SYNOPSIS

       usermod [options] LOGIN

DESCRIPTION
       The usermod command modifies the system account files.

OPTIONS
       The options which apply to the usermod command are:

       -a, --append
           Add the user to the supplementary group(s). Use only with the -G
           option.

       -b, --badname(8) line 1 (press h for help or q to quit)
           Allow names that do not conform to standards. quit)
 ESESCOBpage usermod(8) line 3 (press h for help or q to quit)
       -c, --comment COMMENT 4 (press h for help or q to quit)
           update the comment field of the user in /etc/passwd, which is
           normally modified using the chfn(1) utility.o quit)
 ESESCOBpage usermod(8) line 7 (press h for help or q to quit)
       -d, --home HOME_DIRne 8 (press h for help or q to quit)
           The user's new login directory.r help or q to quit)
 ESESCOBpage usermod(8) line 10 (press h for help or q to quit)
           If the -m option is given, the contents of the current home
           directory will be moved to the new home directory, which is created
           if it does not already exist. If the current home directory does
           not exist the new home directory will not be created.
 ESESCOBpage usermod(8) line 15 (press h for help or q to quit)
       -e, --expiredate EXPIRE_DATEess h for help or q to quit)
           The date on which the user account will be disabled. The date is
           specified in the format YYYY-MM-DD. Integers as input are
           interpreted as days after 1970-01-01.p or q to quit)
 ESESCOBpage usermod(8) line 20 (press h for help or q to quit)
           An input of -1 or an empty string will blank the account expiration
           field in the shadow password file. The account will remain
           available with no date limit. for help or q to quit)
 ESESCOBpage usermod(8) line 24 (press h for help or q to quit)
           This option requires a /etc/shadow file. A /etc/shadow entry will
           be created if there were none.for help or q to quit)
 ESESCOBpage usermod(8) line 27 (press h for help or q to quit)
       -f, --inactive INACTIVE8 (press h for help or q to quit)
           defines the number of days after the password exceeded its maximum
           age during which the user may still login by immediately replacing
           the password. This grace period before the account becomes inactive
           is stored in the shadow password file. An input of 0 will disable
           an expired password with no delay. An input of -1 will blank the
           respective field in the shadow password file. See shadow(5) for
           more information. 35 (press h for help or q to quit)
 ESESCOBpage usermod(8) line 36 (press h for help or q to quit)
           This option requires a /etc/shadow file. A /etc/shadow entry will
           be created if there were none.for help or q to quit)
 ESESCOBpage usermod(8) line 39 (press h for help or q to quit)
       -g, --gid GROUP) line 40 (press h for help or q to quit)
           The name or numerical ID of the user's new primary group. The group
           must exist.) line 42 (press h for help or q to quit)
 ESESCOBpage usermod(8) line 43 (press h for help or q to quit)
           Any file from the user's home directory owned by the previous
           primary group of the user will be owned by this new group.
 ESESCOBpage usermod(8) line 46 (press h for help or q to quit)
           The group ownership of files outside of the user's home directory
           must be fixed manually.ress h for help or q to quit)
 ESESCOBpage usermod(8) line 49 (press h for help or q to quit)
           The change of the group ownership of files inside of the user's
           home directory is also not done if the home dir owner uid is
           different from the current or new user id. This is a safety measure
           for special home directories such as /.or q to quit)
 ESESCOBpage usermod(8) line 54 (press h for help or q to quit)
       -G, --groups GROUP1[,GROUP2,...[,GROUPN]]] or q to quit)
           A list of supplementary groups which the user is also a member of.
           Each group is separated from the next by a comma, with no
           intervening whitespace. The groups must exist. quit)
 ESESCOBpage usermod(8) line 59 (press h for help or q to quit)
           If the user is currently a member of a group which is not listed,
           the user will be removed from the group. This behaviour can be
           changed via the -a option, which appends the user to the current
           supplementary group list.ss h for help or q to quit)
 ESESCOBpage usermod(8) line 64 (press h for help or q to quit)
       -l, --login NEW_LOGIN 65 (press h for help or q to quit)
           The name of the user will be changed from LOGIN to NEW_LOGIN.
           Nothing else is changed. In particular, the user's home directory
           or mail spool should probably be renamed manually to reflect the
           new login name.ne 69 (press h for help or q to quit)
M           The change of the group ownership of files inside of the user's
MESESCOApage usermod(8) line 69 (press h for help or q to quit)
M           must be fixed manually.ess h for help or q to quit)
M           The group ownership of files outside of the user's home directory
MESESCOApage usermod(8) line 66 (press h for help or q to quit)
M           primary group of the user will be owned by this new group.
M           Any file from the user's home directory owned by the previous
MESESCOApage usermod(8) line 63 (press h for help or q to quit)
M           must exist. line 62 (press h for help or q to quit)
M           The name or numerical ID of the user's new primary group. The group
M       -g, --gid GROUP line 60 (press h for help or q to quit)
MESESCOApage usermod(8) line 59 (press h for help or q to quit)
M           be created if there were none.or help or q to quit)
M           This option requires a /etc/shadow file. A /etc/shadow entry will
MESESCOApage usermod(8) line 56 (press h for help or q to quit)
M           more information.55 (press h for help or q to quit)
M           respective field in the shadow password file. See shadow(5) for
M           an expired password with no delay. An input of -1 will blank the
M           is stored in the shadow password file. An input of 0 will disable
M           the password. This grace period before the account becomes inactive
M           age during which the user may still login by immediately replacing
M           defines the number of days after the password exceeded its maximum
M       -f, --inactive INACTIVE (press h for help or q to quit)
MESESCOApage usermod(8) line 47 (press h for help or q to quit)
M           be created if there were none.or help or q to quit)
M           This option requires a /etc/shadow file. A /etc/shadow entry will
MESESCOApage usermod(8) line 44 (press h for help or q to quit)
M           available with no date limit.for help or q to quit)
M           field in the shadow password file. The account will remain
M           An input of -1 or an empty string will blank the account expiration
MESESCOApage usermod(8) line 40 (press h for help or q to quit)
M           interpreted as days after 1970-01-01. or q to quit)
M           specified in the format YYYY-MM-DD. Integers as input are
M           The date on which the user account will be disabled. The date is
M       -e, --expiredate EXPIRE_DATEss h for help or q to quit)
MESESCOApage usermod(8) line 35 (press h for help or q to quit)
M           not exist the new home directory will not be created.
M           if it does not already exist. If the current home directory does
M           directory will be moved to the new home directory, which is created
M           If the -m option is given, the contents of the current home
MESESCOApage usermod(8) line 30 (press h for help or q to quit)
M           The user's new login directory.r help or q to quit)
M       -d, --home HOME_DIRe 28 (press h for help or q to quit)
MESESCOApage usermod(8) line 27 (press h for help or q to quit)
M           normally modified using the chfn(1) utility.o quit)
M           update the comment field of the user in /etc/passwd, which is
M       -c, --comment COMMENT24 (press h for help or q to quit)
MESESCOApage usermod(8) line 23 (press h for help or q to quit)
M           Allow names that do not conform to standards. quit)
M       -b, --badname8) line 21 (press h for help or q to quit)
MESESCOApage usermod(8) line 20 (press h for help or q to quit)
M           option.d(8) line 19 (press h for help or q to quit)
M           Add the user to the supplementary group(s). Use only with the -G
M       -a, --append(8) line 17 (press h for help or q to quit)
MESESCOApage usermod(8) line 16 (press h for help or q to quit)
M       The options which apply to the usermod command are:uit)
MOPTIONSpage usermod(8) line 14 (press h for help or q to quit)
MESESCOApage usermod(8) line 13 (press h for help or q to quit)
M       The usermod command modifies the system account files.)
MDESCRIPTION usermod(8) line 11 (press h for help or q to quit)
MESESCOApage usermod(8) line 10 (press h for help or q to quit)
M       usermod [options] LOGIN(press h for help or q to quit)
MESESCOApage usermod(8) line 8 (press h for help or q to quit)
MSYNOPSISage usermod(8) line 7 (press h for help or q to quit)
MESESCOApage usermod(8) line 6 (press h for help or q to quit)
M       usermod - modify a user account for help or q to quit)
MNAMECOApage usermod(8) line 4 (press h for help or q to quit)
MESESCOApage usermod(8) line 3 (press h for help or q to quit)
MUSERMOD(8)                System Management Commands                USERMOD(8)
 ESESCOApage usermod(8) line 1 (press h for help or q to quit)
 ESESCOApage usermod(8) line 1 (press h for help or q to quit)
       -b, --badname(8) line 1 (press h for help or q to quit)
MUSERMOD(8)                System Management Commands                USERMOD(8)
 ESESCOApage usermod(8) line 1 (press h for help or q to quit)
       -b, --badname(8) line 1 (press h for help or q to quit)
MUSERMOD(8)                System Management Commands                USERMOD(8)
       -b, --badname(8) line 1 (press h for help or q to quit)
MUSERMOD(8)                System Management Commands                USERMOD(8)
       -b, --badname(8) line 1 (press h for help or q to quit)
MUSERMOD(8)                System Management Commands                USERMOD(8)
       -b, --badname(8) line 1 (press h for help or q to quit)
MUSERMOD(8)                System Management Commands                USERMOD(8)
       -b, --badname(8) line 1 (press h for help or q to quit)
MUSERMOD(8)                System Management Commands                USERMOD(8)
       -b, --badname(8) line 1 (press h for help or q to quit)
MUSERMOD(8)                System Management Commands                USERMOD(8)
       -b, --badname(8) line 1 (press h for help or q to quit)
MUSERMOD(8)                System Management Commands                USERMOD(8)
       -b, --badname(8) line 1 (press h for help or q to quit)
MUSERMOD(8)                System Management Commands                USERMOD(8)
       -b, --badname(8) line 1 (press h for help or q to quit)
MUSERMOD(8)                System Management Commands                USERMOD(8)
       -b, --badname(8) line 1 (press h for help or q to quit)
MUSERMOD(8)                System Management Commands                USERMOD(8)
       -b, --badname(8) line 1 (press h for help or q to quit)
MUSERMOD(8)                System Management Commands                USERMOD(8)
       -b, --badname(8) line 1 (press h for help or q to quit)
MUSERMOD(8)                System Management Commands                USERMOD(8)
       -b, --badname(8) line 1 (press h for help or q to quit)
MUSERMOD(8)                System Management Commands                USERMOD(8)
 ESESCOApage usermod(8) line 1 (press h for help or q to quit)
       -b, --badname(8) line 1 (press h for help or q to quit)
           Allow names that do not conform to standards. quit)
 ESESCOBpage usermod(8) line 3 (press h for help or q to quit)
       -c, --comment COMMENT 4 (press h for help or q to quit)
           update the comment field of the user in /etc/passwd, which is
           normally modified using the chfn(1) utility.o quit)
 ESESCOBpage usermod(8) line 7 (press h for help or q to quit)
       -d, --home HOME_DIRne 8 (press h for help or q to quit)
M       usermod [options] LOGIN(press h for help or q to quit)
MESESCOApage usermod(8) line 8 (press h for help or q to quit)
MSYNOPSISage usermod(8) line 7 (press h for help or q to quit)
MESESCOApage usermod(8) line 6 (press h for help or q to quit)
M       usermod - modify a user account for help or q to quit)
MNAMECOApage usermod(8) line 4 (press h for help or q to quit)
MESESCOApage usermod(8) line 3 (press h for help or q to quit)
MUSERMOD(8)                System Management Commands                USERMOD(8)
 ESESCOApage usermod(8) line 1 (press h for help or q to quit)
 ESESCOApage usermod(8) line 1 (press h for help or q to quit)
USERMOD(8)                System Management Commands                USERMOD(8)

NAME
       usermod - modify a user account

SYNOPSIS

       usermod [options] LOGIN

DESCRIPTION
       The usermod command modifies the system account files.

OPTIONS
       The options which apply to the usermod command are:

       -a, --append
           Add the user to the supplementary group(s). Use only with the -G
           option.

USERMOD(8)                System Management Commands                USERMOD(8)

NAME
       usermod - modify a user account

SYNOPSIS

       usermod [options] LOGIN

DESCRIPTION
       The usermod command modifies the system account files.

OPTIONS
       The options which apply to the usermod command are:

       -a, --append
           Add the user to the supplementary group(s). Use only with the -G
           option.

...skipping...
       -G, --groups GROUP1[,GROUP2,...[,GROUPN]]]
           A list of supplementary groups which the user is also a member of.
           Each group is separated from the next by a comma, with no
           intervening whitespace. The groups must exist.

           If the user is currently a member of a group which is not listed,
           the user will be removed from the group. This behaviour can be
           changed via the -a option, which appends the user to the current
           supplementary group list.

       -l, --login NEW_LOGIN
           The name of the user will be changed from LOGIN to NEW_LOGIN.
           Nothing else is changed. In particular, the user's home directory
           or mail spool should probably be renamed manually to reflect the
           new login name.

       -L, --lock
           Lock a user's password. This puts a '!' in front of the encrypted
           password, effectively disabling the password. You can't use this
>0;user@ubse: ~nd  (press RETURN)press h for help or q to quit)
user@ubse:~$ 
man usermod
USERMOD(8)                System Management Commands                USERMOD(8)

NAME
       usermod - modify a user account

SYNOPSIS

       usermod [options] LOGIN

DESCRIPTION
       The usermod command modifies the system account files.

OPTIONS
       The options which apply to the usermod command are:

       -a, --append
           Add the user to the supplementary group(s). Use only with the -G
           option.

       -b, --badname(8) line 1 (press h for help or q to quit)
           Allow names that do not conform to standards.

       -c, --comment COMMENT
           update the comment field of the user in /etc/passwd, which is
           normally modified using the chfn(1) utility.

       -d, --home HOME_DIR
           The user's new login directory.

           If the -m option is given, the contents of the current home
           directory will be moved to the new home directory, which is created
           if it does not already exist. If the current home directory does
           not exist the new home directory will not be created.

       -e, --expiredate EXPIRE_DATE
           The date on which the user account will be disabled. The date is
           specified in the format YYYY-MM-DD. Integers as input are
           interpreted as days after 1970-01-01.
...skipping...sermod(8) line 20 (press h for help or q to quit)

       /etc/passwd
           User account information

       /etc/shadow
           Secure user account information

       /etc/subgid
           Per user subordinate group IDs

       /etc/subuid
           Per user subordinate user IDs

SEE ALSO
       chfn(1), chsh(1), passwd(1), crypt(3), gpasswd(8), groupadd(8),
       groupdel(8), groupmod(8), login.defs(5), subgid(5), subuid(5),
       useradd(8), userdel(8).

shadow-utils 4.13                 04/09/2024                        USERMOD(8)
>0;user@ubse: ~ermod(8) line 314/332 (END) (press h for help or q to quit)
user@ubse:~$ man ls
LS(1)                            User Commands                           LS(1)

NAME
       ls - list directory contents

SYNOPSIS
       ls [OPTION]... [FILE]...

DESCRIPTION
       List  information  about  the FILEs (the current directory by default).
       Sort entries alphabetically if none of -cftuvSUX nor --sort  is  speci‐
       fied.

       Mandatory  arguments  to  long  options are mandatory for short options
       too.

       -a, --all
              do not ignore entries starting with .

       -A, --almost-all 1 (press h for help or q to quit)
              do not list implied . and ..

       --author
              with -l, print the author of each file

       -b, --escape
              print C-style escapes for nongraphic characters

       --block-size=SIZE
              with  -l,  scale  sizes  by  SIZE  when  printing  them;   e.g.,
              '--block-size=M'; see SIZE format below

       -B, --ignore-backups
              do not list implied entries ending with ~

       -c     with  -lt: sort by, and show, ctime (time of last change of file
              status information); with -l: show ctime and sort by name;  oth‐
              erwise: sort by ctime, newest first
 Manual page ls(1) line 20 (press h for help or q to quit)
       -C     list entries by columns

       --color[=WHEN]
              color the output WHEN; more info below

       -d, --directory
              list directories themselves, not their contents

       -D, --dired
              generate output designed for Emacs' dired mode

       -f     list all entries in directory order

       -F, --classify[=WHEN]
              append indicator (one of */=>@|) to entries WHEN

       --file-type
              likewise, except do not append '*'
 Manual page ls(1) line 39 (press h for help or q to quit)
       --format=WORD
              across  -x, commas -m, horizontal -x, long -l, single-column -1,
              verbose -l, vertical -C

       --full-time
              like -l --time-style=full-iso

       -g     like -l, but do not list owner

       --group-directories-first
              group directories before files; can be augmented with  a  --sort
              option, but any use of --sort=none (-U) disables grouping

       -G, --no-group
              in a long listing, don't print group names

       -h, --human-readable
              with -l and -s, print sizes like 1K 234M 2G etc.
 Manual page ls(1) line 58 (press h for help or q to quit)
       --si   likewise, but use powers of 1000 not 1024

       -H, --dereference-command-line
              follow symbolic links listed on the command line

       --dereference-command-line-symlink-to-dir
              follow  each  command line symbolic link that points to a direc‐
              tory

       --hide=PATTERN
              do not list implied entries matching shell  PATTERN  (overridden
              by -a or -A)

       --hyperlink[=WHEN]
              hyperlink file names WHEN

       --indicator-style=WORD
              append indicator with style WORD to entry names: none (default),
              slash (-p), file-type (--file-type), classify (-F)

       -i, --inode
              print the index number of each file

       -I, --ignore=PATTERN
              do not list implied entries matching shell PATTERN

       -k, --kibibytes
              default  to  1024-byte  blocks  for file system usage; used only
              with -s and per directory totals

       -l     use a long listing format

       -L, --dereference
              when showing file information for a symbolic link, show informa‐
              tion for the file the link references rather than for  the  link
              itself

       -m     fill width with a comma separated list of entries

       -n, --numeric-uid-gid
              like -l, but list numeric user and group IDs

       -N, --literal
              print entry names without quoting

       -o     like -l, but do not list group information

       -p, --indicator-style=slash
              append / indicator to directories

       -q, --hide-control-chars
              print ? instead of nongraphic characters

       --show-control-chars
              show nongraphic characters as-is (the default, unless program is
              'ls' and output is a terminal)
 Manual page ls(1) line 115 (press h for help or q to quit)
       -Q, --quote-name
              enclose entry names in double quotes

       --quoting-style=WORD
              use  quoting style WORD for entry names: literal, locale, shell,
              shell-always,  shell-escape,  shell-escape-always,   c,   escape
              (overrides QUOTING_STYLE environment variable)

       -r, --reverse
              reverse order while sorting

       -R, --recursive
              list subdirectories recursively

       -s, --size
              print the allocated size of each file, in blocks

       -S     sort by file size, largest first
 Manual page ls(1) line 134 (press h for help or q to quit)
       --sort=WORD
              sort  by  WORD instead of name: none (-U), size (-S), time (-t),
              version (-v), extension (-X), width

       --time=WORD
              select which timestamp used to  display  or  sort;  access  time
              (-u): atime, access, use; metadata change time (-c): ctime, sta‐
              tus;  modified  time (default): mtime, modification; birth time:
              birth, creation;

              with -l, WORD determines which time to show;  with  --sort=time,
              sort by WORD (newest first)

       --time-style=TIME_STYLE
              time/date format with -l; see TIME_STYLE below

       -t     sort by time, newest first; see --time

       -T, --tabsize=COLS53 (press h for help or q to quit)
              assume tab stops at each COLS instead of 8

       -u     with  -lt:  sort by, and show, access time; with -l: show access
              time and sort by name; otherwise: sort by  access  time,  newest
              first

       -U     do not sort; list entries in directory order

       -v     natural sort of (version) numbers within text

       -w, --width=COLS
              set output width to COLS.  0 means no limit

       -x     list entries by lines instead of by columns

       -X     sort alphabetically by entry extension

       -Z, --context
MESESCOApage ls(1) line 172 (press h for help or q to quit)
M       -t     sort by time, newest first; see --time quit)
 ESESCOC; see --timeine 170 (press h for help or q to quit)


OLS instead of 8

how, access time; with -l: show access
erwise: sort by  access  time,  newest


in directory order

numbers within text


 0 means no limit

ead of by columns

ry extension
...skipping...s(1) line 170 (press h for help or q to quit)
d David MacKenzie.


://www.gnu.org/software/coreutils/>
ttps://translationproject.org/team/>


 Foundation, Inc.  License GPLv3+: GNU
nu.org/licenses/gpl.html>.
ee  to  change  and  redistribute  it.
nt permitted by law.




nu.org/software/coreutils/ls>
coreutils) ls invocation'

2024                             LS(1)
 ESESCOD       Written by Richard M. Stallman and David MacKenzie.it)

REPORTING BUGS
       GNU coreutils online help: <https://www.gnu.org/software/coreutils/>
       Report any translation bugs to <https://translationproject.org/team/>

COPYRIGHT
       Copyright  ©  2023  Free Software Foundation, Inc.  License GPLv3+: GNU
       GPL version 3 or later <https://gnu.org/licenses/gpl.html>.
       This is free software: you are free  to  change  and  redistribute  it.
       There is NO WARRANTY, to the extent permitted by law.

SEE ALSO
       dircolors(1)

       Full documentation <https://www.gnu.org/software/coreutils/ls>
       or available locally via: info '(coreutils) ls invocation'

GNU coreutils 9.4                 April 2024                             LS(1)
 ESESCOD       Written by Richard M. Stallman and David MacKenzie.it)

REPORTING BUGS
       GNU coreutils online help: <https://www.gnu.org/software/coreutils/>
       Report any translation bugs to <https://translationproject.org/team/>

COPYRIGHT
       Copyright  ©  2023  Free Software Foundation, Inc.  License GPLv3+: GNU
       GPL version 3 or later <https://gnu.org/licenses/gpl.html>.
       This is free software: you are free  to  change  and  redistribute  it.
       There is NO WARRANTY, to the extent permitted by law.

SEE ALSO
       dircolors(1)

       Full documentation <https://www.gnu.org/software/coreutils/ls>
       or available locally via: info '(coreutils) ls invocation'

GNU coreutils 9.4                 April 2024                             LS(1)
 ESESCOD       Written by Richard M. Stallman and David MacKenzie.it)

REPORTING BUGS
       GNU coreutils online help: <https://www.gnu.org/software/coreutils/>
       Report any translation bugs to <https://translationproject.org/team/>

COPYRIGHT
       Copyright  ©  2023  Free Software Foundation, Inc.  License GPLv3+: GNU
       GPL version 3 or later <https://gnu.org/licenses/gpl.html>.
       This is free software: you are free  to  change  and  redistribute  it.
       There is NO WARRANTY, to the extent permitted by law.

SEE ALSO
       dircolors(1)

       Full documentation <https://www.gnu.org/software/coreutils/ls>
       or available locally via: info '(coreutils) ls invocation'

GNU coreutils 9.4                 April 2024                             LS(1)
 ESESCOBpage ls(1) line 231/249 (END) (press h for help or q to quit)
 ESESCOBpage ls(1) line 231/249 (END) (press h for help or q to quit)
MAUTHORApage ls(1) line 231/249 (END) (press h for help or q to quit)
MESESCOApage ls(1) line 230/249 99% (press h for help or q to quit)
M       2      if serious trouble (e.g., cannot access command-line argument).
MESESCOApage ls(1) line 228/249 98% (press h for help or q to quit)
>0;user@ubse: ~(1) line 227/249 98% (press h for help or q to quit)
user@ubse:~$ sudo usermod -a -G finance bert
0;user@ubse: ~
user@ubse:~$ id bert
uid=1006(bert) gid=1006(bert) groups=1006(bert),100(users),1007(finance)
0;user@ubse: ~
user@ubse:~$ 0;user@ubse: ~
user@ubse:~$ adduser bosse
fatal: Only root may add a user or group to the system.
0;user@ubse: ~
user@ubse:~$ sudo !!
sudo adduser bosse
[sudo] password for user: 
info: Adding user `bosse' ...
info: Selecting UID/GID from range 1000 to 59999 ...
info: Adding new group `bosse' (1008) ...
info: Adding new user `bosse' (1008) with group `bosse (1008)' ...
info: Creating home directory `/home/bosse' ...
info: Copying files from `/etc/skel' ...
New password: 
Retype new password: 
passwd: password updated successfully
Changing the user information for bosse
Enter the new value, or press ENTER for the default
	Full Name []: 
	Room Number []: 
	Work Phone []: 
	Home Phone []: 
	Other []: 
Is the information correct? [Y/n] 
info: Adding new user `bosse' to supplemental / extra groups `users' ...
info: Adding user `bosse' to group `users' ...
0;user@ubse: ~
user@ubse:~$ 0;user@ubse: ~
user@ubse:~$ ls
0;user@ubse: ~
user@ubse:~$ i
sudo id bosse
uid=1008(bosse) gid=1008(bosse) groups=1008(bosse),100(users)
0;user@ubse: ~
user@ubse:~$ sudo deluser bo
sse
info: Removing crontab ...
info: Removing user `bosse' ...
0;user@ubse: ~
user@ubse:~$ sudo deluser bossid
id: ‘bosse’: no such user
0;user@ubse: ~
user@ubse:~$ ls //home
bert  bosse  green  other  user
0;user@ubse: ~
user@ubse:~$ rm -rf /home/bosse/
rm: cannot remove '/home/bosse/': Permission denied
0;user@ubse: ~
user@ubse:~$ 0;user@ubse: ~
user@ubse:~$ sudo !!
sudo rm -rf /home/bosse/
0;user@ubse: ~
user@ubse:~$ 0;user@ubse: ~
user@ubse:~$ adduser bosse2
fatal: Only root may add a user or group to the system.
0;user@ubse: ~
user@ubse:~$ sudo !!
sudo adduser bosse2
info: Adding user `bosse2' ...
info: Selecting UID/GID from range 1000 to 59999 ...
info: Adding new group `bosse2' (1008) ...
info: Adding new user `bosse2' (1008) with group `bosse2 (1008)' ...
info: Creating home directory `/home/bosse2' ...
info: Copying files from `/etc/skel' ...
New password: 
Retype new password: 
Sorry, passwords do not match.
passwd: Authentication token manipulation error
passwd: password unchanged
Try again? [y/N] 
Changing the user information for bosse2
Enter the new value, or press ENTER for the default
	Full Name []: 
	Room Number []: 
	Work Phone []: 
	Home Phone []: 
	Other []: 
Is the information correct? [Y/n] 
info: Adding new user `bosse2' to supplemental / extra groups `users' ...
info: Adding user `bosse2' to group `users' ...
0;user@ubse: ~
user@ubse:~$ 0;user@ubse: ~
user@ubse:~$ deluser --remove-home kontonamn
suo ser --remove-home kontonamn






bosse2
info: Looking for files to backup/remove ...
info: Removing files ...
info: Removing crontab ...
info: Removing user `bosse2' ...
0;user@ubse: ~
user@ubse:~$ ks ls /home/
bert  green  other  user
0;user@ubse: ~
user@ubse:~$ 0;user@ubse: ~
user@ubse:~$ sudo addgroup petlovers
]info: Selecting GID from range 1000 to 59999 ...
info: Adding group `petlovers' (GID 1008) ...
0;user@ubse: ~
user@ubse:~$ groups
user adm cdrom sudo dip plugdev lxd
0;user@ubse: ~
user@ubse:~$ group
Command 'group' not found, did you mean:
  command 'grop' from deb grop (2:0.10-1.2)
  command 'groups' from deb coreutils (9.4-2ubuntu2)
Try: sudo apt install <deb name>
0;user@ubse: ~
user@ubse:~$ 0;user@ubse: ~
user@ubse:~$ less /etc/gr

groff/  group   group-  grub.d/ 
0;user@ubse: ~
user@ubse:~$ less /etc/gr
groff/  group   group-  grub.d/ 
0;user@ubse: ~
user@ubse:~$ less /etc/gro
u
p0;user@ubse: ~
user@ubse:~$ less /etc/group
root:x:0:
daemon:x:1:
bin:x:2:
sys:x:3:
adm:x:4:syslog,user
tty:x:5:
disk:x:6:
lp:x:7:
mail:x:8:
news:x:9:
uucp:x:10:
man:x:12:
proxy:x:13:
kmem:x:15:
dialout:x:20:
fax:x:21:
voice:x:22:
cdrom:x:24:user
floppy:x:25:
tape:x:26:
sudo:x:27:user
audio:x:29:
dip:x:30:user
www-data:x:33:
backup:x:34:
operator:x:37:
list:x:38:
irc:x:39:
src:x:40:
shadow:x:42:
utmp:x:43:
video:x:44:
sasl:x:45:
plugdev:x:46:user
staff:x:50:
games:x:60:
users:x:100:other,green,bert
nogroup:x:65534:
systemd-journal:x:999:
systemd-network:x:998:
systemd-timesync:x:997:
input:x:996:
sgx:x:995:
kvm:x:994:
render:x:993:
lxd:x:101:user
messagebus:x:102:
systemd-resolve:x:992:
_ssh:x:103:
polkitd:x:991:
crontab:x:990:
syslog:x:104:
uuidd:x:105:
rdma:x:106:
tcpdump:x:107:
tss:x:108:
landscape:x:109:
fwupd-refresh:x:989:
user:x:1000:
other:x:1001:
shared:x:1002:
tomgrupp:x:1003:
green:x:1004:
marketing:x:1005:green
bert:x:1006:
finance:x:1007:bert
petlovers:x:1008:
 ESESCOB
 ESESCOB
>0;user@ubse: ~
user@ubse:~$ ls
0;user@ubse: ~
user@ubse:~$ rm /home/

bert/  green/ other/ user/  
0;user@ubse: ~
user@ubse:~$ rm /home/green




 /home/green- /home/greenr /home/green


 ^C
0;user@ubse: ~
user@ubse:~$ grep[ et//etc/grou
 /etc/groul /etc/grouo /etc/grouv /etc/groue /etc/grou
petlovers:x:1008:
0;user@ubse: ~
user@ubse:~$ sudo delgroup pe
tloveers
info: Removing group `petlovers' ...
0;user@ubse: ~
grep love /etc/grouplgroup petlovers
0;user@ubse: ~
user@ubse:~$ 0;user@ubse: ~
user@ubse:~$ man adduser
ADDUSER(8)                  System Manager's Manual                 ADDUSER(8)

NAME
       adduser, addgroup - add or manipulate users or groups

SYNOPSIS
       adduser [--add-extra-groups] [--allow-all-names] [--allow-bad-names]
               [--comment comment] [--conf file] [--debug] [--disabled-login]
               [--disabled-password] [--encrypt-home] [--firstgid id]
               [--firstuid id] [--gid id] [--home dir] [--ingroup group]
               [--lastgid id] [--lastuid id] [--no-create-home]
               [--shell shell] [--quiet] [--uid id] [--verbose]
               [--stdoutmsglevel prio] [--stderrmsglevel prio]
               [--logmsglevel prio] user

       adduser --system [--comment comment] [--conf file] [--debug] [--gid id]
               [--group] [--home dir] [--ingroup group] [--no-create-home]
               [--shell shell] [--uid id] [--quiet] [--verbose]
               [--stdoutmsglevel prio] [--stderrmsglevel prio]
               [--logmsglevel prio] userfor help or q to quit)
 ESESCOBpage adduser(8) line 2 (press h for help or q to quit)
       adduser --group [--conf file] [--debug] [--firstgid id] [--gid ID]
MNAMECOApage adduser(8) line 4 (press h for help or q to quit)
MESESCOApage adduser(8) line 3 (press h for help or q to quit)
 ESESCOBpage adduser(8) line 2 (press h for help or q to quit)
       adduser --group [--conf file] [--debug] [--firstgid id] [--gid ID]
               [--lastgid id] [--quiet] [--verbose] [--stdoutmsglevel prio]
               [--stderrmsglevel prio] [--logmsglevel prio] group
 ESESCOBpage adduser(8) line 6 (press h for help or q to quit)
       addgroup [--conf file] [--debug] [--firstgid id] [--gid ID]
                [--lastgid id] [--quiet] [--verbose] [--stdoutmsglevel prio]
                [--stderrmsglevel prio] [--logmsglevel prio] group
 ESESCOBpage adduser(8) line 10 (press h for help or q to quit)
       addgroup --system [--gid id] [--conf file] [--quiet] [--verbose]
                [--stdoutmsglevel prio] [--stderrmsglevel prio]
                [--logmsglevel prio] groupor help or q to quit)
 ESESCOBpage adduser(8) line 14 (press h for help or q to quit)
       adduser [--conf file] [--debug] [--quiet] [--verbose]it)
               [--stdoutmsglevel prio] [--stderrmsglevel prio])
               [--logmsglevel prio] user groupelp or q to quit)
 ESESCOBpage adduser(8) line 18 (press h for help or q to quit)
       adduser --help8) line 19 (press h for help or q to quit)
 ESESCOBpage adduser(8) line 20 (press h for help or q to quit)
       adduser --versionline 21 (press h for help or q to quit)
 ESESCOBpage adduser(8) line 22 (press h for help or q to quit)
DESCRIPTIONe adduser(8) line 23 (press h for help or q to quit)
       adduser  and  addgroup  add users and groups to the system according to
       command  line  options  and  configuration  information   in   /etc/ad‐
       duser.conf.  They are friendlier front ends to the low level tools like
       useradd, groupadd and usermod programs, by default choosing Debian pol‐
       icy  conformant  UID  and  GID  values,  creating a home directory with
       skeletal configuration, running a custom script, and other features.
 ESESCOBpage adduser(8) line 30 (press h for help or q to quit)
       adduser and addgroup are intended as a policy layer, making  it  easier
       for package maintainers and local administrators to create local system
       accounts  in the way Debian expects them to be created, taking the bur‐
       den to adapt to the probably changing specifications of Debian  policy.
       adduser  --system takes special attention on just needing a single call
       in the package maintainer scripts without any conditional wrappers, er‐
       ror suppression or other scaffolding. help or q to quit)
 ESESCOBpage adduser(8) line 38 (press h for help or q to quit)
       adduser honors the distinction  between  dynamically  allocated  system
       users  and groups and dynamically allocated user accounts that is docu‐
       mented in Debian Policy, Chapter 9.2.2.elp or q to quit)
 ESESCOBpage adduser(8) line 42 (press h for help or q to quit)
       For a full list and explanations of all options, see the  OPTIONS  sec‐
       tion. adduser(8) line 44 (press h for help or q to quit)
 ESESCOBpage adduser(8) line 45 (press h for help or q to quit)
       adduser and addgroup can be run in one of five modes:it)
 ESESCOBpage adduser(8) line 47 (press h for help or q to quit)
   Add a normal user(8) line 48 (press h for help or q to quit)
       If  called  with  one  non-option  argument and without the --system or
       --group  options, adduser will add a normal user, that means a  dynami‐
       cally  allocated  user  account in the sense of Debian Policy.  This is
       commonly referred to in adduser as a non-system user.it)
 ESESCOBpage adduser(8) line 53 (press h for help or q to quit)
       adduser will choose the first available UID from the range specified by
       FIRST_UID and LAST_UID in the configuration file.   The  range  may  be
       overridden with the --firstuid and --lastuid options.  Finally, the UID
       can be set fully manually with the --uid option.to quit)
 ESESCOBpage adduser(8) line 58 (press h for help or q to quit)
       By  default,  each  user  is  given a corresponding group with the same
       name.  This is commonly called Usergroups and allows group writable di‐
       rectories to be easily maintained by placing the appropriate  users  in
       the  new  group, setting the set-group-ID bit in the directory, and en‐
       suring that all users use a umask of 002.p or q to quit)
 ESESCOBpage adduser(8) line 64 (press h for help or q to quit)
       For a usergroup, adduser will choose the first available GID  from  the
       range  specified  by  FIRST_GID and LAST_GID in the configuration file.
       The range may be overridden with the --firstgid and --lastgid  options.
       Finally, the GID can be set fully manually with the --gid option.
 ESESCOBpage adduser(8) line 69 (press h for help or q to quit)
       The  interaction  between USERS_GID, USERS_GROUP, and USERGROUPS is ex‐
       plained in detail in adduser.conf(5). help or q to quit)
 ESESCOBpage adduser(8) line 72 (press h for help or q to quit)
       Users' primary groups can also be overridden from the command line with
       the --gid  or --ingroup options to set the group by id or name, respec‐
       tively.  Also, users can be added to one or  more  supplemental  groups
       defined  as  EXTRA_GROUPS  in  the configuration file either by setting
       ADD_EXTRA_GROUPS  to  1  in  the  configuration  file,  or  by  passing
       --add-extra-groups on the command line.elp or q to quit)
 ESESCOBpage adduser(8) line 79 (press h for help or q to quit)
       adduser  will  copy  files  from  /etc/skel into the home directory and
       prompt for the comment field and a password if those functions have not
       been turned off / overridden from the command line.quit)
 ESESCOBpage adduser(8) line 83 (press h for help or q to quit)
       UID, comment, home directory and shell might be pre-determined with the
       UID_POOL and GID_POOL option, documented in adduser.conf(5).
 ESESCOBpage adduser(8) line 86 (press h for help or q to quit)
       To set up an encrypted home directory for the new user, add  the  --en‐
       crypt-home  option.   For  more  information, refer to the -b option of
       ecryptfs-setup-private(1).press h for help or q to quit)
 ESESCOBpage adduser(8) line 90 (press h for help or q to quit)
   Add a system user(8) line 91 (press h for help or q to quit)
       If called with one non-option argument and the --system option, adduser
       will add a dynamically allocated system user, often abbreviated as sys‐
       tem user in the context of the adduser package. to quit)
 ESESCOBpage adduser(8) line 95 (press h for help or q to quit)
       adduser will choose the first available UID from the range specified by
       FIRST_SYSTEM_UID and LAST_SYSTEM_UID in the configuration  file.   This
       can be overridden with the --uid option.lp or q to quit)
 ESESCOBpage adduser(8) line 99 (press h for help or q to quit)
       By default, system users are placed in the nogroup group.  To place the
       new  system  user  in an already existing group, use the --gid or --in‐
       group options.  If the --group is given and the identically named group
       does not already exist, it is created with the same ID.t)
 ESESCOBpage adduser(8) line 104 (press h for help or q to quit)
       If no home directory is specified, the default home directory for a new
       system user is /nonexistent.  This directory should never exist on  any
       Debian system, and adduser will never create it automatically.
 ESESCOBpage adduser(8) line 108 (press h for help or q to quit)
       Unless  a shell is explicitly set with the --shell option, the new sys‐
       tem user will have the shell set to /usr/sbin/nologin.  adduser  --sys‐
       tem  does  not set a password for the new account.  Skeletal configura‐
       tion files are not copied.(press h for help or q to quit)
 ESESCOBpage adduser(8) line 113 (press h for help or q to quit)
       Other options will behave as for the creation of a  normal  user.   The
       files referenced by UID_POOL and GID_POOL do also work.t)
 ESESCOBpage adduser(8) line 116 (press h for help or q to quit)
   Add a groupdduser(8) line 117 (press h for help or q to quit)
       If  adduser  is called with the --group option and without the --system
       option, or addgroup is called respectively, a user group will be added.
 ESESCOBpage adduser(8) line 120 (press h for help or q to quit)
       A dynamically allocated system group, often abbreviated as system group
       in the context of the adduser package, will be created  if  adduser  is
       called with the --system option. h for help or q to quit)
 ESESCOBpage adduser(8) line 124 (press h for help or q to quit)
       A  GID  will  be chosen from the respective range specified for GIDs in
       the  configuration   file   (FIRST_GID,   LAST_GID,   FIRST_SYSTEM_GID,
       LAST_SYSTEM_GID).  To override that mechanism, you can give the GID us‐
       ing the --gid option. 128 (press h for help or q to quit)
 ESESCOBpage adduser(8) line 129 (press h for help or q to quit)
       For  non-system  groups,  the range specified in the configuration file
       may be overridden with the --firstgid and --lastgid options.
 ESESCOBpage adduser(8) line 132 (press h for help or q to quit)
       The group is created with no members.r help or q to quit)
 ESESCOBpage adduser(8) line 134 (press h for help or q to quit)
   Add an existing user to an existing groupr help or q to quit)
       If called with two non-option arguments, adduser will add  an  existing
       user to an existing group.(press h for help or q to quit)
 ESESCOBpage adduser(8) line 138 (press h for help or q to quit)
OPTIONSBpage adduser(8) line 139 (press h for help or q to quit)
       Different  modes of adduser allow different options.  If no valid modes
       are listed for a option, it is accepted in all modes.uit)
 ESESCOBpage adduser(8) line 142 (press h for help or q to quit)
       Short versions for certain options may exist  for  historical  reasons.
       They  are  going to stay supported, but are removed from the documenta‐
       tion.  Users are advised to migrate to the long version of options.
 ESESCOBpage adduser(8) line 146 (press h for help or q to quit)
       --add-extra-groupsine 147 (press h for help or q to quit)
              Add new user to extra groups defined in the configuration files'
              EXTRA_GROUPS setting.  The old  spelling  --add_extra_groups  is
              deprecated and will be supported in Debian bookworm only.  Valid
              Modes: adduser, adduser --system.elp or q to quit)
 ESESCOBpage adduser(8) line 152 (press h for help or q to quit)
       --allow-all-namesline 153 (press h for help or q to quit)
   Add an existing user to an existing groupr help or q to quit)
       If called with two non-option arguments, adduser will add  an  existing
       user to an existing group.

OPTIONS
       Different  modes of adduser allow different options.  If no valid modes
       are listed for a option, it is accepted in all modes.

       Short versions for certain options may exist  for  historical  reasons.
       They  are  going to stay supported, but are removed from the documenta‐
       tion.  Users are advised to migrate to the long version of options.

       --add-extra-groups
              Add new user to extra groups defined in the configuration files'
              EXTRA_GROUPS setting.  The old  spelling  --add_extra_groups  is
              deprecated and will be supported in Debian bookworm only.  Valid
              Modes: adduser, adduser --system.

       --allow-all-names
   Add an existing user to an existing group
       If called with two non-option arguments, adduser will add  an  existing
       user to an existing group.

OPTIONS
       Different  modes of adduser allow different options.  If no valid modes
       are listed for a option, it is accepted in all modes.

       Short versions for certain options may exist  for  historical  reasons.
       They  are  going to stay supported, but are removed from the documenta‐
       tion.  Users are advised to migrate to the long version of options.

       --add-extra-groups
              Add new user to extra groups defined in the configuration files'
              EXTRA_GROUPS setting.  The old  spelling  --add_extra_groups  is
              deprecated and will be supported in Debian bookworm only.  Valid
              Modes: adduser, adduser --system.

       --allow-all-names
              Allow any user- and groupname which is supported by the underly‐
              ing useradd(8), including names containing non-ASCII characters.
              See  VALID  NAMES in adduser.conf(5).  Valid Modes: adduser, ad‐
              duser --system, addgroup, addgroup --system.

       --allow-bad-names
              Disable NAME_REGEX and SYS_NAME_REGEX check of  names.   Only  a
              weaker  check  for  validity  of the name is applied.  See VALID
              NAMES in adduser.conf(5).  Valid Modes: adduser, adduser  --sys‐
M       Short versions for certain options may exist  for  historical  reasons.
MESESCOApage adduser(8) line 162 (press h for help or q to quit)
              weaker  check  for  validity  of the name is applied.  See VALID
              NAMES in adduser.conf(5).  Valid Modes: adduser, adduser  --sys‐
...skipping...dduser(8) line 163 (press h for help or q to quit)
              --gecos option, which is deprecated and will  be  removed  after
              Debian bookworm.  Valid Modes: adduser, adduser --system.

       --conf file
              Use  file instead of /etc/adduser.conf.  Multiple --conf options
              can be given.

       --debug
              Synonymous to --stdoutmsglevel=debug. Deprecated.

       --disabled-login
       --disabled-password
              Do not run passwd(1) to set a password.  In most situations, lo‐
              gins are still possible though (for example using  SSH  keys  or
              through  PAM)  for  reasons  that  are  beyond  adduser's scope.
              --disabled-login   will   additionally   set   the   shell    to
              /usr/sbin/nologin.  Valid Mode: adduser.

       --firstuid ID
M              tion that is used by the finger(1) command.  This used to be the
       --firstuid ID(8) line 188 (press h for help or q to quit)
...skipping...dduser(8) line 189 (press h for help or q to quit)
              removed  during  the  release  cycle of the Debian release after
              bookworm.

       --extrausers
              Uses extra users as the database.

       --gid ID
              When creating a group, this option sets the group ID  number  of
              the  new  group  to GID.  When creating a user, this option sets
              the primary group ID number of  the  new  user  to  GID.   Valid
              Modes: adduser, adduser --system, addgroup, addgroup --system.

       --group
              Using  this  option  in  adduser --system indicates that the new
              user should get an identically named group as its primary group.
              If that identically named group is not already  present,  it  is
              created.   If not combined with --system, a group with the given
              name is created.  The latter is the default action if  the  pro‐
              gram is invoked as addgroup.  Valid Modes: adduser --system, ad‐
M              These are the deprecated forms of --allow-bad-names.  It will be
              gram is invoked as addgroup.  Valid Modes: adduser --system, ad‐
...skipping...dduser(8) line 223 (press h for help or q to quit)
       42     The user that was requested to be removed from a group is not  a
              member in the first place.

       43     It  is  not possible to remove a user from its primary group, or
              no primary group selected for a new user by any method.

       51     Incorrect number or order of command line parameters detected.

       52     Incompatible options set in configuration file.

       53     Mutually incompatible command line options detected.

       54     adduser and deluser invoked as non-root and thus cannot work.

       55     deluser will refuse to delete the root account.

       56     A function was requested that needs  more  packages  to  be  in‐
              stalled.  See Recommends: and Suggests: of the adduser package.

       61     Adduser  was  aborted for some reason and tried to roll back the
              changes that were done during execution.

...skipping...dduser(8) line 351/462 80% (press h for help or q to quit)
       then.  You may then consider to remove --quiet  to  make  adduser  more
       verbose.

SECURITY
       adduser  needs  root privileges and offers, via the --conf command line
       option to use different configuration files.  Do  not  use  sudo(8)  or
       similar  tools  to  give  partial privileges to adduser with restricted
       command line parameters.  This is easy to circumvent  and  might  allow
       users to create arbitrary accounts.  If you want this, consider writing
       your own wrapper script and giving privileges to execute that script.

FILES
       /etc/adduser.conf
              Default configuration file for adduser(8) and addgroup(8)

       /usr/local/sbin/adduser.local
              Optional custom add-ons, see adduser.local(8)

NOTES
       Unfortunately,  the  term system account suffers from double use in De‐
M       then.  You may then consider to remove --quiet  to  make  adduser  more
       then.  You may then consider to remove --quiet  to  make  adduser  more
       verbose.

SECURITY
       adduser  needs  root privileges and offers, via the --conf command line
       option to use different configuration files.  Do  not  use  sudo(8)  or
       similar  tools  to  give  partial privileges to adduser with restricted
       command line parameters.  This is easy to circumvent  and  might  allow
       users to create arbitrary accounts.  If you want this, consider writing
       your own wrapper script and giving privileges to execute that script.

FILES
       /etc/adduser.conf
              Default configuration file for adduser(8) and addgroup(8)

       /usr/local/sbin/adduser.local
              Optional custom add-ons, see adduser.local(8)

NOTES
       then.  You may then consider to remove --quiet  to  make  adduser  more
       verbose.

SECURITY
       adduser  needs  root privileges and offers, via the --conf command line
       option to use different configuration files.  Do  not  use  sudo(8)  or
       similar  tools  to  give  partial privileges to adduser with restricted
       command line parameters.  This is easy to circumvent  and  might  allow
       users to create arbitrary accounts.  If you want this, consider writing
       your own wrapper script and giving privileges to execute that script.

FILES
       /etc/adduser.conf
              Default configuration file for adduser(8) and addgroup(8)

       /usr/local/sbin/adduser.local
              Optional custom add-ons, see adduser.local(8)

NOTES
...skipping...
       Since  adduser  and  deluser(8)  never address application accounts and
       everything in this package concerns system accounts here, the usage  of
       the  terms user account and system account is actually not ambiguous in
       the context of this package.  For clarity, this document uses the defi‐
       nition local system account or group if the distinction to  application
       accounts or accounts managed in a directory service is needed.

       adduser  used  to  have the vision to be the universal front end to the
       various directory services for creation and  deletion  of  regular  and
       system  accounts  in  Debian  since  the 1990ies.  This vision has been
       abandoned as of 2022.  The rationale  behind  this  includes:  that  in
       practice, a small server system is not going to have write access to an
       enterprise-wide  directory service anyway, that locally installed pack‐
       ages are hard to manage with centrally controlled system accounts, that
       enterprise directory services have their own management processes  any‐
       way and that the personpower of the adduser team is unlikely to be ever
       strong  enough to write and maintain support for the plethora of direc‐
       tory services that need support.

M       system accounts.  Care must be taken to not confuse  this  terminology.
M       allocated  user  accounts,  meaning  in both cases special instances of
M       ment of dynamically allocated system users and groups  and  dynamically
M       Debian Policy, au contraire, in its Chapter 9.2.2, makes a distinguish‐
M       has a UID, can be member in system groups, can own files and processes.
M       in  this  definition  has the potential to log in to the actual system,
M       user database of some application running on Debian.  A system  account
       enterprise-wide  directory service anyway, that locally installed pack‐
       ages are hard to manage with centrally controlled system accounts, that
       enterprise directory services have their own management processes  any‐
       way and that the personpower of the adduser team is unlikely to be ever
       strong  enough to write and maintain support for the plethora of direc‐
       tory services that need support.

       adduser will constrict itself to being a policy layer for  the  manage‐
       ment  of local system accounts, using the tools from the password pack‐
       age for the actual work.

BUGS
       Inconsistent use of terminology around the term system account in  docs
       and  code  is  a  bug.   Please report this and allow us to improve our
       docs.
...skipping...dduser(8) line 430/462 97% (press h for help or q to quit)

BUGS
       Inconsistent use of terminology around the term system account in  docs
       and  code  is  a  bug.   Please report this and allow us to improve our
       docs.

       adduser takes special attention to be directly usable in  Debian  main‐
       tainer  scripts  without  conditional  wrappers,  error suppression and
       other scaffolding.  The only thing that the package  maintainer  should
       need  to  code  is  a  check  for the presence of the executable in the
       postrm script.  The adduser maintainers consider  the  need  for  addi‐
       tional  scaffolding  a  bug  and  encourage their fellow Debian package
       maintainers to file bugs against the adduser package in this case.

SEE ALSO
       adduser.conf(5), deluser(8), groupadd(8), useradd(8),  usermod(8),  De‐
       bian Policy 9.2.2.

Debian GNU/Linux                                                    ADDUSER(8)
>0;user@ubse: ~duser(8) line 444/462 (END) (press h for help or q to quit)
user@ubse:~$ man deluser
DELUSER(8)                  System Manager's Manual                 DELUSER(8)

NAME
       deluser, delgroup - remove a user or group from the system

SYNOPSIS
       deluser [--backup] [--backup-suffix str] [--backup-to dir]
               [--conf file] [--debug] [--remove-all-files] [--remove-home]
               [--quiet] [--verbose] [--stdoutmsglevel prio]
               [--stderrmsglevel prio] [--logmsglevel prio] user

       deluser [--system] [--backup] [--backup-suffix str] [--backup-to dir]
               [--conf file] [--debug] [--remove-all-files] [--remove-home]
               [--quiet] [--verbose] [--stdoutmsglevel prio]
               [--stderrmsglevel prio] [--logmsglevel prio] user

       deluser --group [--conf file] [--debug] [--only-if-empty] [--quiet]
               [--verbose] [--stdoutmsglevel prio] [--stderrmsglevel prio]
               [--logmsglevel prio] group
>0;user@ubse: ~luser(8) line 1 (press h for help or q to quit)
user@ubse:~$ 
man addgroipup
ADDUSER(8)                  System Manager's Manual                 ADDUSER(8)

NAME
       adduser, addgroup - add or manipulate users or groups

SYNOPSIS
       adduser [--add-extra-groups] [--allow-all-names] [--allow-bad-names]
               [--comment comment] [--conf file] [--debug] [--disabled-login]
               [--disabled-password] [--encrypt-home] [--firstgid id]
               [--firstuid id] [--gid id] [--home dir] [--ingroup group]
               [--lastgid id] [--lastuid id] [--no-create-home]
               [--shell shell] [--quiet] [--uid id] [--verbose]
               [--stdoutmsglevel prio] [--stderrmsglevel prio]
               [--logmsglevel prio] user

       adduser --system [--comment comment] [--conf file] [--debug] [--gid id]
               [--group] [--home dir] [--ingroup group] [--no-create-home]
               [--shell shell] [--uid id] [--quiet] [--verbose]
               [--stdoutmsglevel prio] [--stderrmsglevel prio]
               [--logmsglevel prio] user for help or q to quit)
 ESESCOBpage addgroup(8) line 2 (press h for help or q to quit)
       adduser --group [--conf file] [--debug] [--firstgid id] [--gid ID]
               [--lastgid id] [--quiet] [--verbose] [--stdoutmsglevel prio]
               [--stderrmsglevel prio] [--logmsglevel prio] group
 ESESCOBpage addgroup(8) line 6 (press h for help or q to quit)
       addgroup [--conf file] [--debug] [--firstgid id] [--gid ID]
                [--lastgid id] [--quiet] [--verbose] [--stdoutmsglevel prio]
                [--stderrmsglevel prio] [--logmsglevel prio] group
 ESESCOBpage addgroup(8) line 10 (press h for help or q to quit)
       addgroup --system [--gid id] [--conf file] [--quiet] [--verbose]
                [--stdoutmsglevel prio] [--stderrmsglevel prio])
                [--logmsglevel prio] groupfor help or q to quit)
 ESESCOBpage addgroup(8) line 14 (press h for help or q to quit)
       adduser [--conf file] [--debug] [--quiet] [--verbose]uit)
               [--stdoutmsglevel prio] [--stderrmsglevel prio]t)
               [--logmsglevel prio] user grouphelp or q to quit)
 ESESCOBpage addgroup(8) line 18 (press h for help or q to quit)
       adduser --help(8) line 19 (press h for help or q to quit)
 ESESCOBpage addgroup(8) line 20 (press h for help or q to quit)
       adduser --version line 21 (press h for help or q to quit)
 ESESCOBpage addgroup(8) line 22 (press h for help or q to quit)
DESCRIPTIONe addgroup(8) line 23 (press h for help or q to quit)
       adduser  and  addgroup  add users and groups to the system according to
       command  line  options  and  configuration  information   in   /etc/ad‐
       duser.conf.  They are friendlier front ends to the low level tools like
       useradd, groupadd and usermod programs, by default choosing Debian pol‐
       icy  conformant  UID  and  GID  values,  creating a home directory with
       skeletal configuration, running a custom script, and other features.
 ESESCOBpage addgroup(8) line 30 (press h for help or q to quit)
       adduser and addgroup are intended as a policy layer, making  it  easier
       for package maintainers and local administrators to create local system
       accounts  in the way Debian expects them to be created, taking the bur‐
       den to adapt to the probably changing specifications of Debian  policy.
       adduser  --system takes special attention on just needing a single call
       in the package maintainer scripts without any conditional wrappers, er‐
       ror suppression or other scaffolding.r help or q to quit)
 ESESCOBpage addgroup(8) line 38 (press h for help or q to quit)
       adduser honors the distinction  between  dynamically  allocated  system
       users  and groups and dynamically allocated user accounts that is docu‐
       mented in Debian Policy, Chapter 9.2.2.help or q to quit)
 ESESCOBpage addgroup(8) line 42 (press h for help or q to quit)
       For a full list and explanations of all options, see the  OPTIONS  sec‐
       tion. addgroup(8) line 44 (press h for help or q to quit)
 ESESCOBpage addgroup(8) line 45 (press h for help or q to quit)
       adduser and addgroup can be run in one of five modes:uit)
 ESESCOBpage addgroup(8) line 47 (press h for help or q to quit)
   Add a normal userp(8) line 48 (press h for help or q to quit)
       If  called  with  one  non-option  argument and without the --system or
       --group  options, adduser will add a normal user, that means a  dynami‐
       cally  allocated  user  account in the sense of Debian Policy.  This is
       commonly referred to in adduser as a non-system user.uit)
 ESESCOBpage addgroup(8) line 53 (press h for help or q to quit)
       adduser will choose the first available UID from the range specified by
       FIRST_UID and LAST_UID in the configuration file.   The  range  may  be
       overridden with the --firstuid and --lastuid options.  Finally, the UID
       can be set fully manually with the --uid option. to quit)
 ESESCOBpage addgroup(8) line 58 (press h for help or q to quit)
       By  default,  each  user  is  given a corresponding group with the same
       name.  This is commonly called Usergroups and allows group writable di‐
       rectories to be easily maintained by placing the appropriate  users  in
       the  new  group, setting the set-group-ID bit in the directory, and en‐
       suring that all users use a umask of 002.lp or q to quit)
 ESESCOBpage addgroup(8) line 64 (press h for help or q to quit)
       For a usergroup, adduser will choose the first available GID  from  the
       range  specified  by  FIRST_GID and LAST_GID in the configuration file.
       The range may be overridden with the --firstgid and --lastgid  options.
       Finally, the GID can be set fully manually with the --gid option.
 ESESCOBpage addgroup(8) line 69 (press h for help or q to quit)
       The  interaction  between USERS_GID, USERS_GROUP, and USERGROUPS is ex‐
       plained in detail in adduser.conf(5).r help or q to quit)
 ESESCOBpage addgroup(8) line 72 (press h for help or q to quit)
       Users' primary groups can also be overridden from the command line with
       the --gid  or --ingroup options to set the group by id or name, respec‐
       tively.  Also, users can be added to one or  more  supplemental  groups
       defined  as  EXTRA_GROUPS  in  the configuration file either by setting
       ADD_EXTRA_GROUPS  to  1  in  the  configuration  file,  or  by  passing
       --add-extra-groups on the command line.help or q to quit)
 ESESCOBpage addgroup(8) line 79 (press h for help or q to quit)
       adduser  will  copy  files  from  /etc/skel into the home directory and
       prompt for the comment field and a password if those functions have not
       been turned off / overridden from the command line. quit)
 ESESCOBpage addgroup(8) line 83 (press h for help or q to quit)
       UID, comment, home directory and shell might be pre-determined with the
       UID_POOL and GID_POOL option, documented in adduser.conf(5).
 ESESCOBpage addgroup(8) line 86 (press h for help or q to quit)
       To set up an encrypted home directory for the new user, add  the  --en‐
       crypt-home  option.   For  more  information, refer to the -b option of
       ecryptfs-setup-private(1).(press h for help or q to quit)
 ESESCOBpage addgroup(8) line 90 (press h for help or q to quit)
   Add a system userp(8) line 91 (press h for help or q to quit)
       If called with one non-option argument and the --system option, adduser
       will add a dynamically allocated system user, often abbreviated as sys‐
       tem user in the context of the adduser package.q to quit)
 ESESCOBpage addgroup(8) line 95 (press h for help or q to quit)
       adduser will choose the first available UID from the range specified by
       FIRST_SYSTEM_UID and LAST_SYSTEM_UID in the configuration  file.   This
       can be overridden with the --uid option.elp or q to quit)
 ESESCOBpage addgroup(8) line 99 (press h for help or q to quit)
       By default, system users are placed in the nogroup group.  To place the
       new  system  user  in an already existing group, use the --gid or --in‐
       group options.  If the --group is given and the identically named group
       does not already exist, it is created with the same ID.it)
 ESESCOBpage addgroup(8) line 104 (press h for help or q to quit)
       If no home directory is specified, the default home directory for a new
       system user is /nonexistent.  This directory should never exist on  any
       Debian system, and adduser will never create it automatically.
 ESESCOBpage addgroup(8) line 108 (press h for help or q to quit)
       Unless  a shell is explicitly set with the --shell option, the new sys‐
       tem user will have the shell set to /usr/sbin/nologin.  adduser  --sys‐
       tem  does  not set a password for the new account.  Skeletal configura‐
       tion files are not copied. (press h for help or q to quit)
 ESESCOBpage addgroup(8) line 113 (press h for help or q to quit)
       Other options will behave as for the creation of a  normal  user.   The
       files referenced by UID_POOL and GID_POOL do also work.it)
 ESESCOBpage addgroup(8) line 116 (press h for help or q to quit)
   Add a groupddgroup(8) line 117 (press h for help or q to quit)
       If  adduser  is called with the --group option and without the --system
       option, or addgroup is called respectively, a user group will be added.
 ESESCOBpage addgroup(8) line 120 (press h for help or q to quit)
       A dynamically allocated system group, often abbreviated as system group
       in the context of the adduser package, will be created  if  adduser  is
       called with the --system option.s h for help or q to quit)
 ESESCOBpage addgroup(8) line 124 (press h for help or q to quit)
       A  GID  will  be chosen from the respective range specified for GIDs in
       the  configuration   file   (FIRST_GID,   LAST_GID,   FIRST_SYSTEM_GID,
       LAST_SYSTEM_GID).  To override that mechanism, you can give the GID us‐
       ing the --gid option.e 128 (press h for help or q to quit)
 ESESCOBpage addgroup(8) line 129 (press h for help or q to quit)
       For  non-system  groups,  the range specified in the configuration file
       may be overridden with the --firstgid and --lastgid options.
 ESESCOBpage addgroup(8) line 132 (press h for help or q to quit)
       The group is created with no members.or help or q to quit)
 ESESCOBpage addgroup(8) line 134 (press h for help or q to quit)
   Add an existing user to an existing groupor help or q to quit)
       If called with two non-option arguments, adduser will add  an  existing
       user to an existing group. (press h for help or q to quit)
 ESESCOBpage addgroup(8) line 138 (press h for help or q to quit)
OPTIONSBpage addgroup(8) line 139 (press h for help or q to quit)
       Different  modes of adduser allow different options.  If no valid modes
       are listed for a option, it is accepted in all modes.quit)
 ESESCOBpage addgroup(8) line 142 (press h for help or q to quit)
       Short versions for certain options may exist  for  historical  reasons.
       They  are  going to stay supported, but are removed from the documenta‐
       tion.  Users are advised to migrate to the long version of options.
 ESESCOBpage addgroup(8) line 146 (press h for help or q to quit)
...skipping...ddgroup(8) line 147 (press h for help or q to quit)

BUGS
       Inconsistent use of terminology around the term system account in  docs
       and  code  is  a  bug.   Please report this and allow us to improve our
       docs.

       adduser takes special attention to be directly usable in  Debian  main‐
       tainer  scripts  without  conditional  wrappers,  error suppression and
       other scaffolding.  The only thing that the package  maintainer  should
       need  to  code  is  a  check  for the presence of the executable in the
       postrm script.  The adduser maintainers consider  the  need  for  addi‐
       tional  scaffolding  a  bug  and  encourage their fellow Debian package
       maintainers to file bugs against the adduser package in this case.

SEE ALSO
       adduser.conf(5), deluser(8), groupadd(8), useradd(8),  usermod(8),  De‐
       bian Policy 9.2.2.

Debian GNU/Linux                                                    ADDUSER(8)
...skipping...ddgroup(8) line 444/462 (END) (press h for help or q to quit)

BUGS
       Inconsistent use of terminology around the term system account in  docs
       and  code  is  a  bug.   Please report this and allow us to improve our
       docs.

       adduser takes special attention to be directly usable in  Debian  main‐
       tainer  scripts  without  conditional  wrappers,  error suppression and
       other scaffolding.  The only thing that the package  maintainer  should
       need  to  code  is  a  check  for the presence of the executable in the
       postrm script.  The adduser maintainers consider  the  need  for  addi‐
       tional  scaffolding  a  bug  and  encourage their fellow Debian package
       maintainers to file bugs against the adduser package in this case.

SEE ALSO
       adduser.conf(5), deluser(8), groupadd(8), useradd(8),  usermod(8),  De‐
       bian Policy 9.2.2.

Debian GNU/Linux                                                    ADDUSER(8)
M               [--stdoutmsglevel prio] [--stderrmsglevel prio]r q to quit)
M               [--shell shell] [--uid id] [--quiet] [--verbose]
M               [--group] [--home dir] [--ingroup group] [--no-create-home]
M       adduser --system [--comment comment] [--conf file] [--debug] [--gid id]
M
M               [--logmsglevel prio] user
M               [--stdoutmsglevel prio] [--stderrmsglevel prio]
M               [--shell shell] [--quiet] [--uid id] [--verbose]
M               [--lastgid id] [--lastuid id] [--no-create-home]
M               [--firstuid id] [--gid id] [--home dir] [--ingroup group]
M               [--disabled-password] [--encrypt-home] [--firstgid id]
M               [--comment comment] [--conf file] [--debug] [--disabled-login]
M       adduser [--add-extra-groups] [--allow-all-names] [--allow-bad-names]
MSYNOPSIS
M
M       adduser, addgroup - add or manipulate users or groups
MNAME
M
MADDUSER(8)                  System Manager's Manual                 ADDUSER(8)
...skipping...ddgroup(8) line 1/462 6% (press h for help or q to quit)

BUGS
       Inconsistent use of terminology around the term system account in  docs
       and  code  is  a  bug.   Please report this and allow us to improve our
       docs.

       adduser takes special attention to be directly usable in  Debian  main‐
       tainer  scripts  without  conditional  wrappers,  error suppression and
       other scaffolding.  The only thing that the package  maintainer  should
       need  to  code  is  a  check  for the presence of the executable in the
       postrm script.  The adduser maintainers consider  the  need  for  addi‐
       tional  scaffolding  a  bug  and  encourage their fellow Debian package
       maintainers to file bugs against the adduser package in this case.

SEE ALSO
       adduser.conf(5), deluser(8), groupadd(8), useradd(8),  usermod(8),  De‐
       bian Policy 9.2.2.

Debian GNU/Linux                                                    ADDUSER(8)
>0;user@ubse: ~dgroup(8) line 444/462 (END) (press h for help or q to quit)
user@ubse:~$ man deluser
DELUSER(8)                  System Manager's Manual                 DELUSER(8)

NAME
       deluser, delgroup - remove a user or group from the system

SYNOPSIS
       deluser [--backup] [--backup-suffix str] [--backup-to dir]
               [--conf file] [--debug] [--remove-all-files] [--remove-home]
               [--quiet] [--verbose] [--stdoutmsglevel prio]
               [--stderrmsglevel prio] [--logmsglevel prio] user

       deluser [--system] [--backup] [--backup-suffix str] [--backup-to dir]
               [--conf file] [--debug] [--remove-all-files] [--remove-home]
               [--quiet] [--verbose] [--stdoutmsglevel prio]
               [--stderrmsglevel prio] [--logmsglevel prio] user

       deluser --group [--conf file] [--debug] [--only-if-empty] [--quiet]
               [--verbose] [--stdoutmsglevel prio] [--stderrmsglevel prio]
               [--logmsglevel prio] group
>0;user@ubse: ~luser(8) line 1 (press h for help or q to quit)
user@ubse:~$ man grpooupadd
GROUPADD(8)               System Management Commands               GROUPADD(8)

NAME
       groupadd - create a new group

SYNOPSIS

       groupadd [OPTIONS] NEWGROUP

DESCRIPTION
       The groupadd command creates a new group account using the values
       specified on the command line plus the default values from the system.
       The new group will be entered into the system files as needed.

       Groupnames may contain only lower and upper case letters, digits,
       underscores, or dashes. They can end with a dollar sign. Dashes are not
       allowed at the beginning of the groupname. Fully numeric groupnames and
       groupnames . or .. are also disallowed.

...skipping...roupadd(8) line 1 (press h for help or q to quit)
           invalid command syntax

       3
           invalid argument to option

       4
           GID is already used (when called without -o)

       9
           group name is already used

       10
           can't update group file

SEE ALSO
       chfn(1), chsh(1), passwd(1), gpasswd(8), groupdel(8), groupmod(8),
       login.defs(5), useradd(8), userdel(8), usermod(8).

shadow-utils 4.13                 04/09/2024                       GROUPADD(8)
>0;user@ubse: ~oupadd(8) line 164/182 (END) (press h for help or q to quit)
user@ubse:~$ adduuser  ^C
0;user@ubse: ~
user@ubse:~$ useradd -m







0;user@ubse: ~
user@ubse:~$ man deluser
DELUSER(8)                  System Manager's Manual                 DELUSER(8)

NAME
       deluser, delgroup - remove a user or group from the system

SYNOPSIS
       deluser [--backup] [--backup-suffix str] [--backup-to dir]
               [--conf file] [--debug] [--remove-all-files] [--remove-home]
               [--quiet] [--verbose] [--stdoutmsglevel prio]
               [--stderrmsglevel prio] [--logmsglevel prio] user

       deluser [--system] [--backup] [--backup-suffix str] [--backup-to dir]
               [--conf file] [--debug] [--remove-all-files] [--remove-home]
               [--quiet] [--verbose] [--stdoutmsglevel prio]
               [--stderrmsglevel prio] [--logmsglevel prio] user

       deluser --group [--conf file] [--debug] [--only-if-empty] [--quiet]
               [--verbose] [--stdoutmsglevel prio] [--stderrmsglevel prio]
               [--logmsglevel prio] group
       delgroup [--system] [--conf file] [--debug] [--only-if-empty] [--quiet]
                [--verbose] [--stdoutmsglevel prio] [--stderrmsglevel prio]
                [--logmsglevel prio] group

       deluser [--conf file] [--debug] [--quiet] [--verbose]
               [--stdoutmsglevel prio] [--stderrmsglevel prio]
               [--logmsglevel prio] user group

       deluser --help

       deluser --version

DESCRIPTION
       deluser  and delgroup remove users and groups from the system according
       to   command   line   options   and   configuration   information    in
       /etc/deluser.conf and /etc/adduser.conf.

       They  are  friendlier  front ends to the userdel and groupdel programs,
       removing the home directory as option or even all files on  the  system
       owned  by  the  user  to be removed, running a custom script, and other
       features.

       For a full list and explanations of all options, see the  OPTIONS  sec‐
       tion.

       deluser and delgroup can be run in one of three modes:

   Remove a user
       If  called with one non-option argument and without the --group option,
       deluser will remove a non-system user.

       By default, deluser will remove the user without removing the home  di‐
       rectory,  the  mail spool or any other files on the system owned by the
       user.  Removing the home directory and mail spool can be achieved using
       the --remove-home option.

       The  --remove-all-files option removes all files on the system owned by
       the user.  Note that if you activate both  options  --remove-home  will
       have  no  additional effect because all files including the home direc‐
       tory and mail spool are already covered by the  --remove-all-files  op‐
       tion.

       If  you  want to backup all files before deleting them you can activate
       the --backup option which will create a file username.tar(.gz|.bz2)  in
       the directory specified by the --backup-to option.

       By  default,  the backup archive is compressed with gzip(1).  To change
       this, the --backup-suffix option can be set to any suffix supported  by
       tar --auto-compress (e.g. .gz, .bz2, .xz).

       deluser will refuse to remove the root account.

       If  the --system option is given on the command line, the delete opera‐
       tion is actually executed only if the user  is  a  system  user.   This
       avoids  accidentally  deleting  non-system users.  Additionally, if the
       user does not exist, no error value is returned.  Debian package  main‐
       tainer scripts may use this flag to remove system users or groups while
       ignoring the case where the removal already occurred.it)

   Remove a group
       If deluser is called with the --group  option, or delgroup is called, a
       group will be removed.  The primary group of an existing user cannot be
       removed.   If  the  option --only-if-empty is given, the group won't be
       removed if it has any members left.

       The --system option adds the same functionality as for  users,  respec‐
       tively.

   Remove a user from a specific group
       If  called  with  two  non-option arguments, deluser will remove a user
       from a specific group.

OPTIONS
       Different modes of deluser allow different options.  If no valid  modes
       are listed for a option, it is accepted in all modes.

M       tainer scripts may use this flag to remove system users or groups while
M       user does not exist, no error value is returned.  Debian package  main‐
M       avoids  accidentally  deleting  non-system users.  Additionally, if the
M       tion is actually executed only if the user  is  a  system  user.   This
M       If  the --system option is given on the command line, the delete opera‐
MESESCOApage deluser(8) line 72 (press h for help or q to quit)
M       deluser will refuse to remove the root account.to quit)
MESESCOApage deluser(8) line 70 (press h for help or q to quit)
M       tar --auto-compress (e.g. .gz, .bz2, .xz).or q to quit)
M       this, the --backup-suffix option can be set to any suffix supported  by
M       By  default,  the backup archive is compressed with gzip(1).  To change
MESESCOApage deluser(8) line 66 (press h for help or q to quit)
M       the directory specified by the --backup-to option.quit)
M       the --backup option which will create a file username.tar(.gz|.bz2)  in
M       If  you  want to backup all files before deleting them you can activate
MESESCOApage deluser(8) line 62 (press h for help or q to quit)
M       tion.deluser(8) line 61 (press h for help or q to quit)
M       tory and mail spool are already covered by the  --remove-all-files  op‐
M       have  no  additional effect because all files including the home direc‐
M       the user.  Note that if you activate both  options  --remove-home  will
M       The  --remove-all-files option removes all files on the system owned by
MESESCOApage deluser(8) line 56 (press h for help or q to quit)
M       the --remove-home option.press h for help or q to quit)
M       user.  Removing the home directory and mail spool can be achieved using
M       rectory,  the  mail spool or any other files on the system owned by the
M       By default, deluser will remove the user without removing the home  di‐
MESESCOApage deluser(8) line 51 (press h for help or q to quit)
M       deluser will remove a non-system user.elp or q to quit)
M       If  called with one non-option argument and without the --group option,
M   Remove a userser(8) line 48 (press h for help or q to quit)
MESESCOApage deluser(8) line 47 (press h for help or q to quit)
M       deluser and delgroup can be run in one of three modes:)
MESESCOApage deluser(8) line 45 (press h for help or q to quit)
M       tion.deluser(8) line 44 (press h for help or q to quit)
M       For a full list and explanations of all options, see the  OPTIONS  sec‐
MESESCOApage deluser(8) line 42 (press h for help or q to quit)
M       features.ser(8) line 41 (press h for help or q to quit)
M       owned  by  the  user  to be removed, running a custom script, and other
M       removing the home directory as option or even all files on  the  system
M       They  are  friendlier  front ends to the userdel and groupdel programs,
MESESCOApage deluser(8) line 37 (press h for help or q to quit)
M       /etc/deluser.conf and /etc/adduser.conf.p or q to quit)
M       to   command   line   options   and   configuration   information    in
M       deluser  and delgroup remove users and groups from the system according
MDESCRIPTION deluser(8) line 33 (press h for help or q to quit)
MESESCOApage deluser(8) line 32 (press h for help or q to quit)
M       deluser --versionine 31 (press h for help or q to quit)
MESESCOApage deluser(8) line 30 (press h for help or q to quit)
M       deluser --help) line 29 (press h for help or q to quit)
MESESCOApage deluser(8) line 28 (press h for help or q to quit)
M               [--logmsglevel prio] user grouplp or q to quit)
M               [--stdoutmsglevel prio] [--stderrmsglevel prio]
M       deluser [--conf file] [--debug] [--quiet] [--verbose]t)
MESESCOApage deluser(8) line 24 (press h for help or q to quit)
M                [--logmsglevel prio] groupr help or q to quit)
M                [--verbose] [--stdoutmsglevel prio] [--stderrmsglevel prio]
M       delgroup [--system] [--conf file] [--debug] [--only-if-empty] [--quiet]
M               [--logmsglevel prio] groupor help or q to quit)
M               [--verbose] [--stdoutmsglevel prio] [--stderrmsglevel prio]
M       deluser --group [--conf file] [--debug] [--only-if-empty] [--quiet]
MESESCOApage deluser(8) line 17 (press h for help or q to quit)
M               [--stderrmsglevel prio] [--logmsglevel prio] user
M               [--quiet] [--verbose] [--stdoutmsglevel prio]t)
M               [--conf file] [--debug] [--remove-all-files] [--remove-home]
M       deluser [--system] [--backup] [--backup-suffix str] [--backup-to dir]
MESESCOApage deluser(8) line 12 (press h for help or q to quit)
M               [--stderrmsglevel prio] [--logmsglevel prio] user
M               [--quiet] [--verbose] [--stdoutmsglevel prio]t)
M               [--conf file] [--debug] [--remove-all-files] [--remove-home]
M       deluser [--backup] [--backup-suffix str] [--backup-to dir]
MSYNOPSISage deluser(8) line 7 (press h for help or q to quit)
MESESCOApage deluser(8) line 6 (press h for help or q to quit)
M       deluser, delgroup - remove a user or group from the system
MNAMECOApage deluser(8) line 4 (press h for help or q to quit)
MESESCOApage deluser(8) line 3 (press h for help or q to quit)
MDELUSER(8)                  System Manager's Manual                 DELUSER(8)
 ESESCOApage deluser(8) line 1 (press h for help or q to quit)
 ESESCOApage deluser(8) line 1 (press h for help or q to quit)
       delgroup [--system] [--conf file] [--debug] [--only-if-empty] [--quiet]
                [--verbose] [--stdoutmsglevel prio] [--stderrmsglevel prio]
                [--logmsglevel prio] groupr help or q to quit)
 ESESCOBpage deluser(8) line 4 (press h for help or q to quit)
       deluser [--conf file] [--debug] [--quiet] [--verbose]t)
               [--stdoutmsglevel prio] [--stderrmsglevel prio]
               [--logmsglevel prio] user grouplp or q to quit)
 ESESCOBpage deluser(8) line 8 (press h for help or q to quit)
       deluser --help8) line 9 (press h for help or q to quit)
 ESESCOBpage deluser(8) line 10 (press h for help or q to quit)
       deluser --versionline 11 (press h for help or q to quit)
>0;user@ubse: ~luser(8) line 12 (press h for help or q to quit)
user@ubse:~$ man usermod
USERMOD(8)                System Management Commands                USERMOD(8)

NAME
       usermod - modify a user account

SYNOPSIS

       usermod [options] LOGIN

DESCRIPTION
       The usermod command modifies the system account files.

OPTIONS
       The options which apply to the usermod command are:

       -a, --append
           Add the user to the supplementary group(s). Use only with the -G
           option.

       -b, --badname(8) line 1 (press h for help or q to quit)
>0;user@ubse: ~ermod(8) line 2 (press h for help or q to quit)
user@ubse:~$ 0;user@ubse: ~
user@ubse:~$ cd /dir/
0;user@ubse: /dir
user@ubse:/dir$ 0;user@ubse: /dir
user@ubse:/dir$ 
0;user@ubse: /dir
user@ubse:/dir$ ls -l0;user@ubse: /dir
user@ubse:/dir$ ls -l
total 24
d--------x 2 other nogroup 4096 Apr 16 22:50 execute_directory
d------r-- 2 other nogroup 4096 Apr 16 22:48 read_directory
d------r-x 2 other nogroup 4096 Apr 16 22:48 read_execute_directory
d------rw- 2 other nogroup 4096 Apr 16 22:48 read_write_directory
d-------w- 2 other nogroup 4096 Apr 16 22:48 write_directory
d-------wx 2 other nogroup 4096 Apr 16 22:48 write_execute_directory
0;user@ubse: /dir
user@ubse:/dir$ ls -la0;user@ubse: /dir
user@ubse:/dir$ ls -la
total 40
drwxrwxrwx  8 root  root    12288 Apr 16 22:50 .
drwxr-xr-x 24 root  root     4096 Apr 10 18:41 ..
d--------x  2 other nogroup  4096 Apr 16 22:50 execute_directory
d------r--  2 other nogroup  4096 Apr 16 22:48 read_directory
d------r-x  2 other nogroup  4096 Apr 16 22:48 read_execute_directory
d------rw-  2 other nogroup  4096 Apr 16 22:48 read_write_directory
d-------w-  2 other nogroup  4096 Apr 16 22:48 write_directory
d-------wx  2 other nogroup  4096 Apr 16 22:48 write_execute_directory
0;user@ubse: /dir
user@ubse:/dir$ pwd
/dir
0;user@ubse: /dir
user@ubse:/dir$ id
uid=1000(user) gid=1000(user) groups=1000(user),4(adm),24(cdrom),27(sudo),30(dip),46(plugdev),101(lxd)
0;user@ubse: /dir
user@ubse:/dir$ exit
logout
Connection to localhost closed.
DEVOPS24/lektion3
$ exit
exit

Script done on 2025-04-17 10:55:39+02:00 [COMMAND_EXIT_CODE="0"]
