Script started on 2025-10-01 12:51:56+02:00 [TERM="xterm-256color" TTY="/dev/pts/5" COLUMNS="76" LINES="21"]
ITINF25/lektion9
$ ITINF25/lektion9
$ lchmod +x hash 
ITINF25/lektion9
$ lITINF25/lektion9
$ 
hash hej
bash: hash: hej: not found
ITINF25/lektion9
$ ./hash hejITINF25/lektion9
$ ./hash hej
3
ITINF25/lektion9
$ lkfiuhfiuhiufhiu




./hash hejITINF25/lektion9
$ ./hash hej
8415
ITINF25/lektion9
$ ./hash heove
8415
ITINF25/lektion9
$ ./hash oveITINF25/lektion9
$ ./hash ove
8415
ITINF25/lektion9
$ ITINF25/lektion9
$ 
exit

Script done on 2025-10-01 14:46:44+02:00 [COMMAND_EXIT_CODE="0"]
